STATUS: 200
URL: https://news.google.com/rss/articles/CBMiiAFBVV95cUxOZldaRVNEY25iWTFaX0tZeDVkWEVhTHVHVXZseVpad1ZUOXVnTTQ2ZXR1d1ZRQm8wbjQxVTBubDFqNGRXcXgwaXFnOTZ6cm9VRmlwRVQydlZFLTdrNnQxa19qbzdwd3hndXVMei13d2h5aUJTZDVVeFpRMnR4ZDRndV9QYS1DSWhZ?oc=5&hl=en-IN&gl=IN&ceid=IN:en
--- CONTENT ---
<!doctype html><html lang="en-IN" dir="ltr"><head><base href="https://news.google.com/"><link rel="preconnect" href="//www.gstatic.com"><meta name="referrer" content="origin"><link rel="canonical" href="https://news.google.com/rss/articles/CBMiiAFBVV95cUxOZldaRVNEY25iWTFaX0tZeDVkWEVhTHVHVXZseVpad1ZUOXVnTTQ2ZXR1d1ZRQm8wbjQxVTBubDFqNGRXcXgwaXFnOTZ6cm9VRmlwRVQydlZFLTdrNnQxa19qbzdwd3hndXVMei13d2h5aUJTZDVVeFpRMnR4ZDRndV9QYS1DSWhZ"><meta name="viewport" content="width=device-width,initial-scale=1,minimal-ui,viewport-fit=cover"><meta name="google-site-verification" content="AcBy5YFny2HQgVUCR18tO5YUTf6MpVlcJqGTd-a9-SI"><meta name="mobile-web-app-capable" content="yes"><meta name="apple-mobile-web-app-capable" content="yes"><meta name="application-name" content="News"><meta name="apple-mobile-web-app-title" content="News"><meta name="apple-mobile-web-app-status-bar-style" content="black"><meta name="theme-color" content="white"><meta name="msapplication-tap-highlight" content="no"><link rel="shortcut icon" href="https://lh3.googleusercontent.com/-DR60l-K8vnyi99NZovm9HlXyZwQ85GMDxiwJWzoasZYCUrPuUM_P_4Rb7ei03j-0nRs0c4F=w16" sizes="16x16"><link rel="shortcut icon" href="https://lh3.googleusercontent.com/-DR60l-K8vnyi99NZovm9HlXyZwQ85GMDxiwJWzoasZYCUrPuUM_P_4Rb7ei03j-0nRs0c4F=w24" sizes="24x24"><link rel="shortcut icon" href="https://lh3.googleusercontent.com/-DR60l-K8vnyi99NZovm9HlXyZwQ85GMDxiwJWzoasZYCUrPuUM_P_4Rb7ei03j-0nRs0c4F=w32" sizes="32x32"><link rel="shortcut icon" href="https://lh3.googleusercontent.com/-DR60l-K8vnyi99NZovm9HlXyZwQ85GMDxiwJWzoasZYCUrPuUM_P_4Rb7ei03j-0nRs0c4F=w48" sizes="48x48"><link rel="preconnect" href="//www.gstatic.com"><link rel="preconnect" href="//fonts.gstatic.com"><link rel="preconnect" href="//lh3.googleusercontent.com"><link rel="preconnect" href="//lh4.googleusercontent.com"><link rel="preconnect" href="//lh5.googleusercontent.com"><link rel="preconnect" href="//lh6.googleusercontent.com"><link rel="preconnect" href="//ssl.gstatic.com"><link rel="preconnect" href="https://www.google-analytics.com/analytics.js"><link rel="stylesheet" href="https://fonts.googleapis.com/css?family=Google+Sans+Text:400,500,700,400i,500i,700i" nonce="OUSffbBJjhA5_wJCg2aB6Q"><link rel="manifest" crossorigin="use-credentials" href="_/DotsSplashUi/manifest.json"><link rel="home" href="/?lfhs=2"><link rel="msapplication-starturl" href="/?lfhs=2"><link rel="icon" href="//www.gstatic.com/gnews/logo/google_news_192.png" sizes="192x192"><link rel="apple-touch-icon-precomposed" href="//www.gstatic.com/gnews/logo/google_news_192.png" sizes="192x192"><link rel="msapplication-square192x192logo" href="//www.gstatic.com/gnews/logo/google_news_192.png" sizes="192x192"><link rel="icon" href="//www.gstatic.com/gnews/logo/google_news_512.png" sizes="512x512"><link rel="apple-touch-icon-precomposed" href="//www.gstatic.com/gnews/logo/google_news_512.png" sizes="512x512"><link rel="msapplication-square512x512logo" href="//www.gstatic.com/gnews/logo/google_news_512.png" sizes="512x512"><link rel="icon" href="//www.gstatic.com/gnews/logo/google_news_1024.png" sizes="1024x1024"><link rel="apple-touch-icon-precomposed" href="//www.gstatic.com/gnews/logo/google_news_1024.png" sizes="1024x1024"><link rel="msapplication-square1024x1024logo" href="//www.gstatic.com/gnews/logo/google_news_1024.png" sizes="1024x1024"><link rel="icon" href="//www.gstatic.com/gnews/logo/google_news_120.png" sizes="120x120"><link rel="apple-touch-icon-precomposed" href="//www.gstatic.com/gnews/logo/google_news_120.png" sizes="120x120"><link rel="msapplication-square120x120logo" href="//www.gstatic.com/gnews/logo/google_news_120.png" sizes="120x120"><link rel="icon" href="//www.gstatic.com/gnews/logo/google_news_152.png" sizes="152x152"><link rel="apple-touch-icon-precomposed" href="//www.gstatic.com/gnews/logo/google_news_152.png" sizes="152x152"><link rel="msapplication-square152x152logo" href="//www.gstatic.com/gnews/logo/google_news_152.png" sizes="152x152"><link rel="icon" href="//www.gstatic.com/gnews/logo/google_news_167.png" sizes="167x167"><link rel="apple-touch-icon-precomposed" href="//www.gstatic.com/gnews/logo/google_news_167.png" sizes="167x167"><link rel="msapplication-square167x167logo" href="//www.gstatic.com/gnews/logo/google_news_167.png" sizes="167x167"><link rel="icon" href="//www.gstatic.com/gnews/logo/google_news_180.png" sizes="180x180"><link rel="apple-touch-icon-precomposed" href="//www.gstatic.com/gnews/logo/google_news_180.png" sizes="180x180"><link rel="msapplication-square180x180logo" href="//www.gstatic.com/gnews/logo/google_news_180.png" sizes="180x180"><link rel="icon" href="//www.gstatic.com/gnews/logo/google_news_80.png" sizes="80x80"><link rel="apple-touch-icon-precomposed" href="//www.gstatic.com/gnews/logo/google_news_80.png" sizes="80x80"><link rel="msapplication-square80x80logo" href="//www.gstatic.com/gnews/logo/google_news_80.png" sizes="80x80"><link rel="icon" href="//www.gstatic.com/gnews/logo/google_news_87.png" sizes="87x87"><link rel="apple-touch-icon-precomposed" href="//www.gstatic.com/gnews/logo/google_news_87.png" sizes="87x87"><link rel="msapplication-square87x87logo" href="//www.gstatic.com/gnews/logo/google_news_87.png" sizes="87x87"><link rel="icon" href="//www.gstatic.com/gnews/logo/google_news_58.png" sizes="58x58"><link rel="apple-touch-icon-precomposed" href="//www.gstatic.com/gnews/logo/google_news_58.png" sizes="58x58"><link rel="msapplication-square58x58logo" href="//www.gstatic.com/gnews/logo/google_news_58.png" sizes="58x58"><link rel="icon" href="//www.gstatic.com/gnews/logo/google_news_60.png" sizes="60x60"><link rel="apple-touch-icon-precomposed" href="//www.gstatic.com/gnews/logo/google_news_60.png" sizes="60x60"><link rel="msapplication-square60x60logo" href="//www.gstatic.com/gnews/logo/google_news_60.png" sizes="60x60"><link rel="icon" href="//www.gstatic.com/gnews/logo/google_news_40.png" sizes="40x40"><link rel="apple-touch-icon-precomposed" href="//www.gstatic.com/gnews/logo/google_news_40.png" sizes="40x40"><link rel="msapplication-square40x40logo" href="//www.gstatic.com/gnews/logo/google_news_40.png" sizes="40x40"><link rel="apple-touch-startup-image" href="//www.gstatic.com/gnews/logo/google_news_192.png" sizes="192x192"><link rel="apple-touch-startup-image" href="//www.gstatic.com/gnews/logo/google_news_512.png" sizes="512x512"><link rel="apple-touch-startup-image" href="//www.gstatic.com/gnews/logo/google_news_1024.png" sizes="1024x1024"><link rel="apple-touch-startup-image" href="//www.gstatic.com/gnews/logo/google_news_120.png" sizes="120x120"><link rel="apple-touch-startup-image" href="//www.gstatic.com/gnews/logo/google_news_152.png" sizes="152x152"><link rel="apple-touch-startup-image" href="//www.gstatic.com/gnews/logo/google_news_167.png" sizes="167x167"><link rel="apple-touch-startup-image" href="//www.gstatic.com/gnews/logo/google_news_180.png" sizes="180x180"><link rel="apple-touch-startup-image" href="//www.gstatic.com/gnews/logo/google_news_80.png" sizes="80x80"><link rel="apple-touch-startup-image" href="//www.gstatic.com/gnews/logo/google_news_87.png" sizes="87x87"><link rel="apple-touch-startup-image" href="//www.gstatic.com/gnews/logo/google_news_58.png" sizes="58x58"><link rel="apple-touch-startup-image" href="//www.gstatic.com/gnews/logo/google_news_60.png" sizes="60x60"><link rel="apple-touch-startup-image" href="//www.gstatic.com/gnews/logo/google_news_40.png" sizes="40x40"><script data-id="_gd" nonce="B7F0WpNc-GfdrHLZZLfAyw">window.WIZ_global_data = {"AfY8Hf":true,"Dftppe":"%.@.]","DpimGf":false,"EP1ykd":["/_/*","/_/SubscribewithgoogleClientUi","/_/SubscribewithgoogleClientUi/*","/_nm","/_nm/","/_nm/*","/accounts/*","/debug","/debug/","/debug/*","/eval","/eval/*","/swg","/swg/","/swg/*"],"FdrFJe":"-2743526761863879512","Fwhl2e":"%.@.[\"en-IN\",\"IN\",[\"FINANCE_TOP_INDICES\",\"GENESIS_PUBLISHER_SECTION\",\"WEB_TEST_1_0_0\"],null,null,1,1,\"IN:en\",null,null,null,null,null,null,null,false,5],\"en-IN\",\"IN\",true,[3,5,9,19],1,true,\"859866122\",false,false,null,false]","GASP4":1333,"Guyvcf":"/home","HiPsbb":1,"Im6cmf":"/_/DotsSplashUi","JgLEj":0,"LVIXXb":1,"LoQv7e":false,"MT7f9b":[],"MUE6Ne":"DotsSplashUi","MZbqOb":"//www.google.com/setprefs?cs\u003d2\u0026sig\u003d0_Sonm4E6jYHIh2olB8FEZGaHOSkg%3D\u0026prev\u003dhttps://news.google.com/rss/articles/CBMiiAFBVV95cUxOZldaRVNEY25iWTFaX0tZeDVkWEVhTHVHVXZseVpad1ZUOXVnTTQ2ZXR1d1ZRQm8wbjQxVTBubDFqNGRXcXgwaXFnOTZ6cm9VRmlwRVQydlZFLTdrNnQxa19qbzdwd3hndXVMei13d2h5aUJTZDVVeFpRMnR4ZDRndV9QYS1DSWhZ?oc%3D5%26hl%3Den-IN%26gl%3DIN%26ceid%3DIN:en\u0026hl\u003den-IN","MuJWjd":false,"QrtxK":"","S06Grb":"","S6lZl":116942117,"TSDtV":"%.@.[[null,[[45447451,null,null,null,\"glbl_20_blog,spain_blog,20_web,pol_twitter,spn_twitter\",null,\"AQrj7e\"],[45447446,null,null,null,\"114086,117964,122423,123687,126247\",null,\"arpmnf\"],[45447445,10000,null,null,null,null,\"gksIhe\"],[45447442,null,null,null,\"114086,117964,122423,123687,126247\",null,\"K01E3b\"],[45447443,null,null,null,\"117964,122423\",null,\"wRa13\"],[45447429,null,false,null,null,null,\"pfipFd\"],[45641040,null,true,null,null,null,\"SEyySc\"],[45447425,null,false,null,null,null,\"dH92cf\"],[45646097,null,true,null,null,null,\"zjqpP\"],[45447432,null,false,null,null,null,\"xGtuJf\"],[45447448,null,null,null,\"cnn.com,eurasiantimes.com\",null,\"i6NW6e\"],[45459555,null,false,null,null,null,\"Imeoqb\"],[45447441,null,false,null,null,null,\"lGu6U\"],[45532880,null,true,null,null,null,\"tCJq5e\"],[45447452,null,null,null,\"\",null,\"iTkiFf\"],[45447444,null,true,null,null,null,\"j1Sd4d\"],[45447427,10000,null,null,null,null,\"IrjXhf\"],[45447447,null,null,null,\"us_2020_elections,us_2020_elections_local_news_with_summary_submix;gemini_briefing_local_v2,gemini_briefing_local_news_with_summary_submix;local_v2,home_local_news_submix\",null,\"Ia4eSd\"],[45447453,null,null,null,\"\",null,\"JNfYbb\"]],\"CAMSDx0KjcK5KQi/jQyln+sECA\\u003d\\u003d\"]]]","UDh4De":"//www.google.com/setprefs?cs\u003d0\u0026sig\u003d0_Sonm4E6jYHIh2olB8FEZGaHOSkg%3D\u0026prev\u003dhttps://news.google.com/rss/articles/CBMiiAFBVV95cUxOZldaRVNEY25iWTFaX0tZeDVkWEVhTHVHVXZseVpad1ZUOXVnTTQ2ZXR1d1ZRQm8wbjQxVTBubDFqNGRXcXgwaXFnOTZ6cm9VRmlwRVQydlZFLTdrNnQxa19qbzdwd3hndXVMei13d2h5aUJTZDVVeFpRMnR4ZDRndV9QYS1DSWhZ?oc%3D5%26hl%3Den-IN%26gl%3DIN%26ceid%3DIN:en\u0026hl\u003den-IN","UTVOtf":false,"UUFaWc":"%.@.null,1000,2]","Vvafkd":false,"Y12zTb":"//www.google.com/setprefs?cs\u003d1\u0026sig\u003d0_Sonm4E6jYHIh2olB8FEZGaHOSkg%3D\u0026prev\u003dhttps://news.google.com/rss/articles/CBMiiAFBVV95cUxOZldaRVNEY25iWTFaX0tZeDVkWEVhTHVHVXZseVpad1ZUOXVnTTQ2ZXR1d1ZRQm8wbjQxVTBubDFqNGRXcXgwaXFnOTZ6cm9VRmlwRVQydlZFLTdrNnQxa19qbzdwd3hndXVMei13d2h5aUJTZDVVeFpRMnR4ZDRndV9QYS1DSWhZ?oc%3D5%26hl%3Den-IN%26gl%3DIN%26ceid%3DIN:en\u0026hl\u003den-IN","Yllh3e":"%.@.1769523525270750,37540515,3708379198]","b5W2zf":"default_DotsSplashUi_desktop_ms","cfb2h":"boq_dotssplashserver_20260122.05_p0","eNnkwf":"1769523525","eptZe":"/_/DotsSplashUi/","fPDxwd":[97493658,105739270],"gGcLoe":false,"hbSvMb":[1706538,98109298,97493658,93894899,98073362,97785986,97675219,105956662,105739270,97442197,1714248,97909288,97656897,98109282,97493642,98073330,97785970,105956646,105739254,97442181,97656881],"hsFLT":"%.@.null,1000,2]","iCzhFc":false,"k76Vlc":["G-SYGF1G18MM"],"mc2ogb":1,"nQyAE":{"xGtuJf":"false","IrjXhf":"10000","dH92cf":"false","i6NW6e":"cnn.com,eurasiantimes.com","wRa13":"117964,122423","j1Sd4d":"true","tCJq5e":"true","K01E3b":"114086,117964,122423,123687,126247","JNfYbb":"","AQrj7e":"glbl_20_blog,spain_blog,20_web,pol_twitter,spn_twitter","gksIhe":"10000","iTkiFf":"","lGu6U":"false","Ia4eSd":"us_2020_elections,us_2020_elections_local_news_with_summary_submix;gemini_briefing_local_v2,gemini_briefing_local_news_with_summary_submix;local_v2,home_local_news_submix","arpmnf":"114086,117964,122423,123687,126247","zjqpP":"true"},"p9hQne":"https://www.gstatic.com/_/boq-dots/_/r/","qwAQke":"DotsSplashUi","qymVe":"ELWsNAV8f3wDaP-3gd4skcbJb6A","r84ZEe":"//www.google.com/setprefs?sig\u003d0_Sonm4E6jYHIh2olB8FEZGaHOSkg%3D\u0026prev\u003dhttps://news.google.com/rss/articles/CBMiiAFBVV95cUxOZldaRVNEY25iWTFaX0tZeDVkWEVhTHVHVXZseVpad1ZUOXVnTTQ2ZXR1d1ZRQm8wbjQxVTBubDFqNGRXcXgwaXFnOTZ6cm9VRmlwRVQydlZFLTdrNnQxa19qbzdwd3hndXVMei13d2h5aUJTZDVVeFpRMnR4ZDRndV9QYS1DSWhZ?oc%3D5%26hl%3Den-IN%26gl%3DIN%26ceid%3DIN:en\u0026safeui\u003dimages","rdVWlb":0,"rtQCxc":-330,"u4g7r":"%.@.null,1,2]","uS02ke":"Rcl4aZ7DEKOl88EPvsCl6A0","utHyne":{"/dssw.js?xhrRoot\u003d%2F_%2FDotsSplashUi\u0026mssRowKey\u003dboq-dots.DotsSplashUi_desktop_ms.en_IN.huoqXQWPJZk.2018.O\u0026buildLabel\u003dboq_dotssplashserver_20260122.05_p0":"%.@.[null,null,null,\"/dssw.js?xhrRoot\\u003d%2F_%2FDotsSplashUi\\u0026mssRowKey\\u003dboq-dots.DotsSplashUi_desktop_ms.en_IN.huoqXQWPJZk.2018.O\\u0026buildLabel\\u003dboq_dotssplashserver_20260122.05_p0\"],\"\",true]"},"vJQk6":false,"vXmutd":"%.@.\"IN\",\"ZZ\",\"JAFJAMrN65FsV2xoEFYRyA\\u003d\\u003d\"]","vk7rPe":"//www.google.com/preferences?hl\u003den-IN\u0026prev\u003dhttps://news.google.com/rss/articles/CBMiiAFBVV95cUxOZldaRVNEY25iWTFaX0tZeDVkWEVhTHVHVXZseVpad1ZUOXVnTTQ2ZXR1d1ZRQm8wbjQxVTBubDFqNGRXcXgwaXFnOTZ6cm9VRmlwRVQydlZFLTdrNnQxa19qbzdwd3hndXVMei13d2h5aUJTZDVVeFpRMnR4ZDRndV9QYS1DSWhZ?oc%3D5%26hl%3Den-IN%26gl%3DIN%26ceid%3DIN:en#appearance","w2btAe":"%.@.null,null,\"\",false,null,null,true,false]","ww0Jqc":"IN","x96UBf":"news.url.google.com","xn5OId":false,"xnI9P":true,"xwAfE":true,"y2FhP":"prod","yFnxrf":1884,"ysqeUe":"%.@.[116656596,104439703,104415750,115508692,104448503,104417078,104426719,104404286,115835391,116778925,71974148,117039109,40261571,40260060,40261911,104398823,1714252,104446405,101927471,104425407,99222562,104444265,40261940,40261873,102639914,104451595,104430732,117271939,15874407,104451552,25947291,99107170,104444365,104424925,99106383,104403486,72304157,40261562,104450966,104862636,40261976,104429887,104446066,104451756,104448506,104997031,115822001,115907172,116811660,104915132,105333137,71974401,116799790,104442970,104443992],false,true]","zChJod":"%.@.]"};</script><script nonce="B7F0WpNc-GfdrHLZZLfAyw">window["_F_toggles_default_DotsSplashUi_desktop_ms"] = [0x50218, 0x2c060800, 0x280605, 0x2, ];</script><script id="_ij" nonce="B7F0WpNc-GfdrHLZZLfAyw">window.IJ_values = ['\/\/www.google.com\/advanced_search?hl\x3den-IN\x26fg\x3d1',[null,null,"",false,null,null,true,false],'0','www.google.com','https:\/\/news.google.com\/', null ,'boq_dotssplashserver_20260122.05_p0','news.google.com','IN:en', 0.0 , 1.0 , 0.0 , null , null , null ,'IN','B7F0WpNc-GfdrHLZZLfAyw','OUSffbBJjhA5_wJCg2aB6Q','DEFAULT','English (India)','', 2026.0 ,'https:\/\/news.google.com\/rss\/articles\/CBMiiAFBVV95cUxOZldaRVNEY25iWTFaX0tZeDVkWEVhTHVHVXZseVpad1ZUOXVnTTQ2ZXR1d1ZRQm8wbjQxVTBubDFqNGRXcXgwaXFnOTZ6cm9VRmlwRVQydlZFLTdrNnQxa19qbzdwd3hndXVMei13d2h5aUJTZDVVeFpRMnR4ZDRndV9QYS1DSWhZ', null ,'ltr', false ,'https:\/\/accounts.google.com\/AccountChooser?continue\x3dhttps:\/\/news.google.com\/rss\/articles\/CBMiiAFBVV95cUxOZldaRVNEY25iWTFaX0tZeDVkWEVhTHVHVXZseVpad1ZUOXVnTTQ2ZXR1d1ZRQm8wbjQxVTBubDFqNGRXcXgwaXFnOTZ6cm9VRmlwRVQydlZFLTdrNnQxa19qbzdwd3hndXVMei13d2h5aUJTZDVVeFpRMnR4ZDRndV9QYS1DSWhZ?oc%3D5%26hl%3Den-IN%26gl%3DIN%26ceid%3DIN:en\x26hl\x3den-IN','\/\/accounts.google.com\/ServiceLogin?continue\x3dhttps:\/\/news.google.com\/rss\/articles\/CBMiiAFBVV95cUxOZldaRVNEY25iWTFaX0tZeDVkWEVhTHVHVXZseVpad1ZUOXVnTTQ2ZXR1d1ZRQm8wbjQxVTBubDFqNGRXcXgwaXFnOTZ6cm9VRmlwRVQydlZFLTdrNnQxa19qbzdwd3hndXVMei13d2h5aUJTZDVVeFpRMnR4ZDRndV9QYS1DSWhZ?oc%3D5%26hl%3Den-IN%26gl%3DIN%26ceid%3DIN:en\x26hl\x3den-IN','https:\/\/accounts.google.com\/ServiceLogin?hl\x3den-IN\x26continue\x3dhttps:\/\/news.google.com\/rss\/articles\/CBMiiAFBVV95cUxOZldaRVNEY25iWTFaX0tZeDVkWEVhTHVHVXZseVpad1ZUOXVnTTQ2ZXR1d1ZRQm8wbjQxVTBubDFqNGRXcXgwaXFnOTZ6cm9VRmlwRVQydlZFLTdrNnQxa19qbzdwd3hndXVMei13d2h5aUJTZDVVeFpRMnR4ZDRndV9QYS1DSWhZ?oc%3D5%26hl%3Den-IN%26gl%3DIN%26ceid%3DIN:en','https:\/\/accounts.google.com\/SignOutOptions?continue\x3dhttps:\/\/news.google.com\/rss\/articles\/CBMiiAFBVV95cUxOZldaRVNEY25iWTFaX0tZeDVkWEVhTHVHVXZseVpad1ZUOXVnTTQ2ZXR1d1ZRQm8wbjQxVTBubDFqNGRXcXgwaXFnOTZ6cm9VRmlwRVQydlZFLTdrNnQxa19qbzdwd3hndXVMei13d2h5aUJTZDVVeFpRMnR4ZDRndV9QYS1DSWhZ?oc%3D5%26hl%3Den-IN%26gl%3DIN%26ceid%3DIN:en','IN', false ,'en-IN', true , true , false , true , false , false , false , true , false , true , false , false , true ,'en','en-IN','English (India)','\/\/www.google.com\/preferences?hl\x3den-IN\x26prev\x3dhttps:\/\/news.google.com\/rss\/articles\/CBMiiAFBVV95cUxOZldaRVNEY25iWTFaX0tZeDVkWEVhTHVHVXZseVpad1ZUOXVnTTQ2ZXR1d1ZRQm8wbjQxVTBubDFqNGRXcXgwaXFnOTZ6cm9VRmlwRVQydlZFLTdrNnQxa19qbzdwd3hndXVMei13d2h5aUJTZDVVeFpRMnR4ZDRndV9QYS1DSWhZ?oc%3D5%26hl%3Den-IN%26gl%3DIN%26ceid%3DIN:en\x26lang\x3d1#languages','us_2020_elections,us_2020_elections_local_news_with_summary_submix;gemini_briefing_local_v2,gemini_briefing_local_news_with_summary_submix;local_v2,home_local_news_submix','en_IN','\/\/support.google.com\/websearch\/answer\/179386?source\x3dg\x26hl\x3den-IN','\/\/www.google.com',[], null , 5.0 , null , null ,'','https:\/\/myaccount.google.com\/privacypolicy?hl\x3den-IN','\/\/www.google.com\/history\/optout?hl\x3den-IN', false ,'\/\/www.google.com\/setprefs?sig\x3d0_Sonm4E6jYHIh2olB8FEZGaHOSkg%3D\x26prev\x3dhttps:\/\/news.google.com\/rss\/articles\/CBMiiAFBVV95cUxOZldaRVNEY25iWTFaX0tZeDVkWEVhTHVHVXZseVpad1ZUOXVnTTQ2ZXR1d1ZRQm8wbjQxVTBubDFqNGRXcXgwaXFnOTZ6cm9VRmlwRVQydlZFLTdrNnQxa19qbzdwd3hndXVMei13d2h5aUJTZDVVeFpRMnR4ZDRndV9QYS1DSWhZ?oc%3D5%26hl%3Den-IN%26gl%3DIN%26ceid%3DIN:en\x26safeui\x3dimages','\/\/www.google.com\/setprefs?sig\x3d0_Sonm4E6jYHIh2olB8FEZGaHOSkg%3D\x26prev\x3dhttps:\/\/news.google.com\/rss\/articles\/CBMiiAFBVV95cUxOZldaRVNEY25iWTFaX0tZeDVkWEVhTHVHVXZseVpad1ZUOXVnTTQ2ZXR1d1ZRQm8wbjQxVTBubDFqNGRXcXgwaXFnOTZ6cm9VRmlwRVQydlZFLTdrNnQxa19qbzdwd3hndXVMei13d2h5aUJTZDVVeFpRMnR4ZDRndV9QYS1DSWhZ?oc%3D5%26hl%3Den-IN%26gl%3DIN%26ceid%3DIN:en\x26safeui\x3don','\/\/www.google.com\/safesearch?hl\x3den-IN\x26prev\x3dhttps:\/\/news.google.com\/rss\/articles\/CBMiiAFBVV95cUxOZldaRVNEY25iWTFaX0tZeDVkWEVhTHVHVXZseVpad1ZUOXVnTTQ2ZXR1d1ZRQm8wbjQxVTBubDFqNGRXcXgwaXFnOTZ6cm9VRmlwRVQydlZFLTdrNnQxa19qbzdwd3hndXVMei13d2h5aUJTZDVVeFpRMnR4ZDRndV9QYS1DSWhZ?oc%3D5%26hl%3Den-IN%26gl%3DIN%26ceid%3DIN:en','\/\/www.google.com\/setprefs?sig\x3d0_Sonm4E6jYHIh2olB8FEZGaHOSkg%3D\x26prev\x3dhttps:\/\/news.google.com\/rss\/articles\/CBMiiAFBVV95cUxOZldaRVNEY25iWTFaX0tZeDVkWEVhTHVHVXZseVpad1ZUOXVnTTQ2ZXR1d1ZRQm8wbjQxVTBubDFqNGRXcXgwaXFnOTZ6cm9VRmlwRVQydlZFLTdrNnQxa19qbzdwd3hndXVMei13d2h5aUJTZDVVeFpRMnR4ZDRndV9QYS1DSWhZ?oc%3D5%26hl%3Den-IN%26gl%3DIN%26ceid%3DIN:en\x26safeui\x3doff', null ,'\/\/support.google.com\/websearch\/?source\x3dg\x26hl\x3den-IN','\/\/www.google.com\/history\/optout?hl\x3den-IN','IN','\/\/www.google.com\/preferences?hl\x3den-IN\x26prev\x3dhttps:\/\/news.google.com\/rss\/articles\/CBMiiAFBVV95cUxOZldaRVNEY25iWTFaX0tZeDVkWEVhTHVHVXZseVpad1ZUOXVnTTQ2ZXR1d1ZRQm8wbjQxVTBubDFqNGRXcXgwaXFnOTZ6cm9VRmlwRVQydlZFLTdrNnQxa19qbzdwd3hndXVMei13d2h5aUJTZDVVeFpRMnR4ZDRndV9QYS1DSWhZ?oc%3D5%26hl%3Den-IN%26gl%3DIN%26ceid%3DIN:en\x26fg\x3d1', 1.0 ,'\/\/www.google.com\/setprefs?cs\x3d2\x26sig\x3d0_Sonm4E6jYHIh2olB8FEZGaHOSkg%3D\x26prev\x3dhttps:\/\/news.google.com\/rss\/articles\/CBMiiAFBVV95cUxOZldaRVNEY25iWTFaX0tZeDVkWEVhTHVHVXZseVpad1ZUOXVnTTQ2ZXR1d1ZRQm8wbjQxVTBubDFqNGRXcXgwaXFnOTZ6cm9VRmlwRVQydlZFLTdrNnQxa19qbzdwd3hndXVMei13d2h5aUJTZDVVeFpRMnR4ZDRndV9QYS1DSWhZ?oc%3D5%26hl%3Den-IN%26gl%3DIN%26ceid%3DIN:en\x26hl\x3den-IN','\/\/www.google.com\/setprefs?cs\x3d1\x26sig\x3d0_Sonm4E6jYHIh2olB8FEZGaHOSkg%3D\x26prev\x3dhttps:\/\/news.google.com\/rss\/articles\/CBMiiAFBVV95cUxOZldaRVNEY25iWTFaX0tZeDVkWEVhTHVHVXZseVpad1ZUOXVnTTQ2ZXR1d1ZRQm8wbjQxVTBubDFqNGRXcXgwaXFnOTZ6cm9VRmlwRVQydlZFLTdrNnQxa19qbzdwd3hndXVMei13d2h5aUJTZDVVeFpRMnR4ZDRndV9QYS1DSWhZ?oc%3D5%26hl%3Den-IN%26gl%3DIN%26ceid%3DIN:en\x26hl\x3den-IN','\/\/support.google.com\/googleshopping?cc\x3dIN\x26hl\x3den','\/\/shopping.google.com\/settings', false , true , null , 0.0 , false , false , false , false , true ,'IN', false ,'https:\/\/www.gstatic.com\/_\/boq-dots\/_\/r\/',[[["gl","IN"],["hl","en-IN"]]],'\x26gl\x3dIN\x26hl\x3den-IN','https:\/\/myaccount.google.com\/termsofservice?hl\x3den-IN','gdu', null , false , null ,'\/\/www.google.com\/history\/privacyadvisor\/search\/unauth?cctld\x3dcom\x26utm_source\x3dgooglemenu\x26hl\x3den-IN',];</script><script nonce="B7F0WpNc-GfdrHLZZLfAyw">(function(){'use strict';var a=window,d=a.performance,l=k();a.cc_latency_start_time=d&&d.now?0:d&&d.timing&&d.timing.navigationStart?d.timing.navigationStart:l;function k(){return d&&d.now?d.now():(new Date).getTime()}function n(e){if(d&&d.now&&d.mark){var g=d.mark(e);if(g)return g.startTime;if(d.getEntriesByName&&(e=d.getEntriesByName(e).pop()))return e.startTime}return k()}a.onaft=function(){n("aft")};a._isLazyImage=function(e){return e.hasAttribute("data-src")||e.hasAttribute("data-ils")||e.getAttribute("loading")==="lazy"};
a.l=function(e){function g(b){var c={};c[b]=k();a.cc_latency.push(c)}function m(b){var c=n("iml");b.setAttribute("data-iml",c);return c}a.cc_aid=e;a.iml_start=a.cc_latency_start_time;a.css_size=0;a.cc_latency=[];a.ccTick=g;a.onJsLoad=function(){g("jsl")};a.onCssLoad=function(){g("cssl")};a._isVisible=function(b,c){if(!c||c.style.display=="none")return!1;var f=b.defaultView;if(f&&f.getComputedStyle&&(f=f.getComputedStyle(c),f.height=="0px"||f.width=="0px"||f.visibility=="hidden"))return!1;if(!c.getBoundingClientRect)return!0;
var h=c.getBoundingClientRect();c=h.left+a.pageXOffset;f=h.top+a.pageYOffset;if(f+h.height<0||c+h.width<0||h.height<=0||h.width<=0)return!1;b=b.documentElement;return f<=(a.innerHeight||b.clientHeight)&&c<=(a.innerWidth||b.clientWidth)};a._recordImlEl=m;document.documentElement.addEventListener("load",function(b){b=b.target;var c;b.tagName!="IMG"||b.hasAttribute("data-iid")||a._isLazyImage(b)||b.hasAttribute("data-noaft")||(c=m(b));if(a.aft_counter&&(b=a.aft_counter.indexOf(b),b!==-1&&(b=a.aft_counter.splice(b,
1).length===1,a.aft_counter.length===0&&b&&c)))a.onaft(c)},!0);a.prt=-1;a.wiz_tick=function(){var b=n("prt");a.prt=b}};}).call(this);
l('uzuqtb')</script><script nonce="B7F0WpNc-GfdrHLZZLfAyw">var _F_cssRowKey = 'boq-dots.DotsSplashUi_desktop_ms.MqTqsScWQBA.L.B1.O';var _F_combinedSignature = 'ALs0n2OrPO_TIGRQlB8Tnm2cANlAd-T_Dw';function _DumpException(e) {throw e;}</script><style data-href="https://www.gstatic.com/_/mss/boq-dots/_/ss/k=boq-dots.DotsSplashUi_desktop_ms.MqTqsScWQBA.L.B1.O/am=GAIFAACCAVtggAII/d=1/ed=1/rs=ALs0n2Pt6rT46UJcXLfww8aXd2nxvn-a2w/m=syndicationarticleview,_b,_tp" nonce="OUSffbBJjhA5_wJCg2aB6Q">html,body{height:100%;overflow:hidden}body{-webkit-font-smoothing:antialiased;-moz-osx-font-smoothing:grayscale;color:rgba(0,0,0,0.87);font-family:Roboto,RobotoDraft,Helvetica,Arial,sans-serif;margin:0;text-size-adjust:100%}textarea{font-family:Roboto,RobotoDraft,Helvetica,Arial,sans-serif}a{text-decoration:none;color:#2962ff}img{border:none}*{-webkit-tap-highlight-color:transparent}#apps-debug-tracers{display:none}.MCcOAc{bottom:0;left:0;position:absolute;right:0;top:0;overflow:hidden;z-index:1}.MCcOAc>.pGxpHc{flex-shrink:0;flex-grow:0}.IqBfM>.HLlAHb{align-items:center;display:flex;height:60px;position:absolute;right:16px;top:0;z-index:9999}.VUoKZ{display:none;position:absolute;top:0;left:0;right:0;height:3px;z-index:1001}.TRHLAc{position:absolute;top:0;left:0;width:25%;height:100%;background:#68e;transform:scaleX(0)}.TRHLAc{transform-origin:0 0}.mIM26c .VUoKZ{display:block}.mIM26c .TRHLAc{animation:boqChromeapiPageProgressAnimation 1s infinite;animation-timing-function:cubic-bezier(.4,0,1,1);animation-delay:.1s}.ghyPEc .VUoKZ{position:fixed}@keyframes boqChromeapiPageProgressAnimation{0%{transform:scaleX(0)}50%{transform:scaleX(5)}100%{transform:scaleX(5) translateX(100%)}}.zQTmif{height:100%}.MCcOAc{display:flex;flex-direction:column}.IqBfM{bottom:auto;height:100%;right:auto;width:auto}.kFwPee{height:100%}.ydMMEb{width:100%}.SSPGKf{display:block;overflow-y:hidden;z-index:1}.eejsDc{overflow-y:auto;-webkit-overflow-scrolling:touch}:root{--boq-chrometransition-background:#eee;--boq-chrometransition-active-background-opacity:0.8}.KL4X6e{background:var(--boq-chrometransition-background);bottom:0;left:0;opacity:0;position:absolute;right:0;top:0}.TuA45b{opacity:var(--boq-chrometransition-active-background-opacity)}body{--gn-c-background:var(--gm3-sys-color-background,#fff);--gn-c-error:var(--gm3-sys-color-error,#b3261e);--gn-c-error-container:var(--gm3-sys-color-error-container,#f9dedc);--gn-c-inverse-on-surface:var(--gm3-sys-color-inverse-on-surface,#f2f2f2);--gn-c-inverse-primary:var(--gm3-sys-color-inverse-primary,#a8c7fa);--gn-c-inverse-surface:var(--gm3-sys-color-inverse-surface,#303030);--gn-c-on-background:var(--gm3-sys-color-on-background,#1f1f1f);--gn-c-on-error:var(--gm3-sys-color-on-error,#fff);--gn-c-on-error-container:var(--gm3-sys-color-on-error-container,#8c1d18);--gn-c-on-primary:var(--gm3-sys-color-on-primary,#fff);--gn-c-on-primary-container:var(--gm3-sys-color-on-primary-container,#0842a0);--gn-c-on-primary-fixed:var(--gm3-sys-color-on-primary-fixed,#041e49);--gn-c-on-primary-fixed-variant:var(--gm3-sys-color-on-primary-fixed-variant,#0842a0);--gn-c-on-secondary:var(--gm3-sys-color-on-secondary,#fff);--gn-c-on-secondary-container:var(--gm3-sys-color-on-secondary-container,#004a77);--gn-c-on-secondary-fixed:var(--gm3-sys-color-on-secondary-fixed,#001d35);--gn-c-on-secondary-fixed-variant:var(--gm3-sys-color-on-secondary-fixed-variant,#004a77);--gn-c-on-surface:var(--gm3-sys-color-on-surface,#1f1f1f);--gn-c-on-surface-variant:var(--gm3-sys-color-on-surface-variant,#444746);--gn-c-on-tertiary:var(--gm3-sys-color-on-tertiary,#fff);--gn-c-on-tertiary-container:var(--gm3-sys-color-on-tertiary-container,#0f5223);--gn-c-on-tertiary-fixed:var(--gm3-sys-color-on-tertiary-fixed,#072711);--gn-c-on-tertiary-fixed-variant:var(--gm3-sys-color-on-tertiary-fixed-variant,#0f5223);--gn-c-outline:var(--gm3-sys-color-outline,#747775);--gn-c-outline-variant:var(--gm3-sys-color-outline-variant,#c4c7c5);--gn-c-primary:var(--gm3-sys-color-primary,#0b57d0);--gn-c-primary-container:var(--gm3-sys-color-primary-container,#d3e3fd);--gn-c-primary-fixed:var(--gm3-sys-color-primary-fixed,#d3e3fd);--gn-c-primary-fixed-dim:var(--gm3-sys-color-primary-fixed-dim,#a8c7fa);--gn-c-scrim:var(--gm3-sys-color-scrim,#000);--gn-c-secondary:var(--gm3-sys-color-secondary,#00639b);--gn-c-secondary-container:var(--gm3-sys-color-secondary-container,#c2e7ff);--gn-c-secondary-fixed:var(--gm3-sys-color-secondary-fixed,#c2e7ff);--gn-c-secondary-fixed-dim:var(--gm3-sys-color-secondary-fixed-dim,#7fcfff);--gn-c-shadow:var(--gm3-sys-color-shadow,#000);--gn-c-surface:var(--gm3-sys-color-surface,#fff);--gn-c-surface-bright:var(--gm3-sys-color-surface-bright,#fff);--gn-c-surface-container:var(--gm3-sys-color-surface-container,#f0f4f9);--gn-c-surface-container-high:var(--gm3-sys-color-surface-container-high,#e9eef6);--gn-c-surface-container-highest:var(--gm3-sys-color-surface-container-highest,#dde3ea);--gn-c-surface-container-low:var(--gm3-sys-color-surface-container-low,#f8fafd);--gn-c-surface-container-lowest:var(--gm3-sys-color-surface-container-lowest,#fff);--gn-c-surface-dim:var(--gm3-sys-color-surface-dim,#d3dbe5);--gn-c-surface-tint:var(--gm3-sys-color-surface-tint,#6991d6);--gn-c-surface-variant:var(--gm3-sys-color-surface-variant,#e1e3e1);--gn-c-tertiary:var(--gm3-sys-color-tertiary,#146c2e);--gn-c-tertiary-container:var(--gm3-sys-color-tertiary-container,#c4eed0);--gn-c-tertiary-fixed:var(--gm3-sys-color-tertiary-fixed,#c4eed0);--gn-c-tertiary-fixed-dim:var(--gm3-sys-color-tertiary-fixed-dim,#6dd58c);--gn-c-ai-analog:#a7edff;--gn-c-ai-complement:#fdadee;--gn-c-ai-gradient-stop-1:#4285f4;--gn-c-ai-gradient-stop-2:#9b72cb;--gn-c-ai-gradient-stop-3:#d96570;--gn-c-ai-gradient-stop-final:#ffffff;--gn-c-ogb-background:#ffffff;--gn-c-toast-background:rgb(32,33,36);--gn-c-toast-color:rgb(232,234,237);--gn-c-color-link:rgb(26,115,232);--gn-c-banner-background:rgb(210,227,252);--gn-c-banner-text:#1f1f1f;--gn-c-adv-search-text:rgb(60,64,67);--gn-c-adv-search-outline:rgb(218,220,224);--gn-c-adv-search-underline:#e0e0e0;--gn-c-adv-search-error-underline:rgb(197,34,31);--gn-c-divider:#e3e3e3;--gn-c-jump-button-unselected-bg:var(--gm3-sys-color-primary-container,#d3e3fd);--gn-c-jump-button-unselected-text:var(--gm3-sys-color-on-primary-container,#0842a0);--gn-c-jump-button-unselected-bg-scrolled:var(--gm3-sys-color-surface,#fff);--gn-c-jump-button-selected-bg-scrolled:var(--gm3-sys-color-primary-fixed-dim,#a8c7fa);--gn-c-jump-button-selected-text-scrolled:var(--gm3-sys-color-on-primary-fixed,#041e49);--gn-c-jump-button-container-bg:#e5e9f8;--gn-c-jump-button-arrow-icon-bg:var(--gm3-sys-color-inverse-on-surface,#f2f2f2)}body.dm7YTc{--gn-c-background:var(--gm3-sys-color-background,#131314);--gn-c-error:var(--gm3-sys-color-error,#f2b8b5);--gn-c-error-container:var(--gm3-sys-color-error-container,#8c1d18);--gn-c-inverse-on-surface:var(--gm3-sys-color-inverse-on-surface,#303030);--gn-c-inverse-primary:var(--gm3-sys-color-inverse-primary,#0b57d0);--gn-c-inverse-surface:var(--gm3-sys-color-inverse-surface,#e3e3e3);--gn-c-on-background:var(--gm3-sys-color-on-background,#e3e3e3);--gn-c-on-error:var(--gm3-sys-color-on-error,#601410);--gn-c-on-error-container:var(--gm3-sys-color-on-error-container,#f9dedc);--gn-c-on-primary:var(--gm3-sys-color-on-primary,#062e6f);--gn-c-on-primary-container:var(--gm3-sys-color-on-primary-container,#d3e3fd);--gn-c-on-primary-fixed:var(--gm3-sys-color-on-primary-fixed,#041e49);--gn-c-on-primary-fixed-variant:var(--gm3-sys-color-on-primary-fixed-variant,#0842a0);--gn-c-on-secondary:var(--gm3-sys-color-on-secondary,#035);--gn-c-on-secondary-container:var(--gm3-sys-color-on-secondary-container,#c2e7ff);--gn-c-on-secondary-fixed:var(--gm3-sys-color-on-secondary-fixed,#001d35);--gn-c-on-secondary-fixed-variant:var(--gm3-sys-color-on-secondary-fixed-variant,#004a77);--gn-c-on-surface:var(--gm3-sys-color-on-surface,#e3e3e3);--gn-c-on-surface-variant:var(--gm3-sys-color-on-surface-variant,#c4c7c5);--gn-c-on-tertiary:var(--gm3-sys-color-on-tertiary,#0a3818);--gn-c-on-tertiary-container:var(--gm3-sys-color-on-tertiary-container,#c4eed0);--gn-c-on-tertiary-fixed:var(--gm3-sys-color-on-tertiary-fixed,#072711);--gn-c-on-tertiary-fixed-variant:var(--gm3-sys-color-on-tertiary-fixed-variant,#0f5223);--gn-c-outline:var(--gm3-sys-color-outline,#8e918f);--gn-c-outline-variant:var(--gm3-sys-color-outline-variant,#444746);--gn-c-primary:var(--gm3-sys-color-primary,#a8c7fa);--gn-c-primary-container:var(--gm3-sys-color-primary-container,#0842a0);--gn-c-primary-fixed:var(--gm3-sys-color-primary-fixed,#d3e3fd);--gn-c-primary-fixed-dim:var(--gm3-sys-color-primary-fixed-dim,#a8c7fa);--gn-c-scrim:var(--gm3-sys-color-scrim,#000);--gn-c-secondary:var(--gm3-sys-color-secondary,#7fcfff);--gn-c-secondary-container:var(--gm3-sys-color-secondary-container,#004a77);--gn-c-secondary-fixed:var(--gm3-sys-color-secondary-fixed,#c2e7ff);--gn-c-secondary-fixed-dim:var(--gm3-sys-color-secondary-fixed-dim,#7fcfff);--gn-c-shadow:var(--gm3-sys-color-shadow,#000);--gn-c-surface:var(--gm3-sys-color-surface,#131314);--gn-c-surface-bright:var(--gm3-sys-color-surface-bright,#37393b);--gn-c-surface-container:var(--gm3-sys-color-surface-container,#1e1f20);--gn-c-surface-container-high:var(--gm3-sys-color-surface-container-high,#282a2c);--gn-c-surface-container-highest:var(--gm3-sys-color-surface-container-highest,#333537);--gn-c-surface-container-low:var(--gm3-sys-color-surface-container-low,#1b1b1b);--gn-c-surface-container-lowest:var(--gm3-sys-color-surface-container-lowest,#0e0e0e);--gn-c-surface-dim:var(--gm3-sys-color-surface-dim,#131314);--gn-c-surface-tint:var(--gm3-sys-color-surface-tint,#d1e1ff);--gn-c-surface-variant:var(--gm3-sys-color-surface-variant,#444746);--gn-c-tertiary:var(--gm3-sys-color-tertiary,#6dd58c);--gn-c-tertiary-container:var(--gm3-sys-color-tertiary-container,#0f5223);--gn-c-tertiary-fixed:var(--gm3-sys-color-tertiary-fixed,#c4eed0);--gn-c-tertiary-fixed-dim:var(--gm3-sys-color-tertiary-fixed-dim,#6dd58c);--gn-c-ai-analog:#004e5b;--gn-c-ai-complement:#53164f;--gn-c-ai-gradient-stop-1:#649eff;--gn-c-ai-gradient-stop-2:#b885f3;--gn-c-ai-gradient-stop-3:#fd8a95;--gn-c-ai-gradient-stop-final:#1b1c1d;--gn-c-ogb-background:rgb(32,33,36);--gn-c-toast-background:#ffffff;--gn-c-toast-color:rgb(60,64,67);--gn-c-color-link:rgb(138,180,248);--gn-c-banner-background:#2a4165;--gn-c-banner-text:#e3e3e3;--gn-c-adv-search-text:rgb(232,234,237);--gn-c-adv-search-outline:rgb(95,99,104);--gn-c-adv-search-underline:#5f6368;--gn-c-adv-search-error-underline:rgb(246,174,169);--gn-c-divider:#5e5e5e;--gn-c-jump-button-unselected-bg:var(--gm3-sys-color-surface-container-highest,#333537);--gn-c-jump-button-unselected-text:var(--gm3-sys-color-on-surface,#e3e3e3);--gn-c-jump-button-unselected-bg-scrolled:var(--gm3-sys-color-surface-container-highest,#333537);--gn-c-jump-button-selected-bg-scrolled:var(--gm3-sys-color-primary,#a8c7fa);--gn-c-jump-button-selected-text-scrolled:var(--gm3-sys-color-on-primary,#062e6f);--gn-c-jump-button-container-bg:var(--gm3-sys-color-surface-container-high,#282a2c);--gn-c-jump-button-arrow-icon-bg:var(--gm3-sys-color-surface-variant,#444746)}body.dm7YTc .Y5O54e{display:inline-flex;position:relative}body.dm7YTc .Y5O54e[hidden]{display:none}body.dm7YTc .Y5O54e .UMrnmb-lP5Lpb-yrriRe{width:inherit}body.dm7YTc .Y5O54e .VfPpkd-StrnGf-rymPhb .VfPpkd-StrnGf-rymPhb-ibnC6b{padding-left:16px;padding-right:16px}[dir=rtl] body.dm7YTc .Y5O54e .VfPpkd-StrnGf-rymPhb .VfPpkd-StrnGf-rymPhb-ibnC6b,body.dm7YTc .Y5O54e .VfPpkd-StrnGf-rymPhb .VfPpkd-StrnGf-rymPhb-ibnC6b[dir=rtl]{padding-left:16px;padding-right:16px}body.dm7YTc .Y5O54e .VfPpkd-StrnGf-rymPhb.VfPpkd-StrnGf-rymPhb-OWXEXe-Bz112c-rymPhb .VfPpkd-StrnGf-rymPhb-ibnC6b .VfPpkd-StrnGf-rymPhb-f7MjDc{margin-left:0;margin-right:8px}[dir=rtl] body.dm7YTc .Y5O54e .VfPpkd-StrnGf-rymPhb.VfPpkd-StrnGf-rymPhb-OWXEXe-Bz112c-rymPhb .VfPpkd-StrnGf-rymPhb-ibnC6b .VfPpkd-StrnGf-rymPhb-f7MjDc,body.dm7YTc .Y5O54e .VfPpkd-StrnGf-rymPhb.VfPpkd-StrnGf-rymPhb-OWXEXe-Bz112c-rymPhb .VfPpkd-StrnGf-rymPhb-ibnC6b .VfPpkd-StrnGf-rymPhb-f7MjDc[dir=rtl]{margin-left:8px;margin-right:0}body.dm7YTc .Y5O54e .VfPpkd-StrnGf-rymPhb.UMrnmb-h0T7hb-M1Soyc-Bz112c .VfPpkd-StrnGf-rymPhb-ibnC6b{padding-left:48px;padding-right:16px}[dir=rtl] body.dm7YTc .Y5O54e .VfPpkd-StrnGf-rymPhb.UMrnmb-h0T7hb-M1Soyc-Bz112c .VfPpkd-StrnGf-rymPhb-ibnC6b,body.dm7YTc .Y5O54e .VfPpkd-StrnGf-rymPhb.UMrnmb-h0T7hb-M1Soyc-Bz112c .VfPpkd-StrnGf-rymPhb-ibnC6b[dir=rtl]{padding-left:16px;padding-right:48px}body.dm7YTc .Y5O54e .VfPpkd-xl07Ob-XxIAqe-OWXEXe-uxVfW-FNFY6c-uFfGwd{border-top-left-radius:0;border-top-right-radius:0}body.dm7YTc .Y5O54e .VfPpkd-fmcmS-yrriRe:hover .VfPpkd-fmcmS-OyKIhb::before,body.dm7YTc .Y5O54e .VfPpkd-fmcmS-yrriRe.VfPpkd-ksKsZd-XxIAqe-OWXEXe-ZmdkE .VfPpkd-fmcmS-OyKIhb::before{opacity:.08;opacity:var(--mdc-ripple-hover-opacity,.08)}body.dm7YTc .Y5O54e .VfPpkd-fmcmS-yrriRe.VfPpkd-ksKsZd-mWPk3d-OWXEXe-AHe6Kc-XpnDCe .VfPpkd-fmcmS-OyKIhb::before,body.dm7YTc .Y5O54e .VfPpkd-fmcmS-yrriRe:not(.VfPpkd-ksKsZd-mWPk3d):focus .VfPpkd-fmcmS-OyKIhb::before{transition-duration:75ms;opacity:0;opacity:var(--mdc-ripple-focus-opacity,0)}body.dm7YTc .Y5O54e .VfPpkd-fmcmS-yrriRe .VfPpkd-fmcmS-OyKIhb::before,body.dm7YTc .Y5O54e .VfPpkd-fmcmS-yrriRe .VfPpkd-fmcmS-OyKIhb::after{background-color:rgb(241,243,244);background-color:var(--mdc-ripple-color,rgb(241,243,244))}body.dm7YTc .Y5O54e .VfPpkd-fmcmS-yrriRe:not(.VfPpkd-fmcmS-yrriRe-OWXEXe-OWB6Me) .VfPpkd-fmcmS-yrriRe-JZnCve-gmhCAd,body.dm7YTc .Y5O54e .VfPpkd-fmcmS-yrriRe:not(.VfPpkd-fmcmS-yrriRe-OWXEXe-OWB6Me)+.VfPpkd-fmcmS-yrriRe-W0vJo-RWgCYc .VfPpkd-fmcmS-yrriRe-JZnCve-gmhCAd{color:rgb(154,160,166)}body.dm7YTc .Y5O54e .VfPpkd-fmcmS-yrriRe .VfPpkd-fmcmS-wGMbrd{caret-color:rgb(138,180,248)}body.dm7YTc .Y5O54e .VfPpkd-fmcmS-yrriRe:not(.VfPpkd-fmcmS-yrriRe-OWXEXe-OWB6Me) .VfPpkd-fmcmS-wGMbrd{color:rgb(232,234,237)}body.dm7YTc .Y5O54e .VfPpkd-fmcmS-yrriRe:not(.VfPpkd-fmcmS-yrriRe-OWXEXe-OWB6Me){background-color:rgb(60,64,67)}body.dm7YTc .Y5O54e .VfPpkd-fmcmS-yrriRe:not(.VfPpkd-fmcmS-yrriRe-OWXEXe-OWB6Me)+.VfPpkd-fmcmS-yrriRe-W0vJo-RWgCYc .VfPpkd-fmcmS-yrriRe-W0vJo-fmcmS{color:rgb(154,160,166)}body.dm7YTc .Y5O54e .VfPpkd-fmcmS-yrriRe:not(.VfPpkd-fmcmS-yrriRe-OWXEXe-OWB6Me) .VfPpkd-NLUYnc-V67aGc{color:rgb(189,193,198)}body.dm7YTc .Y5O54e .VfPpkd-fmcmS-yrriRe:hover:not(.VfPpkd-fmcmS-yrriRe-OWXEXe-OWB6Me) .VfPpkd-NLUYnc-V67aGc{color:rgb(248,249,250)}body.dm7YTc .Y5O54e .VfPpkd-fmcmS-yrriRe:hover:not(.VfPpkd-fmcmS-yrriRe-OWXEXe-OWB6Me) .VfPpkd-RWgCYc-ksKsZd::before{border-bottom-color:rgb(248,249,250)}body.dm7YTc .Y5O54e .VfPpkd-fmcmS-yrriRe:not(.VfPpkd-fmcmS-yrriRe-OWXEXe-OWB6Me) .VfPpkd-RWgCYc-ksKsZd::before{border-bottom-color:rgb(154,160,166)}body.dm7YTc .Y5O54e .VfPpkd-fmcmS-yrriRe:not(.VfPpkd-fmcmS-yrriRe-OWXEXe-OWB6Me) .VfPpkd-RWgCYc-ksKsZd::after{border-bottom-color:rgb(138,180,248)}@media all{body.dm7YTc .Y5O54e .VfPpkd-fmcmS-yrriRe:not(.VfPpkd-fmcmS-yrriRe-OWXEXe-OWB6Me) .VfPpkd-fmcmS-wGMbrd::-webkit-input-placeholder{color:rgb(189,193,198)}body.dm7YTc .Y5O54e .VfPpkd-fmcmS-yrriRe:not(.VfPpkd-fmcmS-yrriRe-OWXEXe-OWB6Me) .VfPpkd-fmcmS-wGMbrd::placeholder{color:rgb(189,193,198)}}@media all{body.dm7YTc .Y5O54e .VfPpkd-fmcmS-yrriRe:not(.VfPpkd-fmcmS-yrriRe-OWXEXe-OWB6Me) .VfPpkd-fmcmS-wGMbrd:-ms-input-placeholder{color:rgb(189,193,198)}}body.dm7YTc .Y5O54e .VfPpkd-fmcmS-yrriRe:not(.VfPpkd-fmcmS-yrriRe-OWXEXe-OWB6Me) .VfPpkd-fmcmS-MvKemf-OWXEXe-qdIk2c{color:rgb(154,160,166)}body.dm7YTc .Y5O54e .VfPpkd-fmcmS-yrriRe:not(.VfPpkd-fmcmS-yrriRe-OWXEXe-OWB6Me) .VfPpkd-fmcmS-MvKemf-OWXEXe-iJ4yB{color:rgb(154,160,166)}body.dm7YTc .Y5O54e .VfPpkd-fmcmS-yrriRe:not(.VfPpkd-fmcmS-yrriRe-OWXEXe-OWB6Me) .VfPpkd-fmcmS-TvZj5c-OWXEXe-M1Soyc{color:rgb(154,160,166)}body.dm7YTc .Y5O54e .VfPpkd-fmcmS-yrriRe:not(.VfPpkd-fmcmS-yrriRe-OWXEXe-OWB6Me) .VfPpkd-fmcmS-TvZj5c-OWXEXe-UbuQg{color:rgb(154,160,166)}body.dm7YTc .Y5O54e .VfPpkd-fmcmS-yrriRe.VfPpkd-fmcmS-yrriRe-OWXEXe-OWB6Me .VfPpkd-fmcmS-wGMbrd{color:rgba(232,234,237,.38)}body.dm7YTc .Y5O54e .VfPpkd-fmcmS-yrriRe.VfPpkd-fmcmS-yrriRe-OWXEXe-OWB6Me{background-color:rgba(232,234,237,.04)}body.dm7YTc .Y5O54e .VfPpkd-fmcmS-yrriRe.VfPpkd-fmcmS-yrriRe-OWXEXe-OWB6Me .VfPpkd-RWgCYc-ksKsZd::before{border-bottom-color:rgba(232,234,237,.38)}body.dm7YTc .Y5O54e .VfPpkd-fmcmS-yrriRe.VfPpkd-fmcmS-yrriRe-OWXEXe-OWB6Me .VfPpkd-NLUYnc-V67aGc{color:rgba(232,234,237,.38)}body.dm7YTc .Y5O54e .VfPpkd-fmcmS-yrriRe.VfPpkd-fmcmS-yrriRe-OWXEXe-OWB6Me .VfPpkd-fmcmS-TvZj5c-OWXEXe-M1Soyc{color:rgba(232,234,237,.38)}body.dm7YTc .Y5O54e .VfPpkd-fmcmS-yrriRe.VfPpkd-fmcmS-yrriRe-OWXEXe-OWB6Me .VfPpkd-fmcmS-TvZj5c-OWXEXe-UbuQg{color:rgba(232,234,237,.38)}body.dm7YTc .Y5O54e .VfPpkd-fmcmS-yrriRe.VfPpkd-fmcmS-yrriRe-OWXEXe-OWB6Me+.VfPpkd-fmcmS-yrriRe-W0vJo-RWgCYc .VfPpkd-fmcmS-yrriRe-W0vJo-fmcmS{color:rgba(232,234,237,.38)}body.dm7YTc .Y5O54e .VfPpkd-fmcmS-yrriRe.VfPpkd-fmcmS-yrriRe-OWXEXe-OWB6Me .VfPpkd-fmcmS-yrriRe-JZnCve-gmhCAd,body.dm7YTc .Y5O54e .VfPpkd-fmcmS-yrriRe.VfPpkd-fmcmS-yrriRe-OWXEXe-OWB6Me+.VfPpkd-fmcmS-yrriRe-W0vJo-RWgCYc .VfPpkd-fmcmS-yrriRe-JZnCve-gmhCAd{color:rgba(232,234,237,.38)}@media all{body.dm7YTc .Y5O54e .VfPpkd-fmcmS-yrriRe.VfPpkd-fmcmS-yrriRe-OWXEXe-OWB6Me .VfPpkd-fmcmS-wGMbrd::-webkit-input-placeholder{color:rgba(232,234,237,.38)}body.dm7YTc .Y5O54e .VfPpkd-fmcmS-yrriRe.VfPpkd-fmcmS-yrriRe-OWXEXe-OWB6Me .VfPpkd-fmcmS-wGMbrd::placeholder{color:rgba(232,234,237,.38)}}@media all{body.dm7YTc .Y5O54e .VfPpkd-fmcmS-yrriRe.VfPpkd-fmcmS-yrriRe-OWXEXe-OWB6Me .VfPpkd-fmcmS-wGMbrd:-ms-input-placeholder{color:rgba(232,234,237,.38)}}body.dm7YTc .Y5O54e .VfPpkd-fmcmS-yrriRe.VfPpkd-fmcmS-yrriRe-OWXEXe-OWB6Me .VfPpkd-fmcmS-MvKemf-OWXEXe-qdIk2c{color:rgba(232,234,237,.38)}body.dm7YTc .Y5O54e .VfPpkd-fmcmS-yrriRe.VfPpkd-fmcmS-yrriRe-OWXEXe-OWB6Me .VfPpkd-fmcmS-MvKemf-OWXEXe-iJ4yB{color:rgba(232,234,237,.38)}body.dm7YTc .Y5O54e .VfPpkd-fmcmS-yrriRe.VfPpkd-fmcmS-yrriRe-OWXEXe-XpnDCe:not(.VfPpkd-fmcmS-yrriRe-OWXEXe-OWB6Me) .VfPpkd-NLUYnc-V67aGc{color:rgb(138,180,248)}body.dm7YTc .Y5O54e .VfPpkd-fmcmS-yrriRe.VfPpkd-fmcmS-yrriRe-OWXEXe-UJflGc .VfPpkd-fmcmS-wGMbrd{caret-color:rgb(246,174,169)}body.dm7YTc .Y5O54e .VfPpkd-fmcmS-yrriRe.VfPpkd-fmcmS-yrriRe-OWXEXe-UJflGc:not(.VfPpkd-fmcmS-yrriRe-OWXEXe-OWB6Me)+.VfPpkd-fmcmS-yrriRe-W0vJo-RWgCYc .VfPpkd-fmcmS-yrriRe-W0vJo-fmcmS{color:rgb(242,139,130)}body.dm7YTc .Y5O54e .VfPpkd-fmcmS-yrriRe.VfPpkd-fmcmS-yrriRe-OWXEXe-UJflGc:not(.VfPpkd-fmcmS-yrriRe-OWXEXe-OWB6Me) .VfPpkd-fmcmS-TvZj5c-OWXEXe-UbuQg{color:rgb(242,139,130)}body.dm7YTc .Y5O54e .VfPpkd-fmcmS-yrriRe.VfPpkd-fmcmS-yrriRe-OWXEXe-UJflGc:not(.VfPpkd-fmcmS-yrriRe-OWXEXe-OWB6Me) .VfPpkd-RWgCYc-ksKsZd::before{border-bottom-color:rgb(246,174,169)}body.dm7YTc .Y5O54e .VfPpkd-fmcmS-yrriRe.VfPpkd-fmcmS-yrriRe-OWXEXe-UJflGc:not(.VfPpkd-fmcmS-yrriRe-OWXEXe-OWB6Me) .VfPpkd-RWgCYc-ksKsZd::after{border-bottom-color:rgb(246,174,169)}body.dm7YTc .Y5O54e .VfPpkd-fmcmS-yrriRe.VfPpkd-fmcmS-yrriRe-OWXEXe-UJflGc:hover:not(.VfPpkd-fmcmS-yrriRe-OWXEXe-XpnDCe):not(.VfPpkd-fmcmS-yrriRe-OWXEXe-OWB6Me) .VfPpkd-NLUYnc-V67aGc{color:rgb(246,174,169)}body.dm7YTc .Y5O54e .VfPpkd-fmcmS-yrriRe.VfPpkd-fmcmS-yrriRe-OWXEXe-UJflGc:hover:not(.VfPpkd-fmcmS-yrriRe-OWXEXe-XpnDCe):not(.VfPpkd-fmcmS-yrriRe-OWXEXe-OWB6Me)+.VfPpkd-fmcmS-yrriRe-W0vJo-RWgCYc .VfPpkd-fmcmS-yrriRe-W0vJo-fmcmS{color:rgb(246,174,169)}body.dm7YTc .Y5O54e .VfPpkd-fmcmS-yrriRe.VfPpkd-fmcmS-yrriRe-OWXEXe-UJflGc:hover:not(.VfPpkd-fmcmS-yrriRe-OWXEXe-XpnDCe):not(.VfPpkd-fmcmS-yrriRe-OWXEXe-OWB6Me) .VfPpkd-fmcmS-TvZj5c-OWXEXe-UbuQg{color:rgb(246,174,169)}body.dm7YTc .Y5O54e .VfPpkd-fmcmS-yrriRe.VfPpkd-fmcmS-yrriRe-OWXEXe-UJflGc:hover:not(.VfPpkd-fmcmS-yrriRe-OWXEXe-XpnDCe):not(.VfPpkd-fmcmS-yrriRe-OWXEXe-OWB6Me) .VfPpkd-RWgCYc-ksKsZd::before{border-bottom-color:rgb(246,174,169)}body.dm7YTc .Y5O54e .VfPpkd-fmcmS-yrriRe.VfPpkd-fmcmS-yrriRe-OWXEXe-XpnDCe .VfPpkd-NLUYnc-V67aGc{color:rgb(138,180,248)}body.dm7YTc .Y5O54e .VfPpkd-fmcmS-yrriRe.VfPpkd-fmcmS-yrriRe-OWXEXe-UJflGc:not(.VfPpkd-fmcmS-yrriRe-OWXEXe-OWB6Me) .VfPpkd-NLUYnc-V67aGc{color:rgb(246,174,169)}body.dm7YTc .Y5O54e .VfPpkd-xl07Ob-XxIAqe{box-shadow:0 2px 1px -1px rgba(0,0,0,.2),0 1px 1px 0 rgba(0,0,0,.14),0 1px 3px 0 rgba(0,0,0,.12);background-color:rgb(32,33,36)}body.dm7YTc .Y5O54e .VfPpkd-StrnGf-rymPhb{font-family:Roboto,Arial,sans-serif;line-height:1.5rem;font-size:1rem;letter-spacing:.00625em;font-weight:400;color:rgb(232,234,237);position:relative}body.dm7YTc .Y5O54e .VfPpkd-StrnGf-rymPhb .VfPpkd-StrnGf-rymPhb-IhFlZd{color:rgb(154,160,166)}body.dm7YTc .Y5O54e .VfPpkd-StrnGf-rymPhb .VfPpkd-StrnGf-rymPhb-ibnC6b-OWXEXe-OWB6Me .VfPpkd-StrnGf-rymPhb-b9t22c,body.dm7YTc .Y5O54e .VfPpkd-StrnGf-rymPhb .VfPpkd-StrnGf-rymPhb-ibnC6b-OWXEXe-OWB6Me .VfPpkd-StrnGf-rymPhb-fpDzbe-fmcmS,body.dm7YTc .Y5O54e .VfPpkd-StrnGf-rymPhb .VfPpkd-StrnGf-rymPhb-ibnC6b-OWXEXe-OWB6Me .VfPpkd-StrnGf-rymPhb-L8ivfd-fmcmS{color:rgb(232,234,237)}body.dm7YTc .Y5O54e .VfPpkd-StrnGf-rymPhb .VfPpkd-StrnGf-rymPhb-ibnC6b-OWXEXe-OWB6Me .VfPpkd-StrnGf-rymPhb-b9t22c{opacity:.38}body.dm7YTc .Y5O54e .VfPpkd-StrnGf-rymPhb .VfPpkd-StrnGf-rymPhb-ibnC6b-OWXEXe-gk6SMd,body.dm7YTc .Y5O54e .VfPpkd-StrnGf-rymPhb .VfPpkd-StrnGf-rymPhb-ibnC6b-OWXEXe-pXU01b{color:rgb(232,234,237)}body.dm7YTc .Y5O54e .VfPpkd-StrnGf-rymPhb .VfPpkd-StrnGf-rymPhb-ibnC6b-OWXEXe-gk6SMd .VfPpkd-StrnGf-rymPhb-f7MjDc,body.dm7YTc .Y5O54e .VfPpkd-StrnGf-rymPhb .VfPpkd-StrnGf-rymPhb-ibnC6b-OWXEXe-pXU01b .VfPpkd-StrnGf-rymPhb-f7MjDc{color:rgb(232,234,237)}body.dm7YTc .Y5O54e .VfPpkd-StrnGf-rymPhb .VfPpkd-StrnGf-rymPhb-ibnC6b-OWXEXe-gk6SMd .VfPpkd-StrnGf-rymPhb-pZXsl::before{opacity:0}body.dm7YTc .Y5O54e .VfPpkd-StrnGf-rymPhb .VfPpkd-StrnGf-rymPhb-ibnC6b.VfPpkd-StrnGf-rymPhb-ibnC6b-OWXEXe-gk6SMd{background-color:rgba(138,180,248,.24)}body.dm7YTc .Y5O54e .VfPpkd-StrnGf-rymPhb .VfPpkd-StrnGf-rymPhb-ibnC6b.VfPpkd-StrnGf-rymPhb-ibnC6b-OWXEXe-gk6SMd .VfPpkd-StrnGf-rymPhb-pZXsl::before,body.dm7YTc .Y5O54e .VfPpkd-StrnGf-rymPhb .VfPpkd-StrnGf-rymPhb-ibnC6b.VfPpkd-StrnGf-rymPhb-ibnC6b-OWXEXe-gk6SMd .VfPpkd-StrnGf-rymPhb-pZXsl::after{background-color:rgb(138,180,248);background-color:var(--mdc-ripple-color,rgb(138,180,248))}body.dm7YTc .Y5O54e .VfPpkd-StrnGf-rymPhb .VfPpkd-StrnGf-rymPhb-ibnC6b.VfPpkd-StrnGf-rymPhb-ibnC6b-OWXEXe-gk6SMd:hover .VfPpkd-StrnGf-rymPhb-pZXsl::before,body.dm7YTc .Y5O54e .VfPpkd-StrnGf-rymPhb .VfPpkd-StrnGf-rymPhb-ibnC6b.VfPpkd-StrnGf-rymPhb-ibnC6b-OWXEXe-gk6SMd.VfPpkd-ksKsZd-XxIAqe-OWXEXe-ZmdkE .VfPpkd-StrnGf-rymPhb-pZXsl::before{opacity:.04;opacity:var(--mdc-ripple-hover-opacity,.04)}body.dm7YTc .Y5O54e .VfPpkd-StrnGf-rymPhb .VfPpkd-StrnGf-rymPhb-ibnC6b.VfPpkd-StrnGf-rymPhb-ibnC6b-OWXEXe-gk6SMd.VfPpkd-ksKsZd-mWPk3d-OWXEXe-AHe6Kc-XpnDCe .VfPpkd-StrnGf-rymPhb-pZXsl::before,body.dm7YTc .Y5O54e .VfPpkd-StrnGf-rymPhb .VfPpkd-StrnGf-rymPhb-ibnC6b.VfPpkd-StrnGf-rymPhb-ibnC6b-OWXEXe-gk6SMd:not(.VfPpkd-ksKsZd-mWPk3d):focus .VfPpkd-StrnGf-rymPhb-pZXsl::before{transition-duration:75ms;opacity:.12;opacity:var(--mdc-ripple-focus-opacity,.12)}body.dm7YTc .Y5O54e .VfPpkd-StrnGf-rymPhb .VfPpkd-StrnGf-rymPhb-ibnC6b.VfPpkd-StrnGf-rymPhb-ibnC6b-OWXEXe-gk6SMd:not(.VfPpkd-ksKsZd-mWPk3d) .VfPpkd-StrnGf-rymPhb-pZXsl::after{transition:opacity .15s linear}body.dm7YTc .Y5O54e .VfPpkd-StrnGf-rymPhb .VfPpkd-StrnGf-rymPhb-ibnC6b.VfPpkd-StrnGf-rymPhb-ibnC6b-OWXEXe-gk6SMd:not(.VfPpkd-ksKsZd-mWPk3d):active .VfPpkd-StrnGf-rymPhb-pZXsl::after{transition-duration:75ms;opacity:.1;opacity:var(--mdc-ripple-press-opacity,.1)}body.dm7YTc .Y5O54e .VfPpkd-StrnGf-rymPhb .VfPpkd-StrnGf-rymPhb-ibnC6b.VfPpkd-StrnGf-rymPhb-ibnC6b-OWXEXe-gk6SMd.VfPpkd-ksKsZd-mWPk3d{--mdc-ripple-fg-opacity:var(--mdc-ripple-press-opacity,0.1)}body.dm7YTc .Y5O54e .VfPpkd-StrnGf-rymPhb .VfPpkd-StrnGf-rymPhb-L8ivfd-fmcmS{color:rgb(154,160,166)}body.dm7YTc .Y5O54e .VfPpkd-StrnGf-rymPhb .VfPpkd-StrnGf-rymPhb-clz4Ic{border-bottom-color:rgba(232,234,237,.12)}body.dm7YTc .Y5O54e .VfPpkd-StrnGf-rymPhb .VfPpkd-StrnGf-rymPhb-f7MjDc{color:rgb(232,234,237)}body.dm7YTc .Y5O54e .VfPpkd-StrnGf-rymPhb .VfPpkd-StrnGf-rymPhb-ibnC6b .VfPpkd-StrnGf-rymPhb-pZXsl::before,body.dm7YTc .Y5O54e .VfPpkd-StrnGf-rymPhb .VfPpkd-StrnGf-rymPhb-ibnC6b .VfPpkd-StrnGf-rymPhb-pZXsl::after{background-color:rgb(232,234,237);background-color:var(--mdc-ripple-color,rgb(232,234,237))}body.dm7YTc .Y5O54e .VfPpkd-StrnGf-rymPhb .VfPpkd-StrnGf-rymPhb-ibnC6b:hover .VfPpkd-StrnGf-rymPhb-pZXsl::before,body.dm7YTc .Y5O54e .VfPpkd-StrnGf-rymPhb .VfPpkd-StrnGf-rymPhb-ibnC6b.VfPpkd-ksKsZd-XxIAqe-OWXEXe-ZmdkE .VfPpkd-StrnGf-rymPhb-pZXsl::before{opacity:.04;opacity:var(--mdc-ripple-hover-opacity,.04)}body.dm7YTc .Y5O54e .VfPpkd-StrnGf-rymPhb .VfPpkd-StrnGf-rymPhb-ibnC6b.VfPpkd-ksKsZd-mWPk3d-OWXEXe-AHe6Kc-XpnDCe .VfPpkd-StrnGf-rymPhb-pZXsl::before,body.dm7YTc .Y5O54e .VfPpkd-StrnGf-rymPhb .VfPpkd-StrnGf-rymPhb-ibnC6b:not(.VfPpkd-ksKsZd-mWPk3d):focus .VfPpkd-StrnGf-rymPhb-pZXsl::before{transition-duration:75ms;opacity:.12;opacity:var(--mdc-ripple-focus-opacity,.12)}body.dm7YTc .Y5O54e .VfPpkd-StrnGf-rymPhb .VfPpkd-StrnGf-rymPhb-ibnC6b:not(.VfPpkd-ksKsZd-mWPk3d) .VfPpkd-StrnGf-rymPhb-pZXsl::after{transition:opacity .15s linear}body.dm7YTc .Y5O54e .VfPpkd-StrnGf-rymPhb .VfPpkd-StrnGf-rymPhb-ibnC6b:not(.VfPpkd-ksKsZd-mWPk3d):active .VfPpkd-StrnGf-rymPhb-pZXsl::after{transition-duration:75ms;opacity:.1;opacity:var(--mdc-ripple-press-opacity,.1)}body.dm7YTc .Y5O54e .VfPpkd-StrnGf-rymPhb .VfPpkd-StrnGf-rymPhb-ibnC6b.VfPpkd-ksKsZd-mWPk3d{--mdc-ripple-fg-opacity:var(--mdc-ripple-press-opacity,0.1)}@media (-ms-high-contrast:active),screen and (forced-colors:active){body.dm7YTc .Y5O54e .VfPpkd-StrnGf-rymPhb .VfPpkd-StrnGf-rymPhb-ibnC6b-OWXEXe-OWB6Me .VfPpkd-StrnGf-rymPhb-b9t22c,body.dm7YTc .Y5O54e .VfPpkd-StrnGf-rymPhb .VfPpkd-StrnGf-rymPhb-ibnC6b-OWXEXe-OWB6Me .VfPpkd-StrnGf-rymPhb-fpDzbe-fmcmS,body.dm7YTc .Y5O54e .VfPpkd-StrnGf-rymPhb .VfPpkd-StrnGf-rymPhb-ibnC6b-OWXEXe-OWB6Me .VfPpkd-StrnGf-rymPhb-L8ivfd-fmcmS{color:GrayText}body.dm7YTc .Y5O54e .VfPpkd-StrnGf-rymPhb .VfPpkd-StrnGf-rymPhb-ibnC6b-OWXEXe-OWB6Me .VfPpkd-StrnGf-rymPhb-b9t22c{opacity:1}}body.dm7YTc .Y5O54e .VfPpkd-StrnGf-rymPhb .VfPpkd-BFbNVe-bF1uUb{width:100%;height:100%;top:0;left:0}body.dm7YTc .Y5O54e .VfPpkd-StrnGf-rymPhb .VfPpkd-BFbNVe-bF1uUb{opacity:.08}body.dm7YTc .NGdKgb{display:inline-flex;position:relative}body.dm7YTc .NGdKgb[hidden]{display:none}body.dm7YTc .NGdKgb .UMrnmb-lP5Lpb-yrriRe{width:inherit}body.dm7YTc .NGdKgb .VfPpkd-StrnGf-rymPhb .VfPpkd-StrnGf-rymPhb-ibnC6b{padding-left:16px;padding-right:16px}[dir=rtl] body.dm7YTc .NGdKgb .VfPpkd-StrnGf-rymPhb .VfPpkd-StrnGf-rymPhb-ibnC6b,body.dm7YTc .NGdKgb .VfPpkd-StrnGf-rymPhb .VfPpkd-StrnGf-rymPhb-ibnC6b[dir=rtl]{padding-left:16px;padding-right:16px}body.dm7YTc .NGdKgb .VfPpkd-StrnGf-rymPhb.VfPpkd-StrnGf-rymPhb-OWXEXe-Bz112c-rymPhb .VfPpkd-StrnGf-rymPhb-ibnC6b .VfPpkd-StrnGf-rymPhb-f7MjDc{margin-left:0;margin-right:8px}[dir=rtl] body.dm7YTc .NGdKgb .VfPpkd-StrnGf-rymPhb.VfPpkd-StrnGf-rymPhb-OWXEXe-Bz112c-rymPhb .VfPpkd-StrnGf-rymPhb-ibnC6b .VfPpkd-StrnGf-rymPhb-f7MjDc,body.dm7YTc .NGdKgb .VfPpkd-StrnGf-rymPhb.VfPpkd-StrnGf-rymPhb-OWXEXe-Bz112c-rymPhb .VfPpkd-StrnGf-rymPhb-ibnC6b .VfPpkd-StrnGf-rymPhb-f7MjDc[dir=rtl]{margin-left:8px;margin-right:0}body.dm7YTc .NGdKgb .VfPpkd-StrnGf-rymPhb.UMrnmb-h0T7hb-M1Soyc-Bz112c .VfPpkd-StrnGf-rymPhb-ibnC6b{padding-left:48px;padding-right:16px}[dir=rtl] body.dm7YTc .NGdKgb .VfPpkd-StrnGf-rymPhb.UMrnmb-h0T7hb-M1Soyc-Bz112c .VfPpkd-StrnGf-rymPhb-ibnC6b,body.dm7YTc .NGdKgb .VfPpkd-StrnGf-rymPhb.UMrnmb-h0T7hb-M1Soyc-Bz112c .VfPpkd-StrnGf-rymPhb-ibnC6b[dir=rtl]{padding-left:16px;padding-right:48px}body.dm7YTc .NGdKgb .VfPpkd-fmcmS-yrriRe:not(.VfPpkd-fmcmS-yrriRe-OWXEXe-OWB6Me) .VfPpkd-fmcmS-wGMbrd{color:rgb(232,234,237);color:var(--gm-outlinedtextfield-ink-color,rgb(232,234,237))}body.dm7YTc .NGdKgb .VfPpkd-fmcmS-yrriRe .VfPpkd-fmcmS-wGMbrd{caret-color:rgb(138,180,248);caret-color:var(--gm-outlinedtextfield-caret-color,rgb(138,180,248))}body.dm7YTc .NGdKgb .VfPpkd-fmcmS-yrriRe:not(.VfPpkd-fmcmS-yrriRe-OWXEXe-OWB6Me)+.VfPpkd-fmcmS-yrriRe-W0vJo-RWgCYc .VfPpkd-fmcmS-yrriRe-W0vJo-fmcmS{color:rgb(154,160,166);color:var(--gm-outlinedtextfield-helper-text-color,rgb(154,160,166))}body.dm7YTc .NGdKgb .VfPpkd-fmcmS-yrriRe:not(.VfPpkd-fmcmS-yrriRe-OWXEXe-OWB6Me) .VfPpkd-fmcmS-yrriRe-JZnCve-gmhCAd,body.dm7YTc .NGdKgb .VfPpkd-fmcmS-yrriRe:not(.VfPpkd-fmcmS-yrriRe-OWXEXe-OWB6Me)+.VfPpkd-fmcmS-yrriRe-W0vJo-RWgCYc .VfPpkd-fmcmS-yrriRe-JZnCve-gmhCAd{color:rgb(154,160,166)}body.dm7YTc .NGdKgb .VfPpkd-fmcmS-yrriRe:not(.VfPpkd-fmcmS-yrriRe-OWXEXe-OWB6Me) .VfPpkd-NLUYnc-V67aGc{color:rgb(154,160,166);color:var(--gm-outlinedtextfield-label-color,rgb(154,160,166))}body.dm7YTc .NGdKgb .VfPpkd-fmcmS-yrriRe:hover:not(.VfPpkd-fmcmS-yrriRe-OWXEXe-OWB6Me) .VfPpkd-NLUYnc-V67aGc{color:rgb(248,249,250)}body.dm7YTc .NGdKgb .VfPpkd-fmcmS-yrriRe:not(.VfPpkd-fmcmS-yrriRe-OWXEXe-OWB6Me) .VfPpkd-NSFCdd-Brv4Fb,body.dm7YTc .NGdKgb .VfPpkd-fmcmS-yrriRe:not(.VfPpkd-fmcmS-yrriRe-OWXEXe-OWB6Me) .VfPpkd-NSFCdd-Ra9xwd,body.dm7YTc .NGdKgb .VfPpkd-fmcmS-yrriRe:not(.VfPpkd-fmcmS-yrriRe-OWXEXe-OWB6Me) .VfPpkd-NSFCdd-MpmGFe{border-color:rgb(189,193,198);border-color:var(--gm-outlinedtextfield-outline-color,rgb(189,193,198))}body.dm7YTc .NGdKgb .VfPpkd-fmcmS-yrriRe:not(.VfPpkd-fmcmS-yrriRe-OWXEXe-OWB6Me):not(.VfPpkd-fmcmS-yrriRe-OWXEXe-XpnDCe):hover .VfPpkd-NSFCdd-i5vt6e .VfPpkd-NSFCdd-Brv4Fb,body.dm7YTc .NGdKgb .VfPpkd-fmcmS-yrriRe:not(.VfPpkd-fmcmS-yrriRe-OWXEXe-OWB6Me):not(.VfPpkd-fmcmS-yrriRe-OWXEXe-XpnDCe):hover .VfPpkd-NSFCdd-i5vt6e .VfPpkd-NSFCdd-Ra9xwd,body.dm7YTc .NGdKgb .VfPpkd-fmcmS-yrriRe:not(.VfPpkd-fmcmS-yrriRe-OWXEXe-OWB6Me):not(.VfPpkd-fmcmS-yrriRe-OWXEXe-XpnDCe):hover .VfPpkd-NSFCdd-i5vt6e .VfPpkd-NSFCdd-MpmGFe{border-color:rgb(248,249,250)}@media all{body.dm7YTc .NGdKgb .VfPpkd-fmcmS-yrriRe:not(.VfPpkd-fmcmS-yrriRe-OWXEXe-OWB6Me) .VfPpkd-fmcmS-wGMbrd::-webkit-input-placeholder{color:rgb(189,193,198);color:var(--gm-outlinedtextfield-placeholder-color,rgb(189,193,198))}body.dm7YTc .NGdKgb .VfPpkd-fmcmS-yrriRe:not(.VfPpkd-fmcmS-yrriRe-OWXEXe-OWB6Me) .VfPpkd-fmcmS-wGMbrd::placeholder{color:rgb(189,193,198);color:var(--gm-outlinedtextfield-placeholder-color,rgb(189,193,198))}}@media all{body.dm7YTc .NGdKgb .VfPpkd-fmcmS-yrriRe:not(.VfPpkd-fmcmS-yrriRe-OWXEXe-OWB6Me) .VfPpkd-fmcmS-wGMbrd:-ms-input-placeholder{color:rgb(189,193,198);color:var(--gm-outlinedtextfield-placeholder-color,rgb(189,193,198))}}body.dm7YTc .NGdKgb .VfPpkd-fmcmS-yrriRe:not(.VfPpkd-fmcmS-yrriRe-OWXEXe-OWB6Me) .VfPpkd-fmcmS-MvKemf-OWXEXe-qdIk2c{color:rgb(154,160,166);color:var(--gm-outlinedtextfield-prefix-color,rgb(154,160,166))}body.dm7YTc .NGdKgb .VfPpkd-fmcmS-yrriRe:not(.VfPpkd-fmcmS-yrriRe-OWXEXe-OWB6Me) .VfPpkd-fmcmS-MvKemf-OWXEXe-iJ4yB{color:rgb(154,160,166);color:var(--gm-outlinedtextfield-suffix-color,rgb(154,160,166))}body.dm7YTc .NGdKgb .VfPpkd-fmcmS-yrriRe:not(.VfPpkd-fmcmS-yrriRe-OWXEXe-OWB6Me) .VfPpkd-fmcmS-TvZj5c-OWXEXe-M1Soyc{color:rgb(154,160,166)}body.dm7YTc .NGdKgb .VfPpkd-fmcmS-yrriRe:not(.VfPpkd-fmcmS-yrriRe-OWXEXe-OWB6Me) .VfPpkd-fmcmS-TvZj5c-OWXEXe-UbuQg{color:rgb(154,160,166)}body.dm7YTc .NGdKgb .VfPpkd-fmcmS-yrriRe.VfPpkd-fmcmS-yrriRe-OWXEXe-OWB6Me .VfPpkd-fmcmS-wGMbrd{color:rgba(232,234,237,.38);color:var(--gm-outlinedtextfield-ink-color--disabled,rgba(232,234,237,.38))}body.dm7YTc .NGdKgb .VfPpkd-fmcmS-yrriRe.VfPpkd-fmcmS-yrriRe-OWXEXe-OWB6Me .VfPpkd-NSFCdd-Brv4Fb,body.dm7YTc .NGdKgb .VfPpkd-fmcmS-yrriRe.VfPpkd-fmcmS-yrriRe-OWXEXe-OWB6Me .VfPpkd-NSFCdd-Ra9xwd,body.dm7YTc .NGdKgb .VfPpkd-fmcmS-yrriRe.VfPpkd-fmcmS-yrriRe-OWXEXe-OWB6Me .VfPpkd-NSFCdd-MpmGFe{border-color:rgba(232,234,237,.12);border-color:var(--gm-outlinedtextfield-outline-color--disabled,rgba(232,234,237,.12))}body.dm7YTc .NGdKgb .VfPpkd-fmcmS-yrriRe.VfPpkd-fmcmS-yrriRe-OWXEXe-OWB6Me .VfPpkd-NLUYnc-V67aGc{color:rgba(232,234,237,.38);color:var(--gm-outlinedtextfield-label-color--disabled,rgba(232,234,237,.38))}body.dm7YTc .NGdKgb .VfPpkd-fmcmS-yrriRe.VfPpkd-fmcmS-yrriRe-OWXEXe-OWB6Me .VfPpkd-fmcmS-TvZj5c-OWXEXe-M1Soyc{color:rgba(232,234,237,.38);color:var(--gm-outlinedtextfield-icon-color--disabled,rgba(232,234,237,.38))}body.dm7YTc .NGdKgb .VfPpkd-fmcmS-yrriRe.VfPpkd-fmcmS-yrriRe-OWXEXe-OWB6Me .VfPpkd-fmcmS-TvZj5c-OWXEXe-UbuQg{color:rgba(232,234,237,.38);color:var(--gm-outlinedtextfield-icon-color--disabled,rgba(232,234,237,.38))}body.dm7YTc .NGdKgb .VfPpkd-fmcmS-yrriRe.VfPpkd-fmcmS-yrriRe-OWXEXe-OWB6Me+.VfPpkd-fmcmS-yrriRe-W0vJo-RWgCYc .VfPpkd-fmcmS-yrriRe-W0vJo-fmcmS{color:rgba(232,234,237,.38);color:var(--gm-outlinedtextfield-helper-text-color--disabled,rgba(232,234,237,.38))}body.dm7YTc .NGdKgb .VfPpkd-fmcmS-yrriRe.VfPpkd-fmcmS-yrriRe-OWXEXe-OWB6Me .VfPpkd-fmcmS-yrriRe-JZnCve-gmhCAd,body.dm7YTc .NGdKgb .VfPpkd-fmcmS-yrriRe.VfPpkd-fmcmS-yrriRe-OWXEXe-OWB6Me+.VfPpkd-fmcmS-yrriRe-W0vJo-RWgCYc .VfPpkd-fmcmS-yrriRe-JZnCve-gmhCAd{color:rgba(232,234,237,.38);color:var(--gm-outlinedtextfield-character-counter-color--disabled,rgba(232,234,237,.38))}@media all{body.dm7YTc .NGdKgb .VfPpkd-fmcmS-yrriRe.VfPpkd-fmcmS-yrriRe-OWXEXe-OWB6Me .VfPpkd-fmcmS-wGMbrd::-webkit-input-placeholder{color:rgba(232,234,237,.38);color:var(--gm-outlinedtextfield-placeholder-color--disabled,rgba(232,234,237,.38))}body.dm7YTc .NGdKgb .VfPpkd-fmcmS-yrriRe.VfPpkd-fmcmS-yrriRe-OWXEXe-OWB6Me .VfPpkd-fmcmS-wGMbrd::placeholder{color:rgba(232,234,237,.38);color:var(--gm-outlinedtextfield-placeholder-color--disabled,rgba(232,234,237,.38))}}@media all{body.dm7YTc .NGdKgb .VfPpkd-fmcmS-yrriRe.VfPpkd-fmcmS-yrriRe-OWXEXe-OWB6Me .VfPpkd-fmcmS-wGMbrd:-ms-input-placeholder{color:rgba(232,234,237,.38);color:var(--gm-outlinedtextfield-placeholder-color--disabled,rgba(232,234,237,.38))}}body.dm7YTc .NGdKgb .VfPpkd-fmcmS-yrriRe.VfPpkd-fmcmS-yrriRe-OWXEXe-OWB6Me .VfPpkd-fmcmS-MvKemf-OWXEXe-qdIk2c{color:rgba(232,234,237,.38);color:var(--gm-outlinedtextfield-prefix-color--disabled,rgba(232,234,237,.38))}body.dm7YTc .NGdKgb .VfPpkd-fmcmS-yrriRe.VfPpkd-fmcmS-yrriRe-OWXEXe-OWB6Me .VfPpkd-fmcmS-MvKemf-OWXEXe-iJ4yB{color:rgba(232,234,237,.38);color:var(--gm-outlinedtextfield-suffix-color--disabled,rgba(232,234,237,.38))}body.dm7YTc .NGdKgb .VfPpkd-fmcmS-yrriRe.VfPpkd-fmcmS-yrriRe-OWXEXe-XpnDCe:not(.VfPpkd-fmcmS-yrriRe-OWXEXe-OWB6Me) .VfPpkd-NSFCdd-Brv4Fb,body.dm7YTc .NGdKgb .VfPpkd-fmcmS-yrriRe.VfPpkd-fmcmS-yrriRe-OWXEXe-XpnDCe:not(.VfPpkd-fmcmS-yrriRe-OWXEXe-OWB6Me) .VfPpkd-NSFCdd-Ra9xwd,body.dm7YTc .NGdKgb .VfPpkd-fmcmS-yrriRe.VfPpkd-fmcmS-yrriRe-OWXEXe-XpnDCe:not(.VfPpkd-fmcmS-yrriRe-OWXEXe-OWB6Me) .VfPpkd-NSFCdd-MpmGFe{border-color:rgb(138,180,248);border-color:var(--gm-outlinedtextfield-outline-color--stateful,rgb(138,180,248))}body.dm7YTc .NGdKgb .VfPpkd-fmcmS-yrriRe.VfPpkd-fmcmS-yrriRe-OWXEXe-XpnDCe:not(.VfPpkd-fmcmS-yrriRe-OWXEXe-OWB6Me) .VfPpkd-NLUYnc-V67aGc{color:rgb(138,180,248);color:var(--gm-outlinedtextfield-label-color--stateful,rgb(138,180,248))}body.dm7YTc .NGdKgb .VfPpkd-fmcmS-yrriRe.VfPpkd-fmcmS-yrriRe-OWXEXe-UJflGc .VfPpkd-fmcmS-wGMbrd{caret-color:rgb(242,139,130);caret-color:var(--gm-outlinedtextfield-caret-color--error,rgb(242,139,130))}body.dm7YTc .NGdKgb .VfPpkd-fmcmS-yrriRe.VfPpkd-fmcmS-yrriRe-OWXEXe-UJflGc:not(.VfPpkd-fmcmS-yrriRe-OWXEXe-OWB6Me)+.VfPpkd-fmcmS-yrriRe-W0vJo-RWgCYc .VfPpkd-fmcmS-yrriRe-W0vJo-fmcmS{color:rgb(242,139,130);color:var(--gm-outlinedtextfield-helper-text-color--error,rgb(242,139,130))}body.dm7YTc .NGdKgb .VfPpkd-fmcmS-yrriRe.VfPpkd-fmcmS-yrriRe-OWXEXe-UJflGc:hover:not(.VfPpkd-fmcmS-yrriRe-OWXEXe-XpnDCe):not(.VfPpkd-fmcmS-yrriRe-OWXEXe-OWB6Me)+.VfPpkd-fmcmS-yrriRe-W0vJo-RWgCYc .VfPpkd-fmcmS-yrriRe-W0vJo-fmcmS{color:rgb(246,174,169)}body.dm7YTc .NGdKgb .VfPpkd-fmcmS-yrriRe.VfPpkd-fmcmS-yrriRe-OWXEXe-UJflGc:hover:not(.VfPpkd-fmcmS-yrriRe-OWXEXe-XpnDCe):not(.VfPpkd-fmcmS-yrriRe-OWXEXe-OWB6Me) .VfPpkd-NLUYnc-V67aGc{color:rgb(246,174,169)}body.dm7YTc .NGdKgb .VfPpkd-fmcmS-yrriRe.VfPpkd-fmcmS-yrriRe-OWXEXe-UJflGc:hover:not(.VfPpkd-fmcmS-yrriRe-OWXEXe-XpnDCe):not(.VfPpkd-fmcmS-yrriRe-OWXEXe-OWB6Me) .VfPpkd-fmcmS-TvZj5c-OWXEXe-UbuQg{color:rgb(246,174,169)}body.dm7YTc .NGdKgb .VfPpkd-fmcmS-yrriRe.VfPpkd-fmcmS-yrriRe-OWXEXe-UJflGc:not(.VfPpkd-fmcmS-yrriRe-OWXEXe-OWB6Me):not(.VfPpkd-fmcmS-yrriRe-OWXEXe-XpnDCe):hover .VfPpkd-NSFCdd-i5vt6e .VfPpkd-NSFCdd-Brv4Fb,body.dm7YTc .NGdKgb .VfPpkd-fmcmS-yrriRe.VfPpkd-fmcmS-yrriRe-OWXEXe-UJflGc:not(.VfPpkd-fmcmS-yrriRe-OWXEXe-OWB6Me):not(.VfPpkd-fmcmS-yrriRe-OWXEXe-XpnDCe):hover .VfPpkd-NSFCdd-i5vt6e .VfPpkd-NSFCdd-Ra9xwd,body.dm7YTc .NGdKgb .VfPpkd-fmcmS-yrriRe.VfPpkd-fmcmS-yrriRe-OWXEXe-UJflGc:not(.VfPpkd-fmcmS-yrriRe-OWXEXe-OWB6Me):not(.VfPpkd-fmcmS-yrriRe-OWXEXe-XpnDCe):hover .VfPpkd-NSFCdd-i5vt6e .VfPpkd-NSFCdd-MpmGFe{border-color:rgb(246,174,169)}body.dm7YTc .NGdKgb .VfPpkd-fmcmS-yrriRe.VfPpkd-fmcmS-yrriRe-OWXEXe-UJflGc:not(.VfPpkd-fmcmS-yrriRe-OWXEXe-OWB6Me) .VfPpkd-NSFCdd-Brv4Fb,body.dm7YTc .NGdKgb .VfPpkd-fmcmS-yrriRe.VfPpkd-fmcmS-yrriRe-OWXEXe-UJflGc:not(.VfPpkd-fmcmS-yrriRe-OWXEXe-OWB6Me) .VfPpkd-NSFCdd-Ra9xwd,body.dm7YTc .NGdKgb .VfPpkd-fmcmS-yrriRe.VfPpkd-fmcmS-yrriRe-OWXEXe-UJflGc:not(.VfPpkd-fmcmS-yrriRe-OWXEXe-OWB6Me) .VfPpkd-NSFCdd-MpmGFe{border-color:rgb(242,139,130);border-color:var(--gm-outlinedtextfield-outline-color--error,rgb(242,139,130))}body.dm7YTc .NGdKgb .VfPpkd-fmcmS-yrriRe.VfPpkd-fmcmS-yrriRe-OWXEXe-UJflGc:not(.VfPpkd-fmcmS-yrriRe-OWXEXe-OWB6Me) .VfPpkd-fmcmS-TvZj5c-OWXEXe-UbuQg{color:rgb(242,139,130);color:var(--gm-outlinedtextfield-icon-color--error,rgb(242,139,130))}body.dm7YTc .NGdKgb .VfPpkd-fmcmS-yrriRe.VfPpkd-fmcmS-yrriRe-OWXEXe-UJflGc.VfPpkd-fmcmS-yrriRe-OWXEXe-XpnDCe:not(.VfPpkd-fmcmS-yrriRe-OWXEXe-OWB6Me) .VfPpkd-NSFCdd-Brv4Fb,body.dm7YTc .NGdKgb .VfPpkd-fmcmS-yrriRe.VfPpkd-fmcmS-yrriRe-OWXEXe-UJflGc.VfPpkd-fmcmS-yrriRe-OWXEXe-XpnDCe:not(.VfPpkd-fmcmS-yrriRe-OWXEXe-OWB6Me) .VfPpkd-NSFCdd-Ra9xwd,body.dm7YTc .NGdKgb .VfPpkd-fmcmS-yrriRe.VfPpkd-fmcmS-yrriRe-OWXEXe-UJflGc.VfPpkd-fmcmS-yrriRe-OWXEXe-XpnDCe:not(.VfPpkd-fmcmS-yrriRe-OWXEXe-OWB6Me) .VfPpkd-NSFCdd-MpmGFe{border-color:rgb(242,139,130);border-color:var(--gm-outlinedtextfield-outline-color--error-stateful,rgb(242,139,130))}body.dm7YTc .NGdKgb .VfPpkd-fmcmS-yrriRe.VfPpkd-fmcmS-yrriRe-OWXEXe-XpnDCe .VfPpkd-NLUYnc-V67aGc{color:rgb(138,180,248);color:var(--gm-outlinedtextfield-label-color--stateful,rgb(138,180,248))}body.dm7YTc .NGdKgb .VfPpkd-fmcmS-yrriRe.VfPpkd-fmcmS-yrriRe-OWXEXe-UJflGc:not(.VfPpkd-fmcmS-yrriRe-OWXEXe-OWB6Me) .VfPpkd-NLUYnc-V67aGc{color:rgb(242,139,130);color:var(--gm-outlinedtextfield-label-color--error,rgb(242,139,130))}body.dm7YTc .NGdKgb .VfPpkd-xl07Ob-XxIAqe{box-shadow:0 2px 1px -1px rgba(0,0,0,.2),0 1px 1px 0 rgba(0,0,0,.14),0 1px 3px 0 rgba(0,0,0,.12);background-color:rgb(32,33,36);margin-bottom:8px}body.dm7YTc .NGdKgb.UMrnmb-h0T7hb-OWXEXe-di8rgd-V67aGc .VfPpkd-xl07Ob-XxIAqe,body.dm7YTc .NGdKgb .VfPpkd-xl07Ob-XxIAqe-OWXEXe-uxVfW-FNFY6c-uFfGwd{margin-bottom:0}body.dm7YTc .NGdKgb .VfPpkd-StrnGf-rymPhb{font-family:Roboto,Arial,sans-serif;line-height:1.5rem;font-size:1rem;letter-spacing:.00625em;font-weight:400;color:rgb(232,234,237);position:relative}body.dm7YTc .NGdKgb .VfPpkd-StrnGf-rymPhb .VfPpkd-StrnGf-rymPhb-IhFlZd{color:rgb(154,160,166)}body.dm7YTc .NGdKgb .VfPpkd-StrnGf-rymPhb .VfPpkd-StrnGf-rymPhb-ibnC6b-OWXEXe-OWB6Me .VfPpkd-StrnGf-rymPhb-b9t22c,body.dm7YTc .NGdKgb .VfPpkd-StrnGf-rymPhb .VfPpkd-StrnGf-rymPhb-ibnC6b-OWXEXe-OWB6Me .VfPpkd-StrnGf-rymPhb-fpDzbe-fmcmS,body.dm7YTc .NGdKgb .VfPpkd-StrnGf-rymPhb .VfPpkd-StrnGf-rymPhb-ibnC6b-OWXEXe-OWB6Me .VfPpkd-StrnGf-rymPhb-L8ivfd-fmcmS{color:rgb(232,234,237)}body.dm7YTc .NGdKgb .VfPpkd-StrnGf-rymPhb .VfPpkd-StrnGf-rymPhb-ibnC6b-OWXEXe-OWB6Me .VfPpkd-StrnGf-rymPhb-b9t22c{opacity:.38}body.dm7YTc .NGdKgb .VfPpkd-StrnGf-rymPhb .VfPpkd-StrnGf-rymPhb-ibnC6b-OWXEXe-gk6SMd,body.dm7YTc .NGdKgb .VfPpkd-StrnGf-rymPhb .VfPpkd-StrnGf-rymPhb-ibnC6b-OWXEXe-pXU01b{color:rgb(232,234,237)}body.dm7YTc .NGdKgb .VfPpkd-StrnGf-rymPhb .VfPpkd-StrnGf-rymPhb-ibnC6b-OWXEXe-gk6SMd .VfPpkd-StrnGf-rymPhb-f7MjDc,body.dm7YTc .NGdKgb .VfPpkd-StrnGf-rymPhb .VfPpkd-StrnGf-rymPhb-ibnC6b-OWXEXe-pXU01b .VfPpkd-StrnGf-rymPhb-f7MjDc{color:rgb(232,234,237)}body.dm7YTc .NGdKgb .VfPpkd-StrnGf-rymPhb .VfPpkd-StrnGf-rymPhb-ibnC6b-OWXEXe-gk6SMd .VfPpkd-StrnGf-rymPhb-pZXsl::before{opacity:0}body.dm7YTc .NGdKgb .VfPpkd-StrnGf-rymPhb .VfPpkd-StrnGf-rymPhb-ibnC6b.VfPpkd-StrnGf-rymPhb-ibnC6b-OWXEXe-gk6SMd{background-color:rgba(138,180,248,.24)}body.dm7YTc .NGdKgb .VfPpkd-StrnGf-rymPhb .VfPpkd-StrnGf-rymPhb-ibnC6b.VfPpkd-StrnGf-rymPhb-ibnC6b-OWXEXe-gk6SMd .VfPpkd-StrnGf-rymPhb-pZXsl::before,body.dm7YTc .NGdKgb .VfPpkd-StrnGf-rymPhb .VfPpkd-StrnGf-rymPhb-ibnC6b.VfPpkd-StrnGf-rymPhb-ibnC6b-OWXEXe-gk6SMd .VfPpkd-StrnGf-rymPhb-pZXsl::after{background-color:rgb(138,180,248);background-color:var(--mdc-ripple-color,rgb(138,180,248))}body.dm7YTc .NGdKgb .VfPpkd-StrnGf-rymPhb .VfPpkd-StrnGf-rymPhb-ibnC6b.VfPpkd-StrnGf-rymPhb-ibnC6b-OWXEXe-gk6SMd:hover .VfPpkd-StrnGf-rymPhb-pZXsl::before,body.dm7YTc .NGdKgb .VfPpkd-StrnGf-rymPhb .VfPpkd-StrnGf-rymPhb-ibnC6b.VfPpkd-StrnGf-rymPhb-ibnC6b-OWXEXe-gk6SMd.VfPpkd-ksKsZd-XxIAqe-OWXEXe-ZmdkE .VfPpkd-StrnGf-rymPhb-pZXsl::before{opacity:.04;opacity:var(--mdc-ripple-hover-opacity,.04)}body.dm7YTc .NGdKgb .VfPpkd-StrnGf-rymPhb .VfPpkd-StrnGf-rymPhb-ibnC6b.VfPpkd-StrnGf-rymPhb-ibnC6b-OWXEXe-gk6SMd.VfPpkd-ksKsZd-mWPk3d-OWXEXe-AHe6Kc-XpnDCe .VfPpkd-StrnGf-rymPhb-pZXsl::before,body.dm7YTc .NGdKgb .VfPpkd-StrnGf-rymPhb .VfPpkd-StrnGf-rymPhb-ibnC6b.VfPpkd-StrnGf-rymPhb-ibnC6b-OWXEXe-gk6SMd:not(.VfPpkd-ksKsZd-mWPk3d):focus .VfPpkd-StrnGf-rymPhb-pZXsl::before{transition-duration:75ms;opacity:.12;opacity:var(--mdc-ripple-focus-opacity,.12)}body.dm7YTc .NGdKgb .VfPpkd-StrnGf-rymPhb .VfPpkd-StrnGf-rymPhb-ibnC6b.VfPpkd-StrnGf-rymPhb-ibnC6b-OWXEXe-gk6SMd:not(.VfPpkd-ksKsZd-mWPk3d) .VfPpkd-StrnGf-rymPhb-pZXsl::after{transition:opacity .15s linear}body.dm7YTc .NGdKgb .VfPpkd-StrnGf-rymPhb .VfPpkd-StrnGf-rymPhb-ibnC6b.VfPpkd-StrnGf-rymPhb-ibnC6b-OWXEXe-gk6SMd:not(.VfPpkd-ksKsZd-mWPk3d):active .VfPpkd-StrnGf-rymPhb-pZXsl::after{transition-duration:75ms;opacity:.1;opacity:var(--mdc-ripple-press-opacity,.1)}body.dm7YTc .NGdKgb .VfPpkd-StrnGf-rymPhb .VfPpkd-StrnGf-rymPhb-ibnC6b.VfPpkd-StrnGf-rymPhb-ibnC6b-OWXEXe-gk6SMd.VfPpkd-ksKsZd-mWPk3d{--mdc-ripple-fg-opacity:var(--mdc-ripple-press-opacity,0.1)}body.dm7YTc .NGdKgb .VfPpkd-StrnGf-rymPhb .VfPpkd-StrnGf-rymPhb-L8ivfd-fmcmS{color:rgb(154,160,166)}body.dm7YTc .NGdKgb .VfPpkd-StrnGf-rymPhb .VfPpkd-StrnGf-rymPhb-clz4Ic{border-bottom-color:rgba(232,234,237,.12)}body.dm7YTc .NGdKgb .VfPpkd-StrnGf-rymPhb .VfPpkd-StrnGf-rymPhb-f7MjDc{color:rgb(232,234,237)}body.dm7YTc .NGdKgb .VfPpkd-StrnGf-rymPhb .VfPpkd-StrnGf-rymPhb-ibnC6b .VfPpkd-StrnGf-rymPhb-pZXsl::before,body.dm7YTc .NGdKgb .VfPpkd-StrnGf-rymPhb .VfPpkd-StrnGf-rymPhb-ibnC6b .VfPpkd-StrnGf-rymPhb-pZXsl::after{background-color:rgb(232,234,237);background-color:var(--mdc-ripple-color,rgb(232,234,237))}body.dm7YTc .NGdKgb .VfPpkd-StrnGf-rymPhb .VfPpkd-StrnGf-rymPhb-ibnC6b:hover .VfPpkd-StrnGf-rymPhb-pZXsl::before,body.dm7YTc .NGdKgb .VfPpkd-StrnGf-rymPhb .VfPpkd-StrnGf-rymPhb-ibnC6b.VfPpkd-ksKsZd-XxIAqe-OWXEXe-ZmdkE .VfPpkd-StrnGf-rymPhb-pZXsl::before{opacity:.04;opacity:var(--mdc-ripple-hover-opacity,.04)}body.dm7YTc .NGdKgb .VfPpkd-StrnGf-rymPhb .VfPpkd-StrnGf-rymPhb-ibnC6b.VfPpkd-ksKsZd-mWPk3d-OWXEXe-AHe6Kc-XpnDCe .VfPpkd-StrnGf-rymPhb-pZXsl::before,body.dm7YTc .NGdKgb .VfPpkd-StrnGf-rymPhb .VfPpkd-StrnGf-rymPhb-ibnC6b:not(.VfPpkd-ksKsZd-mWPk3d):focus .VfPpkd-StrnGf-rymPhb-pZXsl::before{transition-duration:75ms;opacity:.12;opacity:var(--mdc-ripple-focus-opacity,.12)}body.dm7YTc .NGdKgb .VfPpkd-StrnGf-rymPhb .VfPpkd-StrnGf-rymPhb-ibnC6b:not(.VfPpkd-ksKsZd-mWPk3d) .VfPpkd-StrnGf-rymPhb-pZXsl::after{transition:opacity .15s linear}body.dm7YTc .NGdKgb .VfPpkd-StrnGf-rymPhb .VfPpkd-StrnGf-rymPhb-ibnC6b:not(.VfPpkd-ksKsZd-mWPk3d):active .VfPpkd-StrnGf-rymPhb-pZXsl::after{transition-duration:75ms;opacity:.1;opacity:var(--mdc-ripple-press-opacity,.1)}body.dm7YTc .NGdKgb .VfPpkd-StrnGf-rymPhb .VfPpkd-StrnGf-rymPhb-ibnC6b.VfPpkd-ksKsZd-mWPk3d{--mdc-ripple-fg-opacity:var(--mdc-ripple-press-opacity,0.1)}@media (-ms-high-contrast:active),screen and (forced-colors:active){body.dm7YTc .NGdKgb .VfPpkd-StrnGf-rymPhb .VfPpkd-StrnGf-rymPhb-ibnC6b-OWXEXe-OWB6Me .VfPpkd-StrnGf-rymPhb-b9t22c,body.dm7YTc .NGdKgb .VfPpkd-StrnGf-rymPhb .VfPpkd-StrnGf-rymPhb-ibnC6b-OWXEXe-OWB6Me .VfPpkd-StrnGf-rymPhb-fpDzbe-fmcmS,body.dm7YTc .NGdKgb .VfPpkd-StrnGf-rymPhb .VfPpkd-StrnGf-rymPhb-ibnC6b-OWXEXe-OWB6Me .VfPpkd-StrnGf-rymPhb-L8ivfd-fmcmS{color:GrayText}body.dm7YTc .NGdKgb .VfPpkd-StrnGf-rymPhb .VfPpkd-StrnGf-rymPhb-ibnC6b-OWXEXe-OWB6Me .VfPpkd-StrnGf-rymPhb-b9t22c{opacity:1}}body.dm7YTc .NGdKgb .VfPpkd-StrnGf-rymPhb .VfPpkd-BFbNVe-bF1uUb{width:100%;height:100%;top:0;left:0}body.dm7YTc .NGdKgb .VfPpkd-StrnGf-rymPhb .VfPpkd-BFbNVe-bF1uUb{opacity:.08}body.dm7YTc .DUonjc{background-color:rgb(32,33,36);border-bottom-color:rgb(95,99,104)}body.dm7YTc .DUonjc .VfPpkd-WLXbod{background-color:rgb(32,33,36)}body.dm7YTc .DUonjc .VfPpkd-Rj7Y9b{color:rgb(232,234,237)}body.dm7YTc .DUonjc .VfPpkd-WLXbod{border-bottom-color:rgb(95,99,104)}body.dm7YTc .DUonjc .VfPpkd-r7nwK{color:rgb(32,33,36)}body.dm7YTc .DUonjc .VfPpkd-r7nwK{background-color:rgb(138,180,248)}body.dm7YTc .DUonjc .VfPpkd-LgbsSe:not(:disabled){background-color:transparent}body.dm7YTc .DUonjc .VfPpkd-LgbsSe:not(:disabled){color:rgb(138,180,248);color:var(--gm-colortextbutton-ink-color,rgb(138,180,248))}body.dm7YTc .DUonjc .VfPpkd-LgbsSe:disabled{color:rgba(232,234,237,.38);color:var(--gm-colortextbutton-disabled-ink-color,rgba(232,234,237,.38))}body.dm7YTc .DUonjc .VfPpkd-LgbsSe .VfPpkd-UdE5de-uDEFge .VfPpkd-JGcpL-uI4vCe-LkdAo,body.dm7YTc .DUonjc .VfPpkd-LgbsSe .VfPpkd-UdE5de-uDEFge .VfPpkd-JGcpL-IdXvz-LkdAo-Bd00G{stroke:rgb(138,180,248)}@media (-ms-high-contrast:active),screen and (forced-colors:active){body.dm7YTc .DUonjc .VfPpkd-LgbsSe .VfPpkd-UdE5de-uDEFge .VfPpkd-JGcpL-uI4vCe-LkdAo,body.dm7YTc .DUonjc .VfPpkd-LgbsSe .VfPpkd-UdE5de-uDEFge .VfPpkd-JGcpL-IdXvz-LkdAo-Bd00G{stroke:CanvasText}}body.dm7YTc .DUonjc .VfPpkd-LgbsSe:hover:not(:disabled),body.dm7YTc .DUonjc .VfPpkd-LgbsSe.VfPpkd-ksKsZd-mWPk3d-OWXEXe-AHe6Kc-XpnDCe:not(:disabled),body.dm7YTc .DUonjc .VfPpkd-LgbsSe:not(.VfPpkd-ksKsZd-mWPk3d):focus:not(:disabled),body.dm7YTc .DUonjc .VfPpkd-LgbsSe:active:not(:disabled){color:rgb(174,203,250);color:var(--gm-colortextbutton-ink-color--stateful,rgb(174,203,250))}body.dm7YTc .DUonjc .VfPpkd-LgbsSe .VfPpkd-Jh9lGc::before,body.dm7YTc .DUonjc .VfPpkd-LgbsSe .VfPpkd-Jh9lGc::after{background-color:rgb(174,203,250);background-color:var(--gm-colortextbutton-state-color,rgb(174,203,250))}body.dm7YTc .DUonjc .VfPpkd-LgbsSe:hover .VfPpkd-Jh9lGc::before,body.dm7YTc .DUonjc .VfPpkd-LgbsSe.VfPpkd-ksKsZd-XxIAqe-OWXEXe-ZmdkE .VfPpkd-Jh9lGc::before{opacity:.04;opacity:var(--mdc-ripple-hover-opacity,.04)}body.dm7YTc .DUonjc .VfPpkd-LgbsSe.VfPpkd-ksKsZd-mWPk3d-OWXEXe-AHe6Kc-XpnDCe .VfPpkd-Jh9lGc::before,body.dm7YTc .DUonjc .VfPpkd-LgbsSe:not(.VfPpkd-ksKsZd-mWPk3d):focus .VfPpkd-Jh9lGc::before{transition-duration:75ms;opacity:.12;opacity:var(--mdc-ripple-focus-opacity,.12)}body.dm7YTc .DUonjc .VfPpkd-LgbsSe:not(.VfPpkd-ksKsZd-mWPk3d) .VfPpkd-Jh9lGc::after{transition:opacity .15s linear}body.dm7YTc .DUonjc .VfPpkd-LgbsSe:not(.VfPpkd-ksKsZd-mWPk3d):active .VfPpkd-Jh9lGc::after{transition-duration:75ms;opacity:.1;opacity:var(--mdc-ripple-press-opacity,.1)}body.dm7YTc .DUonjc .VfPpkd-LgbsSe.VfPpkd-ksKsZd-mWPk3d{--mdc-ripple-fg-opacity:var(--mdc-ripple-press-opacity,0.1)}body.dm7YTc .DUonjc .VfPpkd-LgbsSe:disabled:hover .VfPpkd-Jh9lGc::before,body.dm7YTc .DUonjc .VfPpkd-LgbsSe:disabled.VfPpkd-ksKsZd-XxIAqe-OWXEXe-ZmdkE .VfPpkd-Jh9lGc::before{opacity:0;opacity:var(--mdc-ripple-hover-opacity,0)}body.dm7YTc .DUonjc .VfPpkd-LgbsSe:disabled.VfPpkd-ksKsZd-mWPk3d-OWXEXe-AHe6Kc-XpnDCe .VfPpkd-Jh9lGc::before,body.dm7YTc .DUonjc .VfPpkd-LgbsSe:disabled:not(.VfPpkd-ksKsZd-mWPk3d):focus .VfPpkd-Jh9lGc::before{transition-duration:75ms;opacity:0;opacity:var(--mdc-ripple-focus-opacity,0)}body.dm7YTc .DUonjc .VfPpkd-LgbsSe:disabled:not(.VfPpkd-ksKsZd-mWPk3d) .VfPpkd-Jh9lGc::after{transition:opacity .15s linear}body.dm7YTc .DUonjc .VfPpkd-LgbsSe:disabled:not(.VfPpkd-ksKsZd-mWPk3d):active .VfPpkd-Jh9lGc::after{transition-duration:75ms;opacity:0;opacity:var(--mdc-ripple-press-opacity,0)}body.dm7YTc .DUonjc .VfPpkd-LgbsSe:disabled.VfPpkd-ksKsZd-mWPk3d{--mdc-ripple-fg-opacity:var(--mdc-ripple-press-opacity,0)}body.dm7YTc .DUonjc .UMrnmb-jsLfKf-JIbuQc{margin-right:8px}body.dm7YTc .AjY5Oe{font-family:"Google Sans",Roboto,Arial,sans-serif;font-size:.875rem;letter-spacing:.0107142857em;font-weight:500;text-transform:none;transition:border .28s cubic-bezier(.4,0,.2,1),box-shadow .28s cubic-bezier(.4,0,.2,1);box-shadow:none}body.dm7YTc .AjY5Oe .VfPpkd-Jh9lGc{height:100%;position:absolute;overflow:hidden;width:100%;z-index:0}body.dm7YTc .AjY5Oe:not(:disabled){background-color:rgb(138,180,248);background-color:var(--gm-fillbutton-container-color,rgb(138,180,248))}body.dm7YTc .AjY5Oe:not(:disabled){color:rgb(32,33,36);color:var(--gm-fillbutton-ink-color,rgb(32,33,36))}body.dm7YTc .AjY5Oe:disabled{background-color:rgba(232,234,237,.12);background-color:var(--gm-fillbutton-disabled-container-color,rgba(232,234,237,.12))}body.dm7YTc .AjY5Oe:disabled{color:rgba(232,234,237,.38);color:var(--gm-fillbutton-disabled-ink-color,rgba(232,234,237,.38))}body.dm7YTc .AjY5Oe .VfPpkd-Jh9lGc::before,body.dm7YTc .AjY5Oe .VfPpkd-Jh9lGc::after{background-color:#fff;background-color:var(--gm-fillbutton-state-color,#fff)}body.dm7YTc .AjY5Oe:hover .VfPpkd-Jh9lGc::before,body.dm7YTc .AjY5Oe.VfPpkd-ksKsZd-XxIAqe-OWXEXe-ZmdkE .VfPpkd-Jh9lGc::before{opacity:.16;opacity:var(--mdc-ripple-hover-opacity,.16)}body.dm7YTc .AjY5Oe.VfPpkd-ksKsZd-mWPk3d-OWXEXe-AHe6Kc-XpnDCe .VfPpkd-Jh9lGc::before,body.dm7YTc .AjY5Oe:not(.VfPpkd-ksKsZd-mWPk3d):focus .VfPpkd-Jh9lGc::before{transition-duration:75ms;opacity:.24;opacity:var(--mdc-ripple-focus-opacity,.24)}body.dm7YTc .AjY5Oe:not(.VfPpkd-ksKsZd-mWPk3d) .VfPpkd-Jh9lGc::after{transition:opacity .15s linear}body.dm7YTc .AjY5Oe:not(.VfPpkd-ksKsZd-mWPk3d):active .VfPpkd-Jh9lGc::after{transition-duration:75ms;opacity:.2;opacity:var(--mdc-ripple-press-opacity,.2)}body.dm7YTc .AjY5Oe.VfPpkd-ksKsZd-mWPk3d{--mdc-ripple-fg-opacity:var(--mdc-ripple-press-opacity,0.2)}body.dm7YTc .AjY5Oe .VfPpkd-BFbNVe-bF1uUb{opacity:0}body.dm7YTc .AjY5Oe .VfPpkd-UdE5de-uDEFge .VfPpkd-JGcpL-uI4vCe-LkdAo,body.dm7YTc .AjY5Oe .VfPpkd-UdE5de-uDEFge .VfPpkd-JGcpL-IdXvz-LkdAo-Bd00G{stroke:rgb(32,33,36)}@media (-ms-high-contrast:active),screen and (forced-colors:active){body.dm7YTc .AjY5Oe .VfPpkd-UdE5de-uDEFge .VfPpkd-JGcpL-uI4vCe-LkdAo,body.dm7YTc .AjY5Oe .VfPpkd-UdE5de-uDEFge .VfPpkd-JGcpL-IdXvz-LkdAo-Bd00G{stroke:CanvasText}}body.dm7YTc .AjY5Oe:hover{box-shadow:0 1px 2px 0 rgba(0,0,0,.3),0 1px 3px 1px rgba(0,0,0,.15);box-shadow:0 1px 2px 0 var(--gm-fillbutton-keyshadow-color,rgba(0,0,0,.3)),0 1px 3px 1px var(--gm-fillbutton-ambientshadow-color,rgba(0,0,0,.15))}body.dm7YTc .AjY5Oe:hover .VfPpkd-BFbNVe-bF1uUb{opacity:0}body.dm7YTc .AjY5Oe:active{box-shadow:0 1px 2px 0 rgba(0,0,0,.3),0 2px 6px 2px rgba(0,0,0,.15);box-shadow:0 1px 2px 0 var(--gm-fillbutton-keyshadow-color,rgba(0,0,0,.3)),0 2px 6px 2px var(--gm-fillbutton-ambientshadow-color,rgba(0,0,0,.15))}body.dm7YTc .AjY5Oe:active .VfPpkd-BFbNVe-bF1uUb{opacity:0}body.dm7YTc .AjY5Oe:disabled{box-shadow:none}body.dm7YTc .AjY5Oe:disabled:hover .VfPpkd-Jh9lGc::before,body.dm7YTc .AjY5Oe:disabled.VfPpkd-ksKsZd-XxIAqe-OWXEXe-ZmdkE .VfPpkd-Jh9lGc::before{opacity:0;opacity:var(--mdc-ripple-hover-opacity,0)}body.dm7YTc .AjY5Oe:disabled.VfPpkd-ksKsZd-mWPk3d-OWXEXe-AHe6Kc-XpnDCe .VfPpkd-Jh9lGc::before,body.dm7YTc .AjY5Oe:disabled:not(.VfPpkd-ksKsZd-mWPk3d):focus .VfPpkd-Jh9lGc::before{transition-duration:75ms;opacity:0;opacity:var(--mdc-ripple-focus-opacity,0)}body.dm7YTc .AjY5Oe:disabled:not(.VfPpkd-ksKsZd-mWPk3d) .VfPpkd-Jh9lGc::after{transition:opacity .15s linear}body.dm7YTc .AjY5Oe:disabled:not(.VfPpkd-ksKsZd-mWPk3d):active .VfPpkd-Jh9lGc::after{transition-duration:75ms;opacity:0;opacity:var(--mdc-ripple-press-opacity,0)}body.dm7YTc .AjY5Oe:disabled.VfPpkd-ksKsZd-mWPk3d{--mdc-ripple-fg-opacity:var(--mdc-ripple-press-opacity,0)}body.dm7YTc .AjY5Oe:disabled .VfPpkd-BFbNVe-bF1uUb{opacity:0}body.dm7YTc .OLiIxf{font-family:"Google Sans",Roboto,Arial,sans-serif;font-size:.875rem;letter-spacing:.0107142857em;font-weight:500;text-transform:none;transition:border .28s cubic-bezier(.4,0,.2,1),box-shadow .28s cubic-bezier(.4,0,.2,1);box-shadow:none}body.dm7YTc .OLiIxf .VfPpkd-Jh9lGc{height:100%;position:absolute;overflow:hidden;width:100%;z-index:0}body.dm7YTc .OLiIxf:not(:disabled){color:rgb(138,180,248);color:var(--gm-hairlinebutton-ink-color,rgb(138,180,248))}body.dm7YTc .OLiIxf:not(:disabled){border-color:rgb(95,99,104);border-color:var(--gm-hairlinebutton-outline-color,rgb(95,99,104))}body.dm7YTc .OLiIxf:not(:disabled):hover{border-color:rgb(95,99,104);border-color:var(--gm-hairlinebutton-outline-color,rgb(95,99,104))}body.dm7YTc .OLiIxf:not(:disabled).VfPpkd-ksKsZd-mWPk3d-OWXEXe-AHe6Kc-XpnDCe,body.dm7YTc .OLiIxf:not(:disabled):not(.VfPpkd-ksKsZd-mWPk3d):focus{border-color:rgb(174,203,250);border-color:var(--gm-hairlinebutton-outline-color--stateful,rgb(174,203,250))}body.dm7YTc .OLiIxf:not(:disabled):active,body.dm7YTc .OLiIxf:not(:disabled):focus:active{border-color:rgb(95,99,104);border-color:var(--gm-hairlinebutton-outline-color,rgb(95,99,104))}body.dm7YTc .OLiIxf:disabled{color:rgba(232,234,237,.38);color:var(--gm-hairlinebutton-disabled-ink-color,rgba(232,234,237,.38))}body.dm7YTc .OLiIxf:disabled{border-color:rgba(232,234,237,.12);border-color:var(--gm-hairlinebutton-disabled-outline-color,rgba(232,234,237,.12))}body.dm7YTc .OLiIxf:hover:not(:disabled),body.dm7YTc .OLiIxf.VfPpkd-ksKsZd-mWPk3d-OWXEXe-AHe6Kc-XpnDCe:not(:disabled),body.dm7YTc .OLiIxf:not(.VfPpkd-ksKsZd-mWPk3d):focus:not(:disabled),body.dm7YTc .OLiIxf:active:not(:disabled){color:rgb(174,203,250);color:var(--gm-hairlinebutton-ink-color--stateful,rgb(174,203,250))}body.dm7YTc .OLiIxf .VfPpkd-BFbNVe-bF1uUb{opacity:0}body.dm7YTc .OLiIxf .VfPpkd-UdE5de-uDEFge .VfPpkd-JGcpL-uI4vCe-LkdAo,body.dm7YTc .OLiIxf .VfPpkd-UdE5de-uDEFge .VfPpkd-JGcpL-IdXvz-LkdAo-Bd00G{stroke:rgb(138,180,248)}@media (-ms-high-contrast:active),screen and (forced-colors:active){body.dm7YTc .OLiIxf .VfPpkd-UdE5de-uDEFge .VfPpkd-JGcpL-uI4vCe-LkdAo,body.dm7YTc .OLiIxf .VfPpkd-UdE5de-uDEFge .VfPpkd-JGcpL-IdXvz-LkdAo-Bd00G{stroke:CanvasText}}body.dm7YTc .OLiIxf .VfPpkd-Jh9lGc::before,body.dm7YTc .OLiIxf .VfPpkd-Jh9lGc::after{background-color:rgb(138,180,248);background-color:var(--gm-hairlinebutton-state-color,rgb(138,180,248))}body.dm7YTc .OLiIxf:hover .VfPpkd-Jh9lGc::before,body.dm7YTc .OLiIxf.VfPpkd-ksKsZd-XxIAqe-OWXEXe-ZmdkE .VfPpkd-Jh9lGc::before{opacity:.04;opacity:var(--mdc-ripple-hover-opacity,.04)}body.dm7YTc .OLiIxf.VfPpkd-ksKsZd-mWPk3d-OWXEXe-AHe6Kc-XpnDCe .VfPpkd-Jh9lGc::before,body.dm7YTc .OLiIxf:not(.VfPpkd-ksKsZd-mWPk3d):focus .VfPpkd-Jh9lGc::before{transition-duration:75ms;opacity:.12;opacity:var(--mdc-ripple-focus-opacity,.12)}body.dm7YTc .OLiIxf:not(.VfPpkd-ksKsZd-mWPk3d) .VfPpkd-Jh9lGc::after{transition:opacity .15s linear}body.dm7YTc .OLiIxf:not(.VfPpkd-ksKsZd-mWPk3d):active .VfPpkd-Jh9lGc::after{transition-duration:75ms;opacity:.1;opacity:var(--mdc-ripple-press-opacity,.1)}body.dm7YTc .OLiIxf.VfPpkd-ksKsZd-mWPk3d{--mdc-ripple-fg-opacity:var(--mdc-ripple-press-opacity,0.1)}body.dm7YTc .OLiIxf:disabled:hover .VfPpkd-Jh9lGc::before,body.dm7YTc .OLiIxf:disabled.VfPpkd-ksKsZd-XxIAqe-OWXEXe-ZmdkE .VfPpkd-Jh9lGc::before{opacity:0;opacity:var(--mdc-ripple-hover-opacity,0)}body.dm7YTc .OLiIxf:disabled.VfPpkd-ksKsZd-mWPk3d-OWXEXe-AHe6Kc-XpnDCe .VfPpkd-Jh9lGc::before,body.dm7YTc .OLiIxf:disabled:not(.VfPpkd-ksKsZd-mWPk3d):focus .VfPpkd-Jh9lGc::before{transition-duration:75ms;opacity:0;opacity:var(--mdc-ripple-focus-opacity,0)}body.dm7YTc .OLiIxf:disabled:not(.VfPpkd-ksKsZd-mWPk3d) .VfPpkd-Jh9lGc::after{transition:opacity .15s linear}body.dm7YTc .OLiIxf:disabled:not(.VfPpkd-ksKsZd-mWPk3d):active .VfPpkd-Jh9lGc::after{transition-duration:75ms;opacity:0;opacity:var(--mdc-ripple-press-opacity,0)}body.dm7YTc .OLiIxf:disabled.VfPpkd-ksKsZd-mWPk3d{--mdc-ripple-fg-opacity:var(--mdc-ripple-press-opacity,0)}body.dm7YTc .MQas1c{font-family:"Google Sans",Roboto,Arial,sans-serif;font-size:.875rem;letter-spacing:.0107142857em;font-weight:500;text-transform:none;transition:border .28s cubic-bezier(.4,0,.2,1),box-shadow .28s cubic-bezier(.4,0,.2,1);border-width:0;box-shadow:0 1px 2px 0 rgba(0,0,0,.3),0 1px 3px 1px rgba(0,0,0,.15);box-shadow:0 1px 2px 0 var(--gm-protectedbutton-keyshadow-color,rgba(0,0,0,.3)),0 1px 3px 1px var(--gm-protectedbutton-ambientshadow-color,rgba(0,0,0,.15))}body.dm7YTc .MQas1c .VfPpkd-Jh9lGc{height:100%;position:absolute;overflow:hidden;width:100%;z-index:0}body.dm7YTc .MQas1c:not(:disabled){background-color:rgb(32,33,36);background-color:var(--gm-protectedbutton-container-color,rgb(32,33,36))}body.dm7YTc .MQas1c:not(:disabled){color:rgb(138,180,248);color:var(--gm-protectedbutton-ink-color,rgb(138,180,248))}body.dm7YTc .MQas1c:disabled{background-color:rgba(232,234,237,.12);background-color:var(--gm-protectedbutton-disabled-container-color,rgba(232,234,237,.12))}body.dm7YTc .MQas1c:disabled{color:rgba(232,234,237,.38);color:var(--gm-protectedbutton-disabled-ink-color,rgba(232,234,237,.38))}body.dm7YTc .MQas1c:hover:not(:disabled),body.dm7YTc .MQas1c.VfPpkd-ksKsZd-mWPk3d-OWXEXe-AHe6Kc-XpnDCe:not(:disabled),body.dm7YTc .MQas1c:not(.VfPpkd-ksKsZd-mWPk3d):focus:not(:disabled),body.dm7YTc .MQas1c:active:not(:disabled){color:rgb(174,203,250);color:var(--gm-protectedbutton-ink-color--stateful,rgb(174,203,250))}body.dm7YTc .MQas1c .VfPpkd-BFbNVe-bF1uUb{opacity:.05}body.dm7YTc .MQas1c .VfPpkd-UdE5de-uDEFge .VfPpkd-JGcpL-uI4vCe-LkdAo,body.dm7YTc .MQas1c .VfPpkd-UdE5de-uDEFge .VfPpkd-JGcpL-IdXvz-LkdAo-Bd00G{stroke:rgb(138,180,248)}@media (-ms-high-contrast:active),screen and (forced-colors:active){body.dm7YTc .MQas1c .VfPpkd-UdE5de-uDEFge .VfPpkd-JGcpL-uI4vCe-LkdAo,body.dm7YTc .MQas1c .VfPpkd-UdE5de-uDEFge .VfPpkd-JGcpL-IdXvz-LkdAo-Bd00G{stroke:CanvasText}}body.dm7YTc .MQas1c.VfPpkd-ksKsZd-mWPk3d-OWXEXe-AHe6Kc-XpnDCe,body.dm7YTc .MQas1c:not(.VfPpkd-ksKsZd-mWPk3d):focus{border-width:0;box-shadow:0 1px 2px 0 rgba(0,0,0,.3),0 1px 3px 1px rgba(0,0,0,.15);box-shadow:0 1px 2px 0 var(--gm-protectedbutton-keyshadow-color,rgba(0,0,0,.3)),0 1px 3px 1px var(--gm-protectedbutton-ambientshadow-color,rgba(0,0,0,.15))}body.dm7YTc .MQas1c.VfPpkd-ksKsZd-mWPk3d-OWXEXe-AHe6Kc-XpnDCe .VfPpkd-BFbNVe-bF1uUb,body.dm7YTc .MQas1c:not(.VfPpkd-ksKsZd-mWPk3d):focus .VfPpkd-BFbNVe-bF1uUb{opacity:.05}body.dm7YTc .MQas1c:hover{border-width:0;box-shadow:0 1px 2px 0 rgba(0,0,0,.3),0 2px 6px 2px rgba(0,0,0,.15);box-shadow:0 1px 2px 0 var(--gm-protectedbutton-keyshadow-color,rgba(0,0,0,.3)),0 2px 6px 2px var(--gm-protectedbutton-ambientshadow-color,rgba(0,0,0,.15))}body.dm7YTc .MQas1c:hover .VfPpkd-BFbNVe-bF1uUb{opacity:.08}body.dm7YTc .MQas1c:not(:disabled):active{border-width:0;box-shadow:0 1px 3px 0 rgba(0,0,0,.3),0 4px 8px 3px rgba(0,0,0,.15);box-shadow:0 1px 3px 0 var(--gm-protectedbutton-keyshadow-color,rgba(0,0,0,.3)),0 4px 8px 3px var(--gm-protectedbutton-ambientshadow-color,rgba(0,0,0,.15))}body.dm7YTc .MQas1c:not(:disabled):active .VfPpkd-BFbNVe-bF1uUb{opacity:.11}body.dm7YTc .MQas1c .VfPpkd-Jh9lGc::before,body.dm7YTc .MQas1c .VfPpkd-Jh9lGc::after{background-color:rgb(174,203,250);background-color:var(--gm-protectedbutton-state-color,rgb(174,203,250))}body.dm7YTc .MQas1c:hover .VfPpkd-Jh9lGc::before,body.dm7YTc .MQas1c.VfPpkd-ksKsZd-XxIAqe-OWXEXe-ZmdkE .VfPpkd-Jh9lGc::before{opacity:.04;opacity:var(--mdc-ripple-hover-opacity,.04)}body.dm7YTc .MQas1c.VfPpkd-ksKsZd-mWPk3d-OWXEXe-AHe6Kc-XpnDCe .VfPpkd-Jh9lGc::before,body.dm7YTc .MQas1c:not(.VfPpkd-ksKsZd-mWPk3d):focus .VfPpkd-Jh9lGc::before{transition-duration:75ms;opacity:.12;opacity:var(--mdc-ripple-focus-opacity,.12)}body.dm7YTc .MQas1c:not(.VfPpkd-ksKsZd-mWPk3d) .VfPpkd-Jh9lGc::after{transition:opacity .15s linear}body.dm7YTc .MQas1c:not(.VfPpkd-ksKsZd-mWPk3d):active .VfPpkd-Jh9lGc::after{transition-duration:75ms;opacity:.1;opacity:var(--mdc-ripple-press-opacity,.1)}body.dm7YTc .MQas1c.VfPpkd-ksKsZd-mWPk3d{--mdc-ripple-fg-opacity:var(--mdc-ripple-press-opacity,0.1)}body.dm7YTc .MQas1c:disabled{border-width:0;box-shadow:0 1px 2px 0 rgba(0,0,0,.3),0 1px 3px 1px rgba(0,0,0,.15);box-shadow:0 1px 2px 0 var(--gm-protectedbutton-keyshadow-color,rgba(0,0,0,.3)),0 1px 3px 1px var(--gm-protectedbutton-ambientshadow-color,rgba(0,0,0,.15))}body.dm7YTc .MQas1c:disabled .VfPpkd-BFbNVe-bF1uUb{opacity:.05}body.dm7YTc .MQas1c:disabled:hover .VfPpkd-Jh9lGc::before,body.dm7YTc .MQas1c:disabled.VfPpkd-ksKsZd-XxIAqe-OWXEXe-ZmdkE .VfPpkd-Jh9lGc::before{opacity:0;opacity:var(--mdc-ripple-hover-opacity,0)}body.dm7YTc .MQas1c:disabled.VfPpkd-ksKsZd-mWPk3d-OWXEXe-AHe6Kc-XpnDCe .VfPpkd-Jh9lGc::before,body.dm7YTc .MQas1c:disabled:not(.VfPpkd-ksKsZd-mWPk3d):focus .VfPpkd-Jh9lGc::before{transition-duration:75ms;opacity:0;opacity:var(--mdc-ripple-focus-opacity,0)}body.dm7YTc .MQas1c:disabled:not(.VfPpkd-ksKsZd-mWPk3d) .VfPpkd-Jh9lGc::after{transition:opacity .15s linear}body.dm7YTc .MQas1c:disabled:not(.VfPpkd-ksKsZd-mWPk3d):active .VfPpkd-Jh9lGc::after{transition-duration:75ms;opacity:0;opacity:var(--mdc-ripple-press-opacity,0)}body.dm7YTc .MQas1c:disabled.VfPpkd-ksKsZd-mWPk3d{--mdc-ripple-fg-opacity:var(--mdc-ripple-press-opacity,0)}body.dm7YTc .C1Uh5b{font-family:"Google Sans",Roboto,Arial,sans-serif;font-size:.875rem;letter-spacing:.0107142857em;font-weight:500;text-transform:none;transition:border .28s cubic-bezier(.4,0,.2,1),box-shadow .28s cubic-bezier(.4,0,.2,1);box-shadow:none}body.dm7YTc .C1Uh5b .VfPpkd-Jh9lGc{height:100%;position:absolute;overflow:hidden;width:100%;z-index:0}body.dm7YTc .C1Uh5b:not(:disabled){background-color:rgba(138,180,248,.24)}body.dm7YTc .C1Uh5b:not(:disabled){color:rgb(210,227,252)}body.dm7YTc .C1Uh5b:disabled{background-color:rgba(232,234,237,.12)}body.dm7YTc .C1Uh5b:disabled{color:rgba(232,234,237,.38)}body.dm7YTc .C1Uh5b:hover:not(:disabled),body.dm7YTc .C1Uh5b.VfPpkd-ksKsZd-mWPk3d-OWXEXe-AHe6Kc-XpnDCe:not(:disabled),body.dm7YTc .C1Uh5b:not(.VfPpkd-ksKsZd-mWPk3d):focus:not(:disabled),body.dm7YTc .C1Uh5b:active:not(:disabled){color:#fff}body.dm7YTc .C1Uh5b .VfPpkd-Jh9lGc::before,body.dm7YTc .C1Uh5b .VfPpkd-Jh9lGc::after{background-color:#fff;background-color:var(--mdc-ripple-color,#fff)}body.dm7YTc .C1Uh5b:hover .VfPpkd-Jh9lGc::before,body.dm7YTc .C1Uh5b.VfPpkd-ksKsZd-XxIAqe-OWXEXe-ZmdkE .VfPpkd-Jh9lGc::before{opacity:.04;opacity:var(--mdc-ripple-hover-opacity,.04)}body.dm7YTc .C1Uh5b.VfPpkd-ksKsZd-mWPk3d-OWXEXe-AHe6Kc-XpnDCe .VfPpkd-Jh9lGc::before,body.dm7YTc .C1Uh5b:not(.VfPpkd-ksKsZd-mWPk3d):focus .VfPpkd-Jh9lGc::before{transition-duration:75ms;opacity:.12;opacity:var(--mdc-ripple-focus-opacity,.12)}body.dm7YTc .C1Uh5b:not(.VfPpkd-ksKsZd-mWPk3d) .VfPpkd-Jh9lGc::after{transition:opacity .15s linear}body.dm7YTc .C1Uh5b:not(.VfPpkd-ksKsZd-mWPk3d):active .VfPpkd-Jh9lGc::after{transition-duration:75ms;opacity:.1;opacity:var(--mdc-ripple-press-opacity,.1)}body.dm7YTc .C1Uh5b.VfPpkd-ksKsZd-mWPk3d{--mdc-ripple-fg-opacity:var(--mdc-ripple-press-opacity,0.1)}body.dm7YTc .C1Uh5b .VfPpkd-BFbNVe-bF1uUb{opacity:0}body.dm7YTc .C1Uh5b .VfPpkd-UdE5de-uDEFge .VfPpkd-JGcpL-uI4vCe-LkdAo,body.dm7YTc .C1Uh5b .VfPpkd-UdE5de-uDEFge .VfPpkd-JGcpL-IdXvz-LkdAo-Bd00G{stroke:rgb(210,227,252)}@media (-ms-high-contrast:active),screen and (forced-colors:active){body.dm7YTc .C1Uh5b .VfPpkd-UdE5de-uDEFge .VfPpkd-JGcpL-uI4vCe-LkdAo,body.dm7YTc .C1Uh5b .VfPpkd-UdE5de-uDEFge .VfPpkd-JGcpL-IdXvz-LkdAo-Bd00G{stroke:CanvasText}}body.dm7YTc .C1Uh5b:hover{box-shadow:0 1px 2px 0 rgba(0,0,0,.3),0 1px 3px 1px rgba(0,0,0,.15)}body.dm7YTc .C1Uh5b:hover .VfPpkd-BFbNVe-bF1uUb{opacity:0}body.dm7YTc .C1Uh5b:not(:disabled):active{box-shadow:0 1px 2px 0 rgba(0,0,0,.3),0 2px 6px 2px rgba(0,0,0,.15)}body.dm7YTc .C1Uh5b:not(:disabled):active .VfPpkd-BFbNVe-bF1uUb{opacity:0}body.dm7YTc .C1Uh5b:disabled{box-shadow:none}body.dm7YTc .C1Uh5b:disabled .VfPpkd-BFbNVe-bF1uUb{opacity:0}body.dm7YTc .C1Uh5b:disabled:hover .VfPpkd-Jh9lGc::before,body.dm7YTc .C1Uh5b:disabled.VfPpkd-ksKsZd-XxIAqe-OWXEXe-ZmdkE .VfPpkd-Jh9lGc::before{opacity:0;opacity:var(--mdc-ripple-hover-opacity,0)}body.dm7YTc .C1Uh5b:disabled.VfPpkd-ksKsZd-mWPk3d-OWXEXe-AHe6Kc-XpnDCe .VfPpkd-Jh9lGc::before,body.dm7YTc .C1Uh5b:disabled:not(.VfPpkd-ksKsZd-mWPk3d):focus .VfPpkd-Jh9lGc::before{transition-duration:75ms;opacity:0;opacity:var(--mdc-ripple-focus-opacity,0)}body.dm7YTc .C1Uh5b:disabled:not(.VfPpkd-ksKsZd-mWPk3d) .VfPpkd-Jh9lGc::after{transition:opacity .15s linear}body.dm7YTc .C1Uh5b:disabled:not(.VfPpkd-ksKsZd-mWPk3d):active .VfPpkd-Jh9lGc::after{transition-duration:75ms;opacity:0;opacity:var(--mdc-ripple-press-opacity,0)}body.dm7YTc .C1Uh5b:disabled.VfPpkd-ksKsZd-mWPk3d{--mdc-ripple-fg-opacity:var(--mdc-ripple-press-opacity,0)}body.dm7YTc .lKxP2d{font-family:"Google Sans",Roboto,Arial,sans-serif;font-size:.875rem;letter-spacing:.0107142857em;font-weight:500;text-transform:none}body.dm7YTc .lKxP2d .VfPpkd-Jh9lGc{height:100%;position:absolute;overflow:hidden;width:100%;z-index:0}body.dm7YTc .lKxP2d:not(:disabled){background-color:transparent}body.dm7YTc .lKxP2d:not(:disabled){color:rgb(138,180,248);color:var(--gm-colortextbutton-ink-color,rgb(138,180,248))}body.dm7YTc .lKxP2d:disabled{color:rgba(232,234,237,.38);color:var(--gm-colortextbutton-disabled-ink-color,rgba(232,234,237,.38))}body.dm7YTc .lKxP2d .VfPpkd-UdE5de-uDEFge .VfPpkd-JGcpL-uI4vCe-LkdAo,body.dm7YTc .lKxP2d .VfPpkd-UdE5de-uDEFge .VfPpkd-JGcpL-IdXvz-LkdAo-Bd00G{stroke:rgb(138,180,248)}@media (-ms-high-contrast:active),screen and (forced-colors:active){body.dm7YTc .lKxP2d .VfPpkd-UdE5de-uDEFge .VfPpkd-JGcpL-uI4vCe-LkdAo,body.dm7YTc .lKxP2d .VfPpkd-UdE5de-uDEFge .VfPpkd-JGcpL-IdXvz-LkdAo-Bd00G{stroke:CanvasText}}body.dm7YTc .lKxP2d:hover:not(:disabled),body.dm7YTc .lKxP2d.VfPpkd-ksKsZd-mWPk3d-OWXEXe-AHe6Kc-XpnDCe:not(:disabled),body.dm7YTc .lKxP2d:not(.VfPpkd-ksKsZd-mWPk3d):focus:not(:disabled),body.dm7YTc .lKxP2d:active:not(:disabled){color:rgb(174,203,250);color:var(--gm-colortextbutton-ink-color--stateful,rgb(174,203,250))}body.dm7YTc .lKxP2d .VfPpkd-Jh9lGc::before,body.dm7YTc .lKxP2d .VfPpkd-Jh9lGc::after{background-color:rgb(174,203,250);background-color:var(--gm-colortextbutton-state-color,rgb(174,203,250))}body.dm7YTc .lKxP2d:hover .VfPpkd-Jh9lGc::before,body.dm7YTc .lKxP2d.VfPpkd-ksKsZd-XxIAqe-OWXEXe-ZmdkE .VfPpkd-Jh9lGc::before{opacity:.04;opacity:var(--mdc-ripple-hover-opacity,.04)}body.dm7YTc .lKxP2d.VfPpkd-ksKsZd-mWPk3d-OWXEXe-AHe6Kc-XpnDCe .VfPpkd-Jh9lGc::before,body.dm7YTc .lKxP2d:not(.VfPpkd-ksKsZd-mWPk3d):focus .VfPpkd-Jh9lGc::before{transition-duration:75ms;opacity:.12;opacity:var(--mdc-ripple-focus-opacity,.12)}body.dm7YTc .lKxP2d:not(.VfPpkd-ksKsZd-mWPk3d) .VfPpkd-Jh9lGc::after{transition:opacity .15s linear}body.dm7YTc .lKxP2d:not(.VfPpkd-ksKsZd-mWPk3d):active .VfPpkd-Jh9lGc::after{transition-duration:75ms;opacity:.1;opacity:var(--mdc-ripple-press-opacity,.1)}body.dm7YTc .lKxP2d.VfPpkd-ksKsZd-mWPk3d{--mdc-ripple-fg-opacity:var(--mdc-ripple-press-opacity,0.1)}body.dm7YTc .lKxP2d:disabled:hover .VfPpkd-Jh9lGc::before,body.dm7YTc .lKxP2d:disabled.VfPpkd-ksKsZd-XxIAqe-OWXEXe-ZmdkE .VfPpkd-Jh9lGc::before{opacity:0;opacity:var(--mdc-ripple-hover-opacity,0)}body.dm7YTc .lKxP2d:disabled.VfPpkd-ksKsZd-mWPk3d-OWXEXe-AHe6Kc-XpnDCe .VfPpkd-Jh9lGc::before,body.dm7YTc .lKxP2d:disabled:not(.VfPpkd-ksKsZd-mWPk3d):focus .VfPpkd-Jh9lGc::before{transition-duration:75ms;opacity:0;opacity:var(--mdc-ripple-focus-opacity,0)}body.dm7YTc .lKxP2d:disabled:not(.VfPpkd-ksKsZd-mWPk3d) .VfPpkd-Jh9lGc::after{transition:opacity .15s linear}body.dm7YTc .lKxP2d:disabled:not(.VfPpkd-ksKsZd-mWPk3d):active .VfPpkd-Jh9lGc::after{transition-duration:75ms;opacity:0;opacity:var(--mdc-ripple-press-opacity,0)}body.dm7YTc .lKxP2d:disabled.VfPpkd-ksKsZd-mWPk3d{--mdc-ripple-fg-opacity:var(--mdc-ripple-press-opacity,0)}body.dm7YTc .XhPA0b{font-family:"Google Sans",Roboto,Arial,sans-serif;font-size:.875rem;letter-spacing:.0107142857em;font-weight:500;text-transform:none}body.dm7YTc .XhPA0b .VfPpkd-Jh9lGc{height:100%;position:absolute;overflow:hidden;width:100%;z-index:0}body.dm7YTc .XhPA0b:not(:disabled){color:rgb(232,234,237);color:var(--gm-neutraltextbutton-ink-color,rgb(232,234,237))}body.dm7YTc .XhPA0b:disabled{color:rgba(232,234,237,.38);color:var(--gm-neutraltextbutton-disabled-ink-color,rgba(232,234,237,.38))}body.dm7YTc .XhPA0b:hover:not(:disabled),body.dm7YTc .XhPA0b.VfPpkd-ksKsZd-mWPk3d-OWXEXe-AHe6Kc-XpnDCe:not(:disabled),body.dm7YTc .XhPA0b:not(.VfPpkd-ksKsZd-mWPk3d):focus:not(:disabled),body.dm7YTc .XhPA0b:active:not(:disabled){color:rgb(248,249,250);color:var(--gm-neutraltextbutton-ink-color--stateful,rgb(248,249,250))}body.dm7YTc .XhPA0b .VfPpkd-UdE5de-uDEFge .VfPpkd-JGcpL-uI4vCe-LkdAo,body.dm7YTc .XhPA0b .VfPpkd-UdE5de-uDEFge .VfPpkd-JGcpL-IdXvz-LkdAo-Bd00G{stroke:rgb(232,234,237)}@media (-ms-high-contrast:active),screen and (forced-colors:active){body.dm7YTc .XhPA0b .VfPpkd-UdE5de-uDEFge .VfPpkd-JGcpL-uI4vCe-LkdAo,body.dm7YTc .XhPA0b .VfPpkd-UdE5de-uDEFge .VfPpkd-JGcpL-IdXvz-LkdAo-Bd00G{stroke:CanvasText}}body.dm7YTc .XhPA0b .VfPpkd-Jh9lGc::before,body.dm7YTc .XhPA0b .VfPpkd-Jh9lGc::after{background-color:rgb(232,234,237);background-color:var(--gm-neutraltextbutton-state-color,rgb(232,234,237))}body.dm7YTc .XhPA0b:hover .VfPpkd-Jh9lGc::before,body.dm7YTc .XhPA0b.VfPpkd-ksKsZd-XxIAqe-OWXEXe-ZmdkE .VfPpkd-Jh9lGc::before{opacity:.04;opacity:var(--mdc-ripple-hover-opacity,.04)}body.dm7YTc .XhPA0b.VfPpkd-ksKsZd-mWPk3d-OWXEXe-AHe6Kc-XpnDCe .VfPpkd-Jh9lGc::before,body.dm7YTc .XhPA0b:not(.VfPpkd-ksKsZd-mWPk3d):focus .VfPpkd-Jh9lGc::before{transition-duration:75ms;opacity:.12;opacity:var(--mdc-ripple-focus-opacity,.12)}body.dm7YTc .XhPA0b:not(.VfPpkd-ksKsZd-mWPk3d) .VfPpkd-Jh9lGc::after{transition:opacity .15s linear}body.dm7YTc .XhPA0b:not(.VfPpkd-ksKsZd-mWPk3d):active .VfPpkd-Jh9lGc::after{transition-duration:75ms;opacity:.1;opacity:var(--mdc-ripple-press-opacity,.1)}body.dm7YTc .XhPA0b.VfPpkd-ksKsZd-mWPk3d{--mdc-ripple-fg-opacity:var(--mdc-ripple-press-opacity,0.1)}body.dm7YTc .XhPA0b:disabled:hover .VfPpkd-Jh9lGc::before,body.dm7YTc .XhPA0b:disabled.VfPpkd-ksKsZd-XxIAqe-OWXEXe-ZmdkE .VfPpkd-Jh9lGc::before{opacity:0;opacity:var(--mdc-ripple-hover-opacity,0)}body.dm7YTc .XhPA0b:disabled.VfPpkd-ksKsZd-mWPk3d-OWXEXe-AHe6Kc-XpnDCe .VfPpkd-Jh9lGc::before,body.dm7YTc .XhPA0b:disabled:not(.VfPpkd-ksKsZd-mWPk3d):focus .VfPpkd-Jh9lGc::before{transition-duration:75ms;opacity:0;opacity:var(--mdc-ripple-focus-opacity,0)}body.dm7YTc .XhPA0b:disabled:not(.VfPpkd-ksKsZd-mWPk3d) .VfPpkd-Jh9lGc::after{transition:opacity .15s linear}body.dm7YTc .XhPA0b:disabled:not(.VfPpkd-ksKsZd-mWPk3d):active .VfPpkd-Jh9lGc::after{transition-duration:75ms;opacity:0;opacity:var(--mdc-ripple-press-opacity,0)}body.dm7YTc .XhPA0b:disabled.VfPpkd-ksKsZd-mWPk3d{--mdc-ripple-fg-opacity:var(--mdc-ripple-press-opacity,0)}body.dm7YTc .eT1oJ{z-index:0}body.dm7YTc .eT1oJ .VfPpkd-Bz112c-Jh9lGc::before,body.dm7YTc .eT1oJ .VfPpkd-Bz112c-Jh9lGc::after{z-index:-1}body.dm7YTc .eT1oJ:disabled{color:rgba(232,234,237,.38);color:var(--gm-iconbutton-disabled-ink-color,rgba(232,234,237,.38))}body.dm7YTc .eT1oJ .VfPpkd-Bz112c-Jh9lGc::before,body.dm7YTc .eT1oJ .VfPpkd-Bz112c-Jh9lGc::after{background-color:rgb(232,234,237);background-color:var(--mdc-ripple-color,rgb(232,234,237))}body.dm7YTc .eT1oJ:hover .VfPpkd-Bz112c-Jh9lGc::before,body.dm7YTc .eT1oJ.VfPpkd-ksKsZd-XxIAqe-OWXEXe-ZmdkE .VfPpkd-Bz112c-Jh9lGc::before{opacity:.04;opacity:var(--mdc-ripple-hover-opacity,.04)}body.dm7YTc .eT1oJ.VfPpkd-ksKsZd-mWPk3d-OWXEXe-AHe6Kc-XpnDCe .VfPpkd-Bz112c-Jh9lGc::before,body.dm7YTc .eT1oJ:not(.VfPpkd-ksKsZd-mWPk3d):focus .VfPpkd-Bz112c-Jh9lGc::before{transition-duration:75ms;opacity:.12;opacity:var(--mdc-ripple-focus-opacity,.12)}body.dm7YTc .eT1oJ:not(.VfPpkd-ksKsZd-mWPk3d) .VfPpkd-Bz112c-Jh9lGc::after{transition:opacity .15s linear}body.dm7YTc .eT1oJ:not(.VfPpkd-ksKsZd-mWPk3d):active .VfPpkd-Bz112c-Jh9lGc::after{transition-duration:75ms;opacity:.1;opacity:var(--mdc-ripple-press-opacity,.1)}body.dm7YTc .eT1oJ.VfPpkd-ksKsZd-mWPk3d{--mdc-ripple-fg-opacity:var(--mdc-ripple-press-opacity,0.1)}body.dm7YTc .eT1oJ:disabled:hover .VfPpkd-Jh9lGc::before,body.dm7YTc .eT1oJ:disabled.VfPpkd-ksKsZd-XxIAqe-OWXEXe-ZmdkE .VfPpkd-Jh9lGc::before{opacity:0;opacity:var(--mdc-ripple-hover-opacity,0)}body.dm7YTc .eT1oJ:disabled.VfPpkd-ksKsZd-mWPk3d-OWXEXe-AHe6Kc-XpnDCe .VfPpkd-Jh9lGc::before,body.dm7YTc .eT1oJ:disabled:not(.VfPpkd-ksKsZd-mWPk3d):focus .VfPpkd-Jh9lGc::before{transition-duration:75ms;opacity:0;opacity:var(--mdc-ripple-focus-opacity,0)}body.dm7YTc .eT1oJ:disabled:not(.VfPpkd-ksKsZd-mWPk3d) .VfPpkd-Jh9lGc::after{transition:opacity .15s linear}body.dm7YTc .eT1oJ:disabled:not(.VfPpkd-ksKsZd-mWPk3d):active .VfPpkd-Jh9lGc::after{transition-duration:75ms;opacity:0;opacity:var(--mdc-ripple-press-opacity,0)}body.dm7YTc .eT1oJ:disabled.VfPpkd-ksKsZd-mWPk3d{--mdc-ripple-fg-opacity:var(--mdc-ripple-press-opacity,0)}body.dm7YTc .tmJved{z-index:0}body.dm7YTc .tmJved .VfPpkd-Bz112c-Jh9lGc::before,body.dm7YTc .tmJved .VfPpkd-Bz112c-Jh9lGc::after{z-index:-1}body.dm7YTc .tmJved:disabled{color:rgba(232,234,237,.38);color:var(--gm-iconbutton-disabled-ink-color,rgba(232,234,237,.38))}body.dm7YTc .tmJved .VfPpkd-Bz112c-Jh9lGc::before,body.dm7YTc .tmJved .VfPpkd-Bz112c-Jh9lGc::after{background-color:rgb(232,234,237);background-color:var(--mdc-ripple-color,rgb(232,234,237))}body.dm7YTc .tmJved:hover .VfPpkd-Bz112c-Jh9lGc::before,body.dm7YTc .tmJved.VfPpkd-ksKsZd-XxIAqe-OWXEXe-ZmdkE .VfPpkd-Bz112c-Jh9lGc::before{opacity:.04;opacity:var(--mdc-ripple-hover-opacity,.04)}body.dm7YTc .tmJved.VfPpkd-ksKsZd-mWPk3d-OWXEXe-AHe6Kc-XpnDCe .VfPpkd-Bz112c-Jh9lGc::before,body.dm7YTc .tmJved:not(.VfPpkd-ksKsZd-mWPk3d):focus .VfPpkd-Bz112c-Jh9lGc::before{transition-duration:75ms;opacity:.12;opacity:var(--mdc-ripple-focus-opacity,.12)}body.dm7YTc .tmJved:not(.VfPpkd-ksKsZd-mWPk3d) .VfPpkd-Bz112c-Jh9lGc::after{transition:opacity .15s linear}body.dm7YTc .tmJved:not(.VfPpkd-ksKsZd-mWPk3d):active .VfPpkd-Bz112c-Jh9lGc::after{transition-duration:75ms;opacity:.1;opacity:var(--mdc-ripple-press-opacity,.1)}body.dm7YTc .tmJved.VfPpkd-ksKsZd-mWPk3d{--mdc-ripple-fg-opacity:var(--mdc-ripple-press-opacity,0.1)}body.dm7YTc .tmJved:disabled:hover .VfPpkd-Jh9lGc::before,body.dm7YTc .tmJved:disabled.VfPpkd-ksKsZd-XxIAqe-OWXEXe-ZmdkE .VfPpkd-Jh9lGc::before{opacity:0;opacity:var(--mdc-ripple-hover-opacity,0)}body.dm7YTc .tmJved:disabled.VfPpkd-ksKsZd-mWPk3d-OWXEXe-AHe6Kc-XpnDCe .VfPpkd-Jh9lGc::before,body.dm7YTc .tmJved:disabled:not(.VfPpkd-ksKsZd-mWPk3d):focus .VfPpkd-Jh9lGc::before{transition-duration:75ms;opacity:0;opacity:var(--mdc-ripple-focus-opacity,0)}body.dm7YTc .tmJved:disabled:not(.VfPpkd-ksKsZd-mWPk3d) .VfPpkd-Jh9lGc::after{transition:opacity .15s linear}body.dm7YTc .tmJved:disabled:not(.VfPpkd-ksKsZd-mWPk3d):active .VfPpkd-Jh9lGc::after{transition-duration:75ms;opacity:0;opacity:var(--mdc-ripple-press-opacity,0)}body.dm7YTc .tmJved:disabled.VfPpkd-ksKsZd-mWPk3d{--mdc-ripple-fg-opacity:var(--mdc-ripple-press-opacity,0)}body.dm7YTc .AaN0Dd{background-color:rgb(32,33,36);border:1px solid rgb(95,99,104);box-shadow:none}body.dm7YTc .AaN0Dd .VfPpkd-BFbNVe-bF1uUb{opacity:0}body.dm7YTc .AaN0Dd .VfPpkd-EScbFb-JIbuQc .VfPpkd-FJ5hab::before,body.dm7YTc .AaN0Dd .VfPpkd-EScbFb-JIbuQc .VfPpkd-FJ5hab::after{background-color:rgb(232,234,237);background-color:var(--mdc-ripple-color,rgb(232,234,237))}body.dm7YTc .AaN0Dd .VfPpkd-EScbFb-JIbuQc:hover .VfPpkd-FJ5hab::before,body.dm7YTc .AaN0Dd .VfPpkd-EScbFb-JIbuQc.VfPpkd-ksKsZd-XxIAqe-OWXEXe-ZmdkE .VfPpkd-FJ5hab::before{opacity:.04;opacity:var(--mdc-ripple-hover-opacity,.04)}body.dm7YTc .AaN0Dd .VfPpkd-EScbFb-JIbuQc.VfPpkd-ksKsZd-mWPk3d-OWXEXe-AHe6Kc-XpnDCe .VfPpkd-FJ5hab::before,body.dm7YTc .AaN0Dd .VfPpkd-EScbFb-JIbuQc:not(.VfPpkd-ksKsZd-mWPk3d):focus .VfPpkd-FJ5hab::before{transition-duration:75ms;opacity:.12;opacity:var(--mdc-ripple-focus-opacity,.12)}body.dm7YTc .AaN0Dd .VfPpkd-EScbFb-JIbuQc:not(.VfPpkd-ksKsZd-mWPk3d) .VfPpkd-FJ5hab::after{transition:opacity .15s linear}body.dm7YTc .AaN0Dd .VfPpkd-EScbFb-JIbuQc:not(.VfPpkd-ksKsZd-mWPk3d):active .VfPpkd-FJ5hab::after{transition-duration:75ms;opacity:.1;opacity:var(--mdc-ripple-press-opacity,.1)}body.dm7YTc .AaN0Dd .VfPpkd-EScbFb-JIbuQc.VfPpkd-ksKsZd-mWPk3d{--mdc-ripple-fg-opacity:var(--mdc-ripple-press-opacity,0.1)}body.dm7YTc .AaN0Dd .VfPpkd-gBNGNe{z-index:1}body.dm7YTc .BKdRne{background-color:rgb(32,33,36);border-width:0;box-shadow:0 1px 2px 0 rgba(0,0,0,.3),0 1px 3px 1px rgba(0,0,0,.15)}body.dm7YTc .BKdRne .VfPpkd-BFbNVe-bF1uUb{opacity:.05}body.dm7YTc .BKdRne .VfPpkd-EScbFb-JIbuQc .VfPpkd-FJ5hab::before,body.dm7YTc .BKdRne .VfPpkd-EScbFb-JIbuQc .VfPpkd-FJ5hab::after{background-color:rgb(232,234,237);background-color:var(--mdc-ripple-color,rgb(232,234,237))}body.dm7YTc .BKdRne .VfPpkd-EScbFb-JIbuQc:hover .VfPpkd-FJ5hab::before,body.dm7YTc .BKdRne .VfPpkd-EScbFb-JIbuQc.VfPpkd-ksKsZd-XxIAqe-OWXEXe-ZmdkE .VfPpkd-FJ5hab::before{opacity:.04;opacity:var(--mdc-ripple-hover-opacity,.04)}body.dm7YTc .BKdRne .VfPpkd-EScbFb-JIbuQc.VfPpkd-ksKsZd-mWPk3d-OWXEXe-AHe6Kc-XpnDCe .VfPpkd-FJ5hab::before,body.dm7YTc .BKdRne .VfPpkd-EScbFb-JIbuQc:not(.VfPpkd-ksKsZd-mWPk3d):focus .VfPpkd-FJ5hab::before{transition-duration:75ms;opacity:.12;opacity:var(--mdc-ripple-focus-opacity,.12)}body.dm7YTc .BKdRne .VfPpkd-EScbFb-JIbuQc:not(.VfPpkd-ksKsZd-mWPk3d) .VfPpkd-FJ5hab::after{transition:opacity .15s linear}body.dm7YTc .BKdRne .VfPpkd-EScbFb-JIbuQc:not(.VfPpkd-ksKsZd-mWPk3d):active .VfPpkd-FJ5hab::after{transition-duration:75ms;opacity:.1;opacity:var(--mdc-ripple-press-opacity,.1)}body.dm7YTc .BKdRne .VfPpkd-EScbFb-JIbuQc.VfPpkd-ksKsZd-mWPk3d{--mdc-ripple-fg-opacity:var(--mdc-ripple-press-opacity,0.1)}body.dm7YTc .BKdRne .VfPpkd-gBNGNe{z-index:1}body.dm7YTc .swXlm .VfPpkd-muHVFf-bMcfAe[disabled]:not(:checked):not(:indeterminate):not([data-indeterminate=true])~.VfPpkd-YQoJzd{border-color:rgba(232,234,237,.38);border-color:var(--mdc-checkbox-disabled-unselected-icon-color,rgba(232,234,237,.38));background-color:transparent}body.dm7YTc .swXlm .VfPpkd-muHVFf-bMcfAe[disabled]:checked~.VfPpkd-YQoJzd,body.dm7YTc .swXlm .VfPpkd-muHVFf-bMcfAe[disabled]:indeterminate~.VfPpkd-YQoJzd,body.dm7YTc .swXlm .VfPpkd-muHVFf-bMcfAe[data-indeterminate=true][disabled]~.VfPpkd-YQoJzd{border-color:transparent;background-color:rgba(232,234,237,.38);background-color:var(--mdc-checkbox-disabled-selected-icon-color,rgba(232,234,237,.38))}body.dm7YTc .swXlm .VfPpkd-muHVFf-bMcfAe:enabled~.VfPpkd-YQoJzd .VfPpkd-HUofsb{color:#202124;color:var(--mdc-checkbox-selected-checkmark-color,#202124)}body.dm7YTc .swXlm .VfPpkd-muHVFf-bMcfAe:enabled~.VfPpkd-YQoJzd .VfPpkd-SJnn3d{border-color:#202124;border-color:var(--mdc-checkbox-selected-checkmark-color,#202124)}body.dm7YTc .swXlm .VfPpkd-muHVFf-bMcfAe:disabled~.VfPpkd-YQoJzd .VfPpkd-HUofsb{color:#202124;color:var(--mdc-checkbox-disabled-selected-checkmark-color,#202124)}body.dm7YTc .swXlm .VfPpkd-muHVFf-bMcfAe:disabled~.VfPpkd-YQoJzd .VfPpkd-SJnn3d{border-color:#202124;border-color:var(--mdc-checkbox-disabled-selected-checkmark-color,#202124)}body.dm7YTc .swXlm .VfPpkd-muHVFf-bMcfAe:enabled:not(:checked):not(:indeterminate):not([data-indeterminate=true])~.VfPpkd-YQoJzd{border-color:#9aa0a6;border-color:var(--mdc-checkbox-unselected-icon-color,#9aa0a6);background-color:transparent}body.dm7YTc .swXlm .VfPpkd-muHVFf-bMcfAe:enabled:checked~.VfPpkd-YQoJzd,body.dm7YTc .swXlm .VfPpkd-muHVFf-bMcfAe:enabled:indeterminate~.VfPpkd-YQoJzd,body.dm7YTc .swXlm .VfPpkd-muHVFf-bMcfAe[data-indeterminate=true]:enabled~.VfPpkd-YQoJzd{border-color:#8ab4f8;border-color:var(--mdc-checkbox-selected-icon-color,#8ab4f8);background-color:#8ab4f8;background-color:var(--mdc-checkbox-selected-icon-color,#8ab4f8)}@keyframes mdc-checkbox-fade-in-background-FF9AA0A6FF8AB4F800000000FF8AB4F8{0%{border-color:#9aa0a6;border-color:var(--mdc-checkbox-unselected-icon-color,#9aa0a6);background-color:transparent}50%{border-color:#8ab4f8;border-color:var(--mdc-checkbox-selected-icon-color,#8ab4f8);background-color:#8ab4f8;background-color:var(--mdc-checkbox-selected-icon-color,#8ab4f8)}}@keyframes mdc-checkbox-fade-out-background-FF9AA0A6FF8AB4F800000000FF8AB4F8{0%,80%{border-color:#8ab4f8;border-color:var(--mdc-checkbox-selected-icon-color,#8ab4f8);background-color:#8ab4f8;background-color:var(--mdc-checkbox-selected-icon-color,#8ab4f8)}100%{border-color:#9aa0a6;border-color:var(--mdc-checkbox-unselected-icon-color,#9aa0a6);background-color:transparent}}body.dm7YTc .swXlm.VfPpkd-MPu53c-OWXEXe-vwu2ne-iAfbIe-barxie .VfPpkd-muHVFf-bMcfAe:enabled~.VfPpkd-YQoJzd,body.dm7YTc .swXlm.VfPpkd-MPu53c-OWXEXe-vwu2ne-iAfbIe-A9y3zc .VfPpkd-muHVFf-bMcfAe:enabled~.VfPpkd-YQoJzd{animation-name:mdc-checkbox-fade-in-background-FF9AA0A6FF8AB4F800000000FF8AB4F8}body.dm7YTc .swXlm.VfPpkd-MPu53c-OWXEXe-vwu2ne-barxie-iAfbIe .VfPpkd-muHVFf-bMcfAe:enabled~.VfPpkd-YQoJzd,body.dm7YTc .swXlm.VfPpkd-MPu53c-OWXEXe-vwu2ne-A9y3zc-iAfbIe .VfPpkd-muHVFf-bMcfAe:enabled~.VfPpkd-YQoJzd{animation-name:mdc-checkbox-fade-out-background-FF9AA0A6FF8AB4F800000000FF8AB4F8}body.dm7YTc .swXlm:hover .VfPpkd-muHVFf-bMcfAe:enabled:not(:checked):not(:indeterminate):not([data-indeterminate=true])~.VfPpkd-YQoJzd{border-color:#f8f9fa;border-color:var(--mdc-checkbox-unselected-hover-icon-color,#f8f9fa);background-color:transparent}body.dm7YTc .swXlm:hover .VfPpkd-muHVFf-bMcfAe:enabled:checked~.VfPpkd-YQoJzd,body.dm7YTc .swXlm:hover .VfPpkd-muHVFf-bMcfAe:enabled:indeterminate~.VfPpkd-YQoJzd,body.dm7YTc .swXlm:hover .VfPpkd-muHVFf-bMcfAe[data-indeterminate=true]:enabled~.VfPpkd-YQoJzd{border-color:#aecbfa;border-color:var(--mdc-checkbox-selected-hover-icon-color,#aecbfa);background-color:#aecbfa;background-color:var(--mdc-checkbox-selected-hover-icon-color,#aecbfa)}body.dm7YTc .swXlm:hover.VfPpkd-MPu53c-OWXEXe-vwu2ne-iAfbIe-barxie .VfPpkd-muHVFf-bMcfAe:enabled~.VfPpkd-YQoJzd,body.dm7YTc .swXlm:hover.VfPpkd-MPu53c-OWXEXe-vwu2ne-iAfbIe-A9y3zc .VfPpkd-muHVFf-bMcfAe:enabled~.VfPpkd-YQoJzd{animation-name:mdc-checkbox-fade-in-background-FFF8F9FAFFAECBFA00000000FFAECBFA}body.dm7YTc .swXlm:hover.VfPpkd-MPu53c-OWXEXe-vwu2ne-barxie-iAfbIe .VfPpkd-muHVFf-bMcfAe:enabled~.VfPpkd-YQoJzd,body.dm7YTc .swXlm:hover.VfPpkd-MPu53c-OWXEXe-vwu2ne-A9y3zc-iAfbIe .VfPpkd-muHVFf-bMcfAe:enabled~.VfPpkd-YQoJzd{animation-name:mdc-checkbox-fade-out-background-FFF8F9FAFFAECBFA00000000FFAECBFA}body.dm7YTc .swXlm.VfPpkd-ksKsZd-mWPk3d-OWXEXe-AHe6Kc-XpnDCe .VfPpkd-muHVFf-bMcfAe:enabled:not(:checked):not(:indeterminate):not([data-indeterminate=true])~.VfPpkd-YQoJzd,body.dm7YTc .swXlm:not(.VfPpkd-ksKsZd-mWPk3d):focus .VfPpkd-muHVFf-bMcfAe:enabled:not(:checked):not(:indeterminate):not([data-indeterminate=true])~.VfPpkd-YQoJzd{border-color:#f8f9fa;border-color:var(--mdc-checkbox-unselected-focus-icon-color,#f8f9fa);background-color:transparent}body.dm7YTc .swXlm.VfPpkd-ksKsZd-mWPk3d-OWXEXe-AHe6Kc-XpnDCe .VfPpkd-muHVFf-bMcfAe:enabled:checked~.VfPpkd-YQoJzd,body.dm7YTc .swXlm.VfPpkd-ksKsZd-mWPk3d-OWXEXe-AHe6Kc-XpnDCe .VfPpkd-muHVFf-bMcfAe:enabled:indeterminate~.VfPpkd-YQoJzd,body.dm7YTc .swXlm.VfPpkd-ksKsZd-mWPk3d-OWXEXe-AHe6Kc-XpnDCe .VfPpkd-muHVFf-bMcfAe[data-indeterminate=true]:enabled~.VfPpkd-YQoJzd,body.dm7YTc .swXlm:not(.VfPpkd-ksKsZd-mWPk3d):focus .VfPpkd-muHVFf-bMcfAe:enabled:checked~.VfPpkd-YQoJzd,body.dm7YTc .swXlm:not(.VfPpkd-ksKsZd-mWPk3d):focus .VfPpkd-muHVFf-bMcfAe:enabled:indeterminate~.VfPpkd-YQoJzd,body.dm7YTc .swXlm:not(.VfPpkd-ksKsZd-mWPk3d):focus .VfPpkd-muHVFf-bMcfAe[data-indeterminate=true]:enabled~.VfPpkd-YQoJzd{border-color:#aecbfa;border-color:var(--mdc-checkbox-selected-focus-icon-color,#aecbfa);background-color:#aecbfa;background-color:var(--mdc-checkbox-selected-focus-icon-color,#aecbfa)}body.dm7YTc .swXlm.VfPpkd-ksKsZd-mWPk3d-OWXEXe-AHe6Kc-XpnDCe.VfPpkd-MPu53c-OWXEXe-vwu2ne-iAfbIe-barxie .VfPpkd-muHVFf-bMcfAe:enabled~.VfPpkd-YQoJzd,body.dm7YTc .swXlm.VfPpkd-ksKsZd-mWPk3d-OWXEXe-AHe6Kc-XpnDCe.VfPpkd-MPu53c-OWXEXe-vwu2ne-iAfbIe-A9y3zc .VfPpkd-muHVFf-bMcfAe:enabled~.VfPpkd-YQoJzd,body.dm7YTc .swXlm:not(.VfPpkd-ksKsZd-mWPk3d):focus.VfPpkd-MPu53c-OWXEXe-vwu2ne-iAfbIe-barxie .VfPpkd-muHVFf-bMcfAe:enabled~.VfPpkd-YQoJzd,body.dm7YTc .swXlm:not(.VfPpkd-ksKsZd-mWPk3d):focus.VfPpkd-MPu53c-OWXEXe-vwu2ne-iAfbIe-A9y3zc .VfPpkd-muHVFf-bMcfAe:enabled~.VfPpkd-YQoJzd{animation-name:mdc-checkbox-fade-in-background-FFF8F9FAFFAECBFA00000000FFAECBFA}body.dm7YTc .swXlm.VfPpkd-ksKsZd-mWPk3d-OWXEXe-AHe6Kc-XpnDCe.VfPpkd-MPu53c-OWXEXe-vwu2ne-barxie-iAfbIe .VfPpkd-muHVFf-bMcfAe:enabled~.VfPpkd-YQoJzd,body.dm7YTc .swXlm.VfPpkd-ksKsZd-mWPk3d-OWXEXe-AHe6Kc-XpnDCe.VfPpkd-MPu53c-OWXEXe-vwu2ne-A9y3zc-iAfbIe .VfPpkd-muHVFf-bMcfAe:enabled~.VfPpkd-YQoJzd,body.dm7YTc .swXlm:not(.VfPpkd-ksKsZd-mWPk3d):focus.VfPpkd-MPu53c-OWXEXe-vwu2ne-barxie-iAfbIe .VfPpkd-muHVFf-bMcfAe:enabled~.VfPpkd-YQoJzd,body.dm7YTc .swXlm:not(.VfPpkd-ksKsZd-mWPk3d):focus.VfPpkd-MPu53c-OWXEXe-vwu2ne-A9y3zc-iAfbIe .VfPpkd-muHVFf-bMcfAe:enabled~.VfPpkd-YQoJzd{animation-name:mdc-checkbox-fade-out-background-FFF8F9FAFFAECBFA00000000FFAECBFA}body.dm7YTc .swXlm:not(:disabled):active .VfPpkd-muHVFf-bMcfAe:enabled:not(:checked):not(:indeterminate):not([data-indeterminate=true])~.VfPpkd-YQoJzd{border-color:#f8f9fa;border-color:var(--mdc-checkbox-unselected-pressed-icon-color,#f8f9fa);background-color:transparent}body.dm7YTc .swXlm:not(:disabled):active .VfPpkd-muHVFf-bMcfAe:enabled:checked~.VfPpkd-YQoJzd,body.dm7YTc .swXlm:not(:disabled):active .VfPpkd-muHVFf-bMcfAe:enabled:indeterminate~.VfPpkd-YQoJzd,body.dm7YTc .swXlm:not(:disabled):active .VfPpkd-muHVFf-bMcfAe[data-indeterminate=true]:enabled~.VfPpkd-YQoJzd{border-color:#aecbfa;border-color:var(--mdc-checkbox-selected-pressed-icon-color,#aecbfa);background-color:#aecbfa;background-color:var(--mdc-checkbox-selected-pressed-icon-color,#aecbfa)}@keyframes mdc-checkbox-fade-in-background-FFF8F9FAFFAECBFA00000000FFAECBFA{0%{border-color:#f8f9fa;border-color:var(--mdc-checkbox-unselected-pressed-icon-color,#f8f9fa);background-color:transparent}50%{border-color:#aecbfa;border-color:var(--mdc-checkbox-selected-pressed-icon-color,#aecbfa);background-color:#aecbfa;background-color:var(--mdc-checkbox-selected-pressed-icon-color,#aecbfa)}}@keyframes mdc-checkbox-fade-out-background-FFF8F9FAFFAECBFA00000000FFAECBFA{0%,80%{border-color:#aecbfa;border-color:var(--mdc-checkbox-selected-pressed-icon-color,#aecbfa);background-color:#aecbfa;background-color:var(--mdc-checkbox-selected-pressed-icon-color,#aecbfa)}100%{border-color:#f8f9fa;border-color:var(--mdc-checkbox-unselected-pressed-icon-color,#f8f9fa);background-color:transparent}}body.dm7YTc .swXlm:not(:disabled):active.VfPpkd-MPu53c-OWXEXe-vwu2ne-iAfbIe-barxie .VfPpkd-muHVFf-bMcfAe:enabled~.VfPpkd-YQoJzd,body.dm7YTc .swXlm:not(:disabled):active.VfPpkd-MPu53c-OWXEXe-vwu2ne-iAfbIe-A9y3zc .VfPpkd-muHVFf-bMcfAe:enabled~.VfPpkd-YQoJzd{animation-name:mdc-checkbox-fade-in-background-FFF8F9FAFFAECBFA00000000FFAECBFA}body.dm7YTc .swXlm:not(:disabled):active.VfPpkd-MPu53c-OWXEXe-vwu2ne-barxie-iAfbIe .VfPpkd-muHVFf-bMcfAe:enabled~.VfPpkd-YQoJzd,body.dm7YTc .swXlm:not(:disabled):active.VfPpkd-MPu53c-OWXEXe-vwu2ne-A9y3zc-iAfbIe .VfPpkd-muHVFf-bMcfAe:enabled~.VfPpkd-YQoJzd{animation-name:mdc-checkbox-fade-out-background-FFF8F9FAFFAECBFA00000000FFAECBFA}body.dm7YTc .swXlm .VfPpkd-OYHm6b::before,body.dm7YTc .swXlm .VfPpkd-OYHm6b::after{background-color:#e8eaed;background-color:var(--mdc-checkbox-unselected-hover-state-layer-color,#e8eaed)}body.dm7YTc .swXlm:hover .VfPpkd-OYHm6b::before,body.dm7YTc .swXlm.VfPpkd-ksKsZd-XxIAqe-OWXEXe-ZmdkE .VfPpkd-OYHm6b::before{opacity:.04;opacity:var(--mdc-checkbox-unselected-hover-state-layer-opacity,.04)}body.dm7YTc .swXlm.VfPpkd-ksKsZd-mWPk3d-OWXEXe-AHe6Kc-XpnDCe .VfPpkd-OYHm6b::before,body.dm7YTc .swXlm:not(.VfPpkd-ksKsZd-mWPk3d):focus .VfPpkd-OYHm6b::before{transition-duration:75ms;opacity:.12;opacity:var(--mdc-checkbox-unselected-focus-state-layer-opacity,.12)}body.dm7YTc .swXlm:not(.VfPpkd-ksKsZd-mWPk3d) .VfPpkd-OYHm6b::after{transition:opacity .15s linear}body.dm7YTc .swXlm:not(.VfPpkd-ksKsZd-mWPk3d):active .VfPpkd-OYHm6b::after{transition-duration:75ms;opacity:.1;opacity:var(--mdc-checkbox-unselected-pressed-state-layer-opacity,.1)}body.dm7YTc .swXlm.VfPpkd-ksKsZd-mWPk3d{--mdc-ripple-fg-opacity:var(--mdc-checkbox-unselected-pressed-state-layer-opacity,0.1)}body.dm7YTc .swXlm .VfPpkd-OYHm6b::before{background-color:#e8eaed;background-color:var(--mdc-checkbox-unselected-hover-state-layer-color,#e8eaed)}body.dm7YTc .swXlm .VfPpkd-OYHm6b::after{background-color:#8ab4f8;background-color:var(--mdc-checkbox-unselected-pressed-state-layer-color,#8ab4f8)}body.dm7YTc .swXlm.VfPpkd-MPu53c-OWXEXe-gk6SMd .VfPpkd-OYHm6b::before,body.dm7YTc .swXlm.VfPpkd-MPu53c-OWXEXe-gk6SMd .VfPpkd-OYHm6b::after{background-color:#8ab4f8;background-color:var(--mdc-checkbox-selected-hover-state-layer-color,#8ab4f8)}body.dm7YTc .swXlm.VfPpkd-MPu53c-OWXEXe-gk6SMd:hover .VfPpkd-OYHm6b::before,body.dm7YTc .swXlm.VfPpkd-MPu53c-OWXEXe-gk6SMd.VfPpkd-ksKsZd-XxIAqe-OWXEXe-ZmdkE .VfPpkd-OYHm6b::before{opacity:.04;opacity:var(--mdc-checkbox-selected-hover-state-layer-opacity,.04)}body.dm7YTc .swXlm.VfPpkd-MPu53c-OWXEXe-gk6SMd.VfPpkd-ksKsZd-mWPk3d-OWXEXe-AHe6Kc-XpnDCe .VfPpkd-OYHm6b::before,body.dm7YTc .swXlm.VfPpkd-MPu53c-OWXEXe-gk6SMd:not(.VfPpkd-ksKsZd-mWPk3d):focus .VfPpkd-OYHm6b::before{transition-duration:75ms;opacity:.12;opacity:var(--mdc-checkbox-selected-focus-state-layer-opacity,.12)}body.dm7YTc .swXlm.VfPpkd-MPu53c-OWXEXe-gk6SMd:not(.VfPpkd-ksKsZd-mWPk3d) .VfPpkd-OYHm6b::after{transition:opacity .15s linear}body.dm7YTc .swXlm.VfPpkd-MPu53c-OWXEXe-gk6SMd:not(.VfPpkd-ksKsZd-mWPk3d):active .VfPpkd-OYHm6b::after{transition-duration:75ms;opacity:.1;opacity:var(--mdc-checkbox-selected-pressed-state-layer-opacity,.1)}body.dm7YTc .swXlm.VfPpkd-MPu53c-OWXEXe-gk6SMd.VfPpkd-ksKsZd-mWPk3d{--mdc-ripple-fg-opacity:var(--mdc-checkbox-selected-pressed-state-layer-opacity,0.1)}body.dm7YTc .swXlm.VfPpkd-ksKsZd-mWPk3d-OWXEXe-AHe6Kc-XpnDCe.VfPpkd-MPu53c-OWXEXe-gk6SMd .VfPpkd-OYHm6b::before,body.dm7YTc .swXlm.VfPpkd-ksKsZd-mWPk3d-OWXEXe-AHe6Kc-XpnDCe.VfPpkd-MPu53c-OWXEXe-gk6SMd .VfPpkd-OYHm6b::after{background-color:#8ab4f8;background-color:var(--mdc-checkbox-selected-hover-state-layer-color,#8ab4f8)}@media screen and (forced-colors:active){body.dm7YTc .swXlm .VfPpkd-muHVFf-bMcfAe[disabled]:not(:checked):not(:indeterminate):not([data-indeterminate=true])~.VfPpkd-YQoJzd{border-color:GrayText;border-color:var(--mdc-checkbox-disabled-unselected-icon-color,GrayText);background-color:transparent}body.dm7YTc .swXlm .VfPpkd-muHVFf-bMcfAe[disabled]:checked~.VfPpkd-YQoJzd,body.dm7YTc .swXlm .VfPpkd-muHVFf-bMcfAe[disabled]:indeterminate~.VfPpkd-YQoJzd,body.dm7YTc .swXlm .VfPpkd-muHVFf-bMcfAe[data-indeterminate=true][disabled]~.VfPpkd-YQoJzd{border-color:GrayText;background-color:GrayText;background-color:var(--mdc-checkbox-disabled-selected-icon-color,GrayText)}body.dm7YTc .swXlm .VfPpkd-muHVFf-bMcfAe:enabled~.VfPpkd-YQoJzd .VfPpkd-HUofsb{color:ButtonText;color:var(--mdc-checkbox-selected-checkmark-color,ButtonText)}body.dm7YTc .swXlm .VfPpkd-muHVFf-bMcfAe:enabled~.VfPpkd-YQoJzd .VfPpkd-SJnn3d{border-color:ButtonText;border-color:var(--mdc-checkbox-selected-checkmark-color,ButtonText)}body.dm7YTc .swXlm .VfPpkd-muHVFf-bMcfAe:disabled~.VfPpkd-YQoJzd .VfPpkd-HUofsb{color:ButtonFace;color:var(--mdc-checkbox-disabled-selected-checkmark-color,ButtonFace)}body.dm7YTc .swXlm .VfPpkd-muHVFf-bMcfAe:disabled~.VfPpkd-YQoJzd .VfPpkd-SJnn3d{border-color:ButtonFace;border-color:var(--mdc-checkbox-disabled-selected-checkmark-color,ButtonFace)}}body.dm7YTc .MhRzze{font-family:"Google Sans",Roboto,Arial,sans-serif;line-height:1.25rem;font-size:.875rem;letter-spacing:.0178571429em;font-weight:500;transition:box-shadow .28s cubic-bezier(.4,0,.2,1);z-index:0;color:rgb(154,160,166);color:var(--gm-chip-ink-color,rgb(154,160,166))}body.dm7YTc .MhRzze.VfPpkd-XPtOyb-OWXEXe-SNIJTd{transition:box-shadow .28s cubic-bezier(.4,0,.2,1),opacity 75ms cubic-bezier(.4,0,.2,1),width .15s cubic-bezier(0,0,.2,1),padding .1s linear,margin .1s linear}body.dm7YTc .MhRzze .VfPpkd-v1cqY::before,body.dm7YTc .MhRzze .VfPpkd-v1cqY::after{z-index:-1}body.dm7YTc .MhRzze .VfPpkd-Zr1Nwf-OWXEXe-M1Soyc{color:#9aa0a6}body.dm7YTc .MhRzze .VfPpkd-StrnGf-XPtOyb-UbuQg-JIbuQc{color:rgb(154,160,166);color:var(--gm-chip-ink-color,rgb(154,160,166))}body.dm7YTc .MhRzze .VfPpkd-Zr1Nwf-OWXEXe-UbuQg{color:#9aa0a6}body.dm7YTc .MhRzze .VfPpkd-Zr1Nwf-OWXEXe-UbuQg:hover{color:#9aa0a6}body.dm7YTc .MhRzze .VfPpkd-Zr1Nwf-OWXEXe-UbuQg:focus{color:#9aa0a6}body.dm7YTc .MhRzze .VfPpkd-PvL5qd-Jt5cK{stroke:rgb(154,160,166);stroke:var(--gm-chip-ink-color,rgb(154,160,166))}body.dm7YTc .MhRzze:hover,body.dm7YTc .MhRzze.VfPpkd-ksKsZd-mWPk3d-OWXEXe-AHe6Kc-XpnDCe,body.dm7YTc .MhRzze:not(.VfPpkd-ksKsZd-mWPk3d):focus,body.dm7YTc .MhRzze:active{color:rgb(232,234,237);color:var(--gm-chip-ink-color--stateful,rgb(232,234,237))}body.dm7YTc .MhRzze:hover .VfPpkd-Zr1Nwf-OWXEXe-M1Soyc,body.dm7YTc .MhRzze.VfPpkd-ksKsZd-mWPk3d-OWXEXe-AHe6Kc-XpnDCe .VfPpkd-Zr1Nwf-OWXEXe-M1Soyc,body.dm7YTc .MhRzze:not(.VfPpkd-ksKsZd-mWPk3d):focus .VfPpkd-Zr1Nwf-OWXEXe-M1Soyc,body.dm7YTc .MhRzze:active .VfPpkd-Zr1Nwf-OWXEXe-M1Soyc{color:#e8eaed}body.dm7YTc .MhRzze:hover .VfPpkd-StrnGf-XPtOyb-UbuQg-JIbuQc,body.dm7YTc .MhRzze.VfPpkd-ksKsZd-mWPk3d-OWXEXe-AHe6Kc-XpnDCe .VfPpkd-StrnGf-XPtOyb-UbuQg-JIbuQc,body.dm7YTc .MhRzze:not(.VfPpkd-ksKsZd-mWPk3d):focus .VfPpkd-StrnGf-XPtOyb-UbuQg-JIbuQc,body.dm7YTc .MhRzze:active .VfPpkd-StrnGf-XPtOyb-UbuQg-JIbuQc{color:rgb(232,234,237);color:var(--gm-chip-ink-color--stateful,rgb(232,234,237))}body.dm7YTc .MhRzze:hover .VfPpkd-Zr1Nwf-OWXEXe-UbuQg,body.dm7YTc .MhRzze.VfPpkd-ksKsZd-mWPk3d-OWXEXe-AHe6Kc-XpnDCe .VfPpkd-Zr1Nwf-OWXEXe-UbuQg,body.dm7YTc .MhRzze:not(.VfPpkd-ksKsZd-mWPk3d):focus .VfPpkd-Zr1Nwf-OWXEXe-UbuQg,body.dm7YTc .MhRzze:active .VfPpkd-Zr1Nwf-OWXEXe-UbuQg{color:#e8eaed}body.dm7YTc .MhRzze:hover .VfPpkd-Zr1Nwf-OWXEXe-UbuQg:hover,body.dm7YTc .MhRzze.VfPpkd-ksKsZd-mWPk3d-OWXEXe-AHe6Kc-XpnDCe .VfPpkd-Zr1Nwf-OWXEXe-UbuQg:hover,body.dm7YTc .MhRzze:not(.VfPpkd-ksKsZd-mWPk3d):focus .VfPpkd-Zr1Nwf-OWXEXe-UbuQg:hover,body.dm7YTc .MhRzze:active .VfPpkd-Zr1Nwf-OWXEXe-UbuQg:hover{color:#e8eaed}body.dm7YTc .MhRzze:hover .VfPpkd-Zr1Nwf-OWXEXe-UbuQg:focus,body.dm7YTc .MhRzze.VfPpkd-ksKsZd-mWPk3d-OWXEXe-AHe6Kc-XpnDCe .VfPpkd-Zr1Nwf-OWXEXe-UbuQg:focus,body.dm7YTc .MhRzze:not(.VfPpkd-ksKsZd-mWPk3d):focus .VfPpkd-Zr1Nwf-OWXEXe-UbuQg:focus,body.dm7YTc .MhRzze:active .VfPpkd-Zr1Nwf-OWXEXe-UbuQg:focus{color:#e8eaed}body.dm7YTc .MhRzze:hover .VfPpkd-PvL5qd-Jt5cK,body.dm7YTc .MhRzze.VfPpkd-ksKsZd-mWPk3d-OWXEXe-AHe6Kc-XpnDCe .VfPpkd-PvL5qd-Jt5cK,body.dm7YTc .MhRzze:not(.VfPpkd-ksKsZd-mWPk3d):focus .VfPpkd-PvL5qd-Jt5cK,body.dm7YTc .MhRzze:active .VfPpkd-PvL5qd-Jt5cK{stroke:rgb(232,234,237);stroke:var(--gm-chip-ink-color--stateful,rgb(232,234,237))}body.dm7YTc .MhRzze.ALA4kc.VfPpkd-XPtOyb-OWXEXe-gk6SMd{background-color:rgba(138,180,248,.24);background-color:var(--gm-chip-container-color,rgba(138,180,248,.24));color:rgb(210,227,252);color:var(--gm-chip-ink-color,rgb(210,227,252));border-color:transparent;border-color:var(--gm-chip-outline-color--stateful,transparent)}body.dm7YTc .MhRzze.ALA4kc.VfPpkd-XPtOyb-OWXEXe-gk6SMd .VfPpkd-Zr1Nwf-OWXEXe-M1Soyc{color:#d2e3fc}body.dm7YTc .MhRzze.ALA4kc.VfPpkd-XPtOyb-OWXEXe-gk6SMd .VfPpkd-StrnGf-XPtOyb-UbuQg-JIbuQc{color:rgb(210,227,252);color:var(--gm-chip-ink-color,rgb(210,227,252))}body.dm7YTc .MhRzze.ALA4kc.VfPpkd-XPtOyb-OWXEXe-gk6SMd .VfPpkd-Zr1Nwf-OWXEXe-UbuQg{color:#d2e3fc}body.dm7YTc .MhRzze.ALA4kc.VfPpkd-XPtOyb-OWXEXe-gk6SMd .VfPpkd-Zr1Nwf-OWXEXe-UbuQg:hover{color:#d2e3fc}body.dm7YTc .MhRzze.ALA4kc.VfPpkd-XPtOyb-OWXEXe-gk6SMd .VfPpkd-Zr1Nwf-OWXEXe-UbuQg:focus{color:#d2e3fc}body.dm7YTc .MhRzze.ALA4kc.VfPpkd-XPtOyb-OWXEXe-gk6SMd .VfPpkd-PvL5qd-Jt5cK{stroke:rgb(210,227,252);stroke:var(--gm-chip-ink-color,rgb(210,227,252))}body.dm7YTc .MhRzze.ALA4kc.VfPpkd-XPtOyb-OWXEXe-gk6SMd:hover,body.dm7YTc .MhRzze.ALA4kc.VfPpkd-XPtOyb-OWXEXe-gk6SMd.VfPpkd-ksKsZd-mWPk3d-OWXEXe-AHe6Kc-XpnDCe,body.dm7YTc .MhRzze.ALA4kc.VfPpkd-XPtOyb-OWXEXe-gk6SMd:not(.VfPpkd-ksKsZd-mWPk3d):focus,body.dm7YTc .MhRzze.ALA4kc.VfPpkd-XPtOyb-OWXEXe-gk6SMd:active{color:#fff;color:var(--gm-chip-ink-color--stateful,#fff)}body.dm7YTc .MhRzze.ALA4kc.VfPpkd-XPtOyb-OWXEXe-gk6SMd:hover .VfPpkd-Zr1Nwf-OWXEXe-M1Soyc,body.dm7YTc .MhRzze.ALA4kc.VfPpkd-XPtOyb-OWXEXe-gk6SMd.VfPpkd-ksKsZd-mWPk3d-OWXEXe-AHe6Kc-XpnDCe .VfPpkd-Zr1Nwf-OWXEXe-M1Soyc,body.dm7YTc .MhRzze.ALA4kc.VfPpkd-XPtOyb-OWXEXe-gk6SMd:not(.VfPpkd-ksKsZd-mWPk3d):focus .VfPpkd-Zr1Nwf-OWXEXe-M1Soyc,body.dm7YTc .MhRzze.ALA4kc.VfPpkd-XPtOyb-OWXEXe-gk6SMd:active .VfPpkd-Zr1Nwf-OWXEXe-M1Soyc{color:white}body.dm7YTc .MhRzze.ALA4kc.VfPpkd-XPtOyb-OWXEXe-gk6SMd:hover .VfPpkd-StrnGf-XPtOyb-UbuQg-JIbuQc,body.dm7YTc .MhRzze.ALA4kc.VfPpkd-XPtOyb-OWXEXe-gk6SMd.VfPpkd-ksKsZd-mWPk3d-OWXEXe-AHe6Kc-XpnDCe .VfPpkd-StrnGf-XPtOyb-UbuQg-JIbuQc,body.dm7YTc .MhRzze.ALA4kc.VfPpkd-XPtOyb-OWXEXe-gk6SMd:not(.VfPpkd-ksKsZd-mWPk3d):focus .VfPpkd-StrnGf-XPtOyb-UbuQg-JIbuQc,body.dm7YTc .MhRzze.ALA4kc.VfPpkd-XPtOyb-OWXEXe-gk6SMd:active .VfPpkd-StrnGf-XPtOyb-UbuQg-JIbuQc{color:#fff;color:var(--gm-chip-ink-color--stateful,#fff)}body.dm7YTc .MhRzze.ALA4kc.VfPpkd-XPtOyb-OWXEXe-gk6SMd:hover .VfPpkd-Zr1Nwf-OWXEXe-UbuQg,body.dm7YTc .MhRzze.ALA4kc.VfPpkd-XPtOyb-OWXEXe-gk6SMd.VfPpkd-ksKsZd-mWPk3d-OWXEXe-AHe6Kc-XpnDCe .VfPpkd-Zr1Nwf-OWXEXe-UbuQg,body.dm7YTc .MhRzze.ALA4kc.VfPpkd-XPtOyb-OWXEXe-gk6SMd:not(.VfPpkd-ksKsZd-mWPk3d):focus .VfPpkd-Zr1Nwf-OWXEXe-UbuQg,body.dm7YTc .MhRzze.ALA4kc.VfPpkd-XPtOyb-OWXEXe-gk6SMd:active .VfPpkd-Zr1Nwf-OWXEXe-UbuQg{color:white}body.dm7YTc .MhRzze.ALA4kc.VfPpkd-XPtOyb-OWXEXe-gk6SMd:hover .VfPpkd-Zr1Nwf-OWXEXe-UbuQg:hover,body.dm7YTc .MhRzze.ALA4kc.VfPpkd-XPtOyb-OWXEXe-gk6SMd.VfPpkd-ksKsZd-mWPk3d-OWXEXe-AHe6Kc-XpnDCe .VfPpkd-Zr1Nwf-OWXEXe-UbuQg:hover,body.dm7YTc .MhRzze.ALA4kc.VfPpkd-XPtOyb-OWXEXe-gk6SMd:not(.VfPpkd-ksKsZd-mWPk3d):focus .VfPpkd-Zr1Nwf-OWXEXe-UbuQg:hover,body.dm7YTc .MhRzze.ALA4kc.VfPpkd-XPtOyb-OWXEXe-gk6SMd:active .VfPpkd-Zr1Nwf-OWXEXe-UbuQg:hover{color:white}body.dm7YTc .MhRzze.ALA4kc.VfPpkd-XPtOyb-OWXEXe-gk6SMd:hover .VfPpkd-Zr1Nwf-OWXEXe-UbuQg:focus,body.dm7YTc .MhRzze.ALA4kc.VfPpkd-XPtOyb-OWXEXe-gk6SMd.VfPpkd-ksKsZd-mWPk3d-OWXEXe-AHe6Kc-XpnDCe .VfPpkd-Zr1Nwf-OWXEXe-UbuQg:focus,body.dm7YTc .MhRzze.ALA4kc.VfPpkd-XPtOyb-OWXEXe-gk6SMd:not(.VfPpkd-ksKsZd-mWPk3d):focus .VfPpkd-Zr1Nwf-OWXEXe-UbuQg:focus,body.dm7YTc .MhRzze.ALA4kc.VfPpkd-XPtOyb-OWXEXe-gk6SMd:active .VfPpkd-Zr1Nwf-OWXEXe-UbuQg:focus{color:white}body.dm7YTc .MhRzze.ALA4kc.VfPpkd-XPtOyb-OWXEXe-gk6SMd:hover .VfPpkd-PvL5qd-Jt5cK,body.dm7YTc .MhRzze.ALA4kc.VfPpkd-XPtOyb-OWXEXe-gk6SMd.VfPpkd-ksKsZd-mWPk3d-OWXEXe-AHe6Kc-XpnDCe .VfPpkd-PvL5qd-Jt5cK,body.dm7YTc .MhRzze.ALA4kc.VfPpkd-XPtOyb-OWXEXe-gk6SMd:not(.VfPpkd-ksKsZd-mWPk3d):focus .VfPpkd-PvL5qd-Jt5cK,body.dm7YTc .MhRzze.ALA4kc.VfPpkd-XPtOyb-OWXEXe-gk6SMd:active .VfPpkd-PvL5qd-Jt5cK{stroke:#fff;stroke:var(--gm-chip-ink-color--stateful,#fff)}body.dm7YTc .MhRzze.ALA4kc.VfPpkd-XPtOyb-OWXEXe-gk6SMd .VfPpkd-BFbNVe-bF1uUb{opacity:0}body.dm7YTc .MhRzze.ALA4kc.VfPpkd-XPtOyb-OWXEXe-gk6SMd .VfPpkd-v1cqY::before,body.dm7YTc .MhRzze.ALA4kc.VfPpkd-XPtOyb-OWXEXe-gk6SMd .VfPpkd-v1cqY::after{background-color:rgb(210,227,252);background-color:var(--gm-chip-state-color,rgb(210,227,252))}body.dm7YTc .MhRzze.ALA4kc.VfPpkd-XPtOyb-OWXEXe-gk6SMd:hover .VfPpkd-v1cqY::before,body.dm7YTc .MhRzze.ALA4kc.VfPpkd-XPtOyb-OWXEXe-gk6SMd.VfPpkd-ksKsZd-XxIAqe-OWXEXe-ZmdkE .VfPpkd-v1cqY::before{opacity:.04;opacity:var(--mdc-ripple-hover-opacity,.04)}body.dm7YTc .MhRzze.ALA4kc.VfPpkd-XPtOyb-OWXEXe-gk6SMd.VfPpkd-ksKsZd-mWPk3d-OWXEXe-AHe6Kc-XpnDCe .VfPpkd-v1cqY::before,body.dm7YTc .MhRzze.ALA4kc.VfPpkd-XPtOyb-OWXEXe-gk6SMd:not(.VfPpkd-ksKsZd-mWPk3d):focus .VfPpkd-v1cqY::before{transition-duration:75ms;opacity:.12;opacity:var(--mdc-ripple-focus-opacity,.12)}body.dm7YTc .MhRzze.ALA4kc.VfPpkd-XPtOyb-OWXEXe-gk6SMd:not(.VfPpkd-ksKsZd-mWPk3d) .VfPpkd-v1cqY::after{transition:opacity .15s linear}body.dm7YTc .MhRzze.ALA4kc.VfPpkd-XPtOyb-OWXEXe-gk6SMd:not(.VfPpkd-ksKsZd-mWPk3d):active .VfPpkd-v1cqY::after{transition-duration:75ms;opacity:.1;opacity:var(--mdc-ripple-press-opacity,.1)}body.dm7YTc .MhRzze.ALA4kc.VfPpkd-XPtOyb-OWXEXe-gk6SMd.VfPpkd-ksKsZd-mWPk3d{--mdc-ripple-fg-opacity:var(--mdc-ripple-press-opacity,0.1)}body.dm7YTc .fNK4Mb{background-color:rgb(32,33,36);background-color:var(--gm-chip-container-color,rgb(32,33,36));padding-right:16px;padding-left:16px;border-width:0;box-shadow:0 1px 2px 0 rgba(0,0,0,.3),0 1px 3px 1px rgba(0,0,0,.15)}body.dm7YTc .fNK4Mb .VfPpkd-v1cqY::before,body.dm7YTc .fNK4Mb .VfPpkd-v1cqY::after{background-color:rgb(232,234,237);background-color:var(--gm-chip-state-color,rgb(232,234,237))}body.dm7YTc .fNK4Mb:hover .VfPpkd-v1cqY::before,body.dm7YTc .fNK4Mb.VfPpkd-ksKsZd-XxIAqe-OWXEXe-ZmdkE .VfPpkd-v1cqY::before{opacity:.04;opacity:var(--mdc-ripple-hover-opacity,.04)}body.dm7YTc .fNK4Mb.VfPpkd-ksKsZd-mWPk3d-OWXEXe-AHe6Kc-XpnDCe .VfPpkd-v1cqY::before,body.dm7YTc .fNK4Mb:not(.VfPpkd-ksKsZd-mWPk3d):focus .VfPpkd-v1cqY::before{transition-duration:75ms;opacity:.12;opacity:var(--mdc-ripple-focus-opacity,.12)}body.dm7YTc .fNK4Mb:not(.VfPpkd-ksKsZd-mWPk3d) .VfPpkd-v1cqY::after{transition:opacity .15s linear}body.dm7YTc .fNK4Mb:not(.VfPpkd-ksKsZd-mWPk3d):active .VfPpkd-v1cqY::after{transition-duration:75ms;opacity:.1;opacity:var(--mdc-ripple-press-opacity,.1)}body.dm7YTc .fNK4Mb.VfPpkd-ksKsZd-mWPk3d{--mdc-ripple-fg-opacity:var(--mdc-ripple-press-opacity,0.1)}body.dm7YTc .fNK4Mb .VfPpkd-BFbNVe-bF1uUb{opacity:.05}body.dm7YTc .fNK4Mb:hover{border-width:0;box-shadow:0 1px 2px 0 rgba(0,0,0,.3),0 2px 6px 2px rgba(0,0,0,.15)}body.dm7YTc .fNK4Mb:hover .VfPpkd-BFbNVe-bF1uUb{opacity:.08}body.dm7YTc .fNK4Mb:active{border-width:0;box-shadow:0 1px 3px 0 rgba(0,0,0,.3),0 4px 8px 3px rgba(0,0,0,.15)}body.dm7YTc .fNK4Mb:active .VfPpkd-BFbNVe-bF1uUb{opacity:.11}body.dm7YTc .EuHQ0d{background-color:transparent;background-color:var(--gm-chip-container-color,transparent);border-style:solid;padding-right:15px;padding-left:15px;border-width:1px;border-color:rgb(95,99,104);border-color:var(--gm-chip-outline-color,rgb(95,99,104))}body.dm7YTc .EuHQ0d .VfPpkd-v1cqY{top:-1px;left:-1px;border:1px solid transparent}body.dm7YTc .EuHQ0d .VfPpkd-v1cqY::before,body.dm7YTc .EuHQ0d .VfPpkd-v1cqY::after{background-color:rgb(232,234,237);background-color:var(--gm-chip-state-color,rgb(232,234,237))}body.dm7YTc .EuHQ0d:hover .VfPpkd-v1cqY::before,body.dm7YTc .EuHQ0d.VfPpkd-ksKsZd-XxIAqe-OWXEXe-ZmdkE .VfPpkd-v1cqY::before{opacity:.04;opacity:var(--mdc-ripple-hover-opacity,.04)}body.dm7YTc .EuHQ0d.VfPpkd-ksKsZd-mWPk3d-OWXEXe-AHe6Kc-XpnDCe .VfPpkd-v1cqY::before,body.dm7YTc .EuHQ0d:not(.VfPpkd-ksKsZd-mWPk3d):focus .VfPpkd-v1cqY::before{transition-duration:75ms;opacity:.12;opacity:var(--mdc-ripple-focus-opacity,.12)}body.dm7YTc .EuHQ0d:not(.VfPpkd-ksKsZd-mWPk3d) .VfPpkd-v1cqY::after{transition:opacity .15s linear}body.dm7YTc .EuHQ0d:not(.VfPpkd-ksKsZd-mWPk3d):active .VfPpkd-v1cqY::after{transition-duration:75ms;opacity:.1;opacity:var(--mdc-ripple-press-opacity,.1)}body.dm7YTc .EuHQ0d.VfPpkd-ksKsZd-mWPk3d{--mdc-ripple-fg-opacity:var(--mdc-ripple-press-opacity,0.1)}body.dm7YTc .EuHQ0d:focus,body.dm7YTc .EuHQ0d.VfPpkd-XPtOyb-OWXEXe-ssJRIf-JIbuQc-XpnDCe{border-color:rgb(232,234,237);border-color:var(--gm-chip-outline-color--stateful,rgb(232,234,237))}body.dm7YTc .EuHQ0d:active{box-shadow:none}body.dm7YTc .EuHQ0d:active .VfPpkd-BFbNVe-bF1uUb{opacity:0}body.dm7YTc .EuHQ0d.ALA4kc.VfPpkd-XPtOyb-OWXEXe-gk6SMd{padding-right:16px;padding-left:16px;border-width:0}body.dm7YTc .EuHQ0d.ALA4kc.VfPpkd-XPtOyb-OWXEXe-gk6SMd .VfPpkd-v1cqY{top:0;left:0;border:0 solid transparent}body.dm7YTc .EuHQ0d.ALA4kc.VfPpkd-XPtOyb-OWXEXe-gk6SMd:hover{box-shadow:0 1px 2px 0 rgba(0,0,0,.3),0 1px 3px 1px rgba(0,0,0,.15)}body.dm7YTc .EuHQ0d.ALA4kc.VfPpkd-XPtOyb-OWXEXe-gk6SMd:hover .VfPpkd-BFbNVe-bF1uUb{opacity:0}body.dm7YTc .EuHQ0d.ALA4kc.VfPpkd-XPtOyb-OWXEXe-gk6SMd:focus,body.dm7YTc .EuHQ0d.ALA4kc.VfPpkd-XPtOyb-OWXEXe-gk6SMd.VfPpkd-XPtOyb-OWXEXe-ssJRIf-JIbuQc-XpnDCe{padding-right:15px;padding-left:15px;border-width:1px}body.dm7YTc .EuHQ0d.ALA4kc.VfPpkd-XPtOyb-OWXEXe-gk6SMd:focus .VfPpkd-v1cqY,body.dm7YTc .EuHQ0d.ALA4kc.VfPpkd-XPtOyb-OWXEXe-gk6SMd.VfPpkd-XPtOyb-OWXEXe-ssJRIf-JIbuQc-XpnDCe .VfPpkd-v1cqY{top:-1px;left:-1px;border:1px solid transparent}body.dm7YTc .X4PEqe{color:rgb(232,234,237);color:var(--gm-chip-ink-color,rgb(232,234,237))}body.dm7YTc .X4PEqe .VfPpkd-Zr1Nwf.VfPpkd-Zr1Nwf-OWXEXe-M1Soyc:not(.VfPpkd-Zr1Nwf-OWXEXe-M1Soyc-L6cTce){width:20px;height:20px;font-size:20px}body.dm7YTc .X4PEqe.VfPpkd-XPtOyb-OWXEXe-gk6SMd .VfPpkd-PvL5qd,body.dm7YTc .X4PEqe .VfPpkd-Zr1Nwf-OWXEXe-M1Soyc:not(.VfPpkd-Zr1Nwf-OWXEXe-M1Soyc-L6cTce){margin-left:-8px;margin-right:8px}[dir=rtl] body.dm7YTc .X4PEqe.VfPpkd-XPtOyb-OWXEXe-gk6SMd .VfPpkd-PvL5qd,[dir=rtl] body.dm7YTc .X4PEqe .VfPpkd-Zr1Nwf-OWXEXe-M1Soyc:not(.VfPpkd-Zr1Nwf-OWXEXe-M1Soyc-L6cTce),body.dm7YTc .X4PEqe.VfPpkd-XPtOyb-OWXEXe-gk6SMd .VfPpkd-PvL5qd[dir=rtl],body.dm7YTc .X4PEqe .VfPpkd-Zr1Nwf-OWXEXe-M1Soyc:not(.VfPpkd-Zr1Nwf-OWXEXe-M1Soyc-L6cTce)[dir=rtl]{margin-left:8px;margin-right:-8px}body.dm7YTc .X4PEqe .VfPpkd-Zr1Nwf-OWXEXe-M1Soyc{color:#e8eaed}body.dm7YTc .X4PEqe .VfPpkd-StrnGf-XPtOyb-UbuQg-JIbuQc{color:rgb(232,234,237);color:var(--gm-chip-ink-color,rgb(232,234,237))}body.dm7YTc .X4PEqe .VfPpkd-Zr1Nwf-OWXEXe-UbuQg{color:#e8eaed}body.dm7YTc .X4PEqe .VfPpkd-Zr1Nwf-OWXEXe-UbuQg:hover{color:#e8eaed}body.dm7YTc .X4PEqe .VfPpkd-Zr1Nwf-OWXEXe-UbuQg:focus{color:#e8eaed}body.dm7YTc .X4PEqe .VfPpkd-PvL5qd-Jt5cK{stroke:rgb(232,234,237);stroke:var(--gm-chip-ink-color,rgb(232,234,237))}body.dm7YTc .X4PEqe:hover,body.dm7YTc .X4PEqe.VfPpkd-ksKsZd-mWPk3d-OWXEXe-AHe6Kc-XpnDCe,body.dm7YTc .X4PEqe:not(.VfPpkd-ksKsZd-mWPk3d):focus,body.dm7YTc .X4PEqe:active{color:rgb(248,249,250);color:var(--gm-chip-ink-color--stateful,rgb(248,249,250))}body.dm7YTc .X4PEqe:hover .VfPpkd-Zr1Nwf-OWXEXe-M1Soyc,body.dm7YTc .X4PEqe.VfPpkd-ksKsZd-mWPk3d-OWXEXe-AHe6Kc-XpnDCe .VfPpkd-Zr1Nwf-OWXEXe-M1Soyc,body.dm7YTc .X4PEqe:not(.VfPpkd-ksKsZd-mWPk3d):focus .VfPpkd-Zr1Nwf-OWXEXe-M1Soyc,body.dm7YTc .X4PEqe:active .VfPpkd-Zr1Nwf-OWXEXe-M1Soyc{color:#f8f9fa}body.dm7YTc .X4PEqe:hover .VfPpkd-StrnGf-XPtOyb-UbuQg-JIbuQc,body.dm7YTc .X4PEqe.VfPpkd-ksKsZd-mWPk3d-OWXEXe-AHe6Kc-XpnDCe .VfPpkd-StrnGf-XPtOyb-UbuQg-JIbuQc,body.dm7YTc .X4PEqe:not(.VfPpkd-ksKsZd-mWPk3d):focus .VfPpkd-StrnGf-XPtOyb-UbuQg-JIbuQc,body.dm7YTc .X4PEqe:active .VfPpkd-StrnGf-XPtOyb-UbuQg-JIbuQc{color:rgb(248,249,250);color:var(--gm-chip-ink-color--stateful,rgb(248,249,250))}body.dm7YTc .X4PEqe:hover .VfPpkd-Zr1Nwf-OWXEXe-UbuQg,body.dm7YTc .X4PEqe.VfPpkd-ksKsZd-mWPk3d-OWXEXe-AHe6Kc-XpnDCe .VfPpkd-Zr1Nwf-OWXEXe-UbuQg,body.dm7YTc .X4PEqe:not(.VfPpkd-ksKsZd-mWPk3d):focus .VfPpkd-Zr1Nwf-OWXEXe-UbuQg,body.dm7YTc .X4PEqe:active .VfPpkd-Zr1Nwf-OWXEXe-UbuQg{color:#f8f9fa}body.dm7YTc .X4PEqe:hover .VfPpkd-Zr1Nwf-OWXEXe-UbuQg:hover,body.dm7YTc .X4PEqe.VfPpkd-ksKsZd-mWPk3d-OWXEXe-AHe6Kc-XpnDCe .VfPpkd-Zr1Nwf-OWXEXe-UbuQg:hover,body.dm7YTc .X4PEqe:not(.VfPpkd-ksKsZd-mWPk3d):focus .VfPpkd-Zr1Nwf-OWXEXe-UbuQg:hover,body.dm7YTc .X4PEqe:active .VfPpkd-Zr1Nwf-OWXEXe-UbuQg:hover{color:#f8f9fa}body.dm7YTc .X4PEqe:hover .VfPpkd-Zr1Nwf-OWXEXe-UbuQg:focus,body.dm7YTc .X4PEqe.VfPpkd-ksKsZd-mWPk3d-OWXEXe-AHe6Kc-XpnDCe .VfPpkd-Zr1Nwf-OWXEXe-UbuQg:focus,body.dm7YTc .X4PEqe:not(.VfPpkd-ksKsZd-mWPk3d):focus .VfPpkd-Zr1Nwf-OWXEXe-UbuQg:focus,body.dm7YTc .X4PEqe:active .VfPpkd-Zr1Nwf-OWXEXe-UbuQg:focus{color:#f8f9fa}body.dm7YTc .X4PEqe:hover .VfPpkd-PvL5qd-Jt5cK,body.dm7YTc .X4PEqe.VfPpkd-ksKsZd-mWPk3d-OWXEXe-AHe6Kc-XpnDCe .VfPpkd-PvL5qd-Jt5cK,body.dm7YTc .X4PEqe:not(.VfPpkd-ksKsZd-mWPk3d):focus .VfPpkd-PvL5qd-Jt5cK,body.dm7YTc .X4PEqe:active .VfPpkd-PvL5qd-Jt5cK{stroke:rgb(248,249,250);stroke:var(--gm-chip-ink-color--stateful,rgb(248,249,250))}body.dm7YTc .Vo0FCd{font-family:Roboto,Arial,sans-serif;line-height:1.25rem;font-size:.875rem;letter-spacing:.0178571429em;font-weight:500;padding-right:11px;padding-left:11px;border-width:1px}body.dm7YTc .Vo0FCd .VfPpkd-Zr1Nwf.VfPpkd-Zr1Nwf-OWXEXe-M1Soyc:not(.VfPpkd-Zr1Nwf-OWXEXe-M1Soyc-L6cTce){width:20px;height:20px;font-size:20px}body.dm7YTc .Vo0FCd.VfPpkd-XPtOyb-OWXEXe-gk6SMd .VfPpkd-PvL5qd,body.dm7YTc .Vo0FCd .VfPpkd-Zr1Nwf-OWXEXe-M1Soyc:not(.VfPpkd-Zr1Nwf-OWXEXe-M1Soyc-L6cTce){margin-left:-3px;margin-right:8px}[dir=rtl] body.dm7YTc .Vo0FCd.VfPpkd-XPtOyb-OWXEXe-gk6SMd .VfPpkd-PvL5qd,[dir=rtl] body.dm7YTc .Vo0FCd .VfPpkd-Zr1Nwf-OWXEXe-M1Soyc:not(.VfPpkd-Zr1Nwf-OWXEXe-M1Soyc-L6cTce),body.dm7YTc .Vo0FCd.VfPpkd-XPtOyb-OWXEXe-gk6SMd .VfPpkd-PvL5qd[dir=rtl],body.dm7YTc .Vo0FCd .VfPpkd-Zr1Nwf-OWXEXe-M1Soyc:not(.VfPpkd-Zr1Nwf-OWXEXe-M1Soyc-L6cTce)[dir=rtl]{margin-left:8px;margin-right:-3px}body.dm7YTc .Vo0FCd .VfPpkd-StrnGf-XPtOyb-UbuQg-JIbuQc{margin-left:8px;margin-right:-7px}[dir=rtl] body.dm7YTc .Vo0FCd .VfPpkd-StrnGf-XPtOyb-UbuQg-JIbuQc,body.dm7YTc .Vo0FCd .VfPpkd-StrnGf-XPtOyb-UbuQg-JIbuQc[dir=rtl]{margin-left:-7px;margin-right:8px}body.dm7YTc .Vo0FCd .VfPpkd-Zr1Nwf-OWXEXe-UbuQg{margin-left:8px;margin-right:-7px}[dir=rtl] body.dm7YTc .Vo0FCd .VfPpkd-Zr1Nwf-OWXEXe-UbuQg,body.dm7YTc .Vo0FCd .VfPpkd-Zr1Nwf-OWXEXe-UbuQg[dir=rtl]{margin-left:-7px;margin-right:8px}body.dm7YTc .Vo0FCd .VfPpkd-v1cqY{top:-1px;left:-1px;border:1px solid transparent}body.dm7YTc .Vo0FCd.ALA4kc.VfPpkd-XPtOyb-OWXEXe-gk6SMd{padding-right:11px;padding-left:11px;border-width:1px;border-color:transparent;border-color:var(--gm-chip-outline-color,transparent)}body.dm7YTc .Vo0FCd.ALA4kc.VfPpkd-XPtOyb-OWXEXe-gk6SMd:focus,body.dm7YTc .Vo0FCd.ALA4kc.VfPpkd-XPtOyb-OWXEXe-gk6SMd.VfPpkd-XPtOyb-OWXEXe-ssJRIf-JIbuQc-XpnDCe{padding-right:11px;padding-left:11px;border-width:1px}body.dm7YTc .Vo0FCd.ALA4kc.VfPpkd-XPtOyb-OWXEXe-gk6SMd:focus .VfPpkd-v1cqY,body.dm7YTc .Vo0FCd.ALA4kc.VfPpkd-XPtOyb-OWXEXe-gk6SMd.VfPpkd-XPtOyb-OWXEXe-ssJRIf-JIbuQc-XpnDCe .VfPpkd-v1cqY{top:-1px;left:-1px;border:1px solid transparent}body.dm7YTc .Vo0FCd.ALA4kc.VfPpkd-XPtOyb-OWXEXe-gk6SMd .VfPpkd-v1cqY{top:-1px;left:-1px;border:1px solid transparent}body.dm7YTc .Vo0FCd.ALA4kc.VfPpkd-XPtOyb-OWXEXe-gk6SMd:focus,body.dm7YTc .Vo0FCd.ALA4kc.VfPpkd-XPtOyb-OWXEXe-gk6SMd.VfPpkd-XPtOyb-OWXEXe-ssJRIf-JIbuQc-XpnDCe{border-color:transparent;border-color:var(--gm-chip-outline-color--stateful,transparent)}body.dm7YTc .UMrnmb-XPtOyb-OWXEXe-to915-Ia7Qfc .VfPpkd-rOvkhd-Zr1Nwf-OWXEXe-ssJRIf{color:rgb(154,160,166)}body.dm7YTc .UMrnmb-XPtOyb-OWXEXe-to915-Ia7Qfc .VfPpkd-rOvkhd-jPmIDe-OWXEXe-ssJRIf:not(.VfPpkd-rOvkhd-jPmIDe-OWXEXe-SdanKc):hover .VfPpkd-rOvkhd-Zr1Nwf-OWXEXe-ssJRIf{color:rgb(232,234,237)}body.dm7YTc .UMrnmb-XPtOyb-OWXEXe-to915-Ia7Qfc .VfPpkd-rOvkhd-jPmIDe-OWXEXe-ssJRIf:not(.VfPpkd-rOvkhd-jPmIDe-OWXEXe-SdanKc).VfPpkd-ksKsZd-mWPk3d-OWXEXe-AHe6Kc-XpnDCe .VfPpkd-rOvkhd-Zr1Nwf-OWXEXe-ssJRIf,body.dm7YTc .UMrnmb-XPtOyb-OWXEXe-to915-Ia7Qfc .VfPpkd-rOvkhd-jPmIDe-OWXEXe-ssJRIf:not(.VfPpkd-rOvkhd-jPmIDe-OWXEXe-SdanKc):not(.VfPpkd-ksKsZd-mWPk3d):focus .VfPpkd-rOvkhd-Zr1Nwf-OWXEXe-ssJRIf{color:rgb(232,234,237)}body.dm7YTc .UMrnmb-XPtOyb-OWXEXe-to915-Ia7Qfc.VfPpkd-rOvkhd-XPtOyb-OWXEXe-OWB6Me .VfPpkd-rOvkhd-Zr1Nwf-OWXEXe-ssJRIf{color:rgba(232,234,237,.38)}body.dm7YTc .UMrnmb-XPtOyb-OWXEXe-to915-Ia7Qfc .VfPpkd-rOvkhd-TfeOUb-V67aGc{color:rgb(154,160,166)}body.dm7YTc .UMrnmb-XPtOyb-OWXEXe-to915-Ia7Qfc .VfPpkd-rOvkhd-jPmIDe-OWXEXe-ssJRIf:not(.VfPpkd-rOvkhd-jPmIDe-OWXEXe-SdanKc):hover .VfPpkd-rOvkhd-TfeOUb-V67aGc{color:rgb(232,234,237)}body.dm7YTc .UMrnmb-XPtOyb-OWXEXe-to915-Ia7Qfc .VfPpkd-rOvkhd-jPmIDe-OWXEXe-ssJRIf:not(.VfPpkd-rOvkhd-jPmIDe-OWXEXe-SdanKc).VfPpkd-ksKsZd-mWPk3d-OWXEXe-AHe6Kc-XpnDCe .VfPpkd-rOvkhd-TfeOUb-V67aGc,body.dm7YTc .UMrnmb-XPtOyb-OWXEXe-to915-Ia7Qfc .VfPpkd-rOvkhd-jPmIDe-OWXEXe-ssJRIf:not(.VfPpkd-rOvkhd-jPmIDe-OWXEXe-SdanKc):not(.VfPpkd-ksKsZd-mWPk3d):focus .VfPpkd-rOvkhd-TfeOUb-V67aGc{color:rgb(232,234,237)}body.dm7YTc .UMrnmb-XPtOyb-OWXEXe-to915-Ia7Qfc.VfPpkd-rOvkhd-XPtOyb-OWXEXe-OWB6Me .VfPpkd-rOvkhd-TfeOUb-V67aGc{color:rgba(232,234,237,.38)}body.dm7YTc .UMrnmb-XPtOyb-OWXEXe-to915-Ia7Qfc .VfPpkd-rOvkhd-jPmIDe-OWXEXe-ssJRIf .VfPpkd-rOvkhd-v1cqY::before,body.dm7YTc .UMrnmb-XPtOyb-OWXEXe-to915-Ia7Qfc .VfPpkd-rOvkhd-jPmIDe-OWXEXe-ssJRIf .VfPpkd-rOvkhd-v1cqY::after{background-color:rgb(232,234,237);background-color:var(--mdc-ripple-color,rgb(232,234,237))}body.dm7YTc .UMrnmb-XPtOyb-OWXEXe-to915-Ia7Qfc .VfPpkd-rOvkhd-jPmIDe-OWXEXe-ssJRIf:hover .VfPpkd-rOvkhd-v1cqY::before,body.dm7YTc .UMrnmb-XPtOyb-OWXEXe-to915-Ia7Qfc .VfPpkd-rOvkhd-jPmIDe-OWXEXe-ssJRIf.VfPpkd-ksKsZd-XxIAqe-OWXEXe-ZmdkE .VfPpkd-rOvkhd-v1cqY::before{opacity:.04;opacity:var(--mdc-ripple-hover-opacity,.04)}body.dm7YTc .UMrnmb-XPtOyb-OWXEXe-to915-Ia7Qfc .VfPpkd-rOvkhd-jPmIDe-OWXEXe-ssJRIf.VfPpkd-ksKsZd-mWPk3d-OWXEXe-AHe6Kc-XpnDCe .VfPpkd-rOvkhd-v1cqY::before,body.dm7YTc .UMrnmb-XPtOyb-OWXEXe-to915-Ia7Qfc .VfPpkd-rOvkhd-jPmIDe-OWXEXe-ssJRIf:not(.VfPpkd-ksKsZd-mWPk3d):focus .VfPpkd-rOvkhd-v1cqY::before{transition-duration:75ms;opacity:.12;opacity:var(--mdc-ripple-focus-opacity,.12)}body.dm7YTc .UMrnmb-XPtOyb-OWXEXe-to915-Ia7Qfc .VfPpkd-rOvkhd-jPmIDe-OWXEXe-ssJRIf:not(.VfPpkd-ksKsZd-mWPk3d) .VfPpkd-rOvkhd-v1cqY::after{transition:opacity .15s linear}body.dm7YTc .UMrnmb-XPtOyb-OWXEXe-to915-Ia7Qfc .VfPpkd-rOvkhd-jPmIDe-OWXEXe-ssJRIf:not(.VfPpkd-ksKsZd-mWPk3d):active .VfPpkd-rOvkhd-v1cqY::after{transition-duration:75ms;opacity:.1;opacity:var(--mdc-ripple-press-opacity,.1)}body.dm7YTc .UMrnmb-XPtOyb-OWXEXe-to915-Ia7Qfc .VfPpkd-rOvkhd-jPmIDe-OWXEXe-ssJRIf.VfPpkd-ksKsZd-mWPk3d{--mdc-ripple-fg-opacity:var(--mdc-ripple-press-opacity,0.1)}body.dm7YTc .UMrnmb-XPtOyb-OWXEXe-OmTp3c-to915-Ia7Qfc .VfPpkd-rOvkhd-Zr1Nwf-OWXEXe-ssJRIf{color:rgb(138,180,248)}body.dm7YTc .UMrnmb-XPtOyb-OWXEXe-OmTp3c-to915-Ia7Qfc .VfPpkd-rOvkhd-jPmIDe-OWXEXe-ssJRIf:not(.VfPpkd-rOvkhd-jPmIDe-OWXEXe-SdanKc):hover .VfPpkd-rOvkhd-Zr1Nwf-OWXEXe-ssJRIf{color:rgb(138,180,248)}body.dm7YTc .UMrnmb-XPtOyb-OWXEXe-OmTp3c-to915-Ia7Qfc .VfPpkd-rOvkhd-jPmIDe-OWXEXe-ssJRIf:not(.VfPpkd-rOvkhd-jPmIDe-OWXEXe-SdanKc).VfPpkd-ksKsZd-mWPk3d-OWXEXe-AHe6Kc-XpnDCe .VfPpkd-rOvkhd-Zr1Nwf-OWXEXe-ssJRIf,body.dm7YTc .UMrnmb-XPtOyb-OWXEXe-OmTp3c-to915-Ia7Qfc .VfPpkd-rOvkhd-jPmIDe-OWXEXe-ssJRIf:not(.VfPpkd-rOvkhd-jPmIDe-OWXEXe-SdanKc):not(.VfPpkd-ksKsZd-mWPk3d):focus .VfPpkd-rOvkhd-Zr1Nwf-OWXEXe-ssJRIf{color:rgb(138,180,248)}body.dm7YTc .UMrnmb-XPtOyb-OWXEXe-OmTp3c-to915-Ia7Qfc.VfPpkd-rOvkhd-XPtOyb-OWXEXe-OWB6Me .VfPpkd-rOvkhd-Zr1Nwf-OWXEXe-ssJRIf{color:rgba(232,234,237,.38)}body.dm7YTc .UMrnmb-XPtOyb-OWXEXe-OmTp3c-to915-Ia7Qfc .VfPpkd-rOvkhd-TfeOUb-V67aGc{color:rgb(232,234,237)}body.dm7YTc .UMrnmb-XPtOyb-OWXEXe-yOOK0-to915-Ia7Qfc.VfPpkd-rOvkhd-XPtOyb-OWXEXe-gk6SMd{background-color:rgba(138,180,248,.24)}body.dm7YTc .UMrnmb-XPtOyb-OWXEXe-yOOK0-to915-Ia7Qfc.VfPpkd-rOvkhd-XPtOyb-OWXEXe-gk6SMd.VfPpkd-rOvkhd-XPtOyb-OWXEXe-OWB6Me{background-color:rgba(232,234,237,.12)}body.dm7YTc .UMrnmb-XPtOyb-OWXEXe-yOOK0-to915-Ia7Qfc.VfPpkd-rOvkhd-XPtOyb-OWXEXe-gk6SMd .VfPpkd-rOvkhd-jPmIDe-OWXEXe-ssJRIf:before{border-color:transparent}@media screen and (forced-colors:active){body.dm7YTc .UMrnmb-XPtOyb-OWXEXe-yOOK0-to915-Ia7Qfc.VfPpkd-rOvkhd-XPtOyb-OWXEXe-gk6SMd .VfPpkd-rOvkhd-jPmIDe-OWXEXe-ssJRIf:before{border-color:CanvasText}}body.dm7YTc .UMrnmb-XPtOyb-OWXEXe-yOOK0-to915-Ia7Qfc.VfPpkd-rOvkhd-XPtOyb-OWXEXe-gk6SMd .VfPpkd-rOvkhd-jPmIDe-OWXEXe-ssJRIf:not(.VfPpkd-rOvkhd-jPmIDe-OWXEXe-SdanKc).VfPpkd-ksKsZd-mWPk3d-OWXEXe-AHe6Kc-XpnDCe:before,body.dm7YTc .UMrnmb-XPtOyb-OWXEXe-yOOK0-to915-Ia7Qfc.VfPpkd-rOvkhd-XPtOyb-OWXEXe-gk6SMd .VfPpkd-rOvkhd-jPmIDe-OWXEXe-ssJRIf:not(.VfPpkd-rOvkhd-jPmIDe-OWXEXe-SdanKc):not(.VfPpkd-ksKsZd-mWPk3d):focus:before{border-color:transparent}body.dm7YTc .UMrnmb-XPtOyb-OWXEXe-yOOK0-to915-Ia7Qfc.VfPpkd-rOvkhd-XPtOyb-OWXEXe-gk6SMd.VfPpkd-rOvkhd-XPtOyb-OWXEXe-OWB6Me .VfPpkd-rOvkhd-jPmIDe-OWXEXe-ssJRIf:before{border-color:transparent}@media screen and (forced-colors:active){body.dm7YTc .UMrnmb-XPtOyb-OWXEXe-yOOK0-to915-Ia7Qfc.VfPpkd-rOvkhd-XPtOyb-OWXEXe-gk6SMd.VfPpkd-rOvkhd-XPtOyb-OWXEXe-OWB6Me .VfPpkd-rOvkhd-jPmIDe-OWXEXe-ssJRIf:before{border-color:CanvasText}}body.dm7YTc .UMrnmb-XPtOyb-OWXEXe-yOOK0-to915-Ia7Qfc.VfPpkd-rOvkhd-XPtOyb-OWXEXe-gk6SMd .VfPpkd-rOvkhd-TfeOUb-V67aGc{color:rgb(210,227,252)}body.dm7YTc .UMrnmb-XPtOyb-OWXEXe-yOOK0-to915-Ia7Qfc.VfPpkd-rOvkhd-XPtOyb-OWXEXe-gk6SMd .VfPpkd-rOvkhd-jPmIDe-OWXEXe-ssJRIf:not(.VfPpkd-rOvkhd-jPmIDe-OWXEXe-SdanKc):hover .VfPpkd-rOvkhd-TfeOUb-V67aGc{color:#fff}body.dm7YTc .UMrnmb-XPtOyb-OWXEXe-yOOK0-to915-Ia7Qfc.VfPpkd-rOvkhd-XPtOyb-OWXEXe-gk6SMd .VfPpkd-rOvkhd-jPmIDe-OWXEXe-ssJRIf:not(.VfPpkd-rOvkhd-jPmIDe-OWXEXe-SdanKc).VfPpkd-ksKsZd-mWPk3d-OWXEXe-AHe6Kc-XpnDCe .VfPpkd-rOvkhd-TfeOUb-V67aGc,body.dm7YTc .UMrnmb-XPtOyb-OWXEXe-yOOK0-to915-Ia7Qfc.VfPpkd-rOvkhd-XPtOyb-OWXEXe-gk6SMd .VfPpkd-rOvkhd-jPmIDe-OWXEXe-ssJRIf:not(.VfPpkd-rOvkhd-jPmIDe-OWXEXe-SdanKc):not(.VfPpkd-ksKsZd-mWPk3d):focus .VfPpkd-rOvkhd-TfeOUb-V67aGc{color:#fff}body.dm7YTc .UMrnmb-XPtOyb-OWXEXe-yOOK0-to915-Ia7Qfc.VfPpkd-rOvkhd-XPtOyb-OWXEXe-gk6SMd.VfPpkd-rOvkhd-XPtOyb-OWXEXe-OWB6Me .VfPpkd-rOvkhd-TfeOUb-V67aGc{color:rgba(232,234,237,.38)}body.dm7YTc .UMrnmb-XPtOyb-OWXEXe-yOOK0-to915-Ia7Qfc .VfPpkd-rOvkhd-PvL5qd{color:rgb(210,227,252)}body.dm7YTc .UMrnmb-XPtOyb-OWXEXe-yOOK0-to915-Ia7Qfc .VfPpkd-rOvkhd-jPmIDe-OWXEXe-ssJRIf:not(.VfPpkd-rOvkhd-jPmIDe-OWXEXe-SdanKc):hover .VfPpkd-rOvkhd-PvL5qd{color:#fff}body.dm7YTc .UMrnmb-XPtOyb-OWXEXe-yOOK0-to915-Ia7Qfc .VfPpkd-rOvkhd-jPmIDe-OWXEXe-ssJRIf.VfPpkd-ksKsZd-mWPk3d-OWXEXe-AHe6Kc-XpnDCe .VfPpkd-rOvkhd-PvL5qd,body.dm7YTc .UMrnmb-XPtOyb-OWXEXe-yOOK0-to915-Ia7Qfc .VfPpkd-rOvkhd-jPmIDe-OWXEXe-ssJRIf:not(.VfPpkd-ksKsZd-mWPk3d):focus .VfPpkd-rOvkhd-PvL5qd{color:#fff}body.dm7YTc .UMrnmb-XPtOyb-OWXEXe-yOOK0-to915-Ia7Qfc.VfPpkd-rOvkhd-XPtOyb-OWXEXe-OWB6Me .VfPpkd-rOvkhd-PvL5qd{color:rgba(232,234,237,.38)}body.dm7YTc .UMrnmb-XPtOyb-OWXEXe-yOOK0-to915-Ia7Qfc.VfPpkd-rOvkhd-XPtOyb-OWXEXe-gk6SMd .VfPpkd-rOvkhd-jPmIDe-OWXEXe-ssJRIf .VfPpkd-rOvkhd-v1cqY::before,body.dm7YTc .UMrnmb-XPtOyb-OWXEXe-yOOK0-to915-Ia7Qfc.VfPpkd-rOvkhd-XPtOyb-OWXEXe-gk6SMd .VfPpkd-rOvkhd-jPmIDe-OWXEXe-ssJRIf .VfPpkd-rOvkhd-v1cqY::after{background-color:#fff;background-color:var(--mdc-ripple-color,#fff)}body.dm7YTc .UMrnmb-XPtOyb-OWXEXe-yOOK0-to915-Ia7Qfc.VfPpkd-rOvkhd-XPtOyb-OWXEXe-gk6SMd .VfPpkd-rOvkhd-jPmIDe-OWXEXe-ssJRIf:hover .VfPpkd-rOvkhd-v1cqY::before,body.dm7YTc .UMrnmb-XPtOyb-OWXEXe-yOOK0-to915-Ia7Qfc.VfPpkd-rOvkhd-XPtOyb-OWXEXe-gk6SMd .VfPpkd-rOvkhd-jPmIDe-OWXEXe-ssJRIf.VfPpkd-ksKsZd-XxIAqe-OWXEXe-ZmdkE .VfPpkd-rOvkhd-v1cqY::before{opacity:.04;opacity:var(--mdc-ripple-hover-opacity,.04)}body.dm7YTc .UMrnmb-XPtOyb-OWXEXe-yOOK0-to915-Ia7Qfc.VfPpkd-rOvkhd-XPtOyb-OWXEXe-gk6SMd .VfPpkd-rOvkhd-jPmIDe-OWXEXe-ssJRIf.VfPpkd-ksKsZd-mWPk3d-OWXEXe-AHe6Kc-XpnDCe .VfPpkd-rOvkhd-v1cqY::before,body.dm7YTc .UMrnmb-XPtOyb-OWXEXe-yOOK0-to915-Ia7Qfc.VfPpkd-rOvkhd-XPtOyb-OWXEXe-gk6SMd .VfPpkd-rOvkhd-jPmIDe-OWXEXe-ssJRIf:not(.VfPpkd-ksKsZd-mWPk3d):focus .VfPpkd-rOvkhd-v1cqY::before{transition-duration:75ms;opacity:.12;opacity:var(--mdc-ripple-focus-opacity,.12)}body.dm7YTc .UMrnmb-XPtOyb-OWXEXe-yOOK0-to915-Ia7Qfc.VfPpkd-rOvkhd-XPtOyb-OWXEXe-gk6SMd .VfPpkd-rOvkhd-jPmIDe-OWXEXe-ssJRIf:not(.VfPpkd-ksKsZd-mWPk3d) .VfPpkd-rOvkhd-v1cqY::after{transition:opacity .15s linear}body.dm7YTc .UMrnmb-XPtOyb-OWXEXe-yOOK0-to915-Ia7Qfc.VfPpkd-rOvkhd-XPtOyb-OWXEXe-gk6SMd .VfPpkd-rOvkhd-jPmIDe-OWXEXe-ssJRIf:not(.VfPpkd-ksKsZd-mWPk3d):active .VfPpkd-rOvkhd-v1cqY::after{transition-duration:75ms;opacity:.1;opacity:var(--mdc-ripple-press-opacity,.1)}body.dm7YTc .UMrnmb-XPtOyb-OWXEXe-yOOK0-to915-Ia7Qfc.VfPpkd-rOvkhd-XPtOyb-OWXEXe-gk6SMd .VfPpkd-rOvkhd-jPmIDe-OWXEXe-ssJRIf.VfPpkd-ksKsZd-mWPk3d{--mdc-ripple-fg-opacity:var(--mdc-ripple-press-opacity,0.1)}body.dm7YTc .UMrnmb-XPtOyb-OWXEXe-YPqjbf-to915-Ia7Qfc .VfPpkd-rOvkhd-Zr1Nwf-OWXEXe-UbuQg{color:rgb(154,160,166)}body.dm7YTc .UMrnmb-XPtOyb-OWXEXe-YPqjbf-to915-Ia7Qfc .VfPpkd-rOvkhd-jPmIDe-OWXEXe-UbuQg:hover .VfPpkd-rOvkhd-Zr1Nwf-OWXEXe-UbuQg{color:rgb(232,234,237)}body.dm7YTc .UMrnmb-XPtOyb-OWXEXe-YPqjbf-to915-Ia7Qfc .VfPpkd-rOvkhd-jPmIDe-OWXEXe-UbuQg.VfPpkd-ksKsZd-mWPk3d-OWXEXe-AHe6Kc-XpnDCe .VfPpkd-rOvkhd-Zr1Nwf-OWXEXe-UbuQg,body.dm7YTc .UMrnmb-XPtOyb-OWXEXe-YPqjbf-to915-Ia7Qfc .VfPpkd-rOvkhd-jPmIDe-OWXEXe-UbuQg:not(.VfPpkd-ksKsZd-mWPk3d):focus .VfPpkd-rOvkhd-Zr1Nwf-OWXEXe-UbuQg{color:rgb(232,234,237)}body.dm7YTc .UMrnmb-XPtOyb-OWXEXe-YPqjbf-to915-Ia7Qfc.VfPpkd-rOvkhd-XPtOyb-OWXEXe-OWB6Me .VfPpkd-rOvkhd-Zr1Nwf-OWXEXe-UbuQg{color:rgba(232,234,237,.38)}body.dm7YTc .UMrnmb-XPtOyb-OWXEXe-YPqjbf-to915-Ia7Qfc .VfPpkd-rOvkhd-jPmIDe-OWXEXe-UbuQg .VfPpkd-rOvkhd-v1cqY::before,body.dm7YTc .UMrnmb-XPtOyb-OWXEXe-YPqjbf-to915-Ia7Qfc .VfPpkd-rOvkhd-jPmIDe-OWXEXe-UbuQg .VfPpkd-rOvkhd-v1cqY::after{background-color:rgb(232,234,237);background-color:var(--mdc-ripple-color,rgb(232,234,237))}body.dm7YTc .UMrnmb-XPtOyb-OWXEXe-YPqjbf-to915-Ia7Qfc .VfPpkd-rOvkhd-jPmIDe-OWXEXe-UbuQg:hover .VfPpkd-rOvkhd-v1cqY::before,body.dm7YTc .UMrnmb-XPtOyb-OWXEXe-YPqjbf-to915-Ia7Qfc .VfPpkd-rOvkhd-jPmIDe-OWXEXe-UbuQg.VfPpkd-ksKsZd-XxIAqe-OWXEXe-ZmdkE .VfPpkd-rOvkhd-v1cqY::before{opacity:.04;opacity:var(--mdc-ripple-hover-opacity,.04)}body.dm7YTc .UMrnmb-XPtOyb-OWXEXe-YPqjbf-to915-Ia7Qfc .VfPpkd-rOvkhd-jPmIDe-OWXEXe-UbuQg.VfPpkd-ksKsZd-mWPk3d-OWXEXe-AHe6Kc-XpnDCe .VfPpkd-rOvkhd-v1cqY::before,body.dm7YTc .UMrnmb-XPtOyb-OWXEXe-YPqjbf-to915-Ia7Qfc .VfPpkd-rOvkhd-jPmIDe-OWXEXe-UbuQg:not(.VfPpkd-ksKsZd-mWPk3d):focus .VfPpkd-rOvkhd-v1cqY::before{transition-duration:75ms;opacity:.12;opacity:var(--mdc-ripple-focus-opacity,.12)}body.dm7YTc .UMrnmb-XPtOyb-OWXEXe-YPqjbf-to915-Ia7Qfc .VfPpkd-rOvkhd-jPmIDe-OWXEXe-UbuQg:not(.VfPpkd-ksKsZd-mWPk3d) .VfPpkd-rOvkhd-v1cqY::after{transition:opacity .15s linear}body.dm7YTc .UMrnmb-XPtOyb-OWXEXe-YPqjbf-to915-Ia7Qfc .VfPpkd-rOvkhd-jPmIDe-OWXEXe-UbuQg:not(.VfPpkd-ksKsZd-mWPk3d):active .VfPpkd-rOvkhd-v1cqY::after{transition-duration:75ms;opacity:.1;opacity:var(--mdc-ripple-press-opacity,.1)}body.dm7YTc .UMrnmb-XPtOyb-OWXEXe-YPqjbf-to915-Ia7Qfc .VfPpkd-rOvkhd-jPmIDe-OWXEXe-UbuQg.VfPpkd-ksKsZd-mWPk3d{--mdc-ripple-fg-opacity:var(--mdc-ripple-press-opacity,0.1)}body.dm7YTc .UMrnmb-XPtOyb-OWXEXe-aSvl1d-to915-Ia7Qfc{background-color:transparent}body.dm7YTc .UMrnmb-XPtOyb-OWXEXe-aSvl1d-to915-Ia7Qfc .VfPpkd-rOvkhd-jPmIDe-OWXEXe-ssJRIf:before{border-width:1px}body.dm7YTc .UMrnmb-XPtOyb-OWXEXe-aSvl1d-to915-Ia7Qfc .VfPpkd-rOvkhd-jPmIDe-OWXEXe-ssJRIf:before{border-style:solid}body.dm7YTc .UMrnmb-XPtOyb-OWXEXe-aSvl1d-to915-Ia7Qfc.VfPpkd-rOvkhd-XPtOyb-OWXEXe-OWB6Me{background-color:transparent}body.dm7YTc .UMrnmb-XPtOyb-OWXEXe-aSvl1d-to915-Ia7Qfc .VfPpkd-rOvkhd-jPmIDe-OWXEXe-ssJRIf:before{border-color:rgb(95,99,104)}body.dm7YTc .UMrnmb-XPtOyb-OWXEXe-aSvl1d-to915-Ia7Qfc .VfPpkd-rOvkhd-jPmIDe-OWXEXe-ssJRIf:not(.VfPpkd-rOvkhd-jPmIDe-OWXEXe-SdanKc).VfPpkd-ksKsZd-mWPk3d-OWXEXe-AHe6Kc-XpnDCe:before,body.dm7YTc .UMrnmb-XPtOyb-OWXEXe-aSvl1d-to915-Ia7Qfc .VfPpkd-rOvkhd-jPmIDe-OWXEXe-ssJRIf:not(.VfPpkd-rOvkhd-jPmIDe-OWXEXe-SdanKc):not(.VfPpkd-ksKsZd-mWPk3d):focus:before{border-color:rgb(232,234,237)}body.dm7YTc .UMrnmb-XPtOyb-OWXEXe-aSvl1d-to915-Ia7Qfc.VfPpkd-rOvkhd-XPtOyb-OWXEXe-OWB6Me .VfPpkd-rOvkhd-jPmIDe-OWXEXe-ssJRIf:before{border-color:rgba(232,234,237,.12)}body.dm7YTc .UMrnmb-XPtOyb-OWXEXe-ITYOJe-to915-Ia7Qfc{background-color:rgb(32,33,36);transition:border .28s cubic-bezier(.4,0,.2,1),box-shadow .28s cubic-bezier(.4,0,.2,1);box-shadow:0 1px 2px 0 rgba(0,0,0,.3),0 1px 3px 1px rgba(0,0,0,.15)}@media (-ms-high-contrast:active),screen and (forced-colors:active){body.dm7YTc .UMrnmb-XPtOyb-OWXEXe-ITYOJe-to915-Ia7Qfc .VfPpkd-rOvkhd-jPmIDe-OWXEXe-ssJRIf:before{border-width:1px}body.dm7YTc .UMrnmb-XPtOyb-OWXEXe-ITYOJe-to915-Ia7Qfc .VfPpkd-rOvkhd-jPmIDe-OWXEXe-ssJRIf:before{border-style:solid}}body.dm7YTc .UMrnmb-XPtOyb-OWXEXe-ITYOJe-to915-Ia7Qfc.VfPpkd-rOvkhd-XPtOyb-OWXEXe-OWB6Me{background-color:rgba(232,234,237,.12)}body.dm7YTc .UMrnmb-XPtOyb-OWXEXe-ITYOJe-to915-Ia7Qfc .VfPpkd-BFbNVe-bF1uUb{opacity:.05}body.dm7YTc .UMrnmb-XPtOyb-OWXEXe-ITYOJe-to915-Ia7Qfc:hover{box-shadow:0 1px 2px 0 rgba(0,0,0,.3),0 2px 6px 2px rgba(0,0,0,.15)}body.dm7YTc .UMrnmb-XPtOyb-OWXEXe-ITYOJe-to915-Ia7Qfc:hover .VfPpkd-BFbNVe-bF1uUb{opacity:.08}body.dm7YTc .UMrnmb-XPtOyb-OWXEXe-ITYOJe-to915-Ia7Qfc:active{box-shadow:0 1px 3px 0 rgba(0,0,0,.3),0 4px 8px 3px rgba(0,0,0,.15)}body.dm7YTc .UMrnmb-XPtOyb-OWXEXe-ITYOJe-to915-Ia7Qfc:active .VfPpkd-BFbNVe-bF1uUb{opacity:.11}body.dm7YTc .UMrnmb-XPtOyb-OWXEXe-ITYOJe-to915-Ia7Qfc.VfPpkd-rOvkhd-XPtOyb-OWXEXe-OWB6Me{box-shadow:none}body.dm7YTc .UMrnmb-XPtOyb-OWXEXe-ITYOJe-to915-Ia7Qfc.VfPpkd-rOvkhd-XPtOyb-OWXEXe-OWB6Me .VfPpkd-BFbNVe-bF1uUb{opacity:0}body.dm7YTc .a9u1Hb .VfPpkd-JGcpL-uI4vCe-LkdAo,body.dm7YTc .a9u1Hb .VfPpkd-JGcpL-IdXvz-LkdAo-Bd00G{stroke:rgb(102,157,246)}@media (-ms-high-contrast:active),screen and (forced-colors:active){body.dm7YTc .a9u1Hb .VfPpkd-JGcpL-uI4vCe-LkdAo,body.dm7YTc .a9u1Hb .VfPpkd-JGcpL-IdXvz-LkdAo-Bd00G{stroke:CanvasText}}body.dm7YTc .a9u1Hb .VfPpkd-JGcpL-Ydhldb-R6PoUb .VfPpkd-JGcpL-IdXvz-LkdAo-Bd00G{stroke:rgb(66,133,244)}@media (-ms-high-contrast:active),screen and (forced-colors:active){body.dm7YTc .a9u1Hb .VfPpkd-JGcpL-Ydhldb-R6PoUb .VfPpkd-JGcpL-IdXvz-LkdAo-Bd00G{stroke:CanvasText}}body.dm7YTc .a9u1Hb .VfPpkd-JGcpL-Ydhldb-ibL1re .VfPpkd-JGcpL-IdXvz-LkdAo-Bd00G{stroke:rgb(234,67,53)}@media (-ms-high-contrast:active),screen and (forced-colors:active){body.dm7YTc .a9u1Hb .VfPpkd-JGcpL-Ydhldb-ibL1re .VfPpkd-JGcpL-IdXvz-LkdAo-Bd00G{stroke:CanvasText}}body.dm7YTc .a9u1Hb .VfPpkd-JGcpL-Ydhldb-c5RTEf .VfPpkd-JGcpL-IdXvz-LkdAo-Bd00G{stroke:rgb(251,188,4)}@media (-ms-high-contrast:active),screen and (forced-colors:active){body.dm7YTc .a9u1Hb .VfPpkd-JGcpL-Ydhldb-c5RTEf .VfPpkd-JGcpL-IdXvz-LkdAo-Bd00G{stroke:CanvasText}}body.dm7YTc .a9u1Hb .VfPpkd-JGcpL-Ydhldb-II5mzb .VfPpkd-JGcpL-IdXvz-LkdAo-Bd00G{stroke:rgb(52,168,83)}@media (-ms-high-contrast:active),screen and (forced-colors:active){body.dm7YTc .a9u1Hb .VfPpkd-JGcpL-Ydhldb-II5mzb .VfPpkd-JGcpL-IdXvz-LkdAo-Bd00G{stroke:CanvasText}}body.dm7YTc .tKSZFd{background-color:rgb(32,33,36);border-color:rgb(95,99,104)}body.dm7YTc .tKSZFd .VfPpkd-wZVHld-vqLbZd-eEDwDf{background-color:rgb(32,33,36)}body.dm7YTc .tKSZFd .VfPpkd-wZVHld-vqLbZd-eEDwDf{color:rgb(232,234,237)}body.dm7YTc .tKSZFd .VfPpkd-wZVHld-gruSEe-j4LONd,body.dm7YTc .tKSZFd .VfPpkd-wZVHld-gruSEe-YMi5E-I8r9Db-DARUcf-V67aGc,body.dm7YTc .tKSZFd .VfPpkd-wZVHld-aOtOmf{color:rgb(232,234,237)}body.dm7YTc .tKSZFd .VfPpkd-wZVHld-xMbwt-OWXEXe-gk6SMd{background-color:rgba(138,180,248,.24)}body.dm7YTc .tKSZFd .VfPpkd-wZVHld-gruSEe-YMi5E-I8r9Db-DARUcf-O1htCb-OWXEXe-INsAgc:not(.VfPpkd-O1htCb-OWXEXe-OWB6Me) .VfPpkd-NSFCdd-Brv4Fb,body.dm7YTc .tKSZFd .VfPpkd-wZVHld-gruSEe-YMi5E-I8r9Db-DARUcf-O1htCb-OWXEXe-INsAgc:not(.VfPpkd-O1htCb-OWXEXe-OWB6Me) .VfPpkd-NSFCdd-Ra9xwd,body.dm7YTc .tKSZFd .VfPpkd-wZVHld-gruSEe-YMi5E-I8r9Db-DARUcf-O1htCb-OWXEXe-INsAgc:not(.VfPpkd-O1htCb-OWXEXe-OWB6Me) .VfPpkd-NSFCdd-MpmGFe{border-color:rgb(95,99,104)}body.dm7YTc .tKSZFd .VfPpkd-wZVHld-aOtOmf,body.dm7YTc .tKSZFd .VfPpkd-wZVHld-vqLbZd-eEDwDf{border-bottom-color:rgb(95,99,104)}body.dm7YTc .tKSZFd .VfPpkd-wZVHld-gruSEe{border-top-color:rgb(95,99,104)}body.dm7YTc .tKSZFd .VfPpkd-wZVHld-xMbwt:not(.VfPpkd-wZVHld-xMbwt-OWXEXe-gk6SMd):hover{background-color:rgba(232,234,237,.04)}body.dm7YTc .tKSZFd .VfPpkd-wZVHld-EcJZQc-Bz112c-LgbsSe{color:rgb(154,160,166)}body.dm7YTc .tKSZFd .VfPpkd-wZVHld-EcJZQc-Bz112c-LgbsSe .VfPpkd-Bz112c-Jh9lGc::before,body.dm7YTc .tKSZFd .VfPpkd-wZVHld-EcJZQc-Bz112c-LgbsSe .VfPpkd-Bz112c-Jh9lGc::after{background-color:rgb(154,160,166);background-color:var(--mdc-ripple-color,rgb(154,160,166))}body.dm7YTc .tKSZFd .VfPpkd-wZVHld-EcJZQc-Bz112c-LgbsSe:hover .VfPpkd-Bz112c-Jh9lGc::before,body.dm7YTc .tKSZFd .VfPpkd-wZVHld-EcJZQc-Bz112c-LgbsSe.VfPpkd-ksKsZd-XxIAqe-OWXEXe-ZmdkE .VfPpkd-Bz112c-Jh9lGc::before{opacity:.08;opacity:var(--mdc-ripple-hover-opacity,.08)}body.dm7YTc .tKSZFd .VfPpkd-wZVHld-EcJZQc-Bz112c-LgbsSe.VfPpkd-ksKsZd-mWPk3d-OWXEXe-AHe6Kc-XpnDCe .VfPpkd-Bz112c-Jh9lGc::before,body.dm7YTc .tKSZFd .VfPpkd-wZVHld-EcJZQc-Bz112c-LgbsSe:not(.VfPpkd-ksKsZd-mWPk3d):focus .VfPpkd-Bz112c-Jh9lGc::before{transition-duration:75ms;opacity:.24;opacity:var(--mdc-ripple-focus-opacity,.24)}body.dm7YTc .tKSZFd .VfPpkd-wZVHld-EcJZQc-Bz112c-LgbsSe:not(.VfPpkd-ksKsZd-mWPk3d) .VfPpkd-Bz112c-Jh9lGc::after{transition:opacity .15s linear}body.dm7YTc .tKSZFd .VfPpkd-wZVHld-EcJZQc-Bz112c-LgbsSe:not(.VfPpkd-ksKsZd-mWPk3d):active .VfPpkd-Bz112c-Jh9lGc::after{transition-duration:75ms;opacity:.24;opacity:var(--mdc-ripple-press-opacity,.24)}body.dm7YTc .tKSZFd .VfPpkd-wZVHld-EcJZQc-Bz112c-LgbsSe.VfPpkd-ksKsZd-mWPk3d{--mdc-ripple-fg-opacity:var(--mdc-ripple-press-opacity,0.24)}body.dm7YTc .tKSZFd .VfPpkd-wZVHld-vqLbZd-eEDwDf-OWXEXe-Evexob .VfPpkd-wZVHld-EcJZQc-Bz112c-LgbsSe{color:rgb(232,234,237)}body.dm7YTc .tKSZFd .VfPpkd-wZVHld-vqLbZd-eEDwDf-OWXEXe-Evexob .VfPpkd-wZVHld-EcJZQc-Bz112c-LgbsSe .VfPpkd-Bz112c-Jh9lGc::before,body.dm7YTc .tKSZFd .VfPpkd-wZVHld-vqLbZd-eEDwDf-OWXEXe-Evexob .VfPpkd-wZVHld-EcJZQc-Bz112c-LgbsSe .VfPpkd-Bz112c-Jh9lGc::after{background-color:rgb(232,234,237);background-color:var(--mdc-ripple-color,rgb(232,234,237))}body.dm7YTc .tKSZFd .VfPpkd-wZVHld-vqLbZd-eEDwDf-OWXEXe-Evexob .VfPpkd-wZVHld-EcJZQc-Bz112c-LgbsSe:hover .VfPpkd-Bz112c-Jh9lGc::before,body.dm7YTc .tKSZFd .VfPpkd-wZVHld-vqLbZd-eEDwDf-OWXEXe-Evexob .VfPpkd-wZVHld-EcJZQc-Bz112c-LgbsSe.VfPpkd-ksKsZd-XxIAqe-OWXEXe-ZmdkE .VfPpkd-Bz112c-Jh9lGc::before{opacity:.08;opacity:var(--mdc-ripple-hover-opacity,.08)}body.dm7YTc .tKSZFd .VfPpkd-wZVHld-vqLbZd-eEDwDf-OWXEXe-Evexob .VfPpkd-wZVHld-EcJZQc-Bz112c-LgbsSe.VfPpkd-ksKsZd-mWPk3d-OWXEXe-AHe6Kc-XpnDCe .VfPpkd-Bz112c-Jh9lGc::before,body.dm7YTc .tKSZFd .VfPpkd-wZVHld-vqLbZd-eEDwDf-OWXEXe-Evexob .VfPpkd-wZVHld-EcJZQc-Bz112c-LgbsSe:not(.VfPpkd-ksKsZd-mWPk3d):focus .VfPpkd-Bz112c-Jh9lGc::before{transition-duration:75ms;opacity:.24;opacity:var(--mdc-ripple-focus-opacity,.24)}body.dm7YTc .tKSZFd .VfPpkd-wZVHld-vqLbZd-eEDwDf-OWXEXe-Evexob .VfPpkd-wZVHld-EcJZQc-Bz112c-LgbsSe:not(.VfPpkd-ksKsZd-mWPk3d) .VfPpkd-Bz112c-Jh9lGc::after{transition:opacity .15s linear}body.dm7YTc .tKSZFd .VfPpkd-wZVHld-vqLbZd-eEDwDf-OWXEXe-Evexob .VfPpkd-wZVHld-EcJZQc-Bz112c-LgbsSe:not(.VfPpkd-ksKsZd-mWPk3d):active .VfPpkd-Bz112c-Jh9lGc::after{transition-duration:75ms;opacity:.24;opacity:var(--mdc-ripple-press-opacity,.24)}body.dm7YTc .tKSZFd .VfPpkd-wZVHld-vqLbZd-eEDwDf-OWXEXe-Evexob .VfPpkd-wZVHld-EcJZQc-Bz112c-LgbsSe.VfPpkd-ksKsZd-mWPk3d{--mdc-ripple-fg-opacity:var(--mdc-ripple-press-opacity,0.24)}body.dm7YTc .zNgRPc .bwNLcf{color:rgb(232,234,237);font-family:Roboto,Arial,sans-serif;line-height:1.5rem;font-size:1rem;letter-spacing:.00625em;font-weight:400}body.dm7YTc .zNgRPc .bwNLcf .VfPpkd-StrnGf-rymPhb-IhFlZd{color:rgb(154,160,166)}body.dm7YTc .zNgRPc .bwNLcf .VfPpkd-StrnGf-rymPhb-ibnC6b-OWXEXe-OWB6Me .VfPpkd-StrnGf-rymPhb-b9t22c,body.dm7YTc .zNgRPc .bwNLcf .VfPpkd-StrnGf-rymPhb-ibnC6b-OWXEXe-OWB6Me .VfPpkd-StrnGf-rymPhb-fpDzbe-fmcmS,body.dm7YTc .zNgRPc .bwNLcf .VfPpkd-StrnGf-rymPhb-ibnC6b-OWXEXe-OWB6Me .VfPpkd-StrnGf-rymPhb-L8ivfd-fmcmS{color:rgb(232,234,237)}body.dm7YTc .zNgRPc .bwNLcf .VfPpkd-StrnGf-rymPhb-ibnC6b-OWXEXe-OWB6Me .VfPpkd-StrnGf-rymPhb-b9t22c{opacity:.38}body.dm7YTc .zNgRPc .bwNLcf .VfPpkd-StrnGf-rymPhb-ibnC6b-OWXEXe-gk6SMd,body.dm7YTc .zNgRPc .bwNLcf .VfPpkd-StrnGf-rymPhb-ibnC6b-OWXEXe-pXU01b{color:rgb(232,234,237)}body.dm7YTc .zNgRPc .bwNLcf .VfPpkd-StrnGf-rymPhb-ibnC6b-OWXEXe-gk6SMd .VfPpkd-StrnGf-rymPhb-f7MjDc,body.dm7YTc .zNgRPc .bwNLcf .VfPpkd-StrnGf-rymPhb-ibnC6b-OWXEXe-pXU01b .VfPpkd-StrnGf-rymPhb-f7MjDc{color:rgb(232,234,237)}body.dm7YTc .zNgRPc .bwNLcf .VfPpkd-StrnGf-rymPhb-ibnC6b-OWXEXe-gk6SMd .VfPpkd-StrnGf-rymPhb-pZXsl::before{opacity:0}body.dm7YTc .zNgRPc .bwNLcf .VfPpkd-StrnGf-rymPhb-ibnC6b.VfPpkd-StrnGf-rymPhb-ibnC6b-OWXEXe-gk6SMd{background-color:rgba(138,180,248,.24)}body.dm7YTc .zNgRPc .bwNLcf .VfPpkd-StrnGf-rymPhb-ibnC6b.VfPpkd-StrnGf-rymPhb-ibnC6b-OWXEXe-gk6SMd .VfPpkd-StrnGf-rymPhb-pZXsl::before,body.dm7YTc .zNgRPc .bwNLcf .VfPpkd-StrnGf-rymPhb-ibnC6b.VfPpkd-StrnGf-rymPhb-ibnC6b-OWXEXe-gk6SMd .VfPpkd-StrnGf-rymPhb-pZXsl::after{background-color:rgb(138,180,248);background-color:var(--mdc-ripple-color,rgb(138,180,248))}body.dm7YTc .zNgRPc .bwNLcf .VfPpkd-StrnGf-rymPhb-ibnC6b.VfPpkd-StrnGf-rymPhb-ibnC6b-OWXEXe-gk6SMd:hover .VfPpkd-StrnGf-rymPhb-pZXsl::before,body.dm7YTc .zNgRPc .bwNLcf .VfPpkd-StrnGf-rymPhb-ibnC6b.VfPpkd-StrnGf-rymPhb-ibnC6b-OWXEXe-gk6SMd.VfPpkd-ksKsZd-XxIAqe-OWXEXe-ZmdkE .VfPpkd-StrnGf-rymPhb-pZXsl::before{opacity:.04;opacity:var(--mdc-ripple-hover-opacity,.04)}body.dm7YTc .zNgRPc .bwNLcf .VfPpkd-StrnGf-rymPhb-ibnC6b.VfPpkd-StrnGf-rymPhb-ibnC6b-OWXEXe-gk6SMd.VfPpkd-ksKsZd-mWPk3d-OWXEXe-AHe6Kc-XpnDCe .VfPpkd-StrnGf-rymPhb-pZXsl::before,body.dm7YTc .zNgRPc .bwNLcf .VfPpkd-StrnGf-rymPhb-ibnC6b.VfPpkd-StrnGf-rymPhb-ibnC6b-OWXEXe-gk6SMd:not(.VfPpkd-ksKsZd-mWPk3d):focus .VfPpkd-StrnGf-rymPhb-pZXsl::before{transition-duration:75ms;opacity:.12;opacity:var(--mdc-ripple-focus-opacity,.12)}body.dm7YTc .zNgRPc .bwNLcf .VfPpkd-StrnGf-rymPhb-ibnC6b.VfPpkd-StrnGf-rymPhb-ibnC6b-OWXEXe-gk6SMd:not(.VfPpkd-ksKsZd-mWPk3d) .VfPpkd-StrnGf-rymPhb-pZXsl::after{transition:opacity .15s linear}body.dm7YTc .zNgRPc .bwNLcf .VfPpkd-StrnGf-rymPhb-ibnC6b.VfPpkd-StrnGf-rymPhb-ibnC6b-OWXEXe-gk6SMd:not(.VfPpkd-ksKsZd-mWPk3d):active .VfPpkd-StrnGf-rymPhb-pZXsl::after{transition-duration:75ms;opacity:.1;opacity:var(--mdc-ripple-press-opacity,.1)}body.dm7YTc .zNgRPc .bwNLcf .VfPpkd-StrnGf-rymPhb-ibnC6b.VfPpkd-StrnGf-rymPhb-ibnC6b-OWXEXe-gk6SMd.VfPpkd-ksKsZd-mWPk3d{--mdc-ripple-fg-opacity:var(--mdc-ripple-press-opacity,0.1)}body.dm7YTc .zNgRPc .bwNLcf .VfPpkd-StrnGf-rymPhb-L8ivfd-fmcmS{color:rgb(154,160,166)}body.dm7YTc .zNgRPc .bwNLcf .VfPpkd-StrnGf-rymPhb-clz4Ic{border-bottom-color:rgba(232,234,237,.12)}body.dm7YTc .zNgRPc .bwNLcf .VfPpkd-StrnGf-rymPhb-f7MjDc{color:rgb(232,234,237)}body.dm7YTc .zNgRPc .bwNLcf .VfPpkd-StrnGf-rymPhb-ibnC6b .VfPpkd-StrnGf-rymPhb-pZXsl::before,body.dm7YTc .zNgRPc .bwNLcf .VfPpkd-StrnGf-rymPhb-ibnC6b .VfPpkd-StrnGf-rymPhb-pZXsl::after{background-color:rgb(232,234,237);background-color:var(--mdc-ripple-color,rgb(232,234,237))}body.dm7YTc .zNgRPc .bwNLcf .VfPpkd-StrnGf-rymPhb-ibnC6b:hover .VfPpkd-StrnGf-rymPhb-pZXsl::before,body.dm7YTc .zNgRPc .bwNLcf .VfPpkd-StrnGf-rymPhb-ibnC6b.VfPpkd-ksKsZd-XxIAqe-OWXEXe-ZmdkE .VfPpkd-StrnGf-rymPhb-pZXsl::before{opacity:.04;opacity:var(--mdc-ripple-hover-opacity,.04)}body.dm7YTc .zNgRPc .bwNLcf .VfPpkd-StrnGf-rymPhb-ibnC6b.VfPpkd-ksKsZd-mWPk3d-OWXEXe-AHe6Kc-XpnDCe .VfPpkd-StrnGf-rymPhb-pZXsl::before,body.dm7YTc .zNgRPc .bwNLcf .VfPpkd-StrnGf-rymPhb-ibnC6b:not(.VfPpkd-ksKsZd-mWPk3d):focus .VfPpkd-StrnGf-rymPhb-pZXsl::before{transition-duration:75ms;opacity:.12;opacity:var(--mdc-ripple-focus-opacity,.12)}body.dm7YTc .zNgRPc .bwNLcf .VfPpkd-StrnGf-rymPhb-ibnC6b:not(.VfPpkd-ksKsZd-mWPk3d) .VfPpkd-StrnGf-rymPhb-pZXsl::after{transition:opacity .15s linear}body.dm7YTc .zNgRPc .bwNLcf .VfPpkd-StrnGf-rymPhb-ibnC6b:not(.VfPpkd-ksKsZd-mWPk3d):active .VfPpkd-StrnGf-rymPhb-pZXsl::after{transition-duration:75ms;opacity:.1;opacity:var(--mdc-ripple-press-opacity,.1)}body.dm7YTc .zNgRPc .bwNLcf .VfPpkd-StrnGf-rymPhb-ibnC6b.VfPpkd-ksKsZd-mWPk3d{--mdc-ripple-fg-opacity:var(--mdc-ripple-press-opacity,0.1)}@media (-ms-high-contrast:active),screen and (forced-colors:active){body.dm7YTc .zNgRPc .bwNLcf .VfPpkd-StrnGf-rymPhb-ibnC6b-OWXEXe-OWB6Me .VfPpkd-StrnGf-rymPhb-b9t22c,body.dm7YTc .zNgRPc .bwNLcf .VfPpkd-StrnGf-rymPhb-ibnC6b-OWXEXe-OWB6Me .VfPpkd-StrnGf-rymPhb-fpDzbe-fmcmS,body.dm7YTc .zNgRPc .bwNLcf .VfPpkd-StrnGf-rymPhb-ibnC6b-OWXEXe-OWB6Me .VfPpkd-StrnGf-rymPhb-L8ivfd-fmcmS{color:GrayText}body.dm7YTc .zNgRPc .bwNLcf .VfPpkd-StrnGf-rymPhb-ibnC6b-OWXEXe-OWB6Me .VfPpkd-StrnGf-rymPhb-b9t22c{opacity:1}}body.dm7YTc .zNgRPc .bwNLcf .VfPpkd-rymPhb-Gtdoyb,body.dm7YTc .zNgRPc .bwNLcf .VfPpkd-rymPhb-fpDzbe-fmcmS{color:rgb(232,234,237)}body.dm7YTc .zNgRPc .bwNLcf .VfPpkd-rymPhb-bC5pod-fmcmS{color:rgb(154,160,166)}body.dm7YTc .zNgRPc .bwNLcf .VfPpkd-rymPhb-JMEf7e{color:rgb(154,160,166)}body.dm7YTc .zNgRPc .bwNLcf .VfPpkd-rymPhb-ibnC6b-OWXEXe-OWB6Me .VfPpkd-rymPhb-Gtdoyb,body.dm7YTc .zNgRPc .bwNLcf .VfPpkd-rymPhb-ibnC6b-OWXEXe-OWB6Me .VfPpkd-rymPhb-fpDzbe-fmcmS{color:rgb(232,234,237)}body.dm7YTc .zNgRPc .bwNLcf .VfPpkd-rymPhb-ibnC6b-OWXEXe-OWB6Me .VfPpkd-rymPhb-L8ivfd-fmcmS{color:rgb(232,234,237)}body.dm7YTc .zNgRPc .bwNLcf .VfPpkd-rymPhb-ibnC6b-OWXEXe-OWB6Me .VfPpkd-rymPhb-bC5pod-fmcmS{color:rgb(232,234,237)}body.dm7YTc .zNgRPc .bwNLcf .VfPpkd-rymPhb-ibnC6b-OWXEXe-OWB6Me.VfPpkd-rymPhb-ibnC6b-OWXEXe-SfQLQb-M1Soyc-Bz112c .VfPpkd-rymPhb-KkROqb{color:rgb(232,234,237)}body.dm7YTc .zNgRPc .bwNLcf .VfPpkd-rymPhb-ibnC6b-OWXEXe-OWB6Me.VfPpkd-rymPhb-ibnC6b-OWXEXe-SfQLQb-UbuQg-Bz112c .VfPpkd-rymPhb-JMEf7e{color:rgb(232,234,237)}body.dm7YTc .zNgRPc .bwNLcf .VfPpkd-rymPhb-ibnC6b-OWXEXe-OWB6Me.VfPpkd-rymPhb-ibnC6b-OWXEXe-SfQLQb-UbuQg-r4m2rf .VfPpkd-rymPhb-JMEf7e{color:rgb(232,234,237)}body.dm7YTc .zNgRPc .bwNLcf .VfPpkd-rymPhb-ibnC6b-OWXEXe-OWB6Me .VfPpkd-rymPhb-KkROqb,body.dm7YTc .zNgRPc .bwNLcf .VfPpkd-rymPhb-ibnC6b-OWXEXe-OWB6Me .VfPpkd-rymPhb-Gtdoyb,body.dm7YTc .zNgRPc .bwNLcf .VfPpkd-rymPhb-ibnC6b-OWXEXe-OWB6Me .VfPpkd-rymPhb-JMEf7e{opacity:.38}body.dm7YTc .zNgRPc .bwNLcf .VfPpkd-rymPhb-ibnC6b-OWXEXe-gk6SMd .VfPpkd-rymPhb-Gtdoyb,body.dm7YTc .zNgRPc .bwNLcf .VfPpkd-rymPhb-ibnC6b-OWXEXe-gk6SMd .VfPpkd-rymPhb-fpDzbe-fmcmS,body.dm7YTc .zNgRPc .bwNLcf .VfPpkd-rymPhb-ibnC6b-OWXEXe-pXU01b .VfPpkd-rymPhb-Gtdoyb,body.dm7YTc .zNgRPc .bwNLcf .VfPpkd-rymPhb-ibnC6b-OWXEXe-pXU01b .VfPpkd-rymPhb-fpDzbe-fmcmS{color:rgb(232,234,237)}body.dm7YTc .zNgRPc .bwNLcf .VfPpkd-rymPhb-ibnC6b-OWXEXe-gk6SMd.VfPpkd-rymPhb-ibnC6b-OWXEXe-SfQLQb-M1Soyc-Bz112c .VfPpkd-rymPhb-KkROqb,body.dm7YTc .zNgRPc .bwNLcf .VfPpkd-rymPhb-ibnC6b-OWXEXe-pXU01b.VfPpkd-rymPhb-ibnC6b-OWXEXe-SfQLQb-M1Soyc-Bz112c .VfPpkd-rymPhb-KkROqb{color:rgb(232,234,237)}body.dm7YTc .zNgRPc .bwNLcf .VfPpkd-rymPhb-ibnC6b-OWXEXe-gk6SMd .VfPpkd-rymPhb-pZXsl::before{opacity:0}body.dm7YTc .zNgRPc .bwNLcf .VfPpkd-rymPhb-ibnC6b.VfPpkd-rymPhb-ibnC6b-OWXEXe-gk6SMd{background-color:rgba(138,180,248,.24)}body.dm7YTc .zNgRPc .bwNLcf .VfPpkd-rymPhb-ibnC6b.VfPpkd-rymPhb-ibnC6b-OWXEXe-gk6SMd .VfPpkd-rymPhb-pZXsl::before,body.dm7YTc .zNgRPc .bwNLcf .VfPpkd-rymPhb-ibnC6b.VfPpkd-rymPhb-ibnC6b-OWXEXe-gk6SMd .VfPpkd-rymPhb-pZXsl::after{background-color:rgb(138,180,248);background-color:var(--mdc-ripple-color,rgb(138,180,248))}body.dm7YTc .zNgRPc .bwNLcf .VfPpkd-rymPhb-ibnC6b.VfPpkd-rymPhb-ibnC6b-OWXEXe-gk6SMd:hover .VfPpkd-rymPhb-pZXsl::before,body.dm7YTc .zNgRPc .bwNLcf .VfPpkd-rymPhb-ibnC6b.VfPpkd-rymPhb-ibnC6b-OWXEXe-gk6SMd.VfPpkd-ksKsZd-XxIAqe-OWXEXe-ZmdkE .VfPpkd-rymPhb-pZXsl::before{opacity:.04;opacity:var(--mdc-ripple-hover-opacity,.04)}body.dm7YTc .zNgRPc .bwNLcf .VfPpkd-rymPhb-ibnC6b.VfPpkd-rymPhb-ibnC6b-OWXEXe-gk6SMd.VfPpkd-ksKsZd-mWPk3d-OWXEXe-AHe6Kc-XpnDCe .VfPpkd-rymPhb-pZXsl::before,body.dm7YTc .zNgRPc .bwNLcf .VfPpkd-rymPhb-ibnC6b.VfPpkd-rymPhb-ibnC6b-OWXEXe-gk6SMd:not(.VfPpkd-ksKsZd-mWPk3d):focus .VfPpkd-rymPhb-pZXsl::before{transition-duration:75ms;opacity:.12;opacity:var(--mdc-ripple-focus-opacity,.12)}body.dm7YTc .zNgRPc .bwNLcf .VfPpkd-rymPhb-ibnC6b.VfPpkd-rymPhb-ibnC6b-OWXEXe-gk6SMd:not(.VfPpkd-ksKsZd-mWPk3d) .VfPpkd-rymPhb-pZXsl::after{transition:opacity .15s linear}body.dm7YTc .zNgRPc .bwNLcf .VfPpkd-rymPhb-ibnC6b.VfPpkd-rymPhb-ibnC6b-OWXEXe-gk6SMd:not(.VfPpkd-ksKsZd-mWPk3d):active .VfPpkd-rymPhb-pZXsl::after{transition-duration:75ms;opacity:.1;opacity:var(--mdc-ripple-press-opacity,.1)}body.dm7YTc .zNgRPc .bwNLcf .VfPpkd-rymPhb-ibnC6b.VfPpkd-rymPhb-ibnC6b-OWXEXe-gk6SMd.VfPpkd-ksKsZd-mWPk3d{--mdc-ripple-fg-opacity:var(--mdc-ripple-press-opacity,0.1)}body.dm7YTc .zNgRPc .bwNLcf .VfPpkd-rymPhb-L8ivfd-fmcmS{color:rgb(154,160,166)}body.dm7YTc .zNgRPc .bwNLcf .VfPpkd-rymPhb-clz4Ic{background-color:rgba(232,234,237,.12)}body.dm7YTc .zNgRPc .bwNLcf .VfPpkd-rymPhb-ibnC6b-OWXEXe-SfQLQb-M1Soyc-Bz112c .VfPpkd-rymPhb-KkROqb,body.dm7YTc .zNgRPc .bwNLcf .VfPpkd-rymPhb-ibnC6b-OWXEXe-SfQLQb-UbuQg-Bz112c .VfPpkd-rymPhb-JMEf7e{color:rgb(232,234,237)}body.dm7YTc .zNgRPc .bwNLcf .VfPpkd-rymPhb-ibnC6b .VfPpkd-rymPhb-pZXsl::before,body.dm7YTc .zNgRPc .bwNLcf .VfPpkd-rymPhb-ibnC6b .VfPpkd-rymPhb-pZXsl::after{background-color:rgb(232,234,237);background-color:var(--mdc-ripple-color,rgb(232,234,237))}body.dm7YTc .zNgRPc .bwNLcf .VfPpkd-rymPhb-ibnC6b:hover .VfPpkd-rymPhb-pZXsl::before,body.dm7YTc .zNgRPc .bwNLcf .VfPpkd-rymPhb-ibnC6b.VfPpkd-ksKsZd-XxIAqe-OWXEXe-ZmdkE .VfPpkd-rymPhb-pZXsl::before{opacity:.04;opacity:var(--mdc-ripple-hover-opacity,.04)}body.dm7YTc .zNgRPc .bwNLcf .VfPpkd-rymPhb-ibnC6b.VfPpkd-ksKsZd-mWPk3d-OWXEXe-AHe6Kc-XpnDCe .VfPpkd-rymPhb-pZXsl::before,body.dm7YTc .zNgRPc .bwNLcf .VfPpkd-rymPhb-ibnC6b:not(.VfPpkd-ksKsZd-mWPk3d):focus .VfPpkd-rymPhb-pZXsl::before{transition-duration:75ms;opacity:.12;opacity:var(--mdc-ripple-focus-opacity,.12)}body.dm7YTc .zNgRPc .bwNLcf .VfPpkd-rymPhb-ibnC6b:not(.VfPpkd-ksKsZd-mWPk3d) .VfPpkd-rymPhb-pZXsl::after{transition:opacity .15s linear}body.dm7YTc .zNgRPc .bwNLcf .VfPpkd-rymPhb-ibnC6b:not(.VfPpkd-ksKsZd-mWPk3d):active .VfPpkd-rymPhb-pZXsl::after{transition-duration:75ms;opacity:.1;opacity:var(--mdc-ripple-press-opacity,.1)}body.dm7YTc .zNgRPc .bwNLcf .VfPpkd-rymPhb-ibnC6b.VfPpkd-ksKsZd-mWPk3d{--mdc-ripple-fg-opacity:var(--mdc-ripple-press-opacity,0.1)}@media screen and (forced-colors:active){body.dm7YTc .zNgRPc .bwNLcf .VfPpkd-rymPhb-ibnC6b-OWXEXe-OWB6Me .VfPpkd-rymPhb-Gtdoyb,body.dm7YTc .zNgRPc .bwNLcf .VfPpkd-rymPhb-ibnC6b-OWXEXe-OWB6Me .VfPpkd-rymPhb-fpDzbe-fmcmS{color:GrayText}body.dm7YTc .zNgRPc .bwNLcf .VfPpkd-rymPhb-ibnC6b-OWXEXe-OWB6Me .VfPpkd-rymPhb-L8ivfd-fmcmS{color:GrayText}body.dm7YTc .zNgRPc .bwNLcf .VfPpkd-rymPhb-ibnC6b-OWXEXe-OWB6Me .VfPpkd-rymPhb-bC5pod-fmcmS{color:GrayText}body.dm7YTc .zNgRPc .bwNLcf .VfPpkd-rymPhb-ibnC6b-OWXEXe-OWB6Me.VfPpkd-rymPhb-ibnC6b-OWXEXe-SfQLQb-M1Soyc-Bz112c .VfPpkd-rymPhb-KkROqb{color:GrayText}body.dm7YTc .zNgRPc .bwNLcf .VfPpkd-rymPhb-ibnC6b-OWXEXe-OWB6Me.VfPpkd-rymPhb-ibnC6b-OWXEXe-SfQLQb-UbuQg-Bz112c .VfPpkd-rymPhb-JMEf7e{color:GrayText}body.dm7YTc .zNgRPc .bwNLcf .VfPpkd-rymPhb-ibnC6b-OWXEXe-OWB6Me.VfPpkd-rymPhb-ibnC6b-OWXEXe-SfQLQb-UbuQg-r4m2rf .VfPpkd-rymPhb-JMEf7e{color:GrayText}body.dm7YTc .zNgRPc .bwNLcf .VfPpkd-rymPhb-ibnC6b-OWXEXe-OWB6Me .VfPpkd-rymPhb-KkROqb,body.dm7YTc .zNgRPc .bwNLcf .VfPpkd-rymPhb-ibnC6b-OWXEXe-OWB6Me .VfPpkd-rymPhb-Gtdoyb,body.dm7YTc .zNgRPc .bwNLcf .VfPpkd-rymPhb-ibnC6b-OWXEXe-OWB6Me .VfPpkd-rymPhb-JMEf7e{opacity:1}}body.dm7YTc .zNgRPc .VfPpkd-XqMb-hFsbo{color:rgb(154,160,166)}body.dm7YTc .zNgRPc .VfPpkd-XqMb-hFsbo:hover{color:rgb(248,249,250)}body.dm7YTc .zNgRPc .VfPpkd-XqMb-hFsbo.VfPpkd-ksKsZd-mWPk3d-OWXEXe-AHe6Kc-XpnDCe,body.dm7YTc .zNgRPc .VfPpkd-XqMb-hFsbo:not(.VfPpkd-ksKsZd-mWPk3d):focus{color:rgb(248,249,250)}body.dm7YTc .zNgRPc .VfPpkd-XqMb-hFsbo:not(:disabled):active{color:rgb(248,249,250)}body.dm7YTc .zNgRPc .VfPpkd-XqMb-hFsbo .VfPpkd-Bz112c-Jh9lGc::before,body.dm7YTc .zNgRPc .VfPpkd-XqMb-hFsbo .VfPpkd-Bz112c-Jh9lGc::after{background-color:rgb(232,234,237);background-color:var(--mdc-ripple-color,rgb(232,234,237))}body.dm7YTc .zNgRPc .VfPpkd-XqMb-hFsbo-OWXEXe-FGU2Pb-OWB6Me{color:rgba(232,234,237,.38)}body.dm7YTc .zNgRPc .VfPpkd-XqMb-hFsbo-OWXEXe-FGU2Pb-OWB6Me:hover,body.dm7YTc .zNgRPc .VfPpkd-XqMb-hFsbo-OWXEXe-FGU2Pb-OWB6Me.VfPpkd-ksKsZd-mWPk3d-OWXEXe-AHe6Kc-XpnDCe,body.dm7YTc .zNgRPc .VfPpkd-XqMb-hFsbo-OWXEXe-FGU2Pb-OWB6Me:not(.VfPpkd-ksKsZd-mWPk3d):focus,body.dm7YTc .zNgRPc .VfPpkd-XqMb-hFsbo-OWXEXe-FGU2Pb-OWB6Me:not(:disabled):active{color:rgba(232,234,237,.38)}body.dm7YTc .zNgRPc .VfPpkd-XqMb-S2QgGf-kj0dLd:not(:disabled){color:rgb(154,160,166);color:var(--mdc-text-button-label-text-color,rgb(154,160,166))}body.dm7YTc .zNgRPc .VfPpkd-XqMb-S2QgGf-kj0dLd:not(:disabled):hover{color:rgb(248,249,250);color:var(--mdc-text-button-hover-label-text-color,rgb(248,249,250))}body.dm7YTc .zNgRPc .VfPpkd-XqMb-S2QgGf-kj0dLd:not(:disabled).VfPpkd-ksKsZd-mWPk3d-OWXEXe-AHe6Kc-XpnDCe,body.dm7YTc .zNgRPc .VfPpkd-XqMb-S2QgGf-kj0dLd:not(:disabled):not(.VfPpkd-ksKsZd-mWPk3d):focus{color:rgb(248,249,250);color:var(--mdc-text-button-focus-label-text-color,rgb(248,249,250))}body.dm7YTc .zNgRPc .VfPpkd-XqMb-S2QgGf-kj0dLd:not(:disabled):not(:disabled):active{color:rgb(248,249,250);color:var(--mdc-text-button-pressed-label-text-color,rgb(248,249,250))}body.dm7YTc .zNgRPc .VfPpkd-XqMb-S2QgGf-kj0dLd:disabled{color:rgb(154,160,166);color:var(--mdc-text-button-disabled-label-text-color,rgb(154,160,166))}body.dm7YTc .zNgRPc .VfPpkd-hOoMI-haAclf .VfPpkd-hOoMI-ibnC6b.VfPpkd-rymPhb-ibnC6b-OWXEXe-gk6SMd{background-color:transparent}body.dm7YTc .zNgRPc .VfPpkd-hOoMI-haAclf .VfPpkd-hOoMI-ibnC6b.VfPpkd-rymPhb-ibnC6b-OWXEXe-gk6SMd .VfPpkd-rymPhb-pZXsl::before,body.dm7YTc .zNgRPc .VfPpkd-hOoMI-haAclf .VfPpkd-hOoMI-ibnC6b.VfPpkd-rymPhb-ibnC6b-OWXEXe-gk6SMd .VfPpkd-rymPhb-pZXsl::after{background-color:rgb(232,234,237);background-color:var(--mdc-ripple-color,rgb(232,234,237))}body.dm7YTc .zNgRPc .VfPpkd-hOoMI-haAclf{background-color:rgb(32,33,36)}body.dm7YTc .zNgRPc.VfPpkd-Zc28rc-OWXEXe-Mgvhmd-S2QgGf-FNFY6c .VfPpkd-XqMb-S2QgGf-kj0dLd:not(:disabled),body.dm7YTc .zNgRPc.VfPpkd-Zc28rc-OWXEXe-WRCQcd-S2QgGf-FNFY6c .VfPpkd-XqMb-S2QgGf-kj0dLd:not(:disabled){color:rgb(248,249,250);color:var(--mdc-text-button-label-text-color,rgb(248,249,250))}body.dm7YTc .zNgRPc.VfPpkd-Zc28rc-OWXEXe-Mgvhmd-S2QgGf-FNFY6c .VfPpkd-XqMb-S2QgGf-kj0dLd:not(:disabled),body.dm7YTc .zNgRPc.VfPpkd-Zc28rc-OWXEXe-WRCQcd-S2QgGf-FNFY6c .VfPpkd-XqMb-S2QgGf-kj0dLd:not(:disabled){background-color:rgba(232,234,237,.12)}body.dm7YTc .zNgRPc.VfPpkd-Zc28rc-OWXEXe-Mgvhmd-S2QgGf-FNFY6c .VfPpkd-hOoMI-haAclf,body.dm7YTc .zNgRPc.VfPpkd-Zc28rc-OWXEXe-WRCQcd-S2QgGf-FNFY6c .VfPpkd-hOoMI-haAclf{border-top-color:rgb(95,99,104)}body.dm7YTc .zNgRPc .VfPpkd-HhDot-tJHJj{color:rgb(154,160,166)}body.dm7YTc .zNgRPc .VfPpkd-RKhZBe-LgbsSe:not(:disabled){color:rgb(232,234,237);color:var(--mdc-outlined-button-label-text-color,rgb(232,234,237))}body.dm7YTc .zNgRPc .VfPpkd-RKhZBe-LgbsSe:not(:disabled):hover{color:rgb(248,249,250);color:var(--mdc-outlined-button-hover-label-text-color,rgb(248,249,250))}body.dm7YTc .zNgRPc .VfPpkd-RKhZBe-LgbsSe:not(:disabled).VfPpkd-ksKsZd-mWPk3d-OWXEXe-AHe6Kc-XpnDCe,body.dm7YTc .zNgRPc .VfPpkd-RKhZBe-LgbsSe:not(:disabled):not(.VfPpkd-ksKsZd-mWPk3d):focus{color:rgb(248,249,250);color:var(--mdc-outlined-button-focus-label-text-color,rgb(248,249,250))}body.dm7YTc .zNgRPc .VfPpkd-RKhZBe-LgbsSe:not(:disabled):not(:disabled):active{color:rgb(248,249,250);color:var(--mdc-outlined-button-pressed-label-text-color,rgb(248,249,250))}body.dm7YTc .zNgRPc .VfPpkd-RKhZBe-LgbsSe:disabled{color:rgb(154,160,166);color:var(--mdc-outlined-button-disabled-label-text-color,rgb(154,160,166))}body.dm7YTc .zNgRPc .VfPpkd-RKhZBe-LgbsSe .VfPpkd-Jh9lGc::before{background-color:rgb(232,234,237);background-color:var(--mdc-outlined-button-hover-state-layer-color,rgb(232,234,237))}body.dm7YTc .zNgRPc .VfPpkd-RKhZBe-LgbsSe .VfPpkd-Jh9lGc::after{background-color:rgb(232,234,237);background-color:var(--mdc-outlined-button-pressed-state-layer-color,rgb(232,234,237))}body.dm7YTc .zNgRPc .VfPpkd-RKhZBe-LgbsSe:hover .VfPpkd-Jh9lGc::before,body.dm7YTc .zNgRPc .VfPpkd-RKhZBe-LgbsSe.VfPpkd-ksKsZd-XxIAqe-OWXEXe-ZmdkE .VfPpkd-Jh9lGc::before{opacity:.04;opacity:var(--mdc-outlined-button-hover-state-layer-opacity,.04)}body.dm7YTc .zNgRPc .VfPpkd-RKhZBe-LgbsSe.VfPpkd-ksKsZd-mWPk3d-OWXEXe-AHe6Kc-XpnDCe .VfPpkd-Jh9lGc::before,body.dm7YTc .zNgRPc .VfPpkd-RKhZBe-LgbsSe:not(.VfPpkd-ksKsZd-mWPk3d):focus .VfPpkd-Jh9lGc::before{transition-duration:75ms;opacity:.12;opacity:var(--mdc-outlined-button-focus-state-layer-opacity,.12)}body.dm7YTc .zNgRPc .VfPpkd-RKhZBe-LgbsSe:not(.VfPpkd-ksKsZd-mWPk3d) .VfPpkd-Jh9lGc::after{transition:opacity .15s linear}body.dm7YTc .zNgRPc .VfPpkd-RKhZBe-LgbsSe:not(.VfPpkd-ksKsZd-mWPk3d):active .VfPpkd-Jh9lGc::after{transition-duration:75ms;opacity:.1;opacity:var(--mdc-outlined-button-pressed-state-layer-opacity,.1)}body.dm7YTc .zNgRPc .VfPpkd-RKhZBe-LgbsSe.VfPpkd-ksKsZd-mWPk3d{--mdc-ripple-fg-opacity:var(--mdc-outlined-button-pressed-state-layer-opacity,0.1)}body.dm7YTc .zNgRPc .VfPpkd-RKhZBe-LgbsSe-OWXEXe-bAa4l:not(:disabled){color:rgb(138,180,248);color:var(--mdc-outlined-button-label-text-color,rgb(138,180,248))}body.dm7YTc .zNgRPc .VfPpkd-RKhZBe-LgbsSe-OWXEXe-bAa4l:not(:disabled):hover{color:rgb(174,203,250);color:var(--mdc-outlined-button-hover-label-text-color,rgb(174,203,250))}body.dm7YTc .zNgRPc .VfPpkd-RKhZBe-LgbsSe-OWXEXe-bAa4l:not(:disabled).VfPpkd-ksKsZd-mWPk3d-OWXEXe-AHe6Kc-XpnDCe,body.dm7YTc .zNgRPc .VfPpkd-RKhZBe-LgbsSe-OWXEXe-bAa4l:not(:disabled):not(.VfPpkd-ksKsZd-mWPk3d):focus{color:rgb(174,203,250);color:var(--mdc-outlined-button-focus-label-text-color,rgb(174,203,250))}body.dm7YTc .zNgRPc .VfPpkd-RKhZBe-LgbsSe-OWXEXe-bAa4l:not(:disabled):not(:disabled):active{color:rgb(174,203,250);color:var(--mdc-outlined-button-pressed-label-text-color,rgb(174,203,250))}body.dm7YTc .zNgRPc .VfPpkd-RKhZBe-LgbsSe-OWXEXe-bAa4l .VfPpkd-Jh9lGc::before{background-color:rgb(174,203,250);background-color:var(--mdc-outlined-button-hover-state-layer-color,rgb(174,203,250))}body.dm7YTc .zNgRPc .VfPpkd-RKhZBe-LgbsSe-OWXEXe-bAa4l .VfPpkd-Jh9lGc::after{background-color:rgb(174,203,250);background-color:var(--mdc-outlined-button-pressed-state-layer-color,rgb(174,203,250))}body.dm7YTc .zNgRPc .VfPpkd-RKhZBe-LgbsSe-OWXEXe-bAa4l:hover .VfPpkd-Jh9lGc::before,body.dm7YTc .zNgRPc .VfPpkd-RKhZBe-LgbsSe-OWXEXe-bAa4l.VfPpkd-ksKsZd-XxIAqe-OWXEXe-ZmdkE .VfPpkd-Jh9lGc::before{opacity:.04;opacity:var(--mdc-outlined-button-hover-state-layer-opacity,.04)}body.dm7YTc .zNgRPc .VfPpkd-RKhZBe-LgbsSe-OWXEXe-bAa4l.VfPpkd-ksKsZd-mWPk3d-OWXEXe-AHe6Kc-XpnDCe .VfPpkd-Jh9lGc::before,body.dm7YTc .zNgRPc .VfPpkd-RKhZBe-LgbsSe-OWXEXe-bAa4l:not(.VfPpkd-ksKsZd-mWPk3d):focus .VfPpkd-Jh9lGc::before{transition-duration:75ms;opacity:.12;opacity:var(--mdc-outlined-button-focus-state-layer-opacity,.12)}body.dm7YTc .zNgRPc .VfPpkd-RKhZBe-LgbsSe-OWXEXe-bAa4l:not(.VfPpkd-ksKsZd-mWPk3d) .VfPpkd-Jh9lGc::after{transition:opacity .15s linear}body.dm7YTc .zNgRPc .VfPpkd-RKhZBe-LgbsSe-OWXEXe-bAa4l:not(.VfPpkd-ksKsZd-mWPk3d):active .VfPpkd-Jh9lGc::after{transition-duration:75ms;opacity:.1;opacity:var(--mdc-outlined-button-pressed-state-layer-opacity,.1)}body.dm7YTc .zNgRPc .VfPpkd-RKhZBe-LgbsSe-OWXEXe-bAa4l.VfPpkd-ksKsZd-mWPk3d{--mdc-ripple-fg-opacity:var(--mdc-outlined-button-pressed-state-layer-opacity,0.1)}body.dm7YTc .zNgRPc .VfPpkd-RKhZBe-LgbsSe-OWXEXe-bAa4l:not(:disabled){border-color:rgb(138,180,248);border-color:var(--mdc-outlined-button-outline-color,rgb(138,180,248))}body.dm7YTc .zNgRPc .VfPpkd-RKhZBe-LgbsSe-OWXEXe-bAa4l:not(:disabled).VfPpkd-ksKsZd-mWPk3d-OWXEXe-AHe6Kc-XpnDCe,body.dm7YTc .zNgRPc .VfPpkd-RKhZBe-LgbsSe-OWXEXe-bAa4l:not(:disabled):not(.VfPpkd-ksKsZd-mWPk3d):focus{border-color:rgb(174,203,250);border-color:var(--mdc-outlined-button-focus-outline-color,rgb(174,203,250))}body.dm7YTc .zNgRPc .VfPpkd-RKhZBe-LgbsSe-OWXEXe-bAa4l:not(:disabled):hover{border-color:rgb(174,203,250)}body.dm7YTc .zNgRPc .VfPpkd-RKhZBe-LgbsSe-OWXEXe-bAa4l:not(:disabled):active,body.dm7YTc .zNgRPc .VfPpkd-RKhZBe-LgbsSe-OWXEXe-bAa4l:not(:disabled):focus:active{border-color:rgb(174,203,250)}body.dm7YTc .zNgRPc .VfPpkd-RKhZBe-LgbsSe-OWXEXe-gk6SMd:not(:disabled){color:rgb(32,33,36);color:var(--mdc-outlined-button-label-text-color,rgb(32,33,36))}body.dm7YTc .zNgRPc .VfPpkd-RKhZBe-LgbsSe-OWXEXe-gk6SMd:not(:disabled):hover{color:rgb(32,33,36);color:var(--mdc-outlined-button-hover-label-text-color,rgb(32,33,36))}body.dm7YTc .zNgRPc .VfPpkd-RKhZBe-LgbsSe-OWXEXe-gk6SMd:not(:disabled).VfPpkd-ksKsZd-mWPk3d-OWXEXe-AHe6Kc-XpnDCe,body.dm7YTc .zNgRPc .VfPpkd-RKhZBe-LgbsSe-OWXEXe-gk6SMd:not(:disabled):not(.VfPpkd-ksKsZd-mWPk3d):focus{color:rgb(32,33,36);color:var(--mdc-outlined-button-focus-label-text-color,rgb(32,33,36))}body.dm7YTc .zNgRPc .VfPpkd-RKhZBe-LgbsSe-OWXEXe-gk6SMd:not(:disabled):not(:disabled):active{color:rgb(32,33,36);color:var(--mdc-outlined-button-pressed-label-text-color,rgb(32,33,36))}body.dm7YTc .zNgRPc .VfPpkd-RKhZBe-LgbsSe-OWXEXe-gk6SMd .VfPpkd-Jh9lGc::before{background-color:#fff;background-color:var(--mdc-outlined-button-hover-state-layer-color,#fff)}body.dm7YTc .zNgRPc .VfPpkd-RKhZBe-LgbsSe-OWXEXe-gk6SMd .VfPpkd-Jh9lGc::after{background-color:#fff;background-color:var(--mdc-outlined-button-pressed-state-layer-color,#fff)}body.dm7YTc .zNgRPc .VfPpkd-RKhZBe-LgbsSe-OWXEXe-gk6SMd:hover .VfPpkd-Jh9lGc::before,body.dm7YTc .zNgRPc .VfPpkd-RKhZBe-LgbsSe-OWXEXe-gk6SMd.VfPpkd-ksKsZd-XxIAqe-OWXEXe-ZmdkE .VfPpkd-Jh9lGc::before{opacity:.16;opacity:var(--mdc-outlined-button-hover-state-layer-opacity,.16)}body.dm7YTc .zNgRPc .VfPpkd-RKhZBe-LgbsSe-OWXEXe-gk6SMd.VfPpkd-ksKsZd-mWPk3d-OWXEXe-AHe6Kc-XpnDCe .VfPpkd-Jh9lGc::before,body.dm7YTc .zNgRPc .VfPpkd-RKhZBe-LgbsSe-OWXEXe-gk6SMd:not(.VfPpkd-ksKsZd-mWPk3d):focus .VfPpkd-Jh9lGc::before{transition-duration:75ms;opacity:.24;opacity:var(--mdc-outlined-button-focus-state-layer-opacity,.24)}body.dm7YTc .zNgRPc .VfPpkd-RKhZBe-LgbsSe-OWXEXe-gk6SMd:not(.VfPpkd-ksKsZd-mWPk3d) .VfPpkd-Jh9lGc::after{transition:opacity .15s linear}body.dm7YTc .zNgRPc .VfPpkd-RKhZBe-LgbsSe-OWXEXe-gk6SMd:not(.VfPpkd-ksKsZd-mWPk3d):active .VfPpkd-Jh9lGc::after{transition-duration:75ms;opacity:.2;opacity:var(--mdc-outlined-button-pressed-state-layer-opacity,.2)}body.dm7YTc .zNgRPc .VfPpkd-RKhZBe-LgbsSe-OWXEXe-gk6SMd.VfPpkd-ksKsZd-mWPk3d{--mdc-ripple-fg-opacity:var(--mdc-outlined-button-pressed-state-layer-opacity,0.2)}body.dm7YTc .zNgRPc .VfPpkd-RKhZBe-LgbsSe-OWXEXe-gk6SMd:not(:disabled){background-color:rgb(138,180,248)}body.dm7YTc .zNgRPc .VfPpkd-RKhZBe-LgbsSe-OWXEXe-gk6SMd:not(:disabled):hover{background-color:rgb(138,180,248)}body.dm7YTc .zNgRPc .VfPpkd-RKhZBe-LgbsSe-OWXEXe-gk6SMd:not(:disabled).VfPpkd-ksKsZd-mWPk3d-OWXEXe-AHe6Kc-XpnDCe,body.dm7YTc .zNgRPc .VfPpkd-RKhZBe-LgbsSe-OWXEXe-gk6SMd:not(:disabled):not(.VfPpkd-ksKsZd-mWPk3d):focus{background-color:rgb(138,180,248)}body.dm7YTc .zNgRPc .VfPpkd-RKhZBe-LgbsSe-OWXEXe-gk6SMd:not(:disabled):not(:disabled):active{background-color:rgb(138,180,248)}body.dm7YTc .zNgRPc .VfPpkd-RKhZBe-LgbsSe-OWXEXe-OWB6Me:not(:disabled){color:rgb(154,160,166);color:var(--mdc-outlined-button-label-text-color,rgb(154,160,166))}body.dm7YTc .zNgRPc .VfPpkd-RKhZBe-LgbsSe-OWXEXe-OWB6Me:not(:disabled):hover{color:rgb(154,160,166);color:var(--mdc-outlined-button-hover-label-text-color,rgb(154,160,166))}body.dm7YTc .zNgRPc .VfPpkd-RKhZBe-LgbsSe-OWXEXe-OWB6Me:not(:disabled).VfPpkd-ksKsZd-mWPk3d-OWXEXe-AHe6Kc-XpnDCe,body.dm7YTc .zNgRPc .VfPpkd-RKhZBe-LgbsSe-OWXEXe-OWB6Me:not(:disabled):not(.VfPpkd-ksKsZd-mWPk3d):focus{color:rgb(154,160,166);color:var(--mdc-outlined-button-focus-label-text-color,rgb(154,160,166))}body.dm7YTc .zNgRPc .VfPpkd-RKhZBe-LgbsSe-OWXEXe-OWB6Me:not(:disabled):not(:disabled):active{color:rgb(154,160,166);color:var(--mdc-outlined-button-pressed-label-text-color,rgb(154,160,166))}body.dm7YTc .zNgRPc .VfPpkd-RKhZBe-LgbsSe-OWXEXe-C3kE6:not(:disabled){color:rgb(154,160,166);color:var(--mdc-outlined-button-label-text-color,rgb(154,160,166))}body.dm7YTc .zNgRPc .VfPpkd-RKhZBe-LgbsSe-OWXEXe-C3kE6:not(:disabled):hover{color:rgb(248,249,250);color:var(--mdc-outlined-button-hover-label-text-color,rgb(248,249,250))}body.dm7YTc .zNgRPc .VfPpkd-RKhZBe-LgbsSe-OWXEXe-C3kE6:not(:disabled).VfPpkd-ksKsZd-mWPk3d-OWXEXe-AHe6Kc-XpnDCe,body.dm7YTc .zNgRPc .VfPpkd-RKhZBe-LgbsSe-OWXEXe-C3kE6:not(:disabled):not(.VfPpkd-ksKsZd-mWPk3d):focus{color:rgb(248,249,250);color:var(--mdc-outlined-button-focus-label-text-color,rgb(248,249,250))}body.dm7YTc .zNgRPc .VfPpkd-RKhZBe-LgbsSe-OWXEXe-C3kE6:not(:disabled):not(:disabled):active{color:rgb(248,249,250);color:var(--mdc-outlined-button-pressed-label-text-color,rgb(248,249,250))}body.dm7YTc .zNgRPc .VfPpkd-RKhZBe-LgbsSe-OWXEXe-C3kE6.VfPpkd-RKhZBe-LgbsSe-OWXEXe-bAa4l:not(:disabled){color:rgb(138,180,248);color:var(--mdc-outlined-button-label-text-color,rgb(138,180,248))}body.dm7YTc .zNgRPc .VfPpkd-RKhZBe-LgbsSe-OWXEXe-C3kE6.VfPpkd-RKhZBe-LgbsSe-OWXEXe-bAa4l:not(:disabled):hover{color:rgb(174,203,250);color:var(--mdc-outlined-button-hover-label-text-color,rgb(174,203,250))}body.dm7YTc .zNgRPc .VfPpkd-RKhZBe-LgbsSe-OWXEXe-C3kE6.VfPpkd-RKhZBe-LgbsSe-OWXEXe-bAa4l:not(:disabled).VfPpkd-ksKsZd-mWPk3d-OWXEXe-AHe6Kc-XpnDCe,body.dm7YTc .zNgRPc .VfPpkd-RKhZBe-LgbsSe-OWXEXe-C3kE6.VfPpkd-RKhZBe-LgbsSe-OWXEXe-bAa4l:not(:disabled):not(.VfPpkd-ksKsZd-mWPk3d):focus{color:rgb(174,203,250);color:var(--mdc-outlined-button-focus-label-text-color,rgb(174,203,250))}body.dm7YTc .zNgRPc .VfPpkd-RKhZBe-LgbsSe-OWXEXe-C3kE6.VfPpkd-RKhZBe-LgbsSe-OWXEXe-bAa4l:not(:disabled):not(:disabled):active{color:rgb(174,203,250);color:var(--mdc-outlined-button-pressed-label-text-color,rgb(174,203,250))}body.dm7YTc .zNgRPc .VfPpkd-RKhZBe-LgbsSe-OWXEXe-C3kE6.VfPpkd-RKhZBe-LgbsSe-OWXEXe-bAa4l .VfPpkd-Jh9lGc::before{background-color:rgb(174,203,250);background-color:var(--mdc-outlined-button-hover-state-layer-color,rgb(174,203,250))}body.dm7YTc .zNgRPc .VfPpkd-RKhZBe-LgbsSe-OWXEXe-C3kE6.VfPpkd-RKhZBe-LgbsSe-OWXEXe-bAa4l .VfPpkd-Jh9lGc::after{background-color:rgb(174,203,250);background-color:var(--mdc-outlined-button-pressed-state-layer-color,rgb(174,203,250))}body.dm7YTc .zNgRPc .VfPpkd-RKhZBe-LgbsSe-OWXEXe-C3kE6.VfPpkd-RKhZBe-LgbsSe-OWXEXe-bAa4l:hover .VfPpkd-Jh9lGc::before,body.dm7YTc .zNgRPc .VfPpkd-RKhZBe-LgbsSe-OWXEXe-C3kE6.VfPpkd-RKhZBe-LgbsSe-OWXEXe-bAa4l.VfPpkd-ksKsZd-XxIAqe-OWXEXe-ZmdkE .VfPpkd-Jh9lGc::before{opacity:.04;opacity:var(--mdc-outlined-button-hover-state-layer-opacity,.04)}body.dm7YTc .zNgRPc .VfPpkd-RKhZBe-LgbsSe-OWXEXe-C3kE6.VfPpkd-RKhZBe-LgbsSe-OWXEXe-bAa4l.VfPpkd-ksKsZd-mWPk3d-OWXEXe-AHe6Kc-XpnDCe .VfPpkd-Jh9lGc::before,body.dm7YTc .zNgRPc .VfPpkd-RKhZBe-LgbsSe-OWXEXe-C3kE6.VfPpkd-RKhZBe-LgbsSe-OWXEXe-bAa4l:not(.VfPpkd-ksKsZd-mWPk3d):focus .VfPpkd-Jh9lGc::before{transition-duration:75ms;opacity:.12;opacity:var(--mdc-outlined-button-focus-state-layer-opacity,.12)}body.dm7YTc .zNgRPc .VfPpkd-RKhZBe-LgbsSe-OWXEXe-C3kE6.VfPpkd-RKhZBe-LgbsSe-OWXEXe-bAa4l:not(.VfPpkd-ksKsZd-mWPk3d) .VfPpkd-Jh9lGc::after{transition:opacity .15s linear}body.dm7YTc .zNgRPc .VfPpkd-RKhZBe-LgbsSe-OWXEXe-C3kE6.VfPpkd-RKhZBe-LgbsSe-OWXEXe-bAa4l:not(.VfPpkd-ksKsZd-mWPk3d):active .VfPpkd-Jh9lGc::after{transition-duration:75ms;opacity:.1;opacity:var(--mdc-outlined-button-pressed-state-layer-opacity,.1)}body.dm7YTc .zNgRPc .VfPpkd-RKhZBe-LgbsSe-OWXEXe-C3kE6.VfPpkd-RKhZBe-LgbsSe-OWXEXe-bAa4l.VfPpkd-ksKsZd-mWPk3d{--mdc-ripple-fg-opacity:var(--mdc-outlined-button-pressed-state-layer-opacity,0.1)}body.dm7YTc .zNgRPc .VfPpkd-RKhZBe-LgbsSe-OWXEXe-C3kE6.VfPpkd-RKhZBe-LgbsSe-OWXEXe-bAa4l:not(:disabled){border-color:rgb(138,180,248);border-color:var(--mdc-outlined-button-outline-color,rgb(138,180,248))}body.dm7YTc .zNgRPc .VfPpkd-RKhZBe-LgbsSe-OWXEXe-C3kE6.VfPpkd-RKhZBe-LgbsSe-OWXEXe-bAa4l:not(:disabled).VfPpkd-ksKsZd-mWPk3d-OWXEXe-AHe6Kc-XpnDCe,body.dm7YTc .zNgRPc .VfPpkd-RKhZBe-LgbsSe-OWXEXe-C3kE6.VfPpkd-RKhZBe-LgbsSe-OWXEXe-bAa4l:not(:disabled):not(.VfPpkd-ksKsZd-mWPk3d):focus{border-color:rgb(174,203,250);border-color:var(--mdc-outlined-button-focus-outline-color,rgb(174,203,250))}body.dm7YTc .zNgRPc .VfPpkd-RKhZBe-LgbsSe-OWXEXe-C3kE6.VfPpkd-RKhZBe-LgbsSe-OWXEXe-bAa4l:not(:disabled):hover{border-color:rgb(174,203,250)}body.dm7YTc .zNgRPc .VfPpkd-RKhZBe-LgbsSe-OWXEXe-C3kE6.VfPpkd-RKhZBe-LgbsSe-OWXEXe-bAa4l:not(:disabled):active,body.dm7YTc .zNgRPc .VfPpkd-RKhZBe-LgbsSe-OWXEXe-C3kE6.VfPpkd-RKhZBe-LgbsSe-OWXEXe-bAa4l:not(:disabled):focus:active{border-color:rgb(174,203,250)}body.dm7YTc .zNgRPc .VfPpkd-RKhZBe-LgbsSe-OWXEXe-C3kE6.VfPpkd-RKhZBe-LgbsSe-OWXEXe-gk6SMd:not(:disabled){color:rgb(32,33,36);color:var(--mdc-outlined-button-label-text-color,rgb(32,33,36))}body.dm7YTc .zNgRPc .VfPpkd-RKhZBe-LgbsSe-OWXEXe-C3kE6.VfPpkd-RKhZBe-LgbsSe-OWXEXe-gk6SMd:not(:disabled):hover{color:rgb(32,33,36);color:var(--mdc-outlined-button-hover-label-text-color,rgb(32,33,36))}body.dm7YTc .zNgRPc .VfPpkd-RKhZBe-LgbsSe-OWXEXe-C3kE6.VfPpkd-RKhZBe-LgbsSe-OWXEXe-gk6SMd:not(:disabled).VfPpkd-ksKsZd-mWPk3d-OWXEXe-AHe6Kc-XpnDCe,body.dm7YTc .zNgRPc .VfPpkd-RKhZBe-LgbsSe-OWXEXe-C3kE6.VfPpkd-RKhZBe-LgbsSe-OWXEXe-gk6SMd:not(:disabled):not(.VfPpkd-ksKsZd-mWPk3d):focus{color:rgb(32,33,36);color:var(--mdc-outlined-button-focus-label-text-color,rgb(32,33,36))}body.dm7YTc .zNgRPc .VfPpkd-RKhZBe-LgbsSe-OWXEXe-C3kE6.VfPpkd-RKhZBe-LgbsSe-OWXEXe-gk6SMd:not(:disabled):not(:disabled):active{color:rgb(32,33,36);color:var(--mdc-outlined-button-pressed-label-text-color,rgb(32,33,36))}body.dm7YTc .zNgRPc .VfPpkd-RKhZBe-LgbsSe-OWXEXe-C3kE6.VfPpkd-RKhZBe-LgbsSe-OWXEXe-gk6SMd .VfPpkd-Jh9lGc::before{background-color:#fff;background-color:var(--mdc-outlined-button-hover-state-layer-color,#fff)}body.dm7YTc .zNgRPc .VfPpkd-RKhZBe-LgbsSe-OWXEXe-C3kE6.VfPpkd-RKhZBe-LgbsSe-OWXEXe-gk6SMd .VfPpkd-Jh9lGc::after{background-color:#fff;background-color:var(--mdc-outlined-button-pressed-state-layer-color,#fff)}body.dm7YTc .zNgRPc .VfPpkd-RKhZBe-LgbsSe-OWXEXe-C3kE6.VfPpkd-RKhZBe-LgbsSe-OWXEXe-gk6SMd:hover .VfPpkd-Jh9lGc::before,body.dm7YTc .zNgRPc .VfPpkd-RKhZBe-LgbsSe-OWXEXe-C3kE6.VfPpkd-RKhZBe-LgbsSe-OWXEXe-gk6SMd.VfPpkd-ksKsZd-XxIAqe-OWXEXe-ZmdkE .VfPpkd-Jh9lGc::before{opacity:.16;opacity:var(--mdc-outlined-button-hover-state-layer-opacity,.16)}body.dm7YTc .zNgRPc .VfPpkd-RKhZBe-LgbsSe-OWXEXe-C3kE6.VfPpkd-RKhZBe-LgbsSe-OWXEXe-gk6SMd.VfPpkd-ksKsZd-mWPk3d-OWXEXe-AHe6Kc-XpnDCe .VfPpkd-Jh9lGc::before,body.dm7YTc .zNgRPc .VfPpkd-RKhZBe-LgbsSe-OWXEXe-C3kE6.VfPpkd-RKhZBe-LgbsSe-OWXEXe-gk6SMd:not(.VfPpkd-ksKsZd-mWPk3d):focus .VfPpkd-Jh9lGc::before{transition-duration:75ms;opacity:.24;opacity:var(--mdc-outlined-button-focus-state-layer-opacity,.24)}body.dm7YTc .zNgRPc .VfPpkd-RKhZBe-LgbsSe-OWXEXe-C3kE6.VfPpkd-RKhZBe-LgbsSe-OWXEXe-gk6SMd:not(.VfPpkd-ksKsZd-mWPk3d) .VfPpkd-Jh9lGc::after{transition:opacity .15s linear}body.dm7YTc .zNgRPc .VfPpkd-RKhZBe-LgbsSe-OWXEXe-C3kE6.VfPpkd-RKhZBe-LgbsSe-OWXEXe-gk6SMd:not(.VfPpkd-ksKsZd-mWPk3d):active .VfPpkd-Jh9lGc::after{transition-duration:75ms;opacity:.2;opacity:var(--mdc-outlined-button-pressed-state-layer-opacity,.2)}body.dm7YTc .zNgRPc .VfPpkd-RKhZBe-LgbsSe-OWXEXe-C3kE6.VfPpkd-RKhZBe-LgbsSe-OWXEXe-gk6SMd.VfPpkd-ksKsZd-mWPk3d{--mdc-ripple-fg-opacity:var(--mdc-outlined-button-pressed-state-layer-opacity,0.2)}body.dm7YTc .zNgRPc .VfPpkd-RKhZBe-LgbsSe-OWXEXe-C3kE6.VfPpkd-RKhZBe-LgbsSe-OWXEXe-gk6SMd:not(:disabled){background-color:rgb(138,180,248)}body.dm7YTc .zNgRPc .VfPpkd-RKhZBe-LgbsSe-OWXEXe-C3kE6.VfPpkd-RKhZBe-LgbsSe-OWXEXe-gk6SMd:not(:disabled):hover{background-color:rgb(138,180,248)}body.dm7YTc .zNgRPc .VfPpkd-RKhZBe-LgbsSe-OWXEXe-C3kE6.VfPpkd-RKhZBe-LgbsSe-OWXEXe-gk6SMd:not(:disabled).VfPpkd-ksKsZd-mWPk3d-OWXEXe-AHe6Kc-XpnDCe,body.dm7YTc .zNgRPc .VfPpkd-RKhZBe-LgbsSe-OWXEXe-C3kE6.VfPpkd-RKhZBe-LgbsSe-OWXEXe-gk6SMd:not(:disabled):not(.VfPpkd-ksKsZd-mWPk3d):focus{background-color:rgb(138,180,248)}body.dm7YTc .zNgRPc .VfPpkd-RKhZBe-LgbsSe-OWXEXe-C3kE6.VfPpkd-RKhZBe-LgbsSe-OWXEXe-gk6SMd:not(:disabled):not(:disabled):active{background-color:rgb(138,180,248)}body.dm7YTc .ad0uI .VfPpkd-GRS59e:not(:disabled){color:rgb(138,180,248);color:var(--mdc-text-button-label-text-color,rgb(138,180,248))}body.dm7YTc .ad0uI .VfPpkd-GRS59e:not(:disabled):hover{color:rgb(174,203,250);color:var(--mdc-text-button-hover-label-text-color,rgb(174,203,250))}body.dm7YTc .ad0uI .VfPpkd-GRS59e:not(:disabled).VfPpkd-ksKsZd-mWPk3d-OWXEXe-AHe6Kc-XpnDCe,body.dm7YTc .ad0uI .VfPpkd-GRS59e:not(:disabled):not(.VfPpkd-ksKsZd-mWPk3d):focus{color:rgb(174,203,250);color:var(--mdc-text-button-focus-label-text-color,rgb(174,203,250))}body.dm7YTc .ad0uI .VfPpkd-GRS59e:not(:disabled):not(:disabled):active{color:rgb(174,203,250);color:var(--mdc-text-button-pressed-label-text-color,rgb(174,203,250))}body.dm7YTc .ad0uI .VfPpkd-GRS59e .VfPpkd-Jh9lGc::before{background-color:rgb(174,203,250);background-color:var(--mdc-text-button-hover-state-layer-color,rgb(174,203,250))}body.dm7YTc .ad0uI .VfPpkd-GRS59e .VfPpkd-Jh9lGc::after{background-color:rgb(174,203,250);background-color:var(--mdc-text-button-pressed-state-layer-color,rgb(174,203,250))}body.dm7YTc .ad0uI .VfPpkd-GRS59e:hover .VfPpkd-Jh9lGc::before,body.dm7YTc .ad0uI .VfPpkd-GRS59e.VfPpkd-ksKsZd-XxIAqe-OWXEXe-ZmdkE .VfPpkd-Jh9lGc::before{opacity:.04;opacity:var(--mdc-text-button-hover-state-layer-opacity,.04)}body.dm7YTc .ad0uI .VfPpkd-GRS59e.VfPpkd-ksKsZd-mWPk3d-OWXEXe-AHe6Kc-XpnDCe .VfPpkd-Jh9lGc::before,body.dm7YTc .ad0uI .VfPpkd-GRS59e:not(.VfPpkd-ksKsZd-mWPk3d):focus .VfPpkd-Jh9lGc::before{transition-duration:75ms;opacity:.12;opacity:var(--mdc-text-button-focus-state-layer-opacity,.12)}body.dm7YTc .ad0uI .VfPpkd-GRS59e:not(.VfPpkd-ksKsZd-mWPk3d) .VfPpkd-Jh9lGc::after{transition:opacity .15s linear}body.dm7YTc .ad0uI .VfPpkd-GRS59e:not(.VfPpkd-ksKsZd-mWPk3d):active .VfPpkd-Jh9lGc::after{transition-duration:75ms;opacity:.1;opacity:var(--mdc-text-button-pressed-state-layer-opacity,.1)}body.dm7YTc .ad0uI .VfPpkd-GRS59e.VfPpkd-ksKsZd-mWPk3d{--mdc-ripple-fg-opacity:var(--mdc-text-button-pressed-state-layer-opacity,0.1)}body.dm7YTc .zF2sRd .VfPpkd-Cv7pCf-ornU0b{color:rgb(189,193,198)}body.dm7YTc .zF2sRd .VfPpkd-Cv7pCf-ornU0b:disabled{color:rgba(232,234,237,.38)}body.dm7YTc .zF2sRd .VfPpkd-Cv7pCf-ornU0b .VfPpkd-Bz112c-Jh9lGc::before,body.dm7YTc .zF2sRd .VfPpkd-Cv7pCf-ornU0b .VfPpkd-Bz112c-Jh9lGc::after{background-color:rgb(232,234,237);background-color:var(--mdc-ripple-color,rgb(232,234,237))}body.dm7YTc .zF2sRd .VfPpkd-Cv7pCf-ornU0b.VfPpkd-ksKsZd-mWPk3d-OWXEXe-AHe6Kc-XpnDCe,body.dm7YTc .zF2sRd .VfPpkd-Cv7pCf-ornU0b:not(.VfPpkd-ksKsZd-mWPk3d):focus{color:rgb(248,249,250)}body.dm7YTc .zF2sRd .VfPpkd-Cv7pCf-ornU0b:not(:disabled):active{color:rgb(248,249,250)}body.dm7YTc .zF2sRd.VfPpkd-Zc28rc-OWXEXe-xl07Ob-FNFY6c .VfPpkd-Cv7pCf-ornU0b{color:rgb(248,249,250);background-color:rgba(232,234,237,.12)}body.dm7YTc .zF2sRd .VfPpkd-Cv7pCf-ornU0b:hover,body.dm7YTc .zF2sRd .VfPpkd-oEZKA:not(.VfPpkd-fmcmS-yrriRe-OWXEXe-XpnDCe):hover .VfPpkd-Cv7pCf-ornU0b{color:rgb(248,249,250)}body.dm7YTc .zF2sRd .VfPpkd-Cv7pCf-ornU0b:hover:disabled,body.dm7YTc .zF2sRd .VfPpkd-oEZKA:not(.VfPpkd-fmcmS-yrriRe-OWXEXe-XpnDCe):hover .VfPpkd-Cv7pCf-ornU0b:disabled{color:rgba(232,234,237,.38)}body.dm7YTc .cNUpL .VfPpkd-Cv7pCf-ornU0b{color:rgb(154,160,166)}body.dm7YTc .cNUpL .VfPpkd-Cv7pCf-ornU0b:disabled{color:rgba(232,234,237,.38)}body.dm7YTc .cNUpL .VfPpkd-Cv7pCf-ornU0b .VfPpkd-Bz112c-Jh9lGc::before,body.dm7YTc .cNUpL .VfPpkd-Cv7pCf-ornU0b .VfPpkd-Bz112c-Jh9lGc::after{background-color:rgb(232,234,237);background-color:var(--mdc-ripple-color,rgb(232,234,237))}body.dm7YTc .cNUpL .VfPpkd-Cv7pCf-ornU0b.VfPpkd-ksKsZd-mWPk3d-OWXEXe-AHe6Kc-XpnDCe,body.dm7YTc .cNUpL .VfPpkd-Cv7pCf-ornU0b:not(.VfPpkd-ksKsZd-mWPk3d):focus{color:rgb(248,249,250)}body.dm7YTc .cNUpL .VfPpkd-Cv7pCf-ornU0b:not(:disabled):active{color:rgb(248,249,250)}body.dm7YTc .cNUpL.VfPpkd-Zc28rc-OWXEXe-xl07Ob-FNFY6c .VfPpkd-Cv7pCf-ornU0b{color:rgb(248,249,250);background-color:rgba(232,234,237,.12)}body.dm7YTc .cNUpL .VfPpkd-Cv7pCf-ornU0b:hover,body.dm7YTc .cNUpL .VfPpkd-oEZKA:not(.VfPpkd-fmcmS-yrriRe-OWXEXe-XpnDCe):hover .VfPpkd-Cv7pCf-ornU0b{color:rgb(248,249,250)}body.dm7YTc .cNUpL .VfPpkd-Cv7pCf-ornU0b:hover:disabled,body.dm7YTc .cNUpL .VfPpkd-oEZKA:not(.VfPpkd-fmcmS-yrriRe-OWXEXe-XpnDCe):hover .VfPpkd-Cv7pCf-ornU0b:disabled{color:rgba(232,234,237,.38)}body.dm7YTc .UDxLd .VfPpkd-k2Wrsb{color:#e8eaed}body.dm7YTc .UDxLd .VfPpkd-cnG4Wd{color:#9aa0a6}body.dm7YTc .UDxLd .VfPpkd-zMU9ub{color:rgb(154,160,166)}body.dm7YTc .UDxLd .VfPpkd-zMU9ub .VfPpkd-Bz112c-Jh9lGc::before,body.dm7YTc .UDxLd .VfPpkd-zMU9ub .VfPpkd-Bz112c-Jh9lGc::after{background-color:rgb(154,160,166);background-color:var(--mdc-ripple-color,rgb(154,160,166))}body.dm7YTc .UDxLd .VfPpkd-zMU9ub:hover .VfPpkd-Bz112c-Jh9lGc::before,body.dm7YTc .UDxLd .VfPpkd-zMU9ub.VfPpkd-ksKsZd-XxIAqe-OWXEXe-ZmdkE .VfPpkd-Bz112c-Jh9lGc::before{opacity:.08;opacity:var(--mdc-ripple-hover-opacity,.08)}body.dm7YTc .UDxLd .VfPpkd-zMU9ub.VfPpkd-ksKsZd-mWPk3d-OWXEXe-AHe6Kc-XpnDCe .VfPpkd-Bz112c-Jh9lGc::before,body.dm7YTc .UDxLd .VfPpkd-zMU9ub:not(.VfPpkd-ksKsZd-mWPk3d):focus .VfPpkd-Bz112c-Jh9lGc::before{transition-duration:75ms;opacity:.24;opacity:var(--mdc-ripple-focus-opacity,.24)}body.dm7YTc .UDxLd .VfPpkd-zMU9ub:not(.VfPpkd-ksKsZd-mWPk3d) .VfPpkd-Bz112c-Jh9lGc::after{transition:opacity .15s linear}body.dm7YTc .UDxLd .VfPpkd-zMU9ub:not(.VfPpkd-ksKsZd-mWPk3d):active .VfPpkd-Bz112c-Jh9lGc::after{transition-duration:75ms;opacity:.24;opacity:var(--mdc-ripple-press-opacity,.24)}body.dm7YTc .UDxLd .VfPpkd-zMU9ub.VfPpkd-ksKsZd-mWPk3d{--mdc-ripple-fg-opacity:var(--mdc-ripple-press-opacity,0.24)}body.dm7YTc .UDxLd .VfPpkd-IE5DDf{background-color:rgba(0,0,0,.87)}body.dm7YTc .UDxLd .VfPpkd-P5QLlc-GGAcbc{background-color:rgba(0,0,0,.87)}body.dm7YTc .UDxLd .VfPpkd-P5QLlc{background-color:rgb(32,33,36)}body.dm7YTc .UDxLd .VfPpkd-P5QLlc{border-width:0;box-shadow:0 1px 3px 0 rgba(0,0,0,.3),0 4px 8px 3px rgba(0,0,0,.15)}body.dm7YTc .UDxLd .VfPpkd-P5QLlc .VfPpkd-BFbNVe-bF1uUb{opacity:.11}body.dm7YTc .ZD5Qo{color:rgb(138,180,248)}body.dm7YTc .NNFoTc{background-color:rgb(32,33,36);height:56px;width:56px;padding-top:2px;padding-top:max(0px,2px);padding-right:2px;padding-right:max(0px,2px);padding-bottom:2px;padding-bottom:max(0px,2px);padding-left:2px;padding-left:max(0px,2px)}body.dm7YTc .NNFoTc:not(:disabled){box-shadow:0 1px 3px 0 rgba(0,0,0,.3),0 4px 8px 3px rgba(0,0,0,.15)}body.dm7YTc .NNFoTc:not(:disabled) .VfPpkd-BFbNVe-bF1uUb{opacity:.11}body.dm7YTc .NNFoTc:not(:disabled) .VfPpkd-BFbNVe-bF1uUb{background-color:rgb(232,234,237)}body.dm7YTc .NNFoTc:not(:disabled):hover{box-shadow:0 2px 3px 0 rgba(0,0,0,.3),0 6px 10px 4px rgba(0,0,0,.15)}body.dm7YTc .NNFoTc:not(:disabled):hover .VfPpkd-BFbNVe-bF1uUb{opacity:.12}body.dm7YTc .NNFoTc:not(:disabled):hover .VfPpkd-BFbNVe-bF1uUb{background-color:rgb(232,234,237)}body.dm7YTc .NNFoTc:not(:disabled):focus{box-shadow:0 1px 3px 0 rgba(0,0,0,.3),0 4px 8px 3px rgba(0,0,0,.15)}body.dm7YTc .NNFoTc:not(:disabled):focus .VfPpkd-BFbNVe-bF1uUb{opacity:.11}body.dm7YTc .NNFoTc:not(:disabled):focus .VfPpkd-BFbNVe-bF1uUb{background-color:rgb(232,234,237)}body.dm7YTc .NNFoTc:not(:disabled):active{box-shadow:0 4px 4px 0 rgba(0,0,0,.3),0 8px 12px 6px rgba(0,0,0,.15)}body.dm7YTc .NNFoTc:not(:disabled):active .VfPpkd-BFbNVe-bF1uUb{opacity:.14}body.dm7YTc .NNFoTc:not(:disabled):active .VfPpkd-BFbNVe-bF1uUb{background-color:rgb(232,234,237)}body.dm7YTc .NNFoTc:disabled{box-shadow:0 1px 3px 0 rgba(0,0,0,.3),0 4px 8px 3px rgba(0,0,0,.15)}body.dm7YTc .NNFoTc:disabled .VfPpkd-BFbNVe-bF1uUb{opacity:.11}body.dm7YTc .NNFoTc:disabled .VfPpkd-BFbNVe-bF1uUb{background-color:rgb(232,234,237)}body.dm7YTc .NNFoTc .VfPpkd-Q0XOV{width:36px;height:36px;font-size:36px}body.dm7YTc .NNFoTc:not(:disabled) .VfPpkd-Q0XOV{color:rgb(232,234,237)}body.dm7YTc .NNFoTc:not(:disabled):hover .VfPpkd-Q0XOV{color:rgb(174,203,250)}body.dm7YTc .NNFoTc:not(:disabled):focus .VfPpkd-Q0XOV{color:rgb(174,203,250)}body.dm7YTc .NNFoTc .VfPpkd-wbSZ0b::before,body.dm7YTc .NNFoTc .VfPpkd-wbSZ0b::after{background-color:rgb(138,180,248)}body.dm7YTc .NNFoTc:hover .VfPpkd-wbSZ0b::before,body.dm7YTc .NNFoTc.VfPpkd-ksKsZd-XxIAqe-OWXEXe-ZmdkE .VfPpkd-wbSZ0b::before{opacity:.04}body.dm7YTc .NNFoTc.VfPpkd-ksKsZd-mWPk3d-OWXEXe-AHe6Kc-XpnDCe .VfPpkd-wbSZ0b::before,body.dm7YTc .NNFoTc:not(.VfPpkd-ksKsZd-mWPk3d):focus .VfPpkd-wbSZ0b::before{transition-duration:75ms;opacity:.12}body.dm7YTc .NNFoTc:not(.VfPpkd-ksKsZd-mWPk3d) .VfPpkd-wbSZ0b::after{transition:opacity .15s linear}body.dm7YTc .NNFoTc:not(.VfPpkd-ksKsZd-mWPk3d):active .VfPpkd-wbSZ0b::after{transition-duration:75ms;opacity:.1}body.dm7YTc .NNFoTc.VfPpkd-ksKsZd-mWPk3d{--mdc-ripple-fg-opacity:var(--mdc-fab-pressed-state-layer-opacity,0.1)}body.dm7YTc .NNFoTc:not(:disabled).VfPpkd-ksKsZd-mWPk3d-OWXEXe-AHe6Kc-XpnDCe,body.dm7YTc .NNFoTc:not(:disabled):not(.VfPpkd-ksKsZd-mWPk3d):focus{border-color:rgb(102,157,246)}body.dm7YTc .NNFoTc:not(:disabled).VfPpkd-ksKsZd-mWPk3d-OWXEXe-AHe6Kc-XpnDCe,body.dm7YTc .NNFoTc:not(:disabled):not(.VfPpkd-ksKsZd-mWPk3d):focus{border-style:solid;border-width:2px;padding-top:2px;padding-top:max(-2px,2px);padding-right:2px;padding-right:max(-2px,2px);padding-bottom:2px;padding-bottom:max(-2px,2px);padding-left:2px;padding-left:max(-2px,2px)}body.dm7YTc .NNFoTc:not(.VfPpkd-BIzmGd-OWXEXe-X9G3K){border-radius:28px 28px 28px 28px}body.dm7YTc .NNFoTc:not(.VfPpkd-BIzmGd-OWXEXe-X9G3K) .VfPpkd-wbSZ0b{border-radius:28px 28px 28px 28px}body.dm7YTc .gl6QPb{background-color:rgb(32,33,36);height:48px;padding-top:max(0px,2px);padding-right:2px;padding-right:max(0px,2px);padding-bottom:max(0px,2px);padding-left:2px;padding-left:max(0px,2px);border-radius:24px 24px 24px 24px;font-family:Google Sans,Roboto,Arial,sans-serif;font-size:.875rem;font-weight:500;letter-spacing:.0178571429em;padding-top:2px;padding-right:24px;padding-bottom:2px;padding-left:24px}body.dm7YTc .gl6QPb:not(:disabled){box-shadow:0 1px 3px 0 rgba(0,0,0,.3),0 4px 8px 3px rgba(0,0,0,.15)}body.dm7YTc .gl6QPb:not(:disabled) .VfPpkd-BFbNVe-bF1uUb{opacity:.11}body.dm7YTc .gl6QPb:not(:disabled) .VfPpkd-BFbNVe-bF1uUb{background-color:rgb(232,234,237)}body.dm7YTc .gl6QPb:not(:disabled):hover{box-shadow:0 2px 3px 0 rgba(0,0,0,.3),0 6px 10px 4px rgba(0,0,0,.15)}body.dm7YTc .gl6QPb:not(:disabled):hover .VfPpkd-BFbNVe-bF1uUb{opacity:.12}body.dm7YTc .gl6QPb:not(:disabled):hover .VfPpkd-BFbNVe-bF1uUb{background-color:rgb(232,234,237)}body.dm7YTc .gl6QPb:not(:disabled):focus{box-shadow:0 1px 3px 0 rgba(0,0,0,.3),0 4px 8px 3px rgba(0,0,0,.15)}body.dm7YTc .gl6QPb:not(:disabled):focus .VfPpkd-BFbNVe-bF1uUb{opacity:.11}body.dm7YTc .gl6QPb:not(:disabled):focus .VfPpkd-BFbNVe-bF1uUb{background-color:rgb(232,234,237)}body.dm7YTc .gl6QPb:not(:disabled):active{box-shadow:0 4px 4px 0 rgba(0,0,0,.3),0 8px 12px 6px rgba(0,0,0,.15)}body.dm7YTc .gl6QPb:not(:disabled):active .VfPpkd-BFbNVe-bF1uUb{opacity:.14}body.dm7YTc .gl6QPb:not(:disabled):active .VfPpkd-BFbNVe-bF1uUb{background-color:rgb(232,234,237)}body.dm7YTc .gl6QPb:disabled{box-shadow:0 1px 3px 0 rgba(0,0,0,.3),0 4px 8px 3px rgba(0,0,0,.15)}body.dm7YTc .gl6QPb:disabled .VfPpkd-BFbNVe-bF1uUb{opacity:.11}body.dm7YTc .gl6QPb:disabled .VfPpkd-BFbNVe-bF1uUb{background-color:rgb(232,234,237)}body.dm7YTc .gl6QPb .VfPpkd-Q0XOV{width:36px;height:36px;font-size:36px}body.dm7YTc .gl6QPb:not(:disabled) .VfPpkd-Q0XOV{color:rgb(232,234,237)}body.dm7YTc .gl6QPb:not(:disabled):hover .VfPpkd-Q0XOV{color:rgb(174,203,250)}body.dm7YTc .gl6QPb:not(:disabled):focus .VfPpkd-Q0XOV{color:rgb(174,203,250)}body.dm7YTc .gl6QPb .VfPpkd-wbSZ0b::before,body.dm7YTc .gl6QPb .VfPpkd-wbSZ0b::after{background-color:rgb(138,180,248)}body.dm7YTc .gl6QPb:hover .VfPpkd-wbSZ0b::before,body.dm7YTc .gl6QPb.VfPpkd-ksKsZd-XxIAqe-OWXEXe-ZmdkE .VfPpkd-wbSZ0b::before{opacity:.04}body.dm7YTc .gl6QPb.VfPpkd-ksKsZd-mWPk3d-OWXEXe-AHe6Kc-XpnDCe .VfPpkd-wbSZ0b::before,body.dm7YTc .gl6QPb:not(.VfPpkd-ksKsZd-mWPk3d):focus .VfPpkd-wbSZ0b::before{transition-duration:75ms;opacity:.12}body.dm7YTc .gl6QPb:not(.VfPpkd-ksKsZd-mWPk3d) .VfPpkd-wbSZ0b::after{transition:opacity .15s linear}body.dm7YTc .gl6QPb:not(.VfPpkd-ksKsZd-mWPk3d):active .VfPpkd-wbSZ0b::after{transition-duration:75ms;opacity:.1}body.dm7YTc .gl6QPb.VfPpkd-ksKsZd-mWPk3d{--mdc-ripple-fg-opacity:var(--mdc-extended-fab-pressed-state-layer-opacity,0.1)}body.dm7YTc .gl6QPb:not(:disabled).VfPpkd-ksKsZd-mWPk3d-OWXEXe-AHe6Kc-XpnDCe,body.dm7YTc .gl6QPb:not(:disabled):not(.VfPpkd-ksKsZd-mWPk3d):focus{border-color:rgb(102,157,246)}body.dm7YTc .gl6QPb:not(:disabled).VfPpkd-ksKsZd-mWPk3d-OWXEXe-AHe6Kc-XpnDCe,body.dm7YTc .gl6QPb:not(:disabled):not(.VfPpkd-ksKsZd-mWPk3d):focus{padding-top:max(-2px,2px);padding-right:2px;padding-right:max(-2px,2px);padding-bottom:max(-2px,2px);padding-left:2px;padding-left:max(-2px,2px)}body.dm7YTc .gl6QPb .VfPpkd-wbSZ0b{border-radius:24px 24px 24px 24px}body.dm7YTc .gl6QPb:not(:disabled) .VfPpkd-nBWOSb{color:rgb(232,234,237)}body.dm7YTc .gl6QPb:not(:disabled):hover .VfPpkd-nBWOSb{color:rgb(174,203,250)}body.dm7YTc .gl6QPb:not(:disabled):focus .VfPpkd-nBWOSb{color:rgb(174,203,250)}body.dm7YTc .gl6QPb:not(:disabled):active .VfPpkd-nBWOSb{color:rgb(174,203,250)}body.dm7YTc .gl6QPb .VfPpkd-Q0XOV{margin-left:-12px;margin-right:12px}[dir=rtl] body.dm7YTc .gl6QPb .VfPpkd-Q0XOV,body.dm7YTc .gl6QPb .VfPpkd-Q0XOV[dir=rtl]{margin-left:12px;margin-right:-12px}body.dm7YTc .gl6QPb .VfPpkd-nBWOSb+.VfPpkd-Q0XOV{margin-left:12px;margin-right:-12px}[dir=rtl] body.dm7YTc .gl6QPb .VfPpkd-nBWOSb+.VfPpkd-Q0XOV,body.dm7YTc .gl6QPb .VfPpkd-nBWOSb+.VfPpkd-Q0XOV[dir=rtl]{margin-left:-12px;margin-right:12px}body.dm7YTc .gl6QPb:not(:disabled).VfPpkd-ksKsZd-mWPk3d-OWXEXe-AHe6Kc-XpnDCe,body.dm7YTc .gl6QPb:not(:disabled):not(.VfPpkd-ksKsZd-mWPk3d):focus{border-style:solid;border-width:2px;padding-top:2px;padding-right:22px;padding-bottom:2px;padding-left:22px}body.dm7YTc .Aykzec{background-color:rgb(138,180,248);height:48px;border-radius:24px 24px 24px 24px;font-family:Google Sans,Roboto,Arial,sans-serif;font-size:.875rem;font-weight:500;letter-spacing:.0178571429em}body.dm7YTc .Aykzec:not(:disabled){box-shadow:0 1px 3px 0 rgba(0,0,0,.3),0 4px 8px 3px rgba(0,0,0,.15)}body.dm7YTc .Aykzec:not(:disabled) .VfPpkd-BFbNVe-bF1uUb{opacity:.11}body.dm7YTc .Aykzec:not(:disabled) .VfPpkd-BFbNVe-bF1uUb{background-color:rgb(232,234,237)}body.dm7YTc .Aykzec:not(:disabled):hover{box-shadow:0 2px 3px 0 rgba(0,0,0,.3),0 6px 10px 4px rgba(0,0,0,.15)}body.dm7YTc .Aykzec:not(:disabled):hover .VfPpkd-BFbNVe-bF1uUb{opacity:.12}body.dm7YTc .Aykzec:not(:disabled):hover .VfPpkd-BFbNVe-bF1uUb{background-color:rgb(232,234,237)}body.dm7YTc .Aykzec:not(:disabled):focus{box-shadow:0 1px 3px 0 rgba(0,0,0,.3),0 4px 8px 3px rgba(0,0,0,.15)}body.dm7YTc .Aykzec:not(:disabled):focus .VfPpkd-BFbNVe-bF1uUb{opacity:.11}body.dm7YTc .Aykzec:not(:disabled):focus .VfPpkd-BFbNVe-bF1uUb{background-color:rgb(232,234,237)}body.dm7YTc .Aykzec:not(:disabled):active{box-shadow:0 4px 4px 0 rgba(0,0,0,.3),0 8px 12px 6px rgba(0,0,0,.15)}body.dm7YTc .Aykzec:not(:disabled):active .VfPpkd-BFbNVe-bF1uUb{opacity:.14}body.dm7YTc .Aykzec:not(:disabled):active .VfPpkd-BFbNVe-bF1uUb{background-color:rgb(232,234,237)}body.dm7YTc .Aykzec:disabled{box-shadow:0 1px 3px 0 rgba(0,0,0,.3),0 4px 8px 3px rgba(0,0,0,.15)}body.dm7YTc .Aykzec:disabled .VfPpkd-BFbNVe-bF1uUb{opacity:.11}body.dm7YTc .Aykzec:disabled .VfPpkd-BFbNVe-bF1uUb{background-color:rgb(232,234,237)}body.dm7YTc .Aykzec .VfPpkd-Q0XOV{width:24px;height:24px;font-size:24px}body.dm7YTc .Aykzec:not(:disabled) .VfPpkd-Q0XOV{color:rgb(32,33,36)}body.dm7YTc .Aykzec .VfPpkd-wbSZ0b::before,body.dm7YTc .Aykzec .VfPpkd-wbSZ0b::after{background-color:rgb(255,255,255)}body.dm7YTc .Aykzec:hover .VfPpkd-wbSZ0b::before,body.dm7YTc .Aykzec.VfPpkd-ksKsZd-XxIAqe-OWXEXe-ZmdkE .VfPpkd-wbSZ0b::before{opacity:.16}body.dm7YTc .Aykzec.VfPpkd-ksKsZd-mWPk3d-OWXEXe-AHe6Kc-XpnDCe .VfPpkd-wbSZ0b::before,body.dm7YTc .Aykzec:not(.VfPpkd-ksKsZd-mWPk3d):focus .VfPpkd-wbSZ0b::before{transition-duration:75ms;opacity:.24}body.dm7YTc .Aykzec:not(.VfPpkd-ksKsZd-mWPk3d) .VfPpkd-wbSZ0b::after{transition:opacity .15s linear}body.dm7YTc .Aykzec:not(.VfPpkd-ksKsZd-mWPk3d):active .VfPpkd-wbSZ0b::after{transition-duration:75ms;opacity:.2}body.dm7YTc .Aykzec.VfPpkd-ksKsZd-mWPk3d{--mdc-ripple-fg-opacity:var(--mdc-extended-fab-pressed-state-layer-opacity,0.2)}body.dm7YTc .Aykzec .VfPpkd-wbSZ0b{border-radius:24px 24px 24px 24px}body.dm7YTc .Aykzec:not(:disabled) .VfPpkd-nBWOSb{color:rgb(32,33,36)}body.dm7YTc .W7mYUe{background-color:rgb(32,33,36);height:48px;border-radius:24px 24px 24px 24px;font-family:Google Sans,Roboto,Arial,sans-serif;font-size:.875rem;font-weight:500;letter-spacing:.0178571429em}body.dm7YTc .W7mYUe:not(:disabled){box-shadow:0 1px 3px 0 rgba(0,0,0,.3),0 4px 8px 3px rgba(0,0,0,.15)}body.dm7YTc .W7mYUe:not(:disabled) .VfPpkd-BFbNVe-bF1uUb{opacity:.11}body.dm7YTc .W7mYUe:not(:disabled) .VfPpkd-BFbNVe-bF1uUb{background-color:rgb(232,234,237)}body.dm7YTc .W7mYUe:not(:disabled):hover{box-shadow:0 2px 3px 0 rgba(0,0,0,.3),0 6px 10px 4px rgba(0,0,0,.15)}body.dm7YTc .W7mYUe:not(:disabled):hover .VfPpkd-BFbNVe-bF1uUb{opacity:.12}body.dm7YTc .W7mYUe:not(:disabled):hover .VfPpkd-BFbNVe-bF1uUb{background-color:rgb(232,234,237)}body.dm7YTc .W7mYUe:not(:disabled):focus{box-shadow:0 1px 3px 0 rgba(0,0,0,.3),0 4px 8px 3px rgba(0,0,0,.15)}body.dm7YTc .W7mYUe:not(:disabled):focus .VfPpkd-BFbNVe-bF1uUb{opacity:.11}body.dm7YTc .W7mYUe:not(:disabled):focus .VfPpkd-BFbNVe-bF1uUb{background-color:rgb(232,234,237)}body.dm7YTc .W7mYUe:not(:disabled):active{box-shadow:0 4px 4px 0 rgba(0,0,0,.3),0 8px 12px 6px rgba(0,0,0,.15)}body.dm7YTc .W7mYUe:not(:disabled):active .VfPpkd-BFbNVe-bF1uUb{opacity:.14}body.dm7YTc .W7mYUe:not(:disabled):active .VfPpkd-BFbNVe-bF1uUb{background-color:rgb(232,234,237)}body.dm7YTc .W7mYUe:disabled{box-shadow:0 1px 3px 0 rgba(0,0,0,.3),0 4px 8px 3px rgba(0,0,0,.15)}body.dm7YTc .W7mYUe:disabled .VfPpkd-BFbNVe-bF1uUb{opacity:.11}body.dm7YTc .W7mYUe:disabled .VfPpkd-BFbNVe-bF1uUb{background-color:rgb(232,234,237)}body.dm7YTc .W7mYUe .VfPpkd-Q0XOV{width:24px;height:24px;font-size:24px}body.dm7YTc .W7mYUe:not(:disabled) .VfPpkd-Q0XOV{color:rgb(138,180,248)}body.dm7YTc .W7mYUe:not(:disabled):hover .VfPpkd-Q0XOV{color:rgb(174,203,250)}body.dm7YTc .W7mYUe:not(:disabled):focus .VfPpkd-Q0XOV{color:rgb(174,203,250)}body.dm7YTc .W7mYUe:not(:disabled):active .VfPpkd-Q0XOV{color:rgb(174,203,250)}body.dm7YTc .W7mYUe .VfPpkd-wbSZ0b::before,body.dm7YTc .W7mYUe .VfPpkd-wbSZ0b::after{background-color:rgb(138,180,248)}body.dm7YTc .W7mYUe:hover .VfPpkd-wbSZ0b::before,body.dm7YTc .W7mYUe.VfPpkd-ksKsZd-XxIAqe-OWXEXe-ZmdkE .VfPpkd-wbSZ0b::before{opacity:.04}body.dm7YTc .W7mYUe.VfPpkd-ksKsZd-mWPk3d-OWXEXe-AHe6Kc-XpnDCe .VfPpkd-wbSZ0b::before,body.dm7YTc .W7mYUe:not(.VfPpkd-ksKsZd-mWPk3d):focus .VfPpkd-wbSZ0b::before{transition-duration:75ms;opacity:.12}body.dm7YTc .W7mYUe:not(.VfPpkd-ksKsZd-mWPk3d) .VfPpkd-wbSZ0b::after{transition:opacity .15s linear}body.dm7YTc .W7mYUe:not(.VfPpkd-ksKsZd-mWPk3d):active .VfPpkd-wbSZ0b::after{transition-duration:75ms;opacity:.1}body.dm7YTc .W7mYUe.VfPpkd-ksKsZd-mWPk3d{--mdc-ripple-fg-opacity:var(--mdc-extended-fab-pressed-state-layer-opacity,0.1)}body.dm7YTc .W7mYUe .VfPpkd-wbSZ0b{border-radius:24px 24px 24px 24px}body.dm7YTc .W7mYUe:not(:disabled) .VfPpkd-nBWOSb{color:rgb(138,180,248)}body.dm7YTc .W7mYUe:not(:disabled):hover .VfPpkd-nBWOSb{color:rgb(174,203,250)}body.dm7YTc .W7mYUe:not(:disabled):focus .VfPpkd-nBWOSb{color:rgb(174,203,250)}body.dm7YTc .W7mYUe:not(:disabled):active .VfPpkd-nBWOSb{color:rgb(174,203,250)}body.dm7YTc .OoEosd{background-color:rgb(32,33,36);height:56px;width:56px}body.dm7YTc .OoEosd:not(:disabled){box-shadow:0 1px 3px 0 rgba(0,0,0,.3),0 4px 8px 3px rgba(0,0,0,.15)}body.dm7YTc .OoEosd:not(:disabled) .VfPpkd-BFbNVe-bF1uUb{opacity:.11}body.dm7YTc .OoEosd:not(:disabled) .VfPpkd-BFbNVe-bF1uUb{background-color:rgb(232,234,237)}body.dm7YTc .OoEosd:not(:disabled):hover{box-shadow:0 2px 3px 0 rgba(0,0,0,.3),0 6px 10px 4px rgba(0,0,0,.15)}body.dm7YTc .OoEosd:not(:disabled):hover .VfPpkd-BFbNVe-bF1uUb{opacity:.12}body.dm7YTc .OoEosd:not(:disabled):hover .VfPpkd-BFbNVe-bF1uUb{background-color:rgb(232,234,237)}body.dm7YTc .OoEosd:not(:disabled):focus{box-shadow:0 1px 3px 0 rgba(0,0,0,.3),0 4px 8px 3px rgba(0,0,0,.15)}body.dm7YTc .OoEosd:not(:disabled):focus .VfPpkd-BFbNVe-bF1uUb{opacity:.11}body.dm7YTc .OoEosd:not(:disabled):focus .VfPpkd-BFbNVe-bF1uUb{background-color:rgb(232,234,237)}body.dm7YTc .OoEosd:not(:disabled):active{box-shadow:0 4px 4px 0 rgba(0,0,0,.3),0 8px 12px 6px rgba(0,0,0,.15)}body.dm7YTc .OoEosd:not(:disabled):active .VfPpkd-BFbNVe-bF1uUb{opacity:.14}body.dm7YTc .OoEosd:not(:disabled):active .VfPpkd-BFbNVe-bF1uUb{background-color:rgb(232,234,237)}body.dm7YTc .OoEosd:disabled{box-shadow:0 1px 3px 0 rgba(0,0,0,.3),0 4px 8px 3px rgba(0,0,0,.15)}body.dm7YTc .OoEosd:disabled .VfPpkd-BFbNVe-bF1uUb{opacity:.11}body.dm7YTc .OoEosd:disabled .VfPpkd-BFbNVe-bF1uUb{background-color:rgb(232,234,237)}body.dm7YTc .OoEosd .VfPpkd-Q0XOV{width:24px;height:24px;font-size:24px}body.dm7YTc .OoEosd:not(:disabled) .VfPpkd-Q0XOV{color:rgb(138,180,248)}body.dm7YTc .OoEosd:not(:disabled):hover .VfPpkd-Q0XOV{color:rgb(174,203,250)}body.dm7YTc .OoEosd:not(:disabled):focus .VfPpkd-Q0XOV{color:rgb(174,203,250)}body.dm7YTc .OoEosd:not(:disabled):active .VfPpkd-Q0XOV{color:rgb(174,203,250)}body.dm7YTc .OoEosd .VfPpkd-wbSZ0b::before,body.dm7YTc .OoEosd .VfPpkd-wbSZ0b::after{background-color:rgb(138,180,248)}body.dm7YTc .OoEosd:hover .VfPpkd-wbSZ0b::before,body.dm7YTc .OoEosd.VfPpkd-ksKsZd-XxIAqe-OWXEXe-ZmdkE .VfPpkd-wbSZ0b::before{opacity:.04}body.dm7YTc .OoEosd.VfPpkd-ksKsZd-mWPk3d-OWXEXe-AHe6Kc-XpnDCe .VfPpkd-wbSZ0b::before,body.dm7YTc .OoEosd:not(.VfPpkd-ksKsZd-mWPk3d):focus .VfPpkd-wbSZ0b::before{transition-duration:75ms;opacity:.12}body.dm7YTc .OoEosd:not(.VfPpkd-ksKsZd-mWPk3d) .VfPpkd-wbSZ0b::after{transition:opacity .15s linear}body.dm7YTc .OoEosd:not(.VfPpkd-ksKsZd-mWPk3d):active .VfPpkd-wbSZ0b::after{transition-duration:75ms;opacity:.1}body.dm7YTc .OoEosd.VfPpkd-ksKsZd-mWPk3d{--mdc-ripple-fg-opacity:var(--mdc-fab-pressed-state-layer-opacity,0.1)}body.dm7YTc .OoEosd:not(.VfPpkd-BIzmGd-OWXEXe-X9G3K){border-radius:28px 28px 28px 28px}body.dm7YTc .OoEosd:not(.VfPpkd-BIzmGd-OWXEXe-X9G3K) .VfPpkd-wbSZ0b{border-radius:28px 28px 28px 28px}body.dm7YTc .vd3sk:not(:disabled){box-shadow:0 1px 2px 0 rgba(0,0,0,.3),0 1px 3px 1px rgba(0,0,0,.15)}body.dm7YTc .vd3sk:not(:disabled) .VfPpkd-BFbNVe-bF1uUb{opacity:.05}body.dm7YTc .vd3sk:not(:disabled) .VfPpkd-BFbNVe-bF1uUb{background-color:rgb(232,234,237)}body.dm7YTc .vd3sk:not(:disabled):hover{box-shadow:0 1px 2px 0 rgba(0,0,0,.3),0 2px 6px 2px rgba(0,0,0,.15)}body.dm7YTc .vd3sk:not(:disabled):hover .VfPpkd-BFbNVe-bF1uUb{opacity:.08}body.dm7YTc .vd3sk:not(:disabled):hover .VfPpkd-BFbNVe-bF1uUb{background-color:rgb(232,234,237)}body.dm7YTc .vd3sk:not(:disabled):focus{box-shadow:0 1px 2px 0 rgba(0,0,0,.3),0 2px 6px 2px rgba(0,0,0,.15)}body.dm7YTc .vd3sk:not(:disabled):focus .VfPpkd-BFbNVe-bF1uUb{opacity:.08}body.dm7YTc .vd3sk:not(:disabled):focus .VfPpkd-BFbNVe-bF1uUb{background-color:rgb(232,234,237)}body.dm7YTc .vd3sk:not(:disabled):active{box-shadow:0 1px 3px 0 rgba(0,0,0,.3),0 4px 8px 3px rgba(0,0,0,.15)}body.dm7YTc .vd3sk:not(:disabled):active .VfPpkd-BFbNVe-bF1uUb{opacity:.11}body.dm7YTc .vd3sk:not(:disabled):active .VfPpkd-BFbNVe-bF1uUb{background-color:rgb(232,234,237)}body.dm7YTc .vd3sk:disabled{box-shadow:0 1px 2px 0 rgba(0,0,0,.3),0 1px 3px 1px rgba(0,0,0,.15)}body.dm7YTc .vd3sk:disabled .VfPpkd-BFbNVe-bF1uUb{opacity:.05}body.dm7YTc .vd3sk:disabled .VfPpkd-BFbNVe-bF1uUb{background-color:rgb(232,234,237)}body.dm7YTc .N7pe4e:not(:disabled){box-shadow:0 1px 2px 0 rgba(0,0,0,.3),0 1px 3px 1px rgba(0,0,0,.15)}body.dm7YTc .N7pe4e:not(:disabled) .VfPpkd-BFbNVe-bF1uUb{opacity:.05}body.dm7YTc .N7pe4e:not(:disabled) .VfPpkd-BFbNVe-bF1uUb{background-color:rgb(232,234,237)}body.dm7YTc .N7pe4e:not(:disabled):hover{box-shadow:0 1px 2px 0 rgba(0,0,0,.3),0 2px 6px 2px rgba(0,0,0,.15)}body.dm7YTc .N7pe4e:not(:disabled):hover .VfPpkd-BFbNVe-bF1uUb{opacity:.08}body.dm7YTc .N7pe4e:not(:disabled):hover .VfPpkd-BFbNVe-bF1uUb{background-color:rgb(232,234,237)}body.dm7YTc .N7pe4e:not(:disabled):focus{box-shadow:0 1px 2px 0 rgba(0,0,0,.3),0 2px 6px 2px rgba(0,0,0,.15)}body.dm7YTc .N7pe4e:not(:disabled):focus .VfPpkd-BFbNVe-bF1uUb{opacity:.08}body.dm7YTc .N7pe4e:not(:disabled):focus .VfPpkd-BFbNVe-bF1uUb{background-color:rgb(232,234,237)}body.dm7YTc .N7pe4e:not(:disabled):active{box-shadow:0 1px 3px 0 rgba(0,0,0,.3),0 4px 8px 3px rgba(0,0,0,.15)}body.dm7YTc .N7pe4e:not(:disabled):active .VfPpkd-BFbNVe-bF1uUb{opacity:.11}body.dm7YTc .N7pe4e:not(:disabled):active .VfPpkd-BFbNVe-bF1uUb{background-color:rgb(232,234,237)}body.dm7YTc .N7pe4e:disabled{box-shadow:0 1px 2px 0 rgba(0,0,0,.3),0 1px 3px 1px rgba(0,0,0,.15)}body.dm7YTc .N7pe4e:disabled .VfPpkd-BFbNVe-bF1uUb{opacity:.05}body.dm7YTc .N7pe4e:disabled .VfPpkd-BFbNVe-bF1uUb{background-color:rgb(232,234,237)}body.dm7YTc .JJMOVe:not(:disabled){box-shadow:0 1px 2px 0 rgba(0,0,0,.3),0 1px 3px 1px rgba(0,0,0,.15)}body.dm7YTc .JJMOVe:not(:disabled) .VfPpkd-BFbNVe-bF1uUb{opacity:.05}body.dm7YTc .JJMOVe:not(:disabled) .VfPpkd-BFbNVe-bF1uUb{background-color:rgb(232,234,237)}body.dm7YTc .JJMOVe:not(:disabled):hover{box-shadow:0 1px 2px 0 rgba(0,0,0,.3),0 2px 6px 2px rgba(0,0,0,.15)}body.dm7YTc .JJMOVe:not(:disabled):hover .VfPpkd-BFbNVe-bF1uUb{opacity:.08}body.dm7YTc .JJMOVe:not(:disabled):hover .VfPpkd-BFbNVe-bF1uUb{background-color:rgb(232,234,237)}body.dm7YTc .JJMOVe:not(:disabled):focus{box-shadow:0 1px 2px 0 rgba(0,0,0,.3),0 2px 6px 2px rgba(0,0,0,.15)}body.dm7YTc .JJMOVe:not(:disabled):focus .VfPpkd-BFbNVe-bF1uUb{opacity:.08}body.dm7YTc .JJMOVe:not(:disabled):focus .VfPpkd-BFbNVe-bF1uUb{background-color:rgb(232,234,237)}body.dm7YTc .JJMOVe:not(:disabled):active{box-shadow:0 1px 3px 0 rgba(0,0,0,.3),0 4px 8px 3px rgba(0,0,0,.15)}body.dm7YTc .JJMOVe:not(:disabled):active .VfPpkd-BFbNVe-bF1uUb{opacity:.11}body.dm7YTc .JJMOVe:not(:disabled):active .VfPpkd-BFbNVe-bF1uUb{background-color:rgb(232,234,237)}body.dm7YTc .JJMOVe:disabled{box-shadow:0 1px 2px 0 rgba(0,0,0,.3),0 1px 3px 1px rgba(0,0,0,.15)}body.dm7YTc .JJMOVe:disabled .VfPpkd-BFbNVe-bF1uUb{opacity:.05}body.dm7YTc .JJMOVe:disabled .VfPpkd-BFbNVe-bF1uUb{background-color:rgb(232,234,237)}body.dm7YTc .E9mvxc{height:40px;width:40px}body.dm7YTc .ZCuY4{font-family:Roboto,Arial,sans-serif;line-height:1.25rem;font-size:.875rem;letter-spacing:.0142857143em;font-weight:400;color:rgb(232,234,237)}body.dm7YTc .ZCuY4 gm-checkbox[disabled]~.VfPpkd-V67aGc,body.dm7YTc .ZCuY4 gm-radio[disabled]~.VfPpkd-V67aGc,body.dm7YTc .ZCuY4 .VfPpkd-MPu53c-OWXEXe-OWB6Me~.VfPpkd-V67aGc,body.dm7YTc .ZCuY4 .VfPpkd-GCYh9b-OWXEXe-OWB6Me~.VfPpkd-V67aGc{color:rgba(232,234,237,.38)}body.dm7YTc .E2obDf .VfPpkd-qNpTzb-P4pF8c-SmKAyb{border-color:rgb(102,157,246)}body.dm7YTc .E2obDf .VfPpkd-qNpTzb-ajuXxc-RxYbNe{background-color:rgba(138,180,248,.24)}@media (forced-colors:active){body.dm7YTc .E2obDf .VfPpkd-qNpTzb-ajuXxc-RxYbNe{background-color:ButtonBorder}}@media (-ms-high-contrast:active),(-ms-high-contrast:none){body.dm7YTc .E2obDf .VfPpkd-qNpTzb-ajuXxc-RxYbNe{background-color:transparent;background-image:url("data:image/svg+xml,%3Csvg version='1.1' xmlns='http://www.w3.org/2000/svg' xmlns:xlink='http://www.w3.org/1999/xlink' x='0px' y='0px' enable-background='new 0 0 5 2' xml:space='preserve' viewBox='0 0 5 2' preserveAspectRatio='none slice'%3E%3Ccircle cx='1' cy='1' r='1' fill='rgba(138, 180, 248, 0.24)'/%3E%3C/svg%3E")}}body.dm7YTc .E2obDf .VfPpkd-qNpTzb-ajuXxc-ZMv3u{background-color:rgba(138,180,248,.24)}body.dm7YTc .bwNLcf{color:rgb(232,234,237);font-family:Roboto,Arial,sans-serif;line-height:1.5rem;font-size:1rem;letter-spacing:.00625em;font-weight:400}body.dm7YTc .bwNLcf .VfPpkd-StrnGf-rymPhb-IhFlZd{color:rgb(154,160,166)}body.dm7YTc .bwNLcf .VfPpkd-StrnGf-rymPhb-ibnC6b-OWXEXe-OWB6Me .VfPpkd-StrnGf-rymPhb-b9t22c,body.dm7YTc .bwNLcf .VfPpkd-StrnGf-rymPhb-ibnC6b-OWXEXe-OWB6Me .VfPpkd-StrnGf-rymPhb-fpDzbe-fmcmS,body.dm7YTc .bwNLcf .VfPpkd-StrnGf-rymPhb-ibnC6b-OWXEXe-OWB6Me .VfPpkd-StrnGf-rymPhb-L8ivfd-fmcmS{color:rgb(232,234,237)}body.dm7YTc .bwNLcf .VfPpkd-StrnGf-rymPhb-ibnC6b-OWXEXe-OWB6Me .VfPpkd-StrnGf-rymPhb-b9t22c{opacity:.38}body.dm7YTc .bwNLcf .VfPpkd-StrnGf-rymPhb-ibnC6b-OWXEXe-gk6SMd,body.dm7YTc .bwNLcf .VfPpkd-StrnGf-rymPhb-ibnC6b-OWXEXe-pXU01b{color:rgb(232,234,237)}body.dm7YTc .bwNLcf .VfPpkd-StrnGf-rymPhb-ibnC6b-OWXEXe-gk6SMd .VfPpkd-StrnGf-rymPhb-f7MjDc,body.dm7YTc .bwNLcf .VfPpkd-StrnGf-rymPhb-ibnC6b-OWXEXe-pXU01b .VfPpkd-StrnGf-rymPhb-f7MjDc{color:rgb(232,234,237)}body.dm7YTc .bwNLcf .VfPpkd-StrnGf-rymPhb-ibnC6b-OWXEXe-gk6SMd .VfPpkd-StrnGf-rymPhb-pZXsl::before{opacity:0}body.dm7YTc .bwNLcf .VfPpkd-StrnGf-rymPhb-ibnC6b.VfPpkd-StrnGf-rymPhb-ibnC6b-OWXEXe-gk6SMd{background-color:rgba(138,180,248,.24)}body.dm7YTc .bwNLcf .VfPpkd-StrnGf-rymPhb-ibnC6b.VfPpkd-StrnGf-rymPhb-ibnC6b-OWXEXe-gk6SMd .VfPpkd-StrnGf-rymPhb-pZXsl::before,body.dm7YTc .bwNLcf .VfPpkd-StrnGf-rymPhb-ibnC6b.VfPpkd-StrnGf-rymPhb-ibnC6b-OWXEXe-gk6SMd .VfPpkd-StrnGf-rymPhb-pZXsl::after{background-color:rgb(138,180,248);background-color:var(--mdc-ripple-color,rgb(138,180,248))}body.dm7YTc .bwNLcf .VfPpkd-StrnGf-rymPhb-ibnC6b.VfPpkd-StrnGf-rymPhb-ibnC6b-OWXEXe-gk6SMd:hover .VfPpkd-StrnGf-rymPhb-pZXsl::before,body.dm7YTc .bwNLcf .VfPpkd-StrnGf-rymPhb-ibnC6b.VfPpkd-StrnGf-rymPhb-ibnC6b-OWXEXe-gk6SMd.VfPpkd-ksKsZd-XxIAqe-OWXEXe-ZmdkE .VfPpkd-StrnGf-rymPhb-pZXsl::before{opacity:.04;opacity:var(--mdc-ripple-hover-opacity,.04)}body.dm7YTc .bwNLcf .VfPpkd-StrnGf-rymPhb-ibnC6b.VfPpkd-StrnGf-rymPhb-ibnC6b-OWXEXe-gk6SMd.VfPpkd-ksKsZd-mWPk3d-OWXEXe-AHe6Kc-XpnDCe .VfPpkd-StrnGf-rymPhb-pZXsl::before,body.dm7YTc .bwNLcf .VfPpkd-StrnGf-rymPhb-ibnC6b.VfPpkd-StrnGf-rymPhb-ibnC6b-OWXEXe-gk6SMd:not(.VfPpkd-ksKsZd-mWPk3d):focus .VfPpkd-StrnGf-rymPhb-pZXsl::before{transition-duration:75ms;opacity:.12;opacity:var(--mdc-ripple-focus-opacity,.12)}body.dm7YTc .bwNLcf .VfPpkd-StrnGf-rymPhb-ibnC6b.VfPpkd-StrnGf-rymPhb-ibnC6b-OWXEXe-gk6SMd:not(.VfPpkd-ksKsZd-mWPk3d) .VfPpkd-StrnGf-rymPhb-pZXsl::after{transition:opacity .15s linear}body.dm7YTc .bwNLcf .VfPpkd-StrnGf-rymPhb-ibnC6b.VfPpkd-StrnGf-rymPhb-ibnC6b-OWXEXe-gk6SMd:not(.VfPpkd-ksKsZd-mWPk3d):active .VfPpkd-StrnGf-rymPhb-pZXsl::after{transition-duration:75ms;opacity:.1;opacity:var(--mdc-ripple-press-opacity,.1)}body.dm7YTc .bwNLcf .VfPpkd-StrnGf-rymPhb-ibnC6b.VfPpkd-StrnGf-rymPhb-ibnC6b-OWXEXe-gk6SMd.VfPpkd-ksKsZd-mWPk3d{--mdc-ripple-fg-opacity:var(--mdc-ripple-press-opacity,0.1)}body.dm7YTc .bwNLcf .VfPpkd-StrnGf-rymPhb-L8ivfd-fmcmS{color:rgb(154,160,166)}body.dm7YTc .bwNLcf .VfPpkd-StrnGf-rymPhb-clz4Ic{border-bottom-color:rgba(232,234,237,.12)}body.dm7YTc .bwNLcf .VfPpkd-StrnGf-rymPhb-f7MjDc{color:rgb(232,234,237)}body.dm7YTc .bwNLcf .VfPpkd-StrnGf-rymPhb-ibnC6b .VfPpkd-StrnGf-rymPhb-pZXsl::before,body.dm7YTc .bwNLcf .VfPpkd-StrnGf-rymPhb-ibnC6b .VfPpkd-StrnGf-rymPhb-pZXsl::after{background-color:rgb(232,234,237);background-color:var(--mdc-ripple-color,rgb(232,234,237))}body.dm7YTc .bwNLcf .VfPpkd-StrnGf-rymPhb-ibnC6b:hover .VfPpkd-StrnGf-rymPhb-pZXsl::before,body.dm7YTc .bwNLcf .VfPpkd-StrnGf-rymPhb-ibnC6b.VfPpkd-ksKsZd-XxIAqe-OWXEXe-ZmdkE .VfPpkd-StrnGf-rymPhb-pZXsl::before{opacity:.04;opacity:var(--mdc-ripple-hover-opacity,.04)}body.dm7YTc .bwNLcf .VfPpkd-StrnGf-rymPhb-ibnC6b.VfPpkd-ksKsZd-mWPk3d-OWXEXe-AHe6Kc-XpnDCe .VfPpkd-StrnGf-rymPhb-pZXsl::before,body.dm7YTc .bwNLcf .VfPpkd-StrnGf-rymPhb-ibnC6b:not(.VfPpkd-ksKsZd-mWPk3d):focus .VfPpkd-StrnGf-rymPhb-pZXsl::before{transition-duration:75ms;opacity:.12;opacity:var(--mdc-ripple-focus-opacity,.12)}body.dm7YTc .bwNLcf .VfPpkd-StrnGf-rymPhb-ibnC6b:not(.VfPpkd-ksKsZd-mWPk3d) .VfPpkd-StrnGf-rymPhb-pZXsl::after{transition:opacity .15s linear}body.dm7YTc .bwNLcf .VfPpkd-StrnGf-rymPhb-ibnC6b:not(.VfPpkd-ksKsZd-mWPk3d):active .VfPpkd-StrnGf-rymPhb-pZXsl::after{transition-duration:75ms;opacity:.1;opacity:var(--mdc-ripple-press-opacity,.1)}body.dm7YTc .bwNLcf .VfPpkd-StrnGf-rymPhb-ibnC6b.VfPpkd-ksKsZd-mWPk3d{--mdc-ripple-fg-opacity:var(--mdc-ripple-press-opacity,0.1)}@media (-ms-high-contrast:active),screen and (forced-colors:active){body.dm7YTc .bwNLcf .VfPpkd-StrnGf-rymPhb-ibnC6b-OWXEXe-OWB6Me .VfPpkd-StrnGf-rymPhb-b9t22c,body.dm7YTc .bwNLcf .VfPpkd-StrnGf-rymPhb-ibnC6b-OWXEXe-OWB6Me .VfPpkd-StrnGf-rymPhb-fpDzbe-fmcmS,body.dm7YTc .bwNLcf .VfPpkd-StrnGf-rymPhb-ibnC6b-OWXEXe-OWB6Me .VfPpkd-StrnGf-rymPhb-L8ivfd-fmcmS{color:GrayText}body.dm7YTc .bwNLcf .VfPpkd-StrnGf-rymPhb-ibnC6b-OWXEXe-OWB6Me .VfPpkd-StrnGf-rymPhb-b9t22c{opacity:1}}body.dm7YTc .bwNLcf .VfPpkd-rymPhb-Gtdoyb,body.dm7YTc .bwNLcf .VfPpkd-rymPhb-fpDzbe-fmcmS{color:rgb(232,234,237)}body.dm7YTc .bwNLcf .VfPpkd-rymPhb-bC5pod-fmcmS{color:rgb(154,160,166)}body.dm7YTc .bwNLcf .VfPpkd-rymPhb-JMEf7e{color:rgb(154,160,166)}body.dm7YTc .bwNLcf .VfPpkd-rymPhb-ibnC6b-OWXEXe-OWB6Me .VfPpkd-rymPhb-Gtdoyb,body.dm7YTc .bwNLcf .VfPpkd-rymPhb-ibnC6b-OWXEXe-OWB6Me .VfPpkd-rymPhb-fpDzbe-fmcmS{color:rgb(232,234,237)}body.dm7YTc .bwNLcf .VfPpkd-rymPhb-ibnC6b-OWXEXe-OWB6Me .VfPpkd-rymPhb-L8ivfd-fmcmS{color:rgb(232,234,237)}body.dm7YTc .bwNLcf .VfPpkd-rymPhb-ibnC6b-OWXEXe-OWB6Me .VfPpkd-rymPhb-bC5pod-fmcmS{color:rgb(232,234,237)}body.dm7YTc .bwNLcf .VfPpkd-rymPhb-ibnC6b-OWXEXe-OWB6Me.VfPpkd-rymPhb-ibnC6b-OWXEXe-SfQLQb-M1Soyc-Bz112c .VfPpkd-rymPhb-KkROqb{color:rgb(232,234,237)}body.dm7YTc .bwNLcf .VfPpkd-rymPhb-ibnC6b-OWXEXe-OWB6Me.VfPpkd-rymPhb-ibnC6b-OWXEXe-SfQLQb-UbuQg-Bz112c .VfPpkd-rymPhb-JMEf7e{color:rgb(232,234,237)}body.dm7YTc .bwNLcf .VfPpkd-rymPhb-ibnC6b-OWXEXe-OWB6Me.VfPpkd-rymPhb-ibnC6b-OWXEXe-SfQLQb-UbuQg-r4m2rf .VfPpkd-rymPhb-JMEf7e{color:rgb(232,234,237)}body.dm7YTc .bwNLcf .VfPpkd-rymPhb-ibnC6b-OWXEXe-OWB6Me .VfPpkd-rymPhb-KkROqb,body.dm7YTc .bwNLcf .VfPpkd-rymPhb-ibnC6b-OWXEXe-OWB6Me .VfPpkd-rymPhb-Gtdoyb,body.dm7YTc .bwNLcf .VfPpkd-rymPhb-ibnC6b-OWXEXe-OWB6Me .VfPpkd-rymPhb-JMEf7e{opacity:.38}body.dm7YTc .bwNLcf .VfPpkd-rymPhb-ibnC6b-OWXEXe-gk6SMd .VfPpkd-rymPhb-Gtdoyb,body.dm7YTc .bwNLcf .VfPpkd-rymPhb-ibnC6b-OWXEXe-gk6SMd .VfPpkd-rymPhb-fpDzbe-fmcmS,body.dm7YTc .bwNLcf .VfPpkd-rymPhb-ibnC6b-OWXEXe-pXU01b .VfPpkd-rymPhb-Gtdoyb,body.dm7YTc .bwNLcf .VfPpkd-rymPhb-ibnC6b-OWXEXe-pXU01b .VfPpkd-rymPhb-fpDzbe-fmcmS{color:rgb(232,234,237)}body.dm7YTc .bwNLcf .VfPpkd-rymPhb-ibnC6b-OWXEXe-gk6SMd.VfPpkd-rymPhb-ibnC6b-OWXEXe-SfQLQb-M1Soyc-Bz112c .VfPpkd-rymPhb-KkROqb,body.dm7YTc .bwNLcf .VfPpkd-rymPhb-ibnC6b-OWXEXe-pXU01b.VfPpkd-rymPhb-ibnC6b-OWXEXe-SfQLQb-M1Soyc-Bz112c .VfPpkd-rymPhb-KkROqb{color:rgb(232,234,237)}body.dm7YTc .bwNLcf .VfPpkd-rymPhb-ibnC6b-OWXEXe-gk6SMd .VfPpkd-rymPhb-pZXsl::before{opacity:0}body.dm7YTc .bwNLcf .VfPpkd-rymPhb-ibnC6b.VfPpkd-rymPhb-ibnC6b-OWXEXe-gk6SMd{background-color:rgba(138,180,248,.24)}body.dm7YTc .bwNLcf .VfPpkd-rymPhb-ibnC6b.VfPpkd-rymPhb-ibnC6b-OWXEXe-gk6SMd .VfPpkd-rymPhb-pZXsl::before,body.dm7YTc .bwNLcf .VfPpkd-rymPhb-ibnC6b.VfPpkd-rymPhb-ibnC6b-OWXEXe-gk6SMd .VfPpkd-rymPhb-pZXsl::after{background-color:rgb(138,180,248);background-color:var(--mdc-ripple-color,rgb(138,180,248))}body.dm7YTc .bwNLcf .VfPpkd-rymPhb-ibnC6b.VfPpkd-rymPhb-ibnC6b-OWXEXe-gk6SMd:hover .VfPpkd-rymPhb-pZXsl::before,body.dm7YTc .bwNLcf .VfPpkd-rymPhb-ibnC6b.VfPpkd-rymPhb-ibnC6b-OWXEXe-gk6SMd.VfPpkd-ksKsZd-XxIAqe-OWXEXe-ZmdkE .VfPpkd-rymPhb-pZXsl::before{opacity:.04;opacity:var(--mdc-ripple-hover-opacity,.04)}body.dm7YTc .bwNLcf .VfPpkd-rymPhb-ibnC6b.VfPpkd-rymPhb-ibnC6b-OWXEXe-gk6SMd.VfPpkd-ksKsZd-mWPk3d-OWXEXe-AHe6Kc-XpnDCe .VfPpkd-rymPhb-pZXsl::before,body.dm7YTc .bwNLcf .VfPpkd-rymPhb-ibnC6b.VfPpkd-rymPhb-ibnC6b-OWXEXe-gk6SMd:not(.VfPpkd-ksKsZd-mWPk3d):focus .VfPpkd-rymPhb-pZXsl::before{transition-duration:75ms;opacity:.12;opacity:var(--mdc-ripple-focus-opacity,.12)}body.dm7YTc .bwNLcf .VfPpkd-rymPhb-ibnC6b.VfPpkd-rymPhb-ibnC6b-OWXEXe-gk6SMd:not(.VfPpkd-ksKsZd-mWPk3d) .VfPpkd-rymPhb-pZXsl::after{transition:opacity .15s linear}body.dm7YTc .bwNLcf .VfPpkd-rymPhb-ibnC6b.VfPpkd-rymPhb-ibnC6b-OWXEXe-gk6SMd:not(.VfPpkd-ksKsZd-mWPk3d):active .VfPpkd-rymPhb-pZXsl::after{transition-duration:75ms;opacity:.1;opacity:var(--mdc-ripple-press-opacity,.1)}body.dm7YTc .bwNLcf .VfPpkd-rymPhb-ibnC6b.VfPpkd-rymPhb-ibnC6b-OWXEXe-gk6SMd.VfPpkd-ksKsZd-mWPk3d{--mdc-ripple-fg-opacity:var(--mdc-ripple-press-opacity,0.1)}body.dm7YTc .bwNLcf .VfPpkd-rymPhb-L8ivfd-fmcmS{color:rgb(154,160,166)}body.dm7YTc .bwNLcf .VfPpkd-rymPhb-clz4Ic{background-color:rgba(232,234,237,.12)}body.dm7YTc .bwNLcf .VfPpkd-rymPhb-ibnC6b-OWXEXe-SfQLQb-M1Soyc-Bz112c .VfPpkd-rymPhb-KkROqb,body.dm7YTc .bwNLcf .VfPpkd-rymPhb-ibnC6b-OWXEXe-SfQLQb-UbuQg-Bz112c .VfPpkd-rymPhb-JMEf7e{color:rgb(232,234,237)}body.dm7YTc .bwNLcf .VfPpkd-rymPhb-ibnC6b .VfPpkd-rymPhb-pZXsl::before,body.dm7YTc .bwNLcf .VfPpkd-rymPhb-ibnC6b .VfPpkd-rymPhb-pZXsl::after{background-color:rgb(232,234,237);background-color:var(--mdc-ripple-color,rgb(232,234,237))}body.dm7YTc .bwNLcf .VfPpkd-rymPhb-ibnC6b:hover .VfPpkd-rymPhb-pZXsl::before,body.dm7YTc .bwNLcf .VfPpkd-rymPhb-ibnC6b.VfPpkd-ksKsZd-XxIAqe-OWXEXe-ZmdkE .VfPpkd-rymPhb-pZXsl::before{opacity:.04;opacity:var(--mdc-ripple-hover-opacity,.04)}body.dm7YTc .bwNLcf .VfPpkd-rymPhb-ibnC6b.VfPpkd-ksKsZd-mWPk3d-OWXEXe-AHe6Kc-XpnDCe .VfPpkd-rymPhb-pZXsl::before,body.dm7YTc .bwNLcf .VfPpkd-rymPhb-ibnC6b:not(.VfPpkd-ksKsZd-mWPk3d):focus .VfPpkd-rymPhb-pZXsl::before{transition-duration:75ms;opacity:.12;opacity:var(--mdc-ripple-focus-opacity,.12)}body.dm7YTc .bwNLcf .VfPpkd-rymPhb-ibnC6b:not(.VfPpkd-ksKsZd-mWPk3d) .VfPpkd-rymPhb-pZXsl::after{transition:opacity .15s linear}body.dm7YTc .bwNLcf .VfPpkd-rymPhb-ibnC6b:not(.VfPpkd-ksKsZd-mWPk3d):active .VfPpkd-rymPhb-pZXsl::after{transition-duration:75ms;opacity:.1;opacity:var(--mdc-ripple-press-opacity,.1)}body.dm7YTc .bwNLcf .VfPpkd-rymPhb-ibnC6b.VfPpkd-ksKsZd-mWPk3d{--mdc-ripple-fg-opacity:var(--mdc-ripple-press-opacity,0.1)}@media screen and (forced-colors:active){body.dm7YTc .bwNLcf .VfPpkd-rymPhb-ibnC6b-OWXEXe-OWB6Me .VfPpkd-rymPhb-Gtdoyb,body.dm7YTc .bwNLcf .VfPpkd-rymPhb-ibnC6b-OWXEXe-OWB6Me .VfPpkd-rymPhb-fpDzbe-fmcmS{color:GrayText}body.dm7YTc .bwNLcf .VfPpkd-rymPhb-ibnC6b-OWXEXe-OWB6Me .VfPpkd-rymPhb-L8ivfd-fmcmS{color:GrayText}body.dm7YTc .bwNLcf .VfPpkd-rymPhb-ibnC6b-OWXEXe-OWB6Me .VfPpkd-rymPhb-bC5pod-fmcmS{color:GrayText}body.dm7YTc .bwNLcf .VfPpkd-rymPhb-ibnC6b-OWXEXe-OWB6Me.VfPpkd-rymPhb-ibnC6b-OWXEXe-SfQLQb-M1Soyc-Bz112c .VfPpkd-rymPhb-KkROqb{color:GrayText}body.dm7YTc .bwNLcf .VfPpkd-rymPhb-ibnC6b-OWXEXe-OWB6Me.VfPpkd-rymPhb-ibnC6b-OWXEXe-SfQLQb-UbuQg-Bz112c .VfPpkd-rymPhb-JMEf7e{color:GrayText}body.dm7YTc .bwNLcf .VfPpkd-rymPhb-ibnC6b-OWXEXe-OWB6Me.VfPpkd-rymPhb-ibnC6b-OWXEXe-SfQLQb-UbuQg-r4m2rf .VfPpkd-rymPhb-JMEf7e{color:GrayText}body.dm7YTc .bwNLcf .VfPpkd-rymPhb-ibnC6b-OWXEXe-OWB6Me .VfPpkd-rymPhb-KkROqb,body.dm7YTc .bwNLcf .VfPpkd-rymPhb-ibnC6b-OWXEXe-OWB6Me .VfPpkd-rymPhb-Gtdoyb,body.dm7YTc .bwNLcf .VfPpkd-rymPhb-ibnC6b-OWXEXe-OWB6Me .VfPpkd-rymPhb-JMEf7e{opacity:1}}body.dm7YTc .f8F5Dd{background-color:rgb(32,33,36);border-width:0;box-shadow:0 1px 2px 0 rgba(0,0,0,.3),0 2px 6px 2px rgba(0,0,0,.15)}body.dm7YTc .f8F5Dd .VfPpkd-BFbNVe-bF1uUb{opacity:.08}body.dm7YTc .P77izf{background-color:rgb(32,33,36);border-width:0;box-shadow:0 1px 2px 0 rgba(0,0,0,.3),0 2px 6px 2px rgba(0,0,0,.15)}body.dm7YTc .P77izf .VfPpkd-StrnGf-rymPhb{font-family:Roboto,Arial,sans-serif;line-height:1.5rem;font-size:1rem;letter-spacing:.00625em;font-weight:400;color:rgb(232,234,237)}body.dm7YTc .P77izf .VfPpkd-StrnGf-rymPhb .VfPpkd-StrnGf-rymPhb-IhFlZd{color:rgb(154,160,166)}body.dm7YTc .P77izf .VfPpkd-StrnGf-rymPhb .VfPpkd-StrnGf-rymPhb-ibnC6b-OWXEXe-OWB6Me .VfPpkd-StrnGf-rymPhb-b9t22c,body.dm7YTc .P77izf .VfPpkd-StrnGf-rymPhb .VfPpkd-StrnGf-rymPhb-ibnC6b-OWXEXe-OWB6Me .VfPpkd-StrnGf-rymPhb-fpDzbe-fmcmS,body.dm7YTc .P77izf .VfPpkd-StrnGf-rymPhb .VfPpkd-StrnGf-rymPhb-ibnC6b-OWXEXe-OWB6Me .VfPpkd-StrnGf-rymPhb-L8ivfd-fmcmS{color:rgb(232,234,237)}body.dm7YTc .P77izf .VfPpkd-StrnGf-rymPhb .VfPpkd-StrnGf-rymPhb-ibnC6b-OWXEXe-OWB6Me .VfPpkd-StrnGf-rymPhb-b9t22c{opacity:.38}body.dm7YTc .P77izf .VfPpkd-StrnGf-rymPhb .VfPpkd-StrnGf-rymPhb-ibnC6b-OWXEXe-gk6SMd,body.dm7YTc .P77izf .VfPpkd-StrnGf-rymPhb .VfPpkd-StrnGf-rymPhb-ibnC6b-OWXEXe-pXU01b{color:rgb(232,234,237)}body.dm7YTc .P77izf .VfPpkd-StrnGf-rymPhb .VfPpkd-StrnGf-rymPhb-ibnC6b-OWXEXe-gk6SMd .VfPpkd-StrnGf-rymPhb-f7MjDc,body.dm7YTc .P77izf .VfPpkd-StrnGf-rymPhb .VfPpkd-StrnGf-rymPhb-ibnC6b-OWXEXe-pXU01b .VfPpkd-StrnGf-rymPhb-f7MjDc{color:rgb(232,234,237)}body.dm7YTc .P77izf .VfPpkd-StrnGf-rymPhb .VfPpkd-StrnGf-rymPhb-ibnC6b-OWXEXe-gk6SMd .VfPpkd-StrnGf-rymPhb-pZXsl::before{opacity:0}body.dm7YTc .P77izf .VfPpkd-StrnGf-rymPhb .VfPpkd-StrnGf-rymPhb-ibnC6b.VfPpkd-StrnGf-rymPhb-ibnC6b-OWXEXe-gk6SMd{background-color:rgba(138,180,248,.24)}body.dm7YTc .P77izf .VfPpkd-StrnGf-rymPhb .VfPpkd-StrnGf-rymPhb-ibnC6b.VfPpkd-StrnGf-rymPhb-ibnC6b-OWXEXe-gk6SMd .VfPpkd-StrnGf-rymPhb-pZXsl::before,body.dm7YTc .P77izf .VfPpkd-StrnGf-rymPhb .VfPpkd-StrnGf-rymPhb-ibnC6b.VfPpkd-StrnGf-rymPhb-ibnC6b-OWXEXe-gk6SMd .VfPpkd-StrnGf-rymPhb-pZXsl::after{background-color:rgb(138,180,248);background-color:var(--mdc-ripple-color,rgb(138,180,248))}body.dm7YTc .P77izf .VfPpkd-StrnGf-rymPhb .VfPpkd-StrnGf-rymPhb-ibnC6b.VfPpkd-StrnGf-rymPhb-ibnC6b-OWXEXe-gk6SMd:hover .VfPpkd-StrnGf-rymPhb-pZXsl::before,body.dm7YTc .P77izf .VfPpkd-StrnGf-rymPhb .VfPpkd-StrnGf-rymPhb-ibnC6b.VfPpkd-StrnGf-rymPhb-ibnC6b-OWXEXe-gk6SMd.VfPpkd-ksKsZd-XxIAqe-OWXEXe-ZmdkE .VfPpkd-StrnGf-rymPhb-pZXsl::before{opacity:.04;opacity:var(--mdc-ripple-hover-opacity,.04)}body.dm7YTc .P77izf .VfPpkd-StrnGf-rymPhb .VfPpkd-StrnGf-rymPhb-ibnC6b.VfPpkd-StrnGf-rymPhb-ibnC6b-OWXEXe-gk6SMd.VfPpkd-ksKsZd-mWPk3d-OWXEXe-AHe6Kc-XpnDCe .VfPpkd-StrnGf-rymPhb-pZXsl::before,body.dm7YTc .P77izf .VfPpkd-StrnGf-rymPhb .VfPpkd-StrnGf-rymPhb-ibnC6b.VfPpkd-StrnGf-rymPhb-ibnC6b-OWXEXe-gk6SMd:not(.VfPpkd-ksKsZd-mWPk3d):focus .VfPpkd-StrnGf-rymPhb-pZXsl::before{transition-duration:75ms;opacity:.12;opacity:var(--mdc-ripple-focus-opacity,.12)}body.dm7YTc .P77izf .VfPpkd-StrnGf-rymPhb .VfPpkd-StrnGf-rymPhb-ibnC6b.VfPpkd-StrnGf-rymPhb-ibnC6b-OWXEXe-gk6SMd:not(.VfPpkd-ksKsZd-mWPk3d) .VfPpkd-StrnGf-rymPhb-pZXsl::after{transition:opacity .15s linear}body.dm7YTc .P77izf .VfPpkd-StrnGf-rymPhb .VfPpkd-StrnGf-rymPhb-ibnC6b.VfPpkd-StrnGf-rymPhb-ibnC6b-OWXEXe-gk6SMd:not(.VfPpkd-ksKsZd-mWPk3d):active .VfPpkd-StrnGf-rymPhb-pZXsl::after{transition-duration:75ms;opacity:.1;opacity:var(--mdc-ripple-press-opacity,.1)}body.dm7YTc .P77izf .VfPpkd-StrnGf-rymPhb .VfPpkd-StrnGf-rymPhb-ibnC6b.VfPpkd-StrnGf-rymPhb-ibnC6b-OWXEXe-gk6SMd.VfPpkd-ksKsZd-mWPk3d{--mdc-ripple-fg-opacity:var(--mdc-ripple-press-opacity,0.1)}body.dm7YTc .P77izf .VfPpkd-StrnGf-rymPhb .VfPpkd-StrnGf-rymPhb-L8ivfd-fmcmS{color:rgb(154,160,166)}body.dm7YTc .P77izf .VfPpkd-StrnGf-rymPhb .VfPpkd-StrnGf-rymPhb-clz4Ic{border-bottom-color:rgba(232,234,237,.12)}body.dm7YTc .P77izf .VfPpkd-StrnGf-rymPhb .VfPpkd-StrnGf-rymPhb-f7MjDc{color:rgb(232,234,237)}body.dm7YTc .P77izf .VfPpkd-StrnGf-rymPhb .VfPpkd-StrnGf-rymPhb-ibnC6b .VfPpkd-StrnGf-rymPhb-pZXsl::before,body.dm7YTc .P77izf .VfPpkd-StrnGf-rymPhb .VfPpkd-StrnGf-rymPhb-ibnC6b .VfPpkd-StrnGf-rymPhb-pZXsl::after{background-color:rgb(232,234,237);background-color:var(--mdc-ripple-color,rgb(232,234,237))}body.dm7YTc .P77izf .VfPpkd-StrnGf-rymPhb .VfPpkd-StrnGf-rymPhb-ibnC6b:hover .VfPpkd-StrnGf-rymPhb-pZXsl::before,body.dm7YTc .P77izf .VfPpkd-StrnGf-rymPhb .VfPpkd-StrnGf-rymPhb-ibnC6b.VfPpkd-ksKsZd-XxIAqe-OWXEXe-ZmdkE .VfPpkd-StrnGf-rymPhb-pZXsl::before{opacity:.04;opacity:var(--mdc-ripple-hover-opacity,.04)}body.dm7YTc .P77izf .VfPpkd-StrnGf-rymPhb .VfPpkd-StrnGf-rymPhb-ibnC6b.VfPpkd-ksKsZd-mWPk3d-OWXEXe-AHe6Kc-XpnDCe .VfPpkd-StrnGf-rymPhb-pZXsl::before,body.dm7YTc .P77izf .VfPpkd-StrnGf-rymPhb .VfPpkd-StrnGf-rymPhb-ibnC6b:not(.VfPpkd-ksKsZd-mWPk3d):focus .VfPpkd-StrnGf-rymPhb-pZXsl::before{transition-duration:75ms;opacity:.12;opacity:var(--mdc-ripple-focus-opacity,.12)}body.dm7YTc .P77izf .VfPpkd-StrnGf-rymPhb .VfPpkd-StrnGf-rymPhb-ibnC6b:not(.VfPpkd-ksKsZd-mWPk3d) .VfPpkd-StrnGf-rymPhb-pZXsl::after{transition:opacity .15s linear}body.dm7YTc .P77izf .VfPpkd-StrnGf-rymPhb .VfPpkd-StrnGf-rymPhb-ibnC6b:not(.VfPpkd-ksKsZd-mWPk3d):active .VfPpkd-StrnGf-rymPhb-pZXsl::after{transition-duration:75ms;opacity:.1;opacity:var(--mdc-ripple-press-opacity,.1)}body.dm7YTc .P77izf .VfPpkd-StrnGf-rymPhb .VfPpkd-StrnGf-rymPhb-ibnC6b.VfPpkd-ksKsZd-mWPk3d{--mdc-ripple-fg-opacity:var(--mdc-ripple-press-opacity,0.1)}@media (-ms-high-contrast:active),screen and (forced-colors:active){body.dm7YTc .P77izf .VfPpkd-StrnGf-rymPhb .VfPpkd-StrnGf-rymPhb-ibnC6b-OWXEXe-OWB6Me .VfPpkd-StrnGf-rymPhb-b9t22c,body.dm7YTc .P77izf .VfPpkd-StrnGf-rymPhb .VfPpkd-StrnGf-rymPhb-ibnC6b-OWXEXe-OWB6Me .VfPpkd-StrnGf-rymPhb-fpDzbe-fmcmS,body.dm7YTc .P77izf .VfPpkd-StrnGf-rymPhb .VfPpkd-StrnGf-rymPhb-ibnC6b-OWXEXe-OWB6Me .VfPpkd-StrnGf-rymPhb-L8ivfd-fmcmS{color:GrayText}body.dm7YTc .P77izf .VfPpkd-StrnGf-rymPhb .VfPpkd-StrnGf-rymPhb-ibnC6b-OWXEXe-OWB6Me .VfPpkd-StrnGf-rymPhb-b9t22c{opacity:1}}body.dm7YTc .P77izf .VfPpkd-BFbNVe-bF1uUb{opacity:.08}body.dm7YTc .ZCYEwf{z-index:0}body.dm7YTc .ZCYEwf .VfPpkd-eHTEvd::before,body.dm7YTc .ZCYEwf .VfPpkd-eHTEvd::after{z-index:-1}body.dm7YTc .ZCYEwf .VfPpkd-eHTEvd::before,body.dm7YTc .ZCYEwf .VfPpkd-eHTEvd::after{background-color:rgb(138,180,248);background-color:var(--gm-radio-state-color,rgb(138,180,248))}body.dm7YTc .ZCYEwf:hover .VfPpkd-eHTEvd::before,body.dm7YTc .ZCYEwf.VfPpkd-ksKsZd-XxIAqe-OWXEXe-ZmdkE .VfPpkd-eHTEvd::before{opacity:.16;opacity:var(--mdc-ripple-hover-opacity,.16)}body.dm7YTc .ZCYEwf.VfPpkd-ksKsZd-mWPk3d-OWXEXe-AHe6Kc-XpnDCe .VfPpkd-eHTEvd::before,body.dm7YTc .ZCYEwf:not(.VfPpkd-ksKsZd-mWPk3d):focus .VfPpkd-eHTEvd::before{transition-duration:75ms;opacity:.24;opacity:var(--mdc-ripple-focus-opacity,.24)}body.dm7YTc .ZCYEwf:not(.VfPpkd-ksKsZd-mWPk3d) .VfPpkd-eHTEvd::after{transition:opacity .15s linear}body.dm7YTc .ZCYEwf:not(.VfPpkd-ksKsZd-mWPk3d):active .VfPpkd-eHTEvd::after{transition-duration:75ms;opacity:.2;opacity:var(--mdc-ripple-press-opacity,.2)}body.dm7YTc .ZCYEwf .VfPpkd-gBXA9-bMcfAe:enabled:not(:checked)~.VfPpkd-eHTEvd::before,body.dm7YTc .ZCYEwf .VfPpkd-gBXA9-bMcfAe:enabled:not(:checked)~.VfPpkd-eHTEvd::after{background-color:rgb(232,234,237);background-color:var(--gm-radio-state-color,rgb(232,234,237))}body.dm7YTc .ZCYEwf:hover .VfPpkd-gBXA9-bMcfAe:enabled:not(:checked)~.VfPpkd-eHTEvd::before,body.dm7YTc .ZCYEwf.VfPpkd-ksKsZd-XxIAqe-OWXEXe-ZmdkE .VfPpkd-gBXA9-bMcfAe:enabled:not(:checked)~.VfPpkd-eHTEvd::before{opacity:.16;opacity:var(--mdc-ripple-hover-opacity,.16)}body.dm7YTc .ZCYEwf.VfPpkd-ksKsZd-mWPk3d-OWXEXe-AHe6Kc-XpnDCe .VfPpkd-gBXA9-bMcfAe:enabled:not(:checked)~.VfPpkd-eHTEvd::before,body.dm7YTc .ZCYEwf:not(.VfPpkd-ksKsZd-mWPk3d):focus .VfPpkd-gBXA9-bMcfAe:enabled:not(:checked)~.VfPpkd-eHTEvd::before{transition-duration:75ms;opacity:.24;opacity:var(--mdc-ripple-focus-opacity,.24)}body.dm7YTc .ZCYEwf:not(.VfPpkd-ksKsZd-mWPk3d) .VfPpkd-gBXA9-bMcfAe:enabled:not(:checked)~.VfPpkd-eHTEvd::after{transition:opacity .15s linear}body.dm7YTc .ZCYEwf:not(.VfPpkd-ksKsZd-mWPk3d):active .VfPpkd-gBXA9-bMcfAe:enabled:not(:checked)~.VfPpkd-eHTEvd::after{transition-duration:75ms;opacity:.2;opacity:var(--mdc-ripple-press-opacity,.2)}body.dm7YTc .ZCYEwf.VfPpkd-ksKsZd-mWPk3d{--mdc-ripple-fg-opacity:var(--mdc-ripple-press-opacity,0.2)}body.dm7YTc .ZCYEwf .VfPpkd-gBXA9-bMcfAe:enabled:not(:checked)+.VfPpkd-RsCWK .VfPpkd-wVo5xe-LkdAo{border-color:rgb(154,160,166);border-color:var(--gm-radio-stroke-color--unchecked,rgb(154,160,166))}body.dm7YTc .ZCYEwf .VfPpkd-gBXA9-bMcfAe:enabled:checked+.VfPpkd-RsCWK .VfPpkd-wVo5xe-LkdAo{border-color:rgb(138,180,248);border-color:var(--gm-radio-stroke-color--checked,rgb(138,180,248))}body.dm7YTc .ZCYEwf .VfPpkd-gBXA9-bMcfAe:enabled+.VfPpkd-RsCWK .VfPpkd-Z5TpLc-LkdAo{border-color:rgb(138,180,248);border-color:var(--gm-radio-ink-color,rgb(138,180,248))}body.dm7YTc .ZCYEwf [aria-disabled=true] .VfPpkd-gBXA9-bMcfAe:not(:checked)+.VfPpkd-RsCWK .VfPpkd-wVo5xe-LkdAo,body.dm7YTc .ZCYEwf .VfPpkd-gBXA9-bMcfAe:disabled:not(:checked)+.VfPpkd-RsCWK .VfPpkd-wVo5xe-LkdAo{border-color:rgba(232,234,237,.38);border-color:var(--gm-radio-disabled-stroke-color--unchecked,rgba(232,234,237,.38))}body.dm7YTc .ZCYEwf [aria-disabled=true] .VfPpkd-gBXA9-bMcfAe:checked+.VfPpkd-RsCWK .VfPpkd-wVo5xe-LkdAo,body.dm7YTc .ZCYEwf .VfPpkd-gBXA9-bMcfAe:disabled:checked+.VfPpkd-RsCWK .VfPpkd-wVo5xe-LkdAo{border-color:rgba(232,234,237,.38);border-color:var(--gm-radio-disabled-stroke-color--checked,rgba(232,234,237,.38))}body.dm7YTc .ZCYEwf [aria-disabled=true] .VfPpkd-gBXA9-bMcfAe+.VfPpkd-RsCWK .VfPpkd-Z5TpLc-LkdAo,body.dm7YTc .ZCYEwf .VfPpkd-gBXA9-bMcfAe:disabled+.VfPpkd-RsCWK .VfPpkd-Z5TpLc-LkdAo{border-color:rgba(232,234,237,.38);border-color:var(--gm-radio-disabled-ink-color,rgba(232,234,237,.38))}body.dm7YTc .ZCYEwf .VfPpkd-RsCWK::before{background-color:rgb(138,180,248);background-color:var(--gm-radio-state-color,rgb(138,180,248))}body.dm7YTc .ZCYEwf:hover .VfPpkd-gBXA9-bMcfAe:enabled:not(:checked)+.VfPpkd-RsCWK .VfPpkd-wVo5xe-LkdAo,body.dm7YTc .ZCYEwf.VfPpkd-ksKsZd-mWPk3d-OWXEXe-AHe6Kc-XpnDCe .VfPpkd-gBXA9-bMcfAe:enabled:not(:checked)+.VfPpkd-RsCWK .VfPpkd-wVo5xe-LkdAo,body.dm7YTc .ZCYEwf:not(.VfPpkd-ksKsZd-mWPk3d):focus .VfPpkd-gBXA9-bMcfAe:enabled:not(:checked)+.VfPpkd-RsCWK .VfPpkd-wVo5xe-LkdAo,body.dm7YTc .ZCYEwf:active .VfPpkd-gBXA9-bMcfAe:enabled:not(:checked)+.VfPpkd-RsCWK .VfPpkd-wVo5xe-LkdAo{border-color:rgb(232,234,237);border-color:var(--gm-radio-stroke-color--unchecked-stateful,rgb(232,234,237))}body.dm7YTc .ZCYEwf:hover .VfPpkd-gBXA9-bMcfAe:enabled:checked+.VfPpkd-RsCWK .VfPpkd-wVo5xe-LkdAo,body.dm7YTc .ZCYEwf.VfPpkd-ksKsZd-mWPk3d-OWXEXe-AHe6Kc-XpnDCe .VfPpkd-gBXA9-bMcfAe:enabled:checked+.VfPpkd-RsCWK .VfPpkd-wVo5xe-LkdAo,body.dm7YTc .ZCYEwf:not(.VfPpkd-ksKsZd-mWPk3d):focus .VfPpkd-gBXA9-bMcfAe:enabled:checked+.VfPpkd-RsCWK .VfPpkd-wVo5xe-LkdAo,body.dm7YTc .ZCYEwf:active .VfPpkd-gBXA9-bMcfAe:enabled:checked+.VfPpkd-RsCWK .VfPpkd-wVo5xe-LkdAo{border-color:rgb(174,203,250);border-color:var(--gm-radio-stroke-color--checked-stateful,rgb(174,203,250))}body.dm7YTc .ZCYEwf:hover .VfPpkd-gBXA9-bMcfAe:enabled+.VfPpkd-RsCWK .VfPpkd-Z5TpLc-LkdAo,body.dm7YTc .ZCYEwf.VfPpkd-ksKsZd-mWPk3d-OWXEXe-AHe6Kc-XpnDCe .VfPpkd-gBXA9-bMcfAe:enabled+.VfPpkd-RsCWK .VfPpkd-Z5TpLc-LkdAo,body.dm7YTc .ZCYEwf:not(.VfPpkd-ksKsZd-mWPk3d):focus .VfPpkd-gBXA9-bMcfAe:enabled+.VfPpkd-RsCWK .VfPpkd-Z5TpLc-LkdAo,body.dm7YTc .ZCYEwf:active .VfPpkd-gBXA9-bMcfAe:enabled+.VfPpkd-RsCWK .VfPpkd-Z5TpLc-LkdAo{border-color:rgb(174,203,250);border-color:var(--gm-radio-ink-color--stateful,rgb(174,203,250))}body.dm7YTc .dmaMHc{background-color:rgb(32,33,36);border-width:0;box-shadow:0 1px 2px 0 rgba(0,0,0,.3),0 2px 6px 2px rgba(0,0,0,.15);font-family:Roboto,Arial,sans-serif;line-height:1.5rem;font-size:1rem;letter-spacing:.00625em;font-weight:400}body.dm7YTc .dmaMHc .VfPpkd-StrnGf-rymPhb{font-family:Roboto,Arial,sans-serif;line-height:1.5rem;font-size:1rem;letter-spacing:.00625em;font-weight:400;color:rgb(232,234,237)}body.dm7YTc .dmaMHc .VfPpkd-StrnGf-rymPhb .VfPpkd-StrnGf-rymPhb-IhFlZd{color:rgb(154,160,166)}body.dm7YTc .dmaMHc .VfPpkd-StrnGf-rymPhb .VfPpkd-StrnGf-rymPhb-ibnC6b-OWXEXe-OWB6Me .VfPpkd-StrnGf-rymPhb-b9t22c,body.dm7YTc .dmaMHc .VfPpkd-StrnGf-rymPhb .VfPpkd-StrnGf-rymPhb-ibnC6b-OWXEXe-OWB6Me .VfPpkd-StrnGf-rymPhb-fpDzbe-fmcmS,body.dm7YTc .dmaMHc .VfPpkd-StrnGf-rymPhb .VfPpkd-StrnGf-rymPhb-ibnC6b-OWXEXe-OWB6Me .VfPpkd-StrnGf-rymPhb-L8ivfd-fmcmS{color:rgb(232,234,237)}body.dm7YTc .dmaMHc .VfPpkd-StrnGf-rymPhb .VfPpkd-StrnGf-rymPhb-ibnC6b-OWXEXe-OWB6Me .VfPpkd-StrnGf-rymPhb-b9t22c{opacity:.38}body.dm7YTc .dmaMHc .VfPpkd-StrnGf-rymPhb .VfPpkd-StrnGf-rymPhb-ibnC6b-OWXEXe-gk6SMd,body.dm7YTc .dmaMHc .VfPpkd-StrnGf-rymPhb .VfPpkd-StrnGf-rymPhb-ibnC6b-OWXEXe-pXU01b{color:rgb(232,234,237)}body.dm7YTc .dmaMHc .VfPpkd-StrnGf-rymPhb .VfPpkd-StrnGf-rymPhb-ibnC6b-OWXEXe-gk6SMd .VfPpkd-StrnGf-rymPhb-f7MjDc,body.dm7YTc .dmaMHc .VfPpkd-StrnGf-rymPhb .VfPpkd-StrnGf-rymPhb-ibnC6b-OWXEXe-pXU01b .VfPpkd-StrnGf-rymPhb-f7MjDc{color:rgb(232,234,237)}body.dm7YTc .dmaMHc .VfPpkd-StrnGf-rymPhb .VfPpkd-StrnGf-rymPhb-ibnC6b-OWXEXe-gk6SMd .VfPpkd-StrnGf-rymPhb-pZXsl::before{opacity:0}body.dm7YTc .dmaMHc .VfPpkd-StrnGf-rymPhb .VfPpkd-StrnGf-rymPhb-ibnC6b.VfPpkd-StrnGf-rymPhb-ibnC6b-OWXEXe-gk6SMd{background-color:rgba(138,180,248,.24)}body.dm7YTc .dmaMHc .VfPpkd-StrnGf-rymPhb .VfPpkd-StrnGf-rymPhb-ibnC6b.VfPpkd-StrnGf-rymPhb-ibnC6b-OWXEXe-gk6SMd .VfPpkd-StrnGf-rymPhb-pZXsl::before,body.dm7YTc .dmaMHc .VfPpkd-StrnGf-rymPhb .VfPpkd-StrnGf-rymPhb-ibnC6b.VfPpkd-StrnGf-rymPhb-ibnC6b-OWXEXe-gk6SMd .VfPpkd-StrnGf-rymPhb-pZXsl::after{background-color:rgb(138,180,248);background-color:var(--mdc-ripple-color,rgb(138,180,248))}body.dm7YTc .dmaMHc .VfPpkd-StrnGf-rymPhb .VfPpkd-StrnGf-rymPhb-ibnC6b.VfPpkd-StrnGf-rymPhb-ibnC6b-OWXEXe-gk6SMd:hover .VfPpkd-StrnGf-rymPhb-pZXsl::before,body.dm7YTc .dmaMHc .VfPpkd-StrnGf-rymPhb .VfPpkd-StrnGf-rymPhb-ibnC6b.VfPpkd-StrnGf-rymPhb-ibnC6b-OWXEXe-gk6SMd.VfPpkd-ksKsZd-XxIAqe-OWXEXe-ZmdkE .VfPpkd-StrnGf-rymPhb-pZXsl::before{opacity:.04;opacity:var(--mdc-ripple-hover-opacity,.04)}body.dm7YTc .dmaMHc .VfPpkd-StrnGf-rymPhb .VfPpkd-StrnGf-rymPhb-ibnC6b.VfPpkd-StrnGf-rymPhb-ibnC6b-OWXEXe-gk6SMd.VfPpkd-ksKsZd-mWPk3d-OWXEXe-AHe6Kc-XpnDCe .VfPpkd-StrnGf-rymPhb-pZXsl::before,body.dm7YTc .dmaMHc .VfPpkd-StrnGf-rymPhb .VfPpkd-StrnGf-rymPhb-ibnC6b.VfPpkd-StrnGf-rymPhb-ibnC6b-OWXEXe-gk6SMd:not(.VfPpkd-ksKsZd-mWPk3d):focus .VfPpkd-StrnGf-rymPhb-pZXsl::before{transition-duration:75ms;opacity:.12;opacity:var(--mdc-ripple-focus-opacity,.12)}body.dm7YTc .dmaMHc .VfPpkd-StrnGf-rymPhb .VfPpkd-StrnGf-rymPhb-ibnC6b.VfPpkd-StrnGf-rymPhb-ibnC6b-OWXEXe-gk6SMd:not(.VfPpkd-ksKsZd-mWPk3d) .VfPpkd-StrnGf-rymPhb-pZXsl::after{transition:opacity .15s linear}body.dm7YTc .dmaMHc .VfPpkd-StrnGf-rymPhb .VfPpkd-StrnGf-rymPhb-ibnC6b.VfPpkd-StrnGf-rymPhb-ibnC6b-OWXEXe-gk6SMd:not(.VfPpkd-ksKsZd-mWPk3d):active .VfPpkd-StrnGf-rymPhb-pZXsl::after{transition-duration:75ms;opacity:.1;opacity:var(--mdc-ripple-press-opacity,.1)}body.dm7YTc .dmaMHc .VfPpkd-StrnGf-rymPhb .VfPpkd-StrnGf-rymPhb-ibnC6b.VfPpkd-StrnGf-rymPhb-ibnC6b-OWXEXe-gk6SMd.VfPpkd-ksKsZd-mWPk3d{--mdc-ripple-fg-opacity:var(--mdc-ripple-press-opacity,0.1)}body.dm7YTc .dmaMHc .VfPpkd-StrnGf-rymPhb .VfPpkd-StrnGf-rymPhb-clz4Ic{border-bottom-color:rgba(232,234,237,.12)}body.dm7YTc .dmaMHc .VfPpkd-StrnGf-rymPhb .VfPpkd-StrnGf-rymPhb-ibnC6b .VfPpkd-StrnGf-rymPhb-pZXsl::before,body.dm7YTc .dmaMHc .VfPpkd-StrnGf-rymPhb .VfPpkd-StrnGf-rymPhb-ibnC6b .VfPpkd-StrnGf-rymPhb-pZXsl::after{background-color:rgb(232,234,237);background-color:var(--mdc-ripple-color,rgb(232,234,237))}body.dm7YTc .dmaMHc .VfPpkd-StrnGf-rymPhb .VfPpkd-StrnGf-rymPhb-ibnC6b:hover .VfPpkd-StrnGf-rymPhb-pZXsl::before,body.dm7YTc .dmaMHc .VfPpkd-StrnGf-rymPhb .VfPpkd-StrnGf-rymPhb-ibnC6b.VfPpkd-ksKsZd-XxIAqe-OWXEXe-ZmdkE .VfPpkd-StrnGf-rymPhb-pZXsl::before{opacity:.04;opacity:var(--mdc-ripple-hover-opacity,.04)}body.dm7YTc .dmaMHc .VfPpkd-StrnGf-rymPhb .VfPpkd-StrnGf-rymPhb-ibnC6b.VfPpkd-ksKsZd-mWPk3d-OWXEXe-AHe6Kc-XpnDCe .VfPpkd-StrnGf-rymPhb-pZXsl::before,body.dm7YTc .dmaMHc .VfPpkd-StrnGf-rymPhb .VfPpkd-StrnGf-rymPhb-ibnC6b:not(.VfPpkd-ksKsZd-mWPk3d):focus .VfPpkd-StrnGf-rymPhb-pZXsl::before{transition-duration:75ms;opacity:.12;opacity:var(--mdc-ripple-focus-opacity,.12)}body.dm7YTc .dmaMHc .VfPpkd-StrnGf-rymPhb .VfPpkd-StrnGf-rymPhb-ibnC6b:not(.VfPpkd-ksKsZd-mWPk3d) .VfPpkd-StrnGf-rymPhb-pZXsl::after{transition:opacity .15s linear}body.dm7YTc .dmaMHc .VfPpkd-StrnGf-rymPhb .VfPpkd-StrnGf-rymPhb-ibnC6b:not(.VfPpkd-ksKsZd-mWPk3d):active .VfPpkd-StrnGf-rymPhb-pZXsl::after{transition-duration:75ms;opacity:.1;opacity:var(--mdc-ripple-press-opacity,.1)}body.dm7YTc .dmaMHc .VfPpkd-StrnGf-rymPhb .VfPpkd-StrnGf-rymPhb-ibnC6b.VfPpkd-ksKsZd-mWPk3d{--mdc-ripple-fg-opacity:var(--mdc-ripple-press-opacity,0.1)}@media (-ms-high-contrast:active),screen and (forced-colors:active){body.dm7YTc .dmaMHc .VfPpkd-StrnGf-rymPhb .VfPpkd-StrnGf-rymPhb-ibnC6b-OWXEXe-OWB6Me .VfPpkd-StrnGf-rymPhb-b9t22c,body.dm7YTc .dmaMHc .VfPpkd-StrnGf-rymPhb .VfPpkd-StrnGf-rymPhb-ibnC6b-OWXEXe-OWB6Me .VfPpkd-StrnGf-rymPhb-fpDzbe-fmcmS,body.dm7YTc .dmaMHc .VfPpkd-StrnGf-rymPhb .VfPpkd-StrnGf-rymPhb-ibnC6b-OWXEXe-OWB6Me .VfPpkd-StrnGf-rymPhb-L8ivfd-fmcmS{color:GrayText}body.dm7YTc .dmaMHc .VfPpkd-StrnGf-rymPhb .VfPpkd-StrnGf-rymPhb-ibnC6b-OWXEXe-OWB6Me .VfPpkd-StrnGf-rymPhb-b9t22c{opacity:1}}body.dm7YTc .dmaMHc .VfPpkd-BFbNVe-bF1uUb{opacity:.08}body.dm7YTc .dmaMHc .VfPpkd-rymPhb-Gtdoyb,body.dm7YTc .dmaMHc .VfPpkd-rymPhb-fpDzbe-fmcmS{color:rgb(232,234,237)}body.dm7YTc .dmaMHc .VfPpkd-rymPhb-bC5pod-fmcmS{color:rgb(154,160,166)}body.dm7YTc .dmaMHc .VfPpkd-rymPhb-JMEf7e{color:rgb(154,160,166)}body.dm7YTc .dmaMHc .VfPpkd-rymPhb-ibnC6b-OWXEXe-OWB6Me .VfPpkd-rymPhb-Gtdoyb,body.dm7YTc .dmaMHc .VfPpkd-rymPhb-ibnC6b-OWXEXe-OWB6Me .VfPpkd-rymPhb-fpDzbe-fmcmS{color:rgb(232,234,237)}body.dm7YTc .dmaMHc .VfPpkd-rymPhb-ibnC6b-OWXEXe-OWB6Me .VfPpkd-rymPhb-L8ivfd-fmcmS{color:rgb(232,234,237)}body.dm7YTc .dmaMHc .VfPpkd-rymPhb-ibnC6b-OWXEXe-OWB6Me .VfPpkd-rymPhb-bC5pod-fmcmS{color:rgb(232,234,237)}body.dm7YTc .dmaMHc .VfPpkd-rymPhb-ibnC6b-OWXEXe-OWB6Me.VfPpkd-rymPhb-ibnC6b-OWXEXe-SfQLQb-M1Soyc-Bz112c .VfPpkd-rymPhb-KkROqb{color:rgb(232,234,237)}body.dm7YTc .dmaMHc .VfPpkd-rymPhb-ibnC6b-OWXEXe-OWB6Me.VfPpkd-rymPhb-ibnC6b-OWXEXe-SfQLQb-UbuQg-Bz112c .VfPpkd-rymPhb-JMEf7e{color:rgb(232,234,237)}body.dm7YTc .dmaMHc .VfPpkd-rymPhb-ibnC6b-OWXEXe-OWB6Me.VfPpkd-rymPhb-ibnC6b-OWXEXe-SfQLQb-UbuQg-r4m2rf .VfPpkd-rymPhb-JMEf7e{color:rgb(232,234,237)}body.dm7YTc .dmaMHc .VfPpkd-rymPhb-ibnC6b-OWXEXe-OWB6Me .VfPpkd-rymPhb-KkROqb,body.dm7YTc .dmaMHc .VfPpkd-rymPhb-ibnC6b-OWXEXe-OWB6Me .VfPpkd-rymPhb-Gtdoyb,body.dm7YTc .dmaMHc .VfPpkd-rymPhb-ibnC6b-OWXEXe-OWB6Me .VfPpkd-rymPhb-JMEf7e{opacity:.38}body.dm7YTc .dmaMHc .VfPpkd-rymPhb-ibnC6b-OWXEXe-gk6SMd .VfPpkd-rymPhb-Gtdoyb,body.dm7YTc .dmaMHc .VfPpkd-rymPhb-ibnC6b-OWXEXe-gk6SMd .VfPpkd-rymPhb-fpDzbe-fmcmS,body.dm7YTc .dmaMHc .VfPpkd-rymPhb-ibnC6b-OWXEXe-pXU01b .VfPpkd-rymPhb-Gtdoyb,body.dm7YTc .dmaMHc .VfPpkd-rymPhb-ibnC6b-OWXEXe-pXU01b .VfPpkd-rymPhb-fpDzbe-fmcmS{color:rgb(232,234,237)}body.dm7YTc .dmaMHc .VfPpkd-rymPhb-ibnC6b-OWXEXe-gk6SMd.VfPpkd-rymPhb-ibnC6b-OWXEXe-SfQLQb-M1Soyc-Bz112c .VfPpkd-rymPhb-KkROqb,body.dm7YTc .dmaMHc .VfPpkd-rymPhb-ibnC6b-OWXEXe-pXU01b.VfPpkd-rymPhb-ibnC6b-OWXEXe-SfQLQb-M1Soyc-Bz112c .VfPpkd-rymPhb-KkROqb{color:rgb(232,234,237)}body.dm7YTc .dmaMHc .VfPpkd-rymPhb-ibnC6b-OWXEXe-gk6SMd .VfPpkd-rymPhb-pZXsl::before{opacity:0}body.dm7YTc .dmaMHc .VfPpkd-rymPhb-ibnC6b.VfPpkd-rymPhb-ibnC6b-OWXEXe-gk6SMd{background-color:rgba(138,180,248,.24)}body.dm7YTc .dmaMHc .VfPpkd-rymPhb-ibnC6b.VfPpkd-rymPhb-ibnC6b-OWXEXe-gk6SMd .VfPpkd-rymPhb-pZXsl::before,body.dm7YTc .dmaMHc .VfPpkd-rymPhb-ibnC6b.VfPpkd-rymPhb-ibnC6b-OWXEXe-gk6SMd .VfPpkd-rymPhb-pZXsl::after{background-color:rgb(138,180,248);background-color:var(--mdc-ripple-color,rgb(138,180,248))}body.dm7YTc .dmaMHc .VfPpkd-rymPhb-ibnC6b.VfPpkd-rymPhb-ibnC6b-OWXEXe-gk6SMd:hover .VfPpkd-rymPhb-pZXsl::before,body.dm7YTc .dmaMHc .VfPpkd-rymPhb-ibnC6b.VfPpkd-rymPhb-ibnC6b-OWXEXe-gk6SMd.VfPpkd-ksKsZd-XxIAqe-OWXEXe-ZmdkE .VfPpkd-rymPhb-pZXsl::before{opacity:.04;opacity:var(--mdc-ripple-hover-opacity,.04)}body.dm7YTc .dmaMHc .VfPpkd-rymPhb-ibnC6b.VfPpkd-rymPhb-ibnC6b-OWXEXe-gk6SMd.VfPpkd-ksKsZd-mWPk3d-OWXEXe-AHe6Kc-XpnDCe .VfPpkd-rymPhb-pZXsl::before,body.dm7YTc .dmaMHc .VfPpkd-rymPhb-ibnC6b.VfPpkd-rymPhb-ibnC6b-OWXEXe-gk6SMd:not(.VfPpkd-ksKsZd-mWPk3d):focus .VfPpkd-rymPhb-pZXsl::before{transition-duration:75ms;opacity:.12;opacity:var(--mdc-ripple-focus-opacity,.12)}body.dm7YTc .dmaMHc .VfPpkd-rymPhb-ibnC6b.VfPpkd-rymPhb-ibnC6b-OWXEXe-gk6SMd:not(.VfPpkd-ksKsZd-mWPk3d) .VfPpkd-rymPhb-pZXsl::after{transition:opacity .15s linear}body.dm7YTc .dmaMHc .VfPpkd-rymPhb-ibnC6b.VfPpkd-rymPhb-ibnC6b-OWXEXe-gk6SMd:not(.VfPpkd-ksKsZd-mWPk3d):active .VfPpkd-rymPhb-pZXsl::after{transition-duration:75ms;opacity:.1;opacity:var(--mdc-ripple-press-opacity,.1)}body.dm7YTc .dmaMHc .VfPpkd-rymPhb-ibnC6b.VfPpkd-rymPhb-ibnC6b-OWXEXe-gk6SMd.VfPpkd-ksKsZd-mWPk3d{--mdc-ripple-fg-opacity:var(--mdc-ripple-press-opacity,0.1)}body.dm7YTc .dmaMHc .VfPpkd-rymPhb-L8ivfd-fmcmS{color:rgb(154,160,166)}body.dm7YTc .dmaMHc .VfPpkd-rymPhb-clz4Ic{background-color:rgba(232,234,237,.12)}body.dm7YTc .dmaMHc .VfPpkd-rymPhb-ibnC6b-OWXEXe-SfQLQb-M1Soyc-Bz112c .VfPpkd-rymPhb-KkROqb,body.dm7YTc .dmaMHc .VfPpkd-rymPhb-ibnC6b-OWXEXe-SfQLQb-UbuQg-Bz112c .VfPpkd-rymPhb-JMEf7e{color:rgb(232,234,237)}body.dm7YTc .dmaMHc .VfPpkd-rymPhb-ibnC6b .VfPpkd-rymPhb-pZXsl::before,body.dm7YTc .dmaMHc .VfPpkd-rymPhb-ibnC6b .VfPpkd-rymPhb-pZXsl::after{background-color:rgb(232,234,237);background-color:var(--mdc-ripple-color,rgb(232,234,237))}body.dm7YTc .dmaMHc .VfPpkd-rymPhb-ibnC6b:hover .VfPpkd-rymPhb-pZXsl::before,body.dm7YTc .dmaMHc .VfPpkd-rymPhb-ibnC6b.VfPpkd-ksKsZd-XxIAqe-OWXEXe-ZmdkE .VfPpkd-rymPhb-pZXsl::before{opacity:.04;opacity:var(--mdc-ripple-hover-opacity,.04)}body.dm7YTc .dmaMHc .VfPpkd-rymPhb-ibnC6b.VfPpkd-ksKsZd-mWPk3d-OWXEXe-AHe6Kc-XpnDCe .VfPpkd-rymPhb-pZXsl::before,body.dm7YTc .dmaMHc .VfPpkd-rymPhb-ibnC6b:not(.VfPpkd-ksKsZd-mWPk3d):focus .VfPpkd-rymPhb-pZXsl::before{transition-duration:75ms;opacity:.12;opacity:var(--mdc-ripple-focus-opacity,.12)}body.dm7YTc .dmaMHc .VfPpkd-rymPhb-ibnC6b:not(.VfPpkd-ksKsZd-mWPk3d) .VfPpkd-rymPhb-pZXsl::after{transition:opacity .15s linear}body.dm7YTc .dmaMHc .VfPpkd-rymPhb-ibnC6b:not(.VfPpkd-ksKsZd-mWPk3d):active .VfPpkd-rymPhb-pZXsl::after{transition-duration:75ms;opacity:.1;opacity:var(--mdc-ripple-press-opacity,.1)}body.dm7YTc .dmaMHc .VfPpkd-rymPhb-ibnC6b.VfPpkd-ksKsZd-mWPk3d{--mdc-ripple-fg-opacity:var(--mdc-ripple-press-opacity,0.1)}@media screen and (forced-colors:active){body.dm7YTc .dmaMHc .VfPpkd-rymPhb-ibnC6b-OWXEXe-OWB6Me .VfPpkd-rymPhb-Gtdoyb,body.dm7YTc .dmaMHc .VfPpkd-rymPhb-ibnC6b-OWXEXe-OWB6Me .VfPpkd-rymPhb-fpDzbe-fmcmS{color:GrayText}body.dm7YTc .dmaMHc .VfPpkd-rymPhb-ibnC6b-OWXEXe-OWB6Me .VfPpkd-rymPhb-L8ivfd-fmcmS{color:GrayText}body.dm7YTc .dmaMHc .VfPpkd-rymPhb-ibnC6b-OWXEXe-OWB6Me .VfPpkd-rymPhb-bC5pod-fmcmS{color:GrayText}body.dm7YTc .dmaMHc .VfPpkd-rymPhb-ibnC6b-OWXEXe-OWB6Me.VfPpkd-rymPhb-ibnC6b-OWXEXe-SfQLQb-M1Soyc-Bz112c .VfPpkd-rymPhb-KkROqb{color:GrayText}body.dm7YTc .dmaMHc .VfPpkd-rymPhb-ibnC6b-OWXEXe-OWB6Me.VfPpkd-rymPhb-ibnC6b-OWXEXe-SfQLQb-UbuQg-Bz112c .VfPpkd-rymPhb-JMEf7e{color:GrayText}body.dm7YTc .dmaMHc .VfPpkd-rymPhb-ibnC6b-OWXEXe-OWB6Me.VfPpkd-rymPhb-ibnC6b-OWXEXe-SfQLQb-UbuQg-r4m2rf .VfPpkd-rymPhb-JMEf7e{color:GrayText}body.dm7YTc .dmaMHc .VfPpkd-rymPhb-ibnC6b-OWXEXe-OWB6Me .VfPpkd-rymPhb-KkROqb,body.dm7YTc .dmaMHc .VfPpkd-rymPhb-ibnC6b-OWXEXe-OWB6Me .VfPpkd-rymPhb-Gtdoyb,body.dm7YTc .dmaMHc .VfPpkd-rymPhb-ibnC6b-OWXEXe-OWB6Me .VfPpkd-rymPhb-JMEf7e{opacity:1}}body.dm7YTc .dmaMHc .VfPpkd-StrnGf-rymPhb .VfPpkd-StrnGf-rymPhb-L8ivfd-fmcmS{color:rgb(154,160,166)}body.dm7YTc .dmaMHc .VfPpkd-StrnGf-rymPhb .VfPpkd-StrnGf-rymPhb-f7MjDc{color:rgb(232,234,237)}body.dm7YTc .dmaMHc .VfPpkd-rymPhb .VfPpkd-rymPhb-ibnC6b-OWXEXe-SfQLQb-M1Soyc-Bz112c .VfPpkd-rymPhb-KkROqb,body.dm7YTc .dmaMHc .VfPpkd-rymPhb .VfPpkd-rymPhb-ibnC6b-OWXEXe-SfQLQb-UbuQg-Bz112c .VfPpkd-rymPhb-JMEf7e{color:rgb(232,234,237)}body.dm7YTc .dmaMHc .VfPpkd-rymPhb-fpDzbe-fmcmS{letter-spacing:.00625em}body.dm7YTc .dmaMHc.VfPpkd-YPmvEd-OWXEXe-UJflGc .VfPpkd-StrnGf-rymPhb-ibnC6b.VfPpkd-StrnGf-rymPhb-ibnC6b-OWXEXe-gk6SMd,body.dm7YTc .dmaMHc.VfPpkd-YPmvEd-OWXEXe-UJflGc .VfPpkd-rymPhb-ibnC6b.VfPpkd-rymPhb-ibnC6b-OWXEXe-gk6SMd{background-color:rgba(242,139,130,.24)}body.dm7YTc .dmaMHc.VfPpkd-YPmvEd-OWXEXe-UJflGc .VfPpkd-StrnGf-rymPhb-ibnC6b.VfPpkd-StrnGf-rymPhb-ibnC6b-OWXEXe-gk6SMd .VfPpkd-StrnGf-rymPhb-pZXsl::before,body.dm7YTc .dmaMHc.VfPpkd-YPmvEd-OWXEXe-UJflGc .VfPpkd-StrnGf-rymPhb-ibnC6b.VfPpkd-StrnGf-rymPhb-ibnC6b-OWXEXe-gk6SMd .VfPpkd-StrnGf-rymPhb-pZXsl::after,body.dm7YTc .dmaMHc.VfPpkd-YPmvEd-OWXEXe-UJflGc .VfPpkd-rymPhb-ibnC6b.VfPpkd-rymPhb-ibnC6b-OWXEXe-gk6SMd .VfPpkd-StrnGf-rymPhb-pZXsl::before,body.dm7YTc .dmaMHc.VfPpkd-YPmvEd-OWXEXe-UJflGc .VfPpkd-rymPhb-ibnC6b.VfPpkd-rymPhb-ibnC6b-OWXEXe-gk6SMd .VfPpkd-StrnGf-rymPhb-pZXsl::after{background-color:rgb(242,139,130);background-color:var(--mdc-ripple-color,rgb(242,139,130))}body.dm7YTc .dmaMHc.VfPpkd-YPmvEd-OWXEXe-UJflGc .VfPpkd-StrnGf-rymPhb-ibnC6b.VfPpkd-StrnGf-rymPhb-ibnC6b-OWXEXe-gk6SMd:hover .VfPpkd-StrnGf-rymPhb-pZXsl::before,body.dm7YTc .dmaMHc.VfPpkd-YPmvEd-OWXEXe-UJflGc .VfPpkd-StrnGf-rymPhb-ibnC6b.VfPpkd-StrnGf-rymPhb-ibnC6b-OWXEXe-gk6SMd.VfPpkd-ksKsZd-XxIAqe-OWXEXe-ZmdkE .VfPpkd-StrnGf-rymPhb-pZXsl::before,body.dm7YTc .dmaMHc.VfPpkd-YPmvEd-OWXEXe-UJflGc .VfPpkd-rymPhb-ibnC6b.VfPpkd-rymPhb-ibnC6b-OWXEXe-gk6SMd:hover .VfPpkd-StrnGf-rymPhb-pZXsl::before,body.dm7YTc .dmaMHc.VfPpkd-YPmvEd-OWXEXe-UJflGc .VfPpkd-rymPhb-ibnC6b.VfPpkd-rymPhb-ibnC6b-OWXEXe-gk6SMd.VfPpkd-ksKsZd-XxIAqe-OWXEXe-ZmdkE .VfPpkd-StrnGf-rymPhb-pZXsl::before{opacity:.04;opacity:var(--mdc-ripple-hover-opacity,.04)}body.dm7YTc .dmaMHc.VfPpkd-YPmvEd-OWXEXe-UJflGc .VfPpkd-StrnGf-rymPhb-ibnC6b.VfPpkd-StrnGf-rymPhb-ibnC6b-OWXEXe-gk6SMd.VfPpkd-ksKsZd-mWPk3d-OWXEXe-AHe6Kc-XpnDCe .VfPpkd-StrnGf-rymPhb-pZXsl::before,body.dm7YTc .dmaMHc.VfPpkd-YPmvEd-OWXEXe-UJflGc .VfPpkd-StrnGf-rymPhb-ibnC6b.VfPpkd-StrnGf-rymPhb-ibnC6b-OWXEXe-gk6SMd:not(.VfPpkd-ksKsZd-mWPk3d):focus .VfPpkd-StrnGf-rymPhb-pZXsl::before,body.dm7YTc .dmaMHc.VfPpkd-YPmvEd-OWXEXe-UJflGc .VfPpkd-rymPhb-ibnC6b.VfPpkd-rymPhb-ibnC6b-OWXEXe-gk6SMd.VfPpkd-ksKsZd-mWPk3d-OWXEXe-AHe6Kc-XpnDCe .VfPpkd-StrnGf-rymPhb-pZXsl::before,body.dm7YTc .dmaMHc.VfPpkd-YPmvEd-OWXEXe-UJflGc .VfPpkd-rymPhb-ibnC6b.VfPpkd-rymPhb-ibnC6b-OWXEXe-gk6SMd:not(.VfPpkd-ksKsZd-mWPk3d):focus .VfPpkd-StrnGf-rymPhb-pZXsl::before{transition-duration:75ms;opacity:.12;opacity:var(--mdc-ripple-focus-opacity,.12)}body.dm7YTc .dmaMHc.VfPpkd-YPmvEd-OWXEXe-UJflGc .VfPpkd-StrnGf-rymPhb-ibnC6b.VfPpkd-StrnGf-rymPhb-ibnC6b-OWXEXe-gk6SMd:not(.VfPpkd-ksKsZd-mWPk3d) .VfPpkd-StrnGf-rymPhb-pZXsl::after,body.dm7YTc .dmaMHc.VfPpkd-YPmvEd-OWXEXe-UJflGc .VfPpkd-rymPhb-ibnC6b.VfPpkd-rymPhb-ibnC6b-OWXEXe-gk6SMd:not(.VfPpkd-ksKsZd-mWPk3d) .VfPpkd-StrnGf-rymPhb-pZXsl::after{transition:opacity .15s linear}body.dm7YTc .dmaMHc.VfPpkd-YPmvEd-OWXEXe-UJflGc .VfPpkd-StrnGf-rymPhb-ibnC6b.VfPpkd-StrnGf-rymPhb-ibnC6b-OWXEXe-gk6SMd:not(.VfPpkd-ksKsZd-mWPk3d):active .VfPpkd-StrnGf-rymPhb-pZXsl::after,body.dm7YTc .dmaMHc.VfPpkd-YPmvEd-OWXEXe-UJflGc .VfPpkd-rymPhb-ibnC6b.VfPpkd-rymPhb-ibnC6b-OWXEXe-gk6SMd:not(.VfPpkd-ksKsZd-mWPk3d):active .VfPpkd-StrnGf-rymPhb-pZXsl::after{transition-duration:75ms;opacity:.1;opacity:var(--mdc-ripple-press-opacity,.1)}body.dm7YTc .dmaMHc.VfPpkd-YPmvEd-OWXEXe-UJflGc .VfPpkd-StrnGf-rymPhb-ibnC6b.VfPpkd-StrnGf-rymPhb-ibnC6b-OWXEXe-gk6SMd .VfPpkd-rymPhb-pZXsl::before,body.dm7YTc .dmaMHc.VfPpkd-YPmvEd-OWXEXe-UJflGc .VfPpkd-StrnGf-rymPhb-ibnC6b.VfPpkd-StrnGf-rymPhb-ibnC6b-OWXEXe-gk6SMd .VfPpkd-rymPhb-pZXsl::after,body.dm7YTc .dmaMHc.VfPpkd-YPmvEd-OWXEXe-UJflGc .VfPpkd-rymPhb-ibnC6b.VfPpkd-rymPhb-ibnC6b-OWXEXe-gk6SMd .VfPpkd-rymPhb-pZXsl::before,body.dm7YTc .dmaMHc.VfPpkd-YPmvEd-OWXEXe-UJflGc .VfPpkd-rymPhb-ibnC6b.VfPpkd-rymPhb-ibnC6b-OWXEXe-gk6SMd .VfPpkd-rymPhb-pZXsl::after{background-color:rgb(242,139,130);background-color:var(--mdc-ripple-color,rgb(242,139,130))}body.dm7YTc .dmaMHc.VfPpkd-YPmvEd-OWXEXe-UJflGc .VfPpkd-StrnGf-rymPhb-ibnC6b.VfPpkd-StrnGf-rymPhb-ibnC6b-OWXEXe-gk6SMd:hover .VfPpkd-rymPhb-pZXsl::before,body.dm7YTc .dmaMHc.VfPpkd-YPmvEd-OWXEXe-UJflGc .VfPpkd-StrnGf-rymPhb-ibnC6b.VfPpkd-StrnGf-rymPhb-ibnC6b-OWXEXe-gk6SMd.VfPpkd-ksKsZd-XxIAqe-OWXEXe-ZmdkE .VfPpkd-rymPhb-pZXsl::before,body.dm7YTc .dmaMHc.VfPpkd-YPmvEd-OWXEXe-UJflGc .VfPpkd-rymPhb-ibnC6b.VfPpkd-rymPhb-ibnC6b-OWXEXe-gk6SMd:hover .VfPpkd-rymPhb-pZXsl::before,body.dm7YTc .dmaMHc.VfPpkd-YPmvEd-OWXEXe-UJflGc .VfPpkd-rymPhb-ibnC6b.VfPpkd-rymPhb-ibnC6b-OWXEXe-gk6SMd.VfPpkd-ksKsZd-XxIAqe-OWXEXe-ZmdkE .VfPpkd-rymPhb-pZXsl::before{opacity:.04;opacity:var(--mdc-ripple-hover-opacity,.04)}body.dm7YTc .dmaMHc.VfPpkd-YPmvEd-OWXEXe-UJflGc .VfPpkd-StrnGf-rymPhb-ibnC6b.VfPpkd-StrnGf-rymPhb-ibnC6b-OWXEXe-gk6SMd.VfPpkd-ksKsZd-mWPk3d-OWXEXe-AHe6Kc-XpnDCe .VfPpkd-rymPhb-pZXsl::before,body.dm7YTc .dmaMHc.VfPpkd-YPmvEd-OWXEXe-UJflGc .VfPpkd-StrnGf-rymPhb-ibnC6b.VfPpkd-StrnGf-rymPhb-ibnC6b-OWXEXe-gk6SMd:not(.VfPpkd-ksKsZd-mWPk3d):focus .VfPpkd-rymPhb-pZXsl::before,body.dm7YTc .dmaMHc.VfPpkd-YPmvEd-OWXEXe-UJflGc .VfPpkd-rymPhb-ibnC6b.VfPpkd-rymPhb-ibnC6b-OWXEXe-gk6SMd.VfPpkd-ksKsZd-mWPk3d-OWXEXe-AHe6Kc-XpnDCe .VfPpkd-rymPhb-pZXsl::before,body.dm7YTc .dmaMHc.VfPpkd-YPmvEd-OWXEXe-UJflGc .VfPpkd-rymPhb-ibnC6b.VfPpkd-rymPhb-ibnC6b-OWXEXe-gk6SMd:not(.VfPpkd-ksKsZd-mWPk3d):focus .VfPpkd-rymPhb-pZXsl::before{transition-duration:75ms;opacity:.12;opacity:var(--mdc-ripple-focus-opacity,.12)}body.dm7YTc .dmaMHc.VfPpkd-YPmvEd-OWXEXe-UJflGc .VfPpkd-StrnGf-rymPhb-ibnC6b.VfPpkd-StrnGf-rymPhb-ibnC6b-OWXEXe-gk6SMd:not(.VfPpkd-ksKsZd-mWPk3d) .VfPpkd-rymPhb-pZXsl::after,body.dm7YTc .dmaMHc.VfPpkd-YPmvEd-OWXEXe-UJflGc .VfPpkd-rymPhb-ibnC6b.VfPpkd-rymPhb-ibnC6b-OWXEXe-gk6SMd:not(.VfPpkd-ksKsZd-mWPk3d) .VfPpkd-rymPhb-pZXsl::after{transition:opacity .15s linear}body.dm7YTc .dmaMHc.VfPpkd-YPmvEd-OWXEXe-UJflGc .VfPpkd-StrnGf-rymPhb-ibnC6b.VfPpkd-StrnGf-rymPhb-ibnC6b-OWXEXe-gk6SMd:not(.VfPpkd-ksKsZd-mWPk3d):active .VfPpkd-rymPhb-pZXsl::after,body.dm7YTc .dmaMHc.VfPpkd-YPmvEd-OWXEXe-UJflGc .VfPpkd-rymPhb-ibnC6b.VfPpkd-rymPhb-ibnC6b-OWXEXe-gk6SMd:not(.VfPpkd-ksKsZd-mWPk3d):active .VfPpkd-rymPhb-pZXsl::after{transition-duration:75ms;opacity:.1;opacity:var(--mdc-ripple-press-opacity,.1)}body.dm7YTc .dmaMHc.VfPpkd-YPmvEd-OWXEXe-UJflGc .VfPpkd-StrnGf-rymPhb-ibnC6b.VfPpkd-StrnGf-rymPhb-ibnC6b-OWXEXe-gk6SMd.VfPpkd-ksKsZd-mWPk3d,body.dm7YTc .dmaMHc.VfPpkd-YPmvEd-OWXEXe-UJflGc .VfPpkd-rymPhb-ibnC6b.VfPpkd-rymPhb-ibnC6b-OWXEXe-gk6SMd.VfPpkd-ksKsZd-mWPk3d{--mdc-ripple-fg-opacity:var(--mdc-ripple-press-opacity,0.1)}body.dm7YTc .RnXJS:not(.VfPpkd-O1htCb-OWXEXe-OWB6Me) .VfPpkd-TkwUic{background-color:rgb(60,64,67)}body.dm7YTc .RnXJS.VfPpkd-O1htCb-OWXEXe-OWB6Me .VfPpkd-TkwUic{background-color:rgba(232,234,237,.04)}body.dm7YTc .RnXJS:not(.VfPpkd-O1htCb-OWXEXe-OWB6Me) .VfPpkd-RWgCYc-ksKsZd::before{border-bottom-color:rgb(154,160,166)}body.dm7YTc .RnXJS:not(.VfPpkd-O1htCb-OWXEXe-OWB6Me):hover .VfPpkd-RWgCYc-ksKsZd::before{border-bottom-color:rgb(248,249,250)}body.dm7YTc .RnXJS:not(.VfPpkd-O1htCb-OWXEXe-OWB6Me) .VfPpkd-RWgCYc-ksKsZd::after{border-bottom-color:rgb(138,180,248)}body.dm7YTc .RnXJS.VfPpkd-O1htCb-OWXEXe-OWB6Me .VfPpkd-RWgCYc-ksKsZd::before{border-bottom-color:rgba(232,234,237,.38)}body.dm7YTc .RnXJS:not(.VfPpkd-O1htCb-OWXEXe-OWB6Me) .VfPpkd-NLUYnc-V67aGc{color:rgb(189,193,198)}body.dm7YTc .RnXJS:not(.VfPpkd-O1htCb-OWXEXe-OWB6Me).VfPpkd-O1htCb-OWXEXe-XpnDCe .VfPpkd-NLUYnc-V67aGc{color:rgb(138,180,248)}body.dm7YTc .RnXJS:not(.VfPpkd-O1htCb-OWXEXe-OWB6Me):not(.VfPpkd-O1htCb-OWXEXe-XpnDCe):hover .VfPpkd-NLUYnc-V67aGc{color:rgb(248,249,250)}body.dm7YTc .RnXJS.VfPpkd-O1htCb-OWXEXe-OWB6Me .VfPpkd-NLUYnc-V67aGc{color:rgba(232,234,237,.38)}body.dm7YTc .RnXJS:not(.VfPpkd-O1htCb-OWXEXe-OWB6Me)+.VfPpkd-O1htCb-W0vJo-fmcmS{color:rgb(154,160,166)}body.dm7YTc .RnXJS.VfPpkd-O1htCb-OWXEXe-OWB6Me+.VfPpkd-O1htCb-W0vJo-fmcmS{color:rgba(232,234,237,.38)}body.dm7YTc .RnXJS:not(.VfPpkd-O1htCb-OWXEXe-OWB6Me).VfPpkd-O1htCb-OWXEXe-UJflGc+.VfPpkd-O1htCb-W0vJo-fmcmS-OWXEXe-Rfh2Tc-EglORb{color:rgb(246,174,169)}body.dm7YTc .RnXJS:not(.VfPpkd-O1htCb-OWXEXe-OWB6Me):not(.VfPpkd-O1htCb-OWXEXe-XpnDCe):hover.VfPpkd-O1htCb-OWXEXe-UJflGc+.VfPpkd-O1htCb-W0vJo-fmcmS-OWXEXe-Rfh2Tc-EglORb{color:rgb(246,174,169)}body.dm7YTc .RnXJS:not(.VfPpkd-O1htCb-OWXEXe-OWB6Me) .VfPpkd-uusGie-fmcmS{color:rgb(232,234,237)}body.dm7YTc .RnXJS.VfPpkd-O1htCb-OWXEXe-OWB6Me .VfPpkd-uusGie-fmcmS{color:rgba(232,234,237,.38)}@media (forced-colors:active){body.dm7YTc .RnXJS.VfPpkd-O1htCb-OWXEXe-OWB6Me .VfPpkd-NLUYnc-V67aGc{color:GrayText}body.dm7YTc .RnXJS.VfPpkd-O1htCb-OWXEXe-OWB6Me .VfPpkd-uusGie-fmcmS{color:GrayText}}body.dm7YTc .RnXJS:not(.VfPpkd-O1htCb-OWXEXe-OWB6Me) .VfPpkd-t08AT-Bz112c{fill:rgb(189,193,198)}body.dm7YTc .RnXJS:not(.VfPpkd-O1htCb-OWXEXe-OWB6Me):not(.VfPpkd-O1htCb-OWXEXe-XpnDCe):hover .VfPpkd-t08AT-Bz112c{fill:rgb(248,249,250)}body.dm7YTc .RnXJS:not(.VfPpkd-O1htCb-OWXEXe-OWB6Me).VfPpkd-O1htCb-OWXEXe-XpnDCe .VfPpkd-t08AT-Bz112c{fill:rgb(138,180,248)}body.dm7YTc .RnXJS.VfPpkd-O1htCb-OWXEXe-OWB6Me .VfPpkd-t08AT-Bz112c{fill:rgba(232,234,237,.38)}body.dm7YTc .RnXJS:not(.VfPpkd-O1htCb-OWXEXe-OWB6Me) .VfPpkd-cTi5dd{color:rgb(189,193,198)}body.dm7YTc .RnXJS.VfPpkd-O1htCb-OWXEXe-OWB6Me .VfPpkd-cTi5dd{color:rgba(232,234,237,.38)}body.dm7YTc .RnXJS.VfPpkd-O1htCb-OWXEXe-UJflGc:not(.VfPpkd-O1htCb-OWXEXe-OWB6Me) .VfPpkd-RWgCYc-ksKsZd::before{border-bottom-color:rgb(246,174,169)}body.dm7YTc .RnXJS.VfPpkd-O1htCb-OWXEXe-UJflGc:not(.VfPpkd-O1htCb-OWXEXe-OWB6Me):hover .VfPpkd-RWgCYc-ksKsZd::before{border-bottom-color:rgb(246,174,169)}body.dm7YTc .RnXJS.VfPpkd-O1htCb-OWXEXe-UJflGc:not(.VfPpkd-O1htCb-OWXEXe-OWB6Me) .VfPpkd-RWgCYc-ksKsZd::after{border-bottom-color:rgb(246,174,169)}body.dm7YTc .RnXJS.VfPpkd-O1htCb-OWXEXe-UJflGc:not(.VfPpkd-O1htCb-OWXEXe-OWB6Me) .VfPpkd-NLUYnc-V67aGc{color:rgb(246,174,169)}body.dm7YTc .RnXJS.VfPpkd-O1htCb-OWXEXe-UJflGc:not(.VfPpkd-O1htCb-OWXEXe-OWB6Me):not(.VfPpkd-O1htCb-OWXEXe-XpnDCe):hover .VfPpkd-NLUYnc-V67aGc{color:rgb(246,174,169)}body.dm7YTc .RnXJS.VfPpkd-O1htCb-OWXEXe-UJflGc:not(.VfPpkd-O1htCb-OWXEXe-OWB6Me) .VfPpkd-NLUYnc-V67aGc-OWXEXe-TATcMc-KLRBe{color:rgb(246,174,169)}body.dm7YTc .RnXJS.VfPpkd-O1htCb-OWXEXe-UJflGc:not(.VfPpkd-O1htCb-OWXEXe-OWB6Me):not(.VfPpkd-O1htCb-OWXEXe-XpnDCe):hover .VfPpkd-NLUYnc-V67aGc-OWXEXe-TATcMc-KLRBe{color:rgb(246,174,169)}body.dm7YTc .RnXJS.VfPpkd-O1htCb-OWXEXe-UJflGc:not(.VfPpkd-O1htCb-OWXEXe-OWB6Me) .VfPpkd-t08AT-Bz112c{fill:rgb(242,139,130)}body.dm7YTc .RnXJS.VfPpkd-O1htCb-OWXEXe-UJflGc:not(.VfPpkd-O1htCb-OWXEXe-OWB6Me):not(.VfPpkd-O1htCb-OWXEXe-XpnDCe):hover .VfPpkd-t08AT-Bz112c{fill:rgb(246,174,169)}body.dm7YTc .RnXJS.VfPpkd-O1htCb-OWXEXe-UJflGc:not(.VfPpkd-O1htCb-OWXEXe-OWB6Me).VfPpkd-O1htCb-OWXEXe-XpnDCe .VfPpkd-t08AT-Bz112c{fill:rgb(242,139,130)}body.dm7YTc .RnXJS .VfPpkd-TkwUic .VfPpkd-woaZLe::before,body.dm7YTc .RnXJS .VfPpkd-TkwUic .VfPpkd-woaZLe::after{background-color:rgb(241,243,244);background-color:var(--mdc-ripple-color,rgb(241,243,244))}body.dm7YTc .RnXJS .VfPpkd-TkwUic:hover .VfPpkd-woaZLe::before,body.dm7YTc .RnXJS .VfPpkd-TkwUic.VfPpkd-ksKsZd-XxIAqe-OWXEXe-ZmdkE .VfPpkd-woaZLe::before{opacity:.08;opacity:var(--mdc-ripple-hover-opacity,.08)}body.dm7YTc .RnXJS .VfPpkd-TkwUic.VfPpkd-ksKsZd-mWPk3d-OWXEXe-AHe6Kc-XpnDCe .VfPpkd-woaZLe::before,body.dm7YTc .RnXJS .VfPpkd-TkwUic:not(.VfPpkd-ksKsZd-mWPk3d):focus .VfPpkd-woaZLe::before{transition-duration:75ms;opacity:.12;opacity:var(--mdc-ripple-focus-opacity,.12)}body.dm7YTc .RnXJS .VfPpkd-TkwUic:not(.VfPpkd-ksKsZd-mWPk3d) .VfPpkd-woaZLe::after{transition:opacity .15s linear}body.dm7YTc .RnXJS .VfPpkd-TkwUic:not(.VfPpkd-ksKsZd-mWPk3d):active .VfPpkd-woaZLe::after{transition-duration:75ms;opacity:.1;opacity:var(--mdc-ripple-press-opacity,.1)}body.dm7YTc .RnXJS .VfPpkd-TkwUic.VfPpkd-ksKsZd-mWPk3d{--mdc-ripple-fg-opacity:var(--mdc-ripple-press-opacity,0.1)}body.dm7YTc .UAQDDf:not(.VfPpkd-O1htCb-OWXEXe-OWB6Me) .VfPpkd-NSFCdd-Brv4Fb,body.dm7YTc .UAQDDf:not(.VfPpkd-O1htCb-OWXEXe-OWB6Me) .VfPpkd-NSFCdd-Ra9xwd,body.dm7YTc .UAQDDf:not(.VfPpkd-O1htCb-OWXEXe-OWB6Me) .VfPpkd-NSFCdd-MpmGFe{border-color:rgb(189,193,198)}body.dm7YTc .UAQDDf:not(.VfPpkd-O1htCb-OWXEXe-OWB6Me):not(.VfPpkd-O1htCb-OWXEXe-XpnDCe) .VfPpkd-TkwUic:hover .VfPpkd-NSFCdd-i5vt6e .VfPpkd-NSFCdd-Brv4Fb,body.dm7YTc .UAQDDf:not(.VfPpkd-O1htCb-OWXEXe-OWB6Me):not(.VfPpkd-O1htCb-OWXEXe-XpnDCe) .VfPpkd-TkwUic:hover .VfPpkd-NSFCdd-i5vt6e .VfPpkd-NSFCdd-Ra9xwd,body.dm7YTc .UAQDDf:not(.VfPpkd-O1htCb-OWXEXe-OWB6Me):not(.VfPpkd-O1htCb-OWXEXe-XpnDCe) .VfPpkd-TkwUic:hover .VfPpkd-NSFCdd-i5vt6e .VfPpkd-NSFCdd-MpmGFe{border-color:rgb(248,249,250)}body.dm7YTc .UAQDDf:not(.VfPpkd-O1htCb-OWXEXe-OWB6Me).VfPpkd-O1htCb-OWXEXe-XpnDCe .VfPpkd-NSFCdd-i5vt6e .VfPpkd-NSFCdd-Brv4Fb,body.dm7YTc .UAQDDf:not(.VfPpkd-O1htCb-OWXEXe-OWB6Me).VfPpkd-O1htCb-OWXEXe-XpnDCe .VfPpkd-NSFCdd-i5vt6e .VfPpkd-NSFCdd-Ra9xwd,body.dm7YTc .UAQDDf:not(.VfPpkd-O1htCb-OWXEXe-OWB6Me).VfPpkd-O1htCb-OWXEXe-XpnDCe .VfPpkd-NSFCdd-i5vt6e .VfPpkd-NSFCdd-MpmGFe{border-color:rgb(138,180,248)}body.dm7YTc .UAQDDf.VfPpkd-O1htCb-OWXEXe-OWB6Me .VfPpkd-NSFCdd-Brv4Fb,body.dm7YTc .UAQDDf.VfPpkd-O1htCb-OWXEXe-OWB6Me .VfPpkd-NSFCdd-Ra9xwd,body.dm7YTc .UAQDDf.VfPpkd-O1htCb-OWXEXe-OWB6Me .VfPpkd-NSFCdd-MpmGFe{border-color:rgba(232,234,237,.12)}body.dm7YTc .UAQDDf:not(.VfPpkd-O1htCb-OWXEXe-OWB6Me) .VfPpkd-NLUYnc-V67aGc{color:rgb(154,160,166)}body.dm7YTc .UAQDDf:not(.VfPpkd-O1htCb-OWXEXe-OWB6Me).VfPpkd-O1htCb-OWXEXe-XpnDCe .VfPpkd-NLUYnc-V67aGc{color:rgb(138,180,248)}body.dm7YTc .UAQDDf:not(.VfPpkd-O1htCb-OWXEXe-OWB6Me):not(.VfPpkd-O1htCb-OWXEXe-XpnDCe):hover .VfPpkd-NLUYnc-V67aGc{color:rgb(248,249,250)}body.dm7YTc .UAQDDf.VfPpkd-O1htCb-OWXEXe-OWB6Me .VfPpkd-NLUYnc-V67aGc{color:rgba(232,234,237,.38)}body.dm7YTc .UAQDDf:not(.VfPpkd-O1htCb-OWXEXe-OWB6Me)+.VfPpkd-O1htCb-W0vJo-fmcmS{color:rgb(154,160,166)}body.dm7YTc .UAQDDf.VfPpkd-O1htCb-OWXEXe-OWB6Me+.VfPpkd-O1htCb-W0vJo-fmcmS{color:rgba(232,234,237,.38)}body.dm7YTc .UAQDDf:not(.VfPpkd-O1htCb-OWXEXe-OWB6Me).VfPpkd-O1htCb-OWXEXe-UJflGc+.VfPpkd-O1htCb-W0vJo-fmcmS-OWXEXe-Rfh2Tc-EglORb{color:rgb(242,139,130)}body.dm7YTc .UAQDDf:not(.VfPpkd-O1htCb-OWXEXe-OWB6Me):not(.VfPpkd-O1htCb-OWXEXe-XpnDCe):hover.VfPpkd-O1htCb-OWXEXe-UJflGc+.VfPpkd-O1htCb-W0vJo-fmcmS-OWXEXe-Rfh2Tc-EglORb{color:rgb(246,174,169)}body.dm7YTc .UAQDDf:not(.VfPpkd-O1htCb-OWXEXe-OWB6Me) .VfPpkd-uusGie-fmcmS{color:rgb(232,234,237)}body.dm7YTc .UAQDDf.VfPpkd-O1htCb-OWXEXe-OWB6Me .VfPpkd-uusGie-fmcmS{color:rgba(232,234,237,.38)}@media (forced-colors:active){body.dm7YTc .UAQDDf.VfPpkd-O1htCb-OWXEXe-OWB6Me .VfPpkd-NLUYnc-V67aGc{color:GrayText}body.dm7YTc .UAQDDf.VfPpkd-O1htCb-OWXEXe-OWB6Me .VfPpkd-uusGie-fmcmS{color:GrayText}}body.dm7YTc .UAQDDf:not(.VfPpkd-O1htCb-OWXEXe-OWB6Me) .VfPpkd-t08AT-Bz112c{fill:rgb(154,160,166)}body.dm7YTc .UAQDDf:not(.VfPpkd-O1htCb-OWXEXe-OWB6Me):not(.VfPpkd-O1htCb-OWXEXe-XpnDCe):hover .VfPpkd-t08AT-Bz112c{fill:rgb(248,249,250)}body.dm7YTc .UAQDDf:not(.VfPpkd-O1htCb-OWXEXe-OWB6Me).VfPpkd-O1htCb-OWXEXe-XpnDCe .VfPpkd-t08AT-Bz112c{fill:rgb(138,180,248)}body.dm7YTc .UAQDDf.VfPpkd-O1htCb-OWXEXe-OWB6Me .VfPpkd-t08AT-Bz112c{fill:rgba(232,234,237,.38)}body.dm7YTc .UAQDDf:not(.VfPpkd-O1htCb-OWXEXe-OWB6Me) .VfPpkd-cTi5dd{color:rgb(154,160,166)}body.dm7YTc .UAQDDf.VfPpkd-O1htCb-OWXEXe-OWB6Me .VfPpkd-cTi5dd{color:rgba(232,234,237,.38)}body.dm7YTc .UAQDDf.VfPpkd-O1htCb-OWXEXe-UJflGc:not(.VfPpkd-O1htCb-OWXEXe-OWB6Me) .VfPpkd-NSFCdd-Brv4Fb,body.dm7YTc .UAQDDf.VfPpkd-O1htCb-OWXEXe-UJflGc:not(.VfPpkd-O1htCb-OWXEXe-OWB6Me) .VfPpkd-NSFCdd-Ra9xwd,body.dm7YTc .UAQDDf.VfPpkd-O1htCb-OWXEXe-UJflGc:not(.VfPpkd-O1htCb-OWXEXe-OWB6Me) .VfPpkd-NSFCdd-MpmGFe{border-color:rgb(242,139,130)}body.dm7YTc .UAQDDf.VfPpkd-O1htCb-OWXEXe-UJflGc:not(.VfPpkd-O1htCb-OWXEXe-OWB6Me):not(.VfPpkd-O1htCb-OWXEXe-XpnDCe) .VfPpkd-TkwUic:hover .VfPpkd-NSFCdd-i5vt6e .VfPpkd-NSFCdd-Brv4Fb,body.dm7YTc .UAQDDf.VfPpkd-O1htCb-OWXEXe-UJflGc:not(.VfPpkd-O1htCb-OWXEXe-OWB6Me):not(.VfPpkd-O1htCb-OWXEXe-XpnDCe) .VfPpkd-TkwUic:hover .VfPpkd-NSFCdd-i5vt6e .VfPpkd-NSFCdd-Ra9xwd,body.dm7YTc .UAQDDf.VfPpkd-O1htCb-OWXEXe-UJflGc:not(.VfPpkd-O1htCb-OWXEXe-OWB6Me):not(.VfPpkd-O1htCb-OWXEXe-XpnDCe) .VfPpkd-TkwUic:hover .VfPpkd-NSFCdd-i5vt6e .VfPpkd-NSFCdd-MpmGFe{border-color:rgb(246,174,169)}body.dm7YTc .UAQDDf.VfPpkd-O1htCb-OWXEXe-UJflGc:not(.VfPpkd-O1htCb-OWXEXe-OWB6Me).VfPpkd-O1htCb-OWXEXe-XpnDCe .VfPpkd-NSFCdd-i5vt6e .VfPpkd-NSFCdd-Brv4Fb,body.dm7YTc .UAQDDf.VfPpkd-O1htCb-OWXEXe-UJflGc:not(.VfPpkd-O1htCb-OWXEXe-OWB6Me).VfPpkd-O1htCb-OWXEXe-XpnDCe .VfPpkd-NSFCdd-i5vt6e .VfPpkd-NSFCdd-Ra9xwd,body.dm7YTc .UAQDDf.VfPpkd-O1htCb-OWXEXe-UJflGc:not(.VfPpkd-O1htCb-OWXEXe-OWB6Me).VfPpkd-O1htCb-OWXEXe-XpnDCe .VfPpkd-NSFCdd-i5vt6e .VfPpkd-NSFCdd-MpmGFe{border-color:rgb(242,139,130)}body.dm7YTc .UAQDDf.VfPpkd-O1htCb-OWXEXe-UJflGc:not(.VfPpkd-O1htCb-OWXEXe-OWB6Me) .VfPpkd-NLUYnc-V67aGc{color:rgb(242,139,130)}body.dm7YTc .UAQDDf.VfPpkd-O1htCb-OWXEXe-UJflGc:not(.VfPpkd-O1htCb-OWXEXe-OWB6Me):not(.VfPpkd-O1htCb-OWXEXe-XpnDCe):hover .VfPpkd-NLUYnc-V67aGc{color:rgb(246,174,169)}body.dm7YTc .UAQDDf.VfPpkd-O1htCb-OWXEXe-UJflGc:not(.VfPpkd-O1htCb-OWXEXe-OWB6Me) .VfPpkd-NLUYnc-V67aGc-OWXEXe-TATcMc-KLRBe{color:rgb(242,139,130)}body.dm7YTc .UAQDDf.VfPpkd-O1htCb-OWXEXe-UJflGc:not(.VfPpkd-O1htCb-OWXEXe-OWB6Me):not(.VfPpkd-O1htCb-OWXEXe-XpnDCe):hover .VfPpkd-NLUYnc-V67aGc-OWXEXe-TATcMc-KLRBe{color:rgb(246,174,169)}body.dm7YTc .UAQDDf.VfPpkd-O1htCb-OWXEXe-UJflGc:not(.VfPpkd-O1htCb-OWXEXe-OWB6Me) .VfPpkd-t08AT-Bz112c{fill:rgb(242,139,130)}body.dm7YTc .UAQDDf.VfPpkd-O1htCb-OWXEXe-UJflGc:not(.VfPpkd-O1htCb-OWXEXe-OWB6Me):not(.VfPpkd-O1htCb-OWXEXe-XpnDCe):hover .VfPpkd-t08AT-Bz112c{fill:rgb(246,174,169)}body.dm7YTc .UAQDDf.VfPpkd-O1htCb-OWXEXe-UJflGc:not(.VfPpkd-O1htCb-OWXEXe-OWB6Me).VfPpkd-O1htCb-OWXEXe-XpnDCe .VfPpkd-t08AT-Bz112c{fill:rgb(242,139,130)}body.dm7YTc .UlwoYd .VfPpkd-UTM9ec-tmWYNe{background-color:rgb(138,180,248);border-color:rgb(138,180,248)}body.dm7YTc .UlwoYd .VfPpkd-UTM9ec-OWXEXe-ma6Yeb .VfPpkd-UTM9ec-tmWYNe,body.dm7YTc .UlwoYd .VfPpkd-UTM9ec-OWXEXe-ma6Yeb.VfPpkd-UTM9ec:hover .VfPpkd-UTM9ec-tmWYNe,body.dm7YTc .UlwoYd .VfPpkd-UTM9ec-OWXEXe-ma6Yeb.VfPpkd-UTM9ec-OWXEXe-XpnDCe .VfPpkd-UTM9ec-tmWYNe{border-color:#fff}body.dm7YTc .UlwoYd.VfPpkd-SxecR-OWXEXe-OWB6Me .VfPpkd-UTM9ec-tmWYNe{background-color:rgb(232,234,237);border-color:rgb(232,234,237)}body.dm7YTc .UlwoYd.VfPpkd-SxecR-OWXEXe-OWB6Me .VfPpkd-UTM9ec-OWXEXe-ma6Yeb .VfPpkd-UTM9ec-tmWYNe,body.dm7YTc .UlwoYd.VfPpkd-SxecR-OWXEXe-OWB6Me .VfPpkd-UTM9ec-OWXEXe-ma6Yeb.VfPpkd-UTM9ec:hover .VfPpkd-UTM9ec-tmWYNe,body.dm7YTc .UlwoYd.VfPpkd-SxecR-OWXEXe-OWB6Me .VfPpkd-UTM9ec-OWXEXe-ma6Yeb.VfPpkd-UTM9ec-OWXEXe-XpnDCe .VfPpkd-UTM9ec-tmWYNe{border-color:#fff}body.dm7YTc .UlwoYd .VfPpkd-UTM9ec::before,body.dm7YTc .UlwoYd .VfPpkd-UTM9ec::after{background-color:rgb(138,180,248);background-color:var(--mdc-ripple-color,rgb(138,180,248))}body.dm7YTc .UlwoYd .VfPpkd-UTM9ec:hover::before,body.dm7YTc .UlwoYd .VfPpkd-UTM9ec.VfPpkd-ksKsZd-XxIAqe-OWXEXe-ZmdkE::before{opacity:.08;opacity:var(--mdc-ripple-hover-opacity,.08)}body.dm7YTc .UlwoYd .VfPpkd-UTM9ec.VfPpkd-ksKsZd-mWPk3d-OWXEXe-AHe6Kc-XpnDCe::before,body.dm7YTc .UlwoYd .VfPpkd-UTM9ec:not(.VfPpkd-ksKsZd-mWPk3d):focus::before{transition-duration:75ms;opacity:.24;opacity:var(--mdc-ripple-focus-opacity,.24)}body.dm7YTc .UlwoYd .VfPpkd-UTM9ec:not(.VfPpkd-ksKsZd-mWPk3d)::after{transition:opacity .15s linear}body.dm7YTc .UlwoYd .VfPpkd-UTM9ec:not(.VfPpkd-ksKsZd-mWPk3d):active::after{transition-duration:75ms;opacity:.24;opacity:var(--mdc-ripple-press-opacity,.24)}body.dm7YTc .UlwoYd .VfPpkd-UTM9ec.VfPpkd-ksKsZd-mWPk3d{--mdc-ripple-fg-opacity:var(--mdc-ripple-press-opacity,0.24)}body.dm7YTc .UlwoYd .VfPpkd-UTM9ec:hover .VfPpkd-UTM9ec-tmWYNe,body.dm7YTc .UlwoYd .VfPpkd-UTM9ec-OWXEXe-XpnDCe .VfPpkd-UTM9ec-tmWYNe{background-color:rgb(210,227,252);border-color:rgb(210,227,252)}body.dm7YTc .UlwoYd .VfPpkd-UTM9ec:hover .VfPpkd-UTM9ec-OWXEXe-ma6Yeb .VfPpkd-UTM9ec-tmWYNe,body.dm7YTc .UlwoYd .VfPpkd-UTM9ec:hover .VfPpkd-UTM9ec-OWXEXe-ma6Yeb.VfPpkd-UTM9ec:hover .VfPpkd-UTM9ec-tmWYNe,body.dm7YTc .UlwoYd .VfPpkd-UTM9ec:hover .VfPpkd-UTM9ec-OWXEXe-ma6Yeb.VfPpkd-UTM9ec-OWXEXe-XpnDCe .VfPpkd-UTM9ec-tmWYNe,body.dm7YTc .UlwoYd .VfPpkd-UTM9ec-OWXEXe-XpnDCe .VfPpkd-UTM9ec-OWXEXe-ma6Yeb .VfPpkd-UTM9ec-tmWYNe,body.dm7YTc .UlwoYd .VfPpkd-UTM9ec-OWXEXe-XpnDCe .VfPpkd-UTM9ec-OWXEXe-ma6Yeb.VfPpkd-UTM9ec:hover .VfPpkd-UTM9ec-tmWYNe,body.dm7YTc .UlwoYd .VfPpkd-UTM9ec-OWXEXe-XpnDCe .VfPpkd-UTM9ec-OWXEXe-ma6Yeb.VfPpkd-UTM9ec-OWXEXe-XpnDCe .VfPpkd-UTM9ec-tmWYNe{border-color:#fff}body.dm7YTc .UlwoYd .VfPpkd-yCQwvc-OWXEXe-bp49T{border-color:rgb(138,180,248)}body.dm7YTc .UlwoYd.VfPpkd-SxecR-OWXEXe-OWB6Me .VfPpkd-yCQwvc-OWXEXe-bp49T{border-color:rgb(232,234,237)}body.dm7YTc .UlwoYd .VfPpkd-yCQwvc-OWXEXe-mt1Mkb{background-color:rgb(32,33,36);opacity:1}body.dm7YTc .UlwoYd.VfPpkd-SxecR-OWXEXe-OWB6Me .VfPpkd-yCQwvc-OWXEXe-mt1Mkb{background-color:rgba(232,234,237,.38);opacity:1}body.dm7YTc .UlwoYd .VfPpkd-zD2WHb-SYOSDb-OWXEXe-auswjd{background-color:rgb(32,33,36);opacity:.38}body.dm7YTc .UlwoYd.VfPpkd-SxecR-OWXEXe-OWB6Me .VfPpkd-zD2WHb-SYOSDb-OWXEXe-auswjd{background-color:rgb(32,33,36);opacity:.38}@media (forced-colors:active){body.dm7YTc .UlwoYd .VfPpkd-zD2WHb-SYOSDb-OWXEXe-auswjd{background-color:Canvas;opacity:1}}body.dm7YTc .UlwoYd .VfPpkd-zD2WHb-SYOSDb-OWXEXe-mt1Mkb{background-color:rgb(138,180,248);opacity:.38}body.dm7YTc .UlwoYd.VfPpkd-SxecR-OWXEXe-OWB6Me .VfPpkd-zD2WHb-SYOSDb-OWXEXe-mt1Mkb{background-color:rgb(232,234,237);opacity:.38}@media (forced-colors:active){body.dm7YTc .UlwoYd .VfPpkd-zD2WHb-SYOSDb-OWXEXe-mt1Mkb{background-color:CanvasText;opacity:1}}body.dm7YTc .UlwoYd:not(.VfPpkd-SxecR-OWXEXe-OWB6Me) .VfPpkd-yCQwvc-OWXEXe-mt1Mkb::before{background-color:rgba(138,180,248,.24);border-radius:inherit;content:"";height:100%;position:absolute;width:100%}body.dm7YTc .UlwoYd .VfPpkd-MIfjnf-uDEFge{background-color:rgb(138,180,248);opacity:1}body.dm7YTc .UlwoYd .VfPpkd-MIfjnf-uDEFge::before{border-top-color:rgb(138,180,248)}body.dm7YTc .UlwoYd .VfPpkd-MIfjnf-uDEFge{color:rgb(32,33,36)}body.dm7YTc .UlwoYd.VfPpkd-SxecR .VfPpkd-yCQwvc-OWXEXe-bp49T{transform-origin:left}body.dm7YTc .UlwoYd .VfPpkd-MIfjnf-uDEFge{border-radius:16px;height:28px;padding:0 8px}body.dm7YTc .UlwoYd .VfPpkd-MIfjnf-uDEFge-fmcmS{font-family:"Roboto Mono",Roboto,sans-serif;font-size:.75rem;font-weight:500;white-space:nowrap}body.dm7YTc .UlwoYd .VfPpkd-UTM9ec.VfPpkd-UTM9ec-OWXEXe-fmcmS-YuD1xf-lTBxed .VfPpkd-MIfjnf-uDEFge-fmcmS{font-family:Roboto,sans-serif}body.dm7YTc .UlwoYd .VfPpkd-UTM9ec.VfPpkd-UTM9ec-OWXEXe-Wetbn-lTBxed .VfPpkd-MIfjnf-uDEFge-haAclf{bottom:40px;transform:rotate(-45deg);transform-origin:bottom left}body.dm7YTc .UlwoYd .VfPpkd-UTM9ec.VfPpkd-UTM9ec-OWXEXe-Wetbn-lTBxed .VfPpkd-MIfjnf-uDEFge{border-radius:50% 50% 50% 0;height:28px;justify-content:center;padding:0;position:relative;width:28px}body.dm7YTc .UlwoYd .VfPpkd-UTM9ec.VfPpkd-UTM9ec-OWXEXe-Wetbn-lTBxed .VfPpkd-MIfjnf-uDEFge::before{display:none}body.dm7YTc .UlwoYd .VfPpkd-UTM9ec.VfPpkd-UTM9ec-OWXEXe-Wetbn-lTBxed .VfPpkd-MIfjnf-uDEFge-fmcmS{transform:rotate(45deg)}body.dm7YTc .TFhMef .VfPpkd-YAxtVc{background-color:#fff}body.dm7YTc .TFhMef .VfPpkd-gIZMF{color:rgb(60,64,67)}body.dm7YTc .TFhMef .VfPpkd-IkaYrd:not(:disabled){background-color:transparent}body.dm7YTc .TFhMef .VfPpkd-IkaYrd:not(:disabled){color:rgb(26,115,232);color:var(--gm-colortextbutton-ink-color,rgb(26,115,232))}body.dm7YTc .TFhMef .VfPpkd-IkaYrd:disabled{color:rgba(60,64,67,.38);color:var(--gm-colortextbutton-disabled-ink-color,rgba(60,64,67,.38))}body.dm7YTc .TFhMef .VfPpkd-IkaYrd .VfPpkd-UdE5de-uDEFge .VfPpkd-JGcpL-uI4vCe-LkdAo,body.dm7YTc .TFhMef .VfPpkd-IkaYrd .VfPpkd-UdE5de-uDEFge .VfPpkd-JGcpL-IdXvz-LkdAo-Bd00G{stroke:rgb(26,115,232)}@media (-ms-high-contrast:active),screen and (forced-colors:active){body.dm7YTc .TFhMef .VfPpkd-IkaYrd .VfPpkd-UdE5de-uDEFge .VfPpkd-JGcpL-uI4vCe-LkdAo,body.dm7YTc .TFhMef .VfPpkd-IkaYrd .VfPpkd-UdE5de-uDEFge .VfPpkd-JGcpL-IdXvz-LkdAo-Bd00G{stroke:CanvasText}}body.dm7YTc .TFhMef .VfPpkd-IkaYrd:hover:not(:disabled),body.dm7YTc .TFhMef .VfPpkd-IkaYrd.VfPpkd-ksKsZd-mWPk3d-OWXEXe-AHe6Kc-XpnDCe:not(:disabled),body.dm7YTc .TFhMef .VfPpkd-IkaYrd:not(.VfPpkd-ksKsZd-mWPk3d):focus:not(:disabled),body.dm7YTc .TFhMef .VfPpkd-IkaYrd:active:not(:disabled){color:rgb(23,78,166);color:var(--gm-colortextbutton-ink-color--stateful,rgb(23,78,166))}body.dm7YTc .TFhMef .VfPpkd-IkaYrd .VfPpkd-Jh9lGc::before,body.dm7YTc .TFhMef .VfPpkd-IkaYrd .VfPpkd-Jh9lGc::after{background-color:rgb(26,115,232);background-color:var(--gm-colortextbutton-state-color,rgb(26,115,232))}body.dm7YTc .TFhMef .VfPpkd-IkaYrd:hover .VfPpkd-Jh9lGc::before,body.dm7YTc .TFhMef .VfPpkd-IkaYrd.VfPpkd-ksKsZd-XxIAqe-OWXEXe-ZmdkE .VfPpkd-Jh9lGc::before{opacity:.04;opacity:var(--mdc-ripple-hover-opacity,.04)}body.dm7YTc .TFhMef .VfPpkd-IkaYrd.VfPpkd-ksKsZd-mWPk3d-OWXEXe-AHe6Kc-XpnDCe .VfPpkd-Jh9lGc::before,body.dm7YTc .TFhMef .VfPpkd-IkaYrd:not(.VfPpkd-ksKsZd-mWPk3d):focus .VfPpkd-Jh9lGc::before{transition-duration:75ms;opacity:.12;opacity:var(--mdc-ripple-focus-opacity,.12)}body.dm7YTc .TFhMef .VfPpkd-IkaYrd:not(.VfPpkd-ksKsZd-mWPk3d) .VfPpkd-Jh9lGc::after{transition:opacity .15s linear}body.dm7YTc .TFhMef .VfPpkd-IkaYrd:not(.VfPpkd-ksKsZd-mWPk3d):active .VfPpkd-Jh9lGc::after{transition-duration:75ms;opacity:.12;opacity:var(--mdc-ripple-press-opacity,.12)}body.dm7YTc .TFhMef .VfPpkd-IkaYrd.VfPpkd-ksKsZd-mWPk3d{--mdc-ripple-fg-opacity:var(--mdc-ripple-press-opacity,0.12)}body.dm7YTc .TFhMef .VfPpkd-IkaYrd:disabled:hover .VfPpkd-Jh9lGc::before,body.dm7YTc .TFhMef .VfPpkd-IkaYrd:disabled.VfPpkd-ksKsZd-XxIAqe-OWXEXe-ZmdkE .VfPpkd-Jh9lGc::before{opacity:0;opacity:var(--mdc-ripple-hover-opacity,0)}body.dm7YTc .TFhMef .VfPpkd-IkaYrd:disabled.VfPpkd-ksKsZd-mWPk3d-OWXEXe-AHe6Kc-XpnDCe .VfPpkd-Jh9lGc::before,body.dm7YTc .TFhMef .VfPpkd-IkaYrd:disabled:not(.VfPpkd-ksKsZd-mWPk3d):focus .VfPpkd-Jh9lGc::before{transition-duration:75ms;opacity:0;opacity:var(--mdc-ripple-focus-opacity,0)}body.dm7YTc .TFhMef .VfPpkd-IkaYrd:disabled:not(.VfPpkd-ksKsZd-mWPk3d) .VfPpkd-Jh9lGc::after{transition:opacity .15s linear}body.dm7YTc .TFhMef .VfPpkd-IkaYrd:disabled:not(.VfPpkd-ksKsZd-mWPk3d):active .VfPpkd-Jh9lGc::after{transition-duration:75ms;opacity:0;opacity:var(--mdc-ripple-press-opacity,0)}body.dm7YTc .TFhMef .VfPpkd-IkaYrd:disabled.VfPpkd-ksKsZd-mWPk3d{--mdc-ripple-fg-opacity:var(--mdc-ripple-press-opacity,0)}body.dm7YTc .TFhMef .VfPpkd-TolmDb{color:rgb(60,64,67);z-index:0}body.dm7YTc .TFhMef .VfPpkd-TolmDb .VfPpkd-Bz112c-Jh9lGc::before,body.dm7YTc .TFhMef .VfPpkd-TolmDb .VfPpkd-Bz112c-Jh9lGc::after{background-color:rgb(60,64,67);background-color:var(--mdc-ripple-color,rgb(60,64,67))}body.dm7YTc .TFhMef .VfPpkd-TolmDb:hover .VfPpkd-Bz112c-Jh9lGc::before,body.dm7YTc .TFhMef .VfPpkd-TolmDb.VfPpkd-ksKsZd-XxIAqe-OWXEXe-ZmdkE .VfPpkd-Bz112c-Jh9lGc::before{opacity:.04;opacity:var(--mdc-ripple-hover-opacity,.04)}body.dm7YTc .TFhMef .VfPpkd-TolmDb.VfPpkd-ksKsZd-mWPk3d-OWXEXe-AHe6Kc-XpnDCe .VfPpkd-Bz112c-Jh9lGc::before,body.dm7YTc .TFhMef .VfPpkd-TolmDb:not(.VfPpkd-ksKsZd-mWPk3d):focus .VfPpkd-Bz112c-Jh9lGc::before{transition-duration:75ms;opacity:.12;opacity:var(--mdc-ripple-focus-opacity,.12)}body.dm7YTc .TFhMef .VfPpkd-TolmDb:not(.VfPpkd-ksKsZd-mWPk3d) .VfPpkd-Bz112c-Jh9lGc::after{transition:opacity .15s linear}body.dm7YTc .TFhMef .VfPpkd-TolmDb:not(.VfPpkd-ksKsZd-mWPk3d):active .VfPpkd-Bz112c-Jh9lGc::after{transition-duration:75ms;opacity:.12;opacity:var(--mdc-ripple-press-opacity,.12)}body.dm7YTc .TFhMef .VfPpkd-TolmDb.VfPpkd-ksKsZd-mWPk3d{--mdc-ripple-fg-opacity:var(--mdc-ripple-press-opacity,0.12)}body.dm7YTc .TFhMef .VfPpkd-TolmDb .VfPpkd-Bz112c-Jh9lGc::before,body.dm7YTc .TFhMef .VfPpkd-TolmDb .VfPpkd-Bz112c-Jh9lGc::after{z-index:-1}body.dm7YTc .TFhMef .VfPpkd-TolmDb:disabled{color:rgba(60,64,67,.38);color:var(--gm-iconbutton-disabled-ink-color,rgba(60,64,67,.38))}body.dm7YTc .pBHsAc{width:36px}body.dm7YTc .pBHsAc.VfPpkd-scr2fc-OWXEXe-gk6SMd:enabled .VfPpkd-uMhiad::after{background:rgb(138,180,248)}body.dm7YTc .pBHsAc.VfPpkd-scr2fc-OWXEXe-gk6SMd:enabled:hover:not(.VfPpkd-ksKsZd-mWPk3d-OWXEXe-AHe6Kc-XpnDCe):not(:active) .VfPpkd-uMhiad::after{background:rgb(174,203,250)}body.dm7YTc .pBHsAc.VfPpkd-scr2fc-OWXEXe-gk6SMd:enabled.VfPpkd-ksKsZd-mWPk3d-OWXEXe-AHe6Kc-XpnDCe:not(:active) .VfPpkd-uMhiad::after{background:rgb(174,203,250)}body.dm7YTc .pBHsAc.VfPpkd-scr2fc-OWXEXe-gk6SMd:enabled:active .VfPpkd-uMhiad::after{background:rgb(174,203,250)}body.dm7YTc .pBHsAc.VfPpkd-scr2fc-OWXEXe-gk6SMd:disabled .VfPpkd-uMhiad::after{background:rgb(232,234,237)}body.dm7YTc .pBHsAc.VfPpkd-scr2fc-OWXEXe-uqeOfd:enabled .VfPpkd-uMhiad::after{background:rgb(154,160,166)}body.dm7YTc .pBHsAc.VfPpkd-scr2fc-OWXEXe-uqeOfd:enabled:hover:not(.VfPpkd-ksKsZd-mWPk3d-OWXEXe-AHe6Kc-XpnDCe):not(:active) .VfPpkd-uMhiad::after{background:rgb(248,249,250)}body.dm7YTc .pBHsAc.VfPpkd-scr2fc-OWXEXe-uqeOfd:enabled.VfPpkd-ksKsZd-mWPk3d-OWXEXe-AHe6Kc-XpnDCe:not(:active) .VfPpkd-uMhiad::after{background:rgb(248,249,250)}body.dm7YTc .pBHsAc.VfPpkd-scr2fc-OWXEXe-uqeOfd:enabled:active .VfPpkd-uMhiad::after{background:rgb(248,249,250)}body.dm7YTc .pBHsAc.VfPpkd-scr2fc-OWXEXe-uqeOfd:disabled .VfPpkd-uMhiad::after{background:rgb(232,234,237)}body.dm7YTc .pBHsAc .VfPpkd-uMhiad::before{background:rgb(32,33,36)}body.dm7YTc .pBHsAc:enabled .VfPpkd-VRSVNe{box-shadow:0 1px 2px 0 rgba(0,0,0,.3),0 1px 3px 1px rgba(0,0,0,.15)}body.dm7YTc .pBHsAc:enabled .VfPpkd-VRSVNe .VfPpkd-BFbNVe-bF1uUb{opacity:.05}body.dm7YTc .pBHsAc:enabled .VfPpkd-VRSVNe .VfPpkd-BFbNVe-bF1uUb{background-color:rgb(232,234,237)}body.dm7YTc .pBHsAc:disabled .VfPpkd-VRSVNe{box-shadow:none}body.dm7YTc .pBHsAc:disabled .VfPpkd-VRSVNe .VfPpkd-BFbNVe-bF1uUb{opacity:0}body.dm7YTc .pBHsAc:disabled .VfPpkd-VRSVNe .VfPpkd-BFbNVe-bF1uUb{background-color:rgb(232,234,237)}body.dm7YTc .pBHsAc .VfPpkd-DVBDLb-LhBDec-sM5MNb,body.dm7YTc .pBHsAc .VfPpkd-uMhiad{height:20px}body.dm7YTc .pBHsAc:disabled .VfPpkd-uMhiad::after{opacity:.38}body.dm7YTc .pBHsAc .VfPpkd-uMhiad{border-radius:10px 10px 10px 10px}body.dm7YTc .pBHsAc .VfPpkd-uMhiad{width:20px}body.dm7YTc .pBHsAc .VfPpkd-uMhiad-u014N{width:calc(100% - 20px)}body.dm7YTc .pBHsAc.VfPpkd-scr2fc-OWXEXe-gk6SMd:enabled .VfPpkd-pafCAf{fill:rgb(32,33,36)}body.dm7YTc .pBHsAc.VfPpkd-scr2fc-OWXEXe-gk6SMd:disabled .VfPpkd-pafCAf{fill:rgb(32,33,36)}body.dm7YTc .pBHsAc.VfPpkd-scr2fc-OWXEXe-uqeOfd:enabled .VfPpkd-pafCAf{fill:rgb(32,33,36)}body.dm7YTc .pBHsAc.VfPpkd-scr2fc-OWXEXe-uqeOfd:disabled .VfPpkd-pafCAf{fill:rgb(32,33,36)}body.dm7YTc .pBHsAc.VfPpkd-scr2fc-OWXEXe-gk6SMd:disabled .VfPpkd-lw9akd{opacity:.38}body.dm7YTc .pBHsAc.VfPpkd-scr2fc-OWXEXe-uqeOfd:disabled .VfPpkd-lw9akd{opacity:.38}body.dm7YTc .pBHsAc.VfPpkd-scr2fc-OWXEXe-gk6SMd .VfPpkd-pafCAf{width:18px;height:18px}body.dm7YTc .pBHsAc.VfPpkd-scr2fc-OWXEXe-uqeOfd .VfPpkd-pafCAf{width:18px;height:18px}body.dm7YTc .pBHsAc.VfPpkd-scr2fc-OWXEXe-gk6SMd:enabled:hover:not(.VfPpkd-ksKsZd-mWPk3d-OWXEXe-AHe6Kc-XpnDCe) .VfPpkd-Qsb3yd::before,body.dm7YTc .pBHsAc.VfPpkd-scr2fc-OWXEXe-gk6SMd:enabled:hover:not(.VfPpkd-ksKsZd-mWPk3d-OWXEXe-AHe6Kc-XpnDCe) .VfPpkd-Qsb3yd::after{background-color:rgb(138,180,248)}body.dm7YTc .pBHsAc.VfPpkd-scr2fc-OWXEXe-gk6SMd:enabled.VfPpkd-ksKsZd-mWPk3d-OWXEXe-AHe6Kc-XpnDCe .VfPpkd-Qsb3yd::before,body.dm7YTc .pBHsAc.VfPpkd-scr2fc-OWXEXe-gk6SMd:enabled.VfPpkd-ksKsZd-mWPk3d-OWXEXe-AHe6Kc-XpnDCe .VfPpkd-Qsb3yd::after{background-color:rgb(138,180,248)}body.dm7YTc .pBHsAc.VfPpkd-scr2fc-OWXEXe-gk6SMd:enabled:active .VfPpkd-Qsb3yd::before,body.dm7YTc .pBHsAc.VfPpkd-scr2fc-OWXEXe-gk6SMd:enabled:active .VfPpkd-Qsb3yd::after{background-color:rgb(138,180,248)}body.dm7YTc .pBHsAc.VfPpkd-scr2fc-OWXEXe-uqeOfd:enabled:hover:not(.VfPpkd-ksKsZd-mWPk3d-OWXEXe-AHe6Kc-XpnDCe) .VfPpkd-Qsb3yd::before,body.dm7YTc .pBHsAc.VfPpkd-scr2fc-OWXEXe-uqeOfd:enabled:hover:not(.VfPpkd-ksKsZd-mWPk3d-OWXEXe-AHe6Kc-XpnDCe) .VfPpkd-Qsb3yd::after{background-color:rgb(232,234,237)}body.dm7YTc .pBHsAc.VfPpkd-scr2fc-OWXEXe-uqeOfd:enabled.VfPpkd-ksKsZd-mWPk3d-OWXEXe-AHe6Kc-XpnDCe .VfPpkd-Qsb3yd::before,body.dm7YTc .pBHsAc.VfPpkd-scr2fc-OWXEXe-uqeOfd:enabled.VfPpkd-ksKsZd-mWPk3d-OWXEXe-AHe6Kc-XpnDCe .VfPpkd-Qsb3yd::after{background-color:rgb(232,234,237)}body.dm7YTc .pBHsAc.VfPpkd-scr2fc-OWXEXe-uqeOfd:enabled:active .VfPpkd-Qsb3yd::before,body.dm7YTc .pBHsAc.VfPpkd-scr2fc-OWXEXe-uqeOfd:enabled:active .VfPpkd-Qsb3yd::after{background-color:rgb(232,234,237)}body.dm7YTc .pBHsAc.VfPpkd-scr2fc-OWXEXe-gk6SMd:enabled:hover:not(.VfPpkd-ksKsZd-mWPk3d-OWXEXe-AHe6Kc-XpnDCe):hover .VfPpkd-Qsb3yd::before,body.dm7YTc .pBHsAc.VfPpkd-scr2fc-OWXEXe-gk6SMd:enabled:hover:not(.VfPpkd-ksKsZd-mWPk3d-OWXEXe-AHe6Kc-XpnDCe).VfPpkd-ksKsZd-XxIAqe-OWXEXe-ZmdkE .VfPpkd-Qsb3yd::before{opacity:.04}body.dm7YTc .pBHsAc.VfPpkd-scr2fc-OWXEXe-gk6SMd:enabled.VfPpkd-ksKsZd-mWPk3d-OWXEXe-AHe6Kc-XpnDCe.VfPpkd-ksKsZd-mWPk3d-OWXEXe-AHe6Kc-XpnDCe .VfPpkd-Qsb3yd::before,body.dm7YTc .pBHsAc.VfPpkd-scr2fc-OWXEXe-gk6SMd:enabled.VfPpkd-ksKsZd-mWPk3d-OWXEXe-AHe6Kc-XpnDCe:not(.VfPpkd-ksKsZd-mWPk3d):focus .VfPpkd-Qsb3yd::before{transition-duration:75ms;opacity:.12}body.dm7YTc .pBHsAc.VfPpkd-scr2fc-OWXEXe-gk6SMd:enabled:active:not(.VfPpkd-ksKsZd-mWPk3d) .VfPpkd-Qsb3yd::after{transition:opacity .15s linear}body.dm7YTc .pBHsAc.VfPpkd-scr2fc-OWXEXe-gk6SMd:enabled:active:not(.VfPpkd-ksKsZd-mWPk3d):active .VfPpkd-Qsb3yd::after{transition-duration:75ms;opacity:.1}body.dm7YTc .pBHsAc.VfPpkd-scr2fc-OWXEXe-gk6SMd:enabled:active.VfPpkd-ksKsZd-mWPk3d{--mdc-ripple-fg-opacity:var(--mdc-switch-selected-pressed-state-layer-opacity,0.1)}body.dm7YTc .pBHsAc.VfPpkd-scr2fc-OWXEXe-uqeOfd:enabled:hover:not(.VfPpkd-ksKsZd-mWPk3d-OWXEXe-AHe6Kc-XpnDCe):hover .VfPpkd-Qsb3yd::before,body.dm7YTc .pBHsAc.VfPpkd-scr2fc-OWXEXe-uqeOfd:enabled:hover:not(.VfPpkd-ksKsZd-mWPk3d-OWXEXe-AHe6Kc-XpnDCe).VfPpkd-ksKsZd-XxIAqe-OWXEXe-ZmdkE .VfPpkd-Qsb3yd::before{opacity:.04}body.dm7YTc .pBHsAc.VfPpkd-scr2fc-OWXEXe-uqeOfd:enabled.VfPpkd-ksKsZd-mWPk3d-OWXEXe-AHe6Kc-XpnDCe.VfPpkd-ksKsZd-mWPk3d-OWXEXe-AHe6Kc-XpnDCe .VfPpkd-Qsb3yd::before,body.dm7YTc .pBHsAc.VfPpkd-scr2fc-OWXEXe-uqeOfd:enabled.VfPpkd-ksKsZd-mWPk3d-OWXEXe-AHe6Kc-XpnDCe:not(.VfPpkd-ksKsZd-mWPk3d):focus .VfPpkd-Qsb3yd::before{transition-duration:75ms;opacity:.12}body.dm7YTc .pBHsAc.VfPpkd-scr2fc-OWXEXe-uqeOfd:enabled:active:not(.VfPpkd-ksKsZd-mWPk3d) .VfPpkd-Qsb3yd::after{transition:opacity .15s linear}body.dm7YTc .pBHsAc.VfPpkd-scr2fc-OWXEXe-uqeOfd:enabled:active:not(.VfPpkd-ksKsZd-mWPk3d):active .VfPpkd-Qsb3yd::after{transition-duration:75ms;opacity:.1}body.dm7YTc .pBHsAc.VfPpkd-scr2fc-OWXEXe-uqeOfd:enabled:active.VfPpkd-ksKsZd-mWPk3d{--mdc-ripple-fg-opacity:var(--mdc-switch-unselected-pressed-state-layer-opacity,0.1)}body.dm7YTc .pBHsAc .VfPpkd-Qsb3yd{height:48px;width:48px}body.dm7YTc .pBHsAc .VfPpkd-l6JLsf{height:14px}body.dm7YTc .pBHsAc:disabled .VfPpkd-l6JLsf{opacity:.12}body.dm7YTc .pBHsAc:enabled .VfPpkd-l6JLsf::after{background:rgb(26,115,232)}body.dm7YTc .pBHsAc:enabled:hover:not(.VfPpkd-ksKsZd-mWPk3d-OWXEXe-AHe6Kc-XpnDCe):not(:active) .VfPpkd-l6JLsf::after{background:rgb(26,115,232)}body.dm7YTc .pBHsAc:enabled.VfPpkd-ksKsZd-mWPk3d-OWXEXe-AHe6Kc-XpnDCe:not(:active) .VfPpkd-l6JLsf::after{background:rgb(26,115,232)}body.dm7YTc .pBHsAc:enabled:active .VfPpkd-l6JLsf::after{background:rgb(26,115,232)}body.dm7YTc .pBHsAc:disabled .VfPpkd-l6JLsf::after{background:rgb(232,234,237)}body.dm7YTc .pBHsAc:enabled .VfPpkd-l6JLsf::before{background:rgb(95,99,104)}body.dm7YTc .pBHsAc:enabled:hover:not(.VfPpkd-ksKsZd-mWPk3d-OWXEXe-AHe6Kc-XpnDCe):not(:active) .VfPpkd-l6JLsf::before{background:rgb(95,99,104)}body.dm7YTc .pBHsAc:enabled.VfPpkd-ksKsZd-mWPk3d-OWXEXe-AHe6Kc-XpnDCe:not(:active) .VfPpkd-l6JLsf::before{background:rgb(95,99,104)}body.dm7YTc .pBHsAc:enabled:active .VfPpkd-l6JLsf::before{background:rgb(95,99,104)}body.dm7YTc .pBHsAc:disabled .VfPpkd-l6JLsf::before{background:rgb(232,234,237)}body.dm7YTc .pBHsAc .VfPpkd-l6JLsf{border-radius:7px 7px 7px 7px}@media (-ms-high-contrast:active),screen and (forced-colors:active){body.dm7YTc .pBHsAc:disabled .VfPpkd-uMhiad::after{opacity:1}body.dm7YTc .pBHsAc.VfPpkd-scr2fc-OWXEXe-gk6SMd:enabled .VfPpkd-pafCAf{fill:ButtonText}body.dm7YTc .pBHsAc.VfPpkd-scr2fc-OWXEXe-gk6SMd:disabled .VfPpkd-pafCAf{fill:GrayText}body.dm7YTc .pBHsAc.VfPpkd-scr2fc-OWXEXe-uqeOfd:enabled .VfPpkd-pafCAf{fill:ButtonText}body.dm7YTc .pBHsAc.VfPpkd-scr2fc-OWXEXe-uqeOfd:disabled .VfPpkd-pafCAf{fill:GrayText}body.dm7YTc .pBHsAc.VfPpkd-scr2fc-OWXEXe-gk6SMd:disabled .VfPpkd-lw9akd{opacity:1}body.dm7YTc .pBHsAc.VfPpkd-scr2fc-OWXEXe-uqeOfd:disabled .VfPpkd-lw9akd{opacity:1}body.dm7YTc .pBHsAc:disabled .VfPpkd-l6JLsf{opacity:1}}body.dm7YTc .FEsNhd{font-family:"Google Sans",Roboto,Arial,sans-serif;line-height:1.25rem;font-size:.875rem;letter-spacing:.0178571429em;font-weight:500;padding-right:16px;padding-left:16px;text-transform:none;min-width:auto}body.dm7YTc .FEsNhd .VfPpkd-jY41G-V67aGc{color:rgb(154,160,166)}body.dm7YTc .FEsNhd .VfPpkd-cfyjzb{color:rgb(154,160,166);fill:currentColor}body.dm7YTc .FEsNhd:hover .VfPpkd-YVzG2b::before,body.dm7YTc .FEsNhd.VfPpkd-ksKsZd-XxIAqe-OWXEXe-ZmdkE .VfPpkd-YVzG2b::before{opacity:.08;opacity:var(--mdc-ripple-hover-opacity,.08)}body.dm7YTc .FEsNhd.VfPpkd-ksKsZd-mWPk3d-OWXEXe-AHe6Kc-XpnDCe .VfPpkd-YVzG2b::before,body.dm7YTc .FEsNhd:not(.VfPpkd-ksKsZd-mWPk3d):focus .VfPpkd-YVzG2b::before{opacity:.24;opacity:var(--mdc-ripple-focus-opacity,.24)}body.dm7YTc .FEsNhd:not(.VfPpkd-ksKsZd-mWPk3d):active .VfPpkd-YVzG2b::after{opacity:.24;opacity:var(--mdc-ripple-press-opacity,.24)}body.dm7YTc .FEsNhd.VfPpkd-ksKsZd-mWPk3d{--mdc-ripple-fg-opacity:var(--mdc-ripple-press-opacity,0.24)}body.dm7YTc .FEsNhd:hover .VfPpkd-jY41G-V67aGc,body.dm7YTc .FEsNhd.VfPpkd-ksKsZd-mWPk3d-OWXEXe-AHe6Kc-XpnDCe .VfPpkd-jY41G-V67aGc,body.dm7YTc .FEsNhd:not(.VfPpkd-ksKsZd-mWPk3d):focus .VfPpkd-jY41G-V67aGc,body.dm7YTc .FEsNhd:active .VfPpkd-jY41G-V67aGc{color:rgb(232,234,237)}body.dm7YTc .FEsNhd:hover .VfPpkd-cfyjzb,body.dm7YTc .FEsNhd.VfPpkd-ksKsZd-mWPk3d-OWXEXe-AHe6Kc-XpnDCe .VfPpkd-cfyjzb,body.dm7YTc .FEsNhd:not(.VfPpkd-ksKsZd-mWPk3d):focus .VfPpkd-cfyjzb,body.dm7YTc .FEsNhd:active .VfPpkd-cfyjzb{color:rgb(232,234,237);fill:currentColor}body.dm7YTc .FEsNhd .VfPpkd-YVzG2b::before,body.dm7YTc .FEsNhd .VfPpkd-YVzG2b::after{background-color:rgb(232,234,237);background-color:var(--mdc-ripple-color,rgb(232,234,237))}body.dm7YTc .FEsNhd:hover .VfPpkd-YVzG2b::before,body.dm7YTc .FEsNhd.VfPpkd-ksKsZd-XxIAqe-OWXEXe-ZmdkE .VfPpkd-YVzG2b::before{opacity:.04;opacity:var(--mdc-ripple-hover-opacity,.04)}body.dm7YTc .FEsNhd.VfPpkd-ksKsZd-mWPk3d-OWXEXe-AHe6Kc-XpnDCe .VfPpkd-YVzG2b::before,body.dm7YTc .FEsNhd:not(.VfPpkd-ksKsZd-mWPk3d):focus .VfPpkd-YVzG2b::before{transition-duration:75ms;opacity:.12;opacity:var(--mdc-ripple-focus-opacity,.12)}body.dm7YTc .FEsNhd:not(.VfPpkd-ksKsZd-mWPk3d) .VfPpkd-YVzG2b::after{transition:opacity .15s linear}body.dm7YTc .FEsNhd:not(.VfPpkd-ksKsZd-mWPk3d):active .VfPpkd-YVzG2b::after{transition-duration:75ms;opacity:.1;opacity:var(--mdc-ripple-press-opacity,.1)}body.dm7YTc .FEsNhd.VfPpkd-ksKsZd-mWPk3d{--mdc-ripple-fg-opacity:var(--mdc-ripple-press-opacity,0.1)}body.dm7YTc .FEsNhd.VfPpkd-AznF2e-OWXEXe-auswjd:hover .VfPpkd-YVzG2b::before,body.dm7YTc .FEsNhd.VfPpkd-AznF2e-OWXEXe-auswjd.VfPpkd-ksKsZd-XxIAqe-OWXEXe-ZmdkE .VfPpkd-YVzG2b::before{opacity:.08;opacity:var(--mdc-ripple-hover-opacity,.08)}body.dm7YTc .FEsNhd.VfPpkd-AznF2e-OWXEXe-auswjd.VfPpkd-ksKsZd-mWPk3d-OWXEXe-AHe6Kc-XpnDCe .VfPpkd-YVzG2b::before,body.dm7YTc .FEsNhd.VfPpkd-AznF2e-OWXEXe-auswjd:not(.VfPpkd-ksKsZd-mWPk3d):focus .VfPpkd-YVzG2b::before{opacity:.24;opacity:var(--mdc-ripple-focus-opacity,.24)}body.dm7YTc .FEsNhd.VfPpkd-AznF2e-OWXEXe-auswjd:not(.VfPpkd-ksKsZd-mWPk3d):active .VfPpkd-YVzG2b::after{opacity:.24;opacity:var(--mdc-ripple-press-opacity,.24)}body.dm7YTc .FEsNhd.VfPpkd-AznF2e-OWXEXe-auswjd.VfPpkd-ksKsZd-mWPk3d{--mdc-ripple-fg-opacity:var(--mdc-ripple-press-opacity,0.24)}body.dm7YTc .FEsNhd.VfPpkd-AznF2e-OWXEXe-auswjd .VfPpkd-jY41G-V67aGc{color:rgb(138,180,248)}body.dm7YTc .FEsNhd.VfPpkd-AznF2e-OWXEXe-auswjd .VfPpkd-cfyjzb{color:rgb(138,180,248);fill:currentColor}body.dm7YTc .FEsNhd:hover.VfPpkd-AznF2e-OWXEXe-auswjd .VfPpkd-jY41G-V67aGc,body.dm7YTc .FEsNhd.VfPpkd-ksKsZd-mWPk3d-OWXEXe-AHe6Kc-XpnDCe.VfPpkd-AznF2e-OWXEXe-auswjd .VfPpkd-jY41G-V67aGc,body.dm7YTc .FEsNhd:not(.VfPpkd-ksKsZd-mWPk3d):focus.VfPpkd-AznF2e-OWXEXe-auswjd .VfPpkd-jY41G-V67aGc,body.dm7YTc .FEsNhd:active.VfPpkd-AznF2e-OWXEXe-auswjd .VfPpkd-jY41G-V67aGc{color:rgb(174,203,250)}body.dm7YTc .FEsNhd:hover.VfPpkd-AznF2e-OWXEXe-auswjd .VfPpkd-cfyjzb,body.dm7YTc .FEsNhd.VfPpkd-ksKsZd-mWPk3d-OWXEXe-AHe6Kc-XpnDCe.VfPpkd-AznF2e-OWXEXe-auswjd .VfPpkd-cfyjzb,body.dm7YTc .FEsNhd:not(.VfPpkd-ksKsZd-mWPk3d):focus.VfPpkd-AznF2e-OWXEXe-auswjd .VfPpkd-cfyjzb,body.dm7YTc .FEsNhd:active.VfPpkd-AznF2e-OWXEXe-auswjd .VfPpkd-cfyjzb{color:rgb(174,203,250);fill:currentColor}body.dm7YTc .FEsNhd:hover .VfPpkd-AznF2e-wEcVzc-OWXEXe-NowJzb,body.dm7YTc .FEsNhd.VfPpkd-ksKsZd-mWPk3d-OWXEXe-AHe6Kc-XpnDCe .VfPpkd-AznF2e-wEcVzc-OWXEXe-NowJzb,body.dm7YTc .FEsNhd:not(.VfPpkd-ksKsZd-mWPk3d):focus .VfPpkd-AznF2e-wEcVzc-OWXEXe-NowJzb,body.dm7YTc .FEsNhd:active .VfPpkd-AznF2e-wEcVzc-OWXEXe-NowJzb{border-color:rgb(174,203,250)}body.dm7YTc .FEsNhd.VfPpkd-AznF2e-OWXEXe-auswjd .VfPpkd-YVzG2b::before,body.dm7YTc .FEsNhd.VfPpkd-AznF2e-OWXEXe-auswjd .VfPpkd-YVzG2b::after{background-color:rgb(174,203,250);background-color:var(--mdc-ripple-color,rgb(174,203,250))}body.dm7YTc .FEsNhd.VfPpkd-AznF2e-OWXEXe-auswjd:hover .VfPpkd-YVzG2b::before,body.dm7YTc .FEsNhd.VfPpkd-AznF2e-OWXEXe-auswjd.VfPpkd-ksKsZd-XxIAqe-OWXEXe-ZmdkE .VfPpkd-YVzG2b::before{opacity:.04;opacity:var(--mdc-ripple-hover-opacity,.04)}body.dm7YTc .FEsNhd.VfPpkd-AznF2e-OWXEXe-auswjd.VfPpkd-ksKsZd-mWPk3d-OWXEXe-AHe6Kc-XpnDCe .VfPpkd-YVzG2b::before,body.dm7YTc .FEsNhd.VfPpkd-AznF2e-OWXEXe-auswjd:not(.VfPpkd-ksKsZd-mWPk3d):focus .VfPpkd-YVzG2b::before{transition-duration:75ms;opacity:.12;opacity:var(--mdc-ripple-focus-opacity,.12)}body.dm7YTc .FEsNhd.VfPpkd-AznF2e-OWXEXe-auswjd:not(.VfPpkd-ksKsZd-mWPk3d) .VfPpkd-YVzG2b::after{transition:opacity .15s linear}body.dm7YTc .FEsNhd.VfPpkd-AznF2e-OWXEXe-auswjd:not(.VfPpkd-ksKsZd-mWPk3d):active .VfPpkd-YVzG2b::after{transition-duration:75ms;opacity:.1;opacity:var(--mdc-ripple-press-opacity,.1)}body.dm7YTc .FEsNhd.VfPpkd-AznF2e-OWXEXe-auswjd.VfPpkd-ksKsZd-mWPk3d{--mdc-ripple-fg-opacity:var(--mdc-ripple-press-opacity,0.1)}body.dm7YTc .V0XHEd{font-family:"Google Sans",Roboto,Arial,sans-serif;line-height:1.25rem;font-size:.875rem;letter-spacing:.0178571429em;font-weight:500;padding-right:16px;padding-left:16px;text-transform:none;min-width:auto}body.dm7YTc .V0XHEd .VfPpkd-jY41G-V67aGc{color:rgb(154,160,166)}body.dm7YTc .V0XHEd .VfPpkd-cfyjzb{color:rgb(154,160,166);fill:currentColor}body.dm7YTc .V0XHEd:hover .VfPpkd-jY41G-V67aGc,body.dm7YTc .V0XHEd.VfPpkd-ksKsZd-mWPk3d-OWXEXe-AHe6Kc-XpnDCe .VfPpkd-jY41G-V67aGc,body.dm7YTc .V0XHEd:not(.VfPpkd-ksKsZd-mWPk3d):focus .VfPpkd-jY41G-V67aGc,body.dm7YTc .V0XHEd:active .VfPpkd-jY41G-V67aGc{color:rgb(232,234,237)}body.dm7YTc .V0XHEd:hover .VfPpkd-cfyjzb,body.dm7YTc .V0XHEd.VfPpkd-ksKsZd-mWPk3d-OWXEXe-AHe6Kc-XpnDCe .VfPpkd-cfyjzb,body.dm7YTc .V0XHEd:not(.VfPpkd-ksKsZd-mWPk3d):focus .VfPpkd-cfyjzb,body.dm7YTc .V0XHEd:active .VfPpkd-cfyjzb{color:rgb(232,234,237);fill:currentColor}body.dm7YTc .V0XHEd:hover .VfPpkd-YVzG2b::before,body.dm7YTc .V0XHEd.VfPpkd-ksKsZd-XxIAqe-OWXEXe-ZmdkE .VfPpkd-YVzG2b::before{opacity:.08;opacity:var(--mdc-ripple-hover-opacity,.08)}body.dm7YTc .V0XHEd.VfPpkd-ksKsZd-mWPk3d-OWXEXe-AHe6Kc-XpnDCe .VfPpkd-YVzG2b::before,body.dm7YTc .V0XHEd:not(.VfPpkd-ksKsZd-mWPk3d):focus .VfPpkd-YVzG2b::before{opacity:.24;opacity:var(--mdc-ripple-focus-opacity,.24)}body.dm7YTc .V0XHEd:not(.VfPpkd-ksKsZd-mWPk3d):active .VfPpkd-YVzG2b::after{opacity:.24;opacity:var(--mdc-ripple-press-opacity,.24)}body.dm7YTc .V0XHEd.VfPpkd-ksKsZd-mWPk3d{--mdc-ripple-fg-opacity:var(--mdc-ripple-press-opacity,0.24)}body.dm7YTc .V0XHEd.VfPpkd-AznF2e-OWXEXe-auswjd .VfPpkd-jY41G-V67aGc{color:rgb(232,234,237)}body.dm7YTc .V0XHEd.VfPpkd-AznF2e-OWXEXe-auswjd .VfPpkd-cfyjzb{color:rgb(232,234,237);fill:currentColor}body.dm7YTc .V0XHEd:hover .VfPpkd-AznF2e-wEcVzc-OWXEXe-NowJzb,body.dm7YTc .V0XHEd.VfPpkd-ksKsZd-mWPk3d-OWXEXe-AHe6Kc-XpnDCe .VfPpkd-AznF2e-wEcVzc-OWXEXe-NowJzb,body.dm7YTc .V0XHEd:not(.VfPpkd-ksKsZd-mWPk3d):focus .VfPpkd-AznF2e-wEcVzc-OWXEXe-NowJzb,body.dm7YTc .V0XHEd:active .VfPpkd-AznF2e-wEcVzc-OWXEXe-NowJzb{border-color:rgb(174,203,250)}body.dm7YTc .V0XHEd .VfPpkd-YVzG2b::before,body.dm7YTc .V0XHEd .VfPpkd-YVzG2b::after{background-color:rgb(232,234,237);background-color:var(--mdc-ripple-color,rgb(232,234,237))}body.dm7YTc .V0XHEd:hover .VfPpkd-YVzG2b::before,body.dm7YTc .V0XHEd.VfPpkd-ksKsZd-XxIAqe-OWXEXe-ZmdkE .VfPpkd-YVzG2b::before{opacity:.04;opacity:var(--mdc-ripple-hover-opacity,.04)}body.dm7YTc .V0XHEd.VfPpkd-ksKsZd-mWPk3d-OWXEXe-AHe6Kc-XpnDCe .VfPpkd-YVzG2b::before,body.dm7YTc .V0XHEd:not(.VfPpkd-ksKsZd-mWPk3d):focus .VfPpkd-YVzG2b::before{transition-duration:75ms;opacity:.12;opacity:var(--mdc-ripple-focus-opacity,.12)}body.dm7YTc .V0XHEd:not(.VfPpkd-ksKsZd-mWPk3d) .VfPpkd-YVzG2b::after{transition:opacity .15s linear}body.dm7YTc .V0XHEd:not(.VfPpkd-ksKsZd-mWPk3d):active .VfPpkd-YVzG2b::after{transition-duration:75ms;opacity:.1;opacity:var(--mdc-ripple-press-opacity,.1)}body.dm7YTc .V0XHEd.VfPpkd-ksKsZd-mWPk3d{--mdc-ripple-fg-opacity:var(--mdc-ripple-press-opacity,0.1)}body.dm7YTc .kte1hc .VfPpkd-AznF2e-wEcVzc-OWXEXe-NowJzb{border-color:rgb(138,180,248)}body.dm7YTc .kte1hc .VfPpkd-AznF2e-wEcVzc-OWXEXe-NowJzb{border-top-width:3px}body.dm7YTc .kte1hc .VfPpkd-AznF2e-wEcVzc-OWXEXe-NowJzb{border-top-left-radius:3px;border-top-right-radius:3px}body.dm7YTc .p4biwf .VfPpkd-AznF2e-wEcVzc-OWXEXe-NowJzb{border-color:rgb(138,180,248)}body.dm7YTc .gOPnwc:hover .VfPpkd-fmcmS-OyKIhb::before,body.dm7YTc .gOPnwc.VfPpkd-ksKsZd-XxIAqe-OWXEXe-ZmdkE .VfPpkd-fmcmS-OyKIhb::before{opacity:.08;opacity:var(--mdc-ripple-hover-opacity,.08)}body.dm7YTc .gOPnwc.VfPpkd-ksKsZd-mWPk3d-OWXEXe-AHe6Kc-XpnDCe .VfPpkd-fmcmS-OyKIhb::before,body.dm7YTc .gOPnwc:not(.VfPpkd-ksKsZd-mWPk3d):focus .VfPpkd-fmcmS-OyKIhb::before{transition-duration:75ms;opacity:0;opacity:var(--mdc-ripple-focus-opacity,0)}body.dm7YTc .gOPnwc .VfPpkd-fmcmS-OyKIhb::before,body.dm7YTc .gOPnwc .VfPpkd-fmcmS-OyKIhb::after{background-color:rgb(241,243,244);background-color:var(--mdc-ripple-color,rgb(241,243,244))}body.dm7YTc .gOPnwc:not(.VfPpkd-fmcmS-yrriRe-OWXEXe-OWB6Me) .VfPpkd-fmcmS-yrriRe-JZnCve-gmhCAd,body.dm7YTc .gOPnwc:not(.VfPpkd-fmcmS-yrriRe-OWXEXe-OWB6Me)+.VfPpkd-fmcmS-yrriRe-W0vJo-RWgCYc .VfPpkd-fmcmS-yrriRe-JZnCve-gmhCAd{color:rgb(154,160,166)}body.dm7YTc .gOPnwc .VfPpkd-fmcmS-wGMbrd{caret-color:rgb(138,180,248)}body.dm7YTc .gOPnwc:not(.VfPpkd-fmcmS-yrriRe-OWXEXe-OWB6Me) .VfPpkd-fmcmS-wGMbrd{color:rgb(232,234,237)}body.dm7YTc .gOPnwc:not(.VfPpkd-fmcmS-yrriRe-OWXEXe-OWB6Me){background-color:rgb(60,64,67)}body.dm7YTc .gOPnwc:not(.VfPpkd-fmcmS-yrriRe-OWXEXe-OWB6Me)+.VfPpkd-fmcmS-yrriRe-W0vJo-RWgCYc .VfPpkd-fmcmS-yrriRe-W0vJo-fmcmS{color:rgb(154,160,166)}body.dm7YTc .gOPnwc:not(.VfPpkd-fmcmS-yrriRe-OWXEXe-OWB6Me) .VfPpkd-NLUYnc-V67aGc{color:rgb(189,193,198)}body.dm7YTc .gOPnwc:hover:not(.VfPpkd-fmcmS-yrriRe-OWXEXe-OWB6Me) .VfPpkd-NLUYnc-V67aGc{color:rgb(248,249,250)}body.dm7YTc .gOPnwc:hover:not(.VfPpkd-fmcmS-yrriRe-OWXEXe-OWB6Me) .VfPpkd-RWgCYc-ksKsZd::before{border-bottom-color:rgb(248,249,250)}body.dm7YTc .gOPnwc:not(.VfPpkd-fmcmS-yrriRe-OWXEXe-OWB6Me) .VfPpkd-RWgCYc-ksKsZd::before{border-bottom-color:rgb(154,160,166)}body.dm7YTc .gOPnwc:not(.VfPpkd-fmcmS-yrriRe-OWXEXe-OWB6Me) .VfPpkd-RWgCYc-ksKsZd::after{border-bottom-color:rgb(138,180,248)}@media all{body.dm7YTc .gOPnwc:not(.VfPpkd-fmcmS-yrriRe-OWXEXe-OWB6Me) .VfPpkd-fmcmS-wGMbrd::-webkit-input-placeholder{color:rgb(189,193,198)}body.dm7YTc .gOPnwc:not(.VfPpkd-fmcmS-yrriRe-OWXEXe-OWB6Me) .VfPpkd-fmcmS-wGMbrd::placeholder{color:rgb(189,193,198)}}@media all{body.dm7YTc .gOPnwc:not(.VfPpkd-fmcmS-yrriRe-OWXEXe-OWB6Me) .VfPpkd-fmcmS-wGMbrd:-ms-input-placeholder{color:rgb(189,193,198)}}body.dm7YTc .gOPnwc:not(.VfPpkd-fmcmS-yrriRe-OWXEXe-OWB6Me) .VfPpkd-fmcmS-MvKemf-OWXEXe-qdIk2c{color:rgb(154,160,166)}body.dm7YTc .gOPnwc:not(.VfPpkd-fmcmS-yrriRe-OWXEXe-OWB6Me) .VfPpkd-fmcmS-MvKemf-OWXEXe-iJ4yB{color:rgb(154,160,166)}body.dm7YTc .gOPnwc:not(.VfPpkd-fmcmS-yrriRe-OWXEXe-OWB6Me) .VfPpkd-fmcmS-TvZj5c-OWXEXe-M1Soyc{color:rgb(154,160,166)}body.dm7YTc .gOPnwc:not(.VfPpkd-fmcmS-yrriRe-OWXEXe-OWB6Me) .VfPpkd-fmcmS-TvZj5c-OWXEXe-UbuQg{color:rgb(154,160,166)}body.dm7YTc .gOPnwc.VfPpkd-fmcmS-yrriRe-OWXEXe-OWB6Me .VfPpkd-fmcmS-wGMbrd{color:rgba(232,234,237,.38)}body.dm7YTc .gOPnwc.VfPpkd-fmcmS-yrriRe-OWXEXe-OWB6Me{background-color:rgba(232,234,237,.04)}body.dm7YTc .gOPnwc.VfPpkd-fmcmS-yrriRe-OWXEXe-OWB6Me .VfPpkd-RWgCYc-ksKsZd::before{border-bottom-color:rgba(232,234,237,.38)}body.dm7YTc .gOPnwc.VfPpkd-fmcmS-yrriRe-OWXEXe-OWB6Me .VfPpkd-NLUYnc-V67aGc{color:rgba(232,234,237,.38)}body.dm7YTc .gOPnwc.VfPpkd-fmcmS-yrriRe-OWXEXe-OWB6Me .VfPpkd-fmcmS-TvZj5c-OWXEXe-M1Soyc{color:rgba(232,234,237,.38)}body.dm7YTc .gOPnwc.VfPpkd-fmcmS-yrriRe-OWXEXe-OWB6Me .VfPpkd-fmcmS-TvZj5c-OWXEXe-UbuQg{color:rgba(232,234,237,.38)}body.dm7YTc .gOPnwc.VfPpkd-fmcmS-yrriRe-OWXEXe-OWB6Me+.VfPpkd-fmcmS-yrriRe-W0vJo-RWgCYc .VfPpkd-fmcmS-yrriRe-W0vJo-fmcmS{color:rgba(232,234,237,.38)}body.dm7YTc .gOPnwc.VfPpkd-fmcmS-yrriRe-OWXEXe-OWB6Me .VfPpkd-fmcmS-yrriRe-JZnCve-gmhCAd,body.dm7YTc .gOPnwc.VfPpkd-fmcmS-yrriRe-OWXEXe-OWB6Me+.VfPpkd-fmcmS-yrriRe-W0vJo-RWgCYc .VfPpkd-fmcmS-yrriRe-JZnCve-gmhCAd{color:rgba(232,234,237,.38)}@media all{body.dm7YTc .gOPnwc.VfPpkd-fmcmS-yrriRe-OWXEXe-OWB6Me .VfPpkd-fmcmS-wGMbrd::-webkit-input-placeholder{color:rgba(232,234,237,.38)}body.dm7YTc .gOPnwc.VfPpkd-fmcmS-yrriRe-OWXEXe-OWB6Me .VfPpkd-fmcmS-wGMbrd::placeholder{color:rgba(232,234,237,.38)}}@media all{body.dm7YTc .gOPnwc.VfPpkd-fmcmS-yrriRe-OWXEXe-OWB6Me .VfPpkd-fmcmS-wGMbrd:-ms-input-placeholder{color:rgba(232,234,237,.38)}}body.dm7YTc .gOPnwc.VfPpkd-fmcmS-yrriRe-OWXEXe-OWB6Me .VfPpkd-fmcmS-MvKemf-OWXEXe-qdIk2c{color:rgba(232,234,237,.38)}body.dm7YTc .gOPnwc.VfPpkd-fmcmS-yrriRe-OWXEXe-OWB6Me .VfPpkd-fmcmS-MvKemf-OWXEXe-iJ4yB{color:rgba(232,234,237,.38)}body.dm7YTc .gOPnwc.VfPpkd-fmcmS-yrriRe-OWXEXe-XpnDCe:not(.VfPpkd-fmcmS-yrriRe-OWXEXe-OWB6Me) .VfPpkd-NLUYnc-V67aGc{color:rgb(138,180,248)}body.dm7YTc .gOPnwc.VfPpkd-fmcmS-yrriRe-OWXEXe-UJflGc .VfPpkd-fmcmS-wGMbrd{caret-color:rgb(246,174,169)}body.dm7YTc .gOPnwc.VfPpkd-fmcmS-yrriRe-OWXEXe-UJflGc:not(.VfPpkd-fmcmS-yrriRe-OWXEXe-OWB6Me)+.VfPpkd-fmcmS-yrriRe-W0vJo-RWgCYc .VfPpkd-fmcmS-yrriRe-W0vJo-fmcmS{color:rgb(242,139,130)}body.dm7YTc .gOPnwc.VfPpkd-fmcmS-yrriRe-OWXEXe-UJflGc:not(.VfPpkd-fmcmS-yrriRe-OWXEXe-OWB6Me) .VfPpkd-fmcmS-TvZj5c-OWXEXe-UbuQg{color:rgb(242,139,130)}body.dm7YTc .gOPnwc.VfPpkd-fmcmS-yrriRe-OWXEXe-UJflGc:not(.VfPpkd-fmcmS-yrriRe-OWXEXe-OWB6Me) .VfPpkd-RWgCYc-ksKsZd::before{border-bottom-color:rgb(246,174,169)}body.dm7YTc .gOPnwc.VfPpkd-fmcmS-yrriRe-OWXEXe-UJflGc:not(.VfPpkd-fmcmS-yrriRe-OWXEXe-OWB6Me) .VfPpkd-RWgCYc-ksKsZd::after{border-bottom-color:rgb(246,174,169)}body.dm7YTc .gOPnwc.VfPpkd-fmcmS-yrriRe-OWXEXe-UJflGc:hover:not(.VfPpkd-fmcmS-yrriRe-OWXEXe-XpnDCe):not(.VfPpkd-fmcmS-yrriRe-OWXEXe-OWB6Me) .VfPpkd-NLUYnc-V67aGc{color:rgb(246,174,169)}body.dm7YTc .gOPnwc.VfPpkd-fmcmS-yrriRe-OWXEXe-UJflGc:hover:not(.VfPpkd-fmcmS-yrriRe-OWXEXe-XpnDCe):not(.VfPpkd-fmcmS-yrriRe-OWXEXe-OWB6Me)+.VfPpkd-fmcmS-yrriRe-W0vJo-RWgCYc .VfPpkd-fmcmS-yrriRe-W0vJo-fmcmS{color:rgb(246,174,169)}body.dm7YTc .gOPnwc.VfPpkd-fmcmS-yrriRe-OWXEXe-UJflGc:hover:not(.VfPpkd-fmcmS-yrriRe-OWXEXe-XpnDCe):not(.VfPpkd-fmcmS-yrriRe-OWXEXe-OWB6Me) .VfPpkd-fmcmS-TvZj5c-OWXEXe-UbuQg{color:rgb(246,174,169)}body.dm7YTc .gOPnwc.VfPpkd-fmcmS-yrriRe-OWXEXe-UJflGc:hover:not(.VfPpkd-fmcmS-yrriRe-OWXEXe-XpnDCe):not(.VfPpkd-fmcmS-yrriRe-OWXEXe-OWB6Me) .VfPpkd-RWgCYc-ksKsZd::before{border-bottom-color:rgb(246,174,169)}body.dm7YTc .gOPnwc.VfPpkd-fmcmS-yrriRe-OWXEXe-XpnDCe .VfPpkd-NLUYnc-V67aGc{color:rgb(138,180,248)}body.dm7YTc .gOPnwc.VfPpkd-fmcmS-yrriRe-OWXEXe-UJflGc:not(.VfPpkd-fmcmS-yrriRe-OWXEXe-OWB6Me) .VfPpkd-NLUYnc-V67aGc{color:rgb(246,174,169)}body.dm7YTc .orScbe:not(.VfPpkd-fmcmS-yrriRe-OWXEXe-OWB6Me) .VfPpkd-fmcmS-wGMbrd{color:rgb(232,234,237);color:var(--gm-outlinedtextfield-ink-color,rgb(232,234,237))}body.dm7YTc .orScbe .VfPpkd-fmcmS-wGMbrd{caret-color:rgb(138,180,248);caret-color:var(--gm-outlinedtextfield-caret-color,rgb(138,180,248))}body.dm7YTc .orScbe:not(.VfPpkd-fmcmS-yrriRe-OWXEXe-OWB6Me)+.VfPpkd-fmcmS-yrriRe-W0vJo-RWgCYc .VfPpkd-fmcmS-yrriRe-W0vJo-fmcmS{color:rgb(154,160,166);color:var(--gm-outlinedtextfield-helper-text-color,rgb(154,160,166))}body.dm7YTc .orScbe:not(.VfPpkd-fmcmS-yrriRe-OWXEXe-OWB6Me) .VfPpkd-fmcmS-yrriRe-JZnCve-gmhCAd,body.dm7YTc .orScbe:not(.VfPpkd-fmcmS-yrriRe-OWXEXe-OWB6Me)+.VfPpkd-fmcmS-yrriRe-W0vJo-RWgCYc .VfPpkd-fmcmS-yrriRe-JZnCve-gmhCAd{color:rgb(154,160,166)}body.dm7YTc .orScbe:not(.VfPpkd-fmcmS-yrriRe-OWXEXe-OWB6Me) .VfPpkd-NLUYnc-V67aGc{color:rgb(154,160,166);color:var(--gm-outlinedtextfield-label-color,rgb(154,160,166))}body.dm7YTc .orScbe:hover:not(.VfPpkd-fmcmS-yrriRe-OWXEXe-OWB6Me) .VfPpkd-NLUYnc-V67aGc{color:rgb(248,249,250)}body.dm7YTc .orScbe:not(.VfPpkd-fmcmS-yrriRe-OWXEXe-OWB6Me) .VfPpkd-NSFCdd-Brv4Fb,body.dm7YTc .orScbe:not(.VfPpkd-fmcmS-yrriRe-OWXEXe-OWB6Me) .VfPpkd-NSFCdd-Ra9xwd,body.dm7YTc .orScbe:not(.VfPpkd-fmcmS-yrriRe-OWXEXe-OWB6Me) .VfPpkd-NSFCdd-MpmGFe{border-color:rgb(189,193,198);border-color:var(--gm-outlinedtextfield-outline-color,rgb(189,193,198))}body.dm7YTc .orScbe:not(.VfPpkd-fmcmS-yrriRe-OWXEXe-OWB6Me):not(.VfPpkd-fmcmS-yrriRe-OWXEXe-XpnDCe):hover .VfPpkd-NSFCdd-i5vt6e .VfPpkd-NSFCdd-Brv4Fb,body.dm7YTc .orScbe:not(.VfPpkd-fmcmS-yrriRe-OWXEXe-OWB6Me):not(.VfPpkd-fmcmS-yrriRe-OWXEXe-XpnDCe):hover .VfPpkd-NSFCdd-i5vt6e .VfPpkd-NSFCdd-Ra9xwd,body.dm7YTc .orScbe:not(.VfPpkd-fmcmS-yrriRe-OWXEXe-OWB6Me):not(.VfPpkd-fmcmS-yrriRe-OWXEXe-XpnDCe):hover .VfPpkd-NSFCdd-i5vt6e .VfPpkd-NSFCdd-MpmGFe{border-color:rgb(248,249,250)}@media all{body.dm7YTc .orScbe:not(.VfPpkd-fmcmS-yrriRe-OWXEXe-OWB6Me) .VfPpkd-fmcmS-wGMbrd::-webkit-input-placeholder{color:rgb(189,193,198);color:var(--gm-outlinedtextfield-placeholder-color,rgb(189,193,198))}body.dm7YTc .orScbe:not(.VfPpkd-fmcmS-yrriRe-OWXEXe-OWB6Me) .VfPpkd-fmcmS-wGMbrd::placeholder{color:rgb(189,193,198);color:var(--gm-outlinedtextfield-placeholder-color,rgb(189,193,198))}}@media all{body.dm7YTc .orScbe:not(.VfPpkd-fmcmS-yrriRe-OWXEXe-OWB6Me) .VfPpkd-fmcmS-wGMbrd:-ms-input-placeholder{color:rgb(189,193,198);color:var(--gm-outlinedtextfield-placeholder-color,rgb(189,193,198))}}body.dm7YTc .orScbe:not(.VfPpkd-fmcmS-yrriRe-OWXEXe-OWB6Me) .VfPpkd-fmcmS-MvKemf-OWXEXe-qdIk2c{color:rgb(154,160,166);color:var(--gm-outlinedtextfield-prefix-color,rgb(154,160,166))}body.dm7YTc .orScbe:not(.VfPpkd-fmcmS-yrriRe-OWXEXe-OWB6Me) .VfPpkd-fmcmS-MvKemf-OWXEXe-iJ4yB{color:rgb(154,160,166);color:var(--gm-outlinedtextfield-suffix-color,rgb(154,160,166))}body.dm7YTc .orScbe:not(.VfPpkd-fmcmS-yrriRe-OWXEXe-OWB6Me) .VfPpkd-fmcmS-TvZj5c-OWXEXe-M1Soyc{color:rgb(154,160,166)}body.dm7YTc .orScbe:not(.VfPpkd-fmcmS-yrriRe-OWXEXe-OWB6Me) .VfPpkd-fmcmS-TvZj5c-OWXEXe-UbuQg{color:rgb(154,160,166)}body.dm7YTc .orScbe.VfPpkd-fmcmS-yrriRe-OWXEXe-OWB6Me .VfPpkd-fmcmS-wGMbrd{color:rgba(232,234,237,.38);color:var(--gm-outlinedtextfield-ink-color--disabled,rgba(232,234,237,.38))}body.dm7YTc .orScbe.VfPpkd-fmcmS-yrriRe-OWXEXe-OWB6Me .VfPpkd-NSFCdd-Brv4Fb,body.dm7YTc .orScbe.VfPpkd-fmcmS-yrriRe-OWXEXe-OWB6Me .VfPpkd-NSFCdd-Ra9xwd,body.dm7YTc .orScbe.VfPpkd-fmcmS-yrriRe-OWXEXe-OWB6Me .VfPpkd-NSFCdd-MpmGFe{border-color:rgba(232,234,237,.12);border-color:var(--gm-outlinedtextfield-outline-color--disabled,rgba(232,234,237,.12))}body.dm7YTc .orScbe.VfPpkd-fmcmS-yrriRe-OWXEXe-OWB6Me .VfPpkd-NLUYnc-V67aGc{color:rgba(232,234,237,.38);color:var(--gm-outlinedtextfield-label-color--disabled,rgba(232,234,237,.38))}body.dm7YTc .orScbe.VfPpkd-fmcmS-yrriRe-OWXEXe-OWB6Me .VfPpkd-fmcmS-TvZj5c-OWXEXe-M1Soyc{color:rgba(232,234,237,.38);color:var(--gm-outlinedtextfield-icon-color--disabled,rgba(232,234,237,.38))}body.dm7YTc .orScbe.VfPpkd-fmcmS-yrriRe-OWXEXe-OWB6Me .VfPpkd-fmcmS-TvZj5c-OWXEXe-UbuQg{color:rgba(232,234,237,.38);color:var(--gm-outlinedtextfield-icon-color--disabled,rgba(232,234,237,.38))}body.dm7YTc .orScbe.VfPpkd-fmcmS-yrriRe-OWXEXe-OWB6Me+.VfPpkd-fmcmS-yrriRe-W0vJo-RWgCYc .VfPpkd-fmcmS-yrriRe-W0vJo-fmcmS{color:rgba(232,234,237,.38);color:var(--gm-outlinedtextfield-helper-text-color--disabled,rgba(232,234,237,.38))}body.dm7YTc .orScbe.VfPpkd-fmcmS-yrriRe-OWXEXe-OWB6Me .VfPpkd-fmcmS-yrriRe-JZnCve-gmhCAd,body.dm7YTc .orScbe.VfPpkd-fmcmS-yrriRe-OWXEXe-OWB6Me+.VfPpkd-fmcmS-yrriRe-W0vJo-RWgCYc .VfPpkd-fmcmS-yrriRe-JZnCve-gmhCAd{color:rgba(232,234,237,.38);color:var(--gm-outlinedtextfield-character-counter-color--disabled,rgba(232,234,237,.38))}@media all{body.dm7YTc .orScbe.VfPpkd-fmcmS-yrriRe-OWXEXe-OWB6Me .VfPpkd-fmcmS-wGMbrd::-webkit-input-placeholder{color:rgba(232,234,237,.38);color:var(--gm-outlinedtextfield-placeholder-color--disabled,rgba(232,234,237,.38))}body.dm7YTc .orScbe.VfPpkd-fmcmS-yrriRe-OWXEXe-OWB6Me .VfPpkd-fmcmS-wGMbrd::placeholder{color:rgba(232,234,237,.38);color:var(--gm-outlinedtextfield-placeholder-color--disabled,rgba(232,234,237,.38))}}@media all{body.dm7YTc .orScbe.VfPpkd-fmcmS-yrriRe-OWXEXe-OWB6Me .VfPpkd-fmcmS-wGMbrd:-ms-input-placeholder{color:rgba(232,234,237,.38);color:var(--gm-outlinedtextfield-placeholder-color--disabled,rgba(232,234,237,.38))}}body.dm7YTc .orScbe.VfPpkd-fmcmS-yrriRe-OWXEXe-OWB6Me .VfPpkd-fmcmS-MvKemf-OWXEXe-qdIk2c{color:rgba(232,234,237,.38);color:var(--gm-outlinedtextfield-prefix-color--disabled,rgba(232,234,237,.38))}body.dm7YTc .orScbe.VfPpkd-fmcmS-yrriRe-OWXEXe-OWB6Me .VfPpkd-fmcmS-MvKemf-OWXEXe-iJ4yB{color:rgba(232,234,237,.38);color:var(--gm-outlinedtextfield-suffix-color--disabled,rgba(232,234,237,.38))}body.dm7YTc .orScbe.VfPpkd-fmcmS-yrriRe-OWXEXe-XpnDCe:not(.VfPpkd-fmcmS-yrriRe-OWXEXe-OWB6Me) .VfPpkd-NSFCdd-Brv4Fb,body.dm7YTc .orScbe.VfPpkd-fmcmS-yrriRe-OWXEXe-XpnDCe:not(.VfPpkd-fmcmS-yrriRe-OWXEXe-OWB6Me) .VfPpkd-NSFCdd-Ra9xwd,body.dm7YTc .orScbe.VfPpkd-fmcmS-yrriRe-OWXEXe-XpnDCe:not(.VfPpkd-fmcmS-yrriRe-OWXEXe-OWB6Me) .VfPpkd-NSFCdd-MpmGFe{border-color:rgb(138,180,248);border-color:var(--gm-outlinedtextfield-outline-color--stateful,rgb(138,180,248))}body.dm7YTc .orScbe.VfPpkd-fmcmS-yrriRe-OWXEXe-XpnDCe:not(.VfPpkd-fmcmS-yrriRe-OWXEXe-OWB6Me) .VfPpkd-NLUYnc-V67aGc{color:rgb(138,180,248);color:var(--gm-outlinedtextfield-label-color--stateful,rgb(138,180,248))}body.dm7YTc .orScbe.VfPpkd-fmcmS-yrriRe-OWXEXe-UJflGc .VfPpkd-fmcmS-wGMbrd{caret-color:rgb(242,139,130);caret-color:var(--gm-outlinedtextfield-caret-color--error,rgb(242,139,130))}body.dm7YTc .orScbe.VfPpkd-fmcmS-yrriRe-OWXEXe-UJflGc:not(.VfPpkd-fmcmS-yrriRe-OWXEXe-OWB6Me)+.VfPpkd-fmcmS-yrriRe-W0vJo-RWgCYc .VfPpkd-fmcmS-yrriRe-W0vJo-fmcmS{color:rgb(242,139,130);color:var(--gm-outlinedtextfield-helper-text-color--error,rgb(242,139,130))}body.dm7YTc .orScbe.VfPpkd-fmcmS-yrriRe-OWXEXe-UJflGc:hover:not(.VfPpkd-fmcmS-yrriRe-OWXEXe-XpnDCe):not(.VfPpkd-fmcmS-yrriRe-OWXEXe-OWB6Me)+.VfPpkd-fmcmS-yrriRe-W0vJo-RWgCYc .VfPpkd-fmcmS-yrriRe-W0vJo-fmcmS{color:rgb(246,174,169)}body.dm7YTc .orScbe.VfPpkd-fmcmS-yrriRe-OWXEXe-UJflGc:hover:not(.VfPpkd-fmcmS-yrriRe-OWXEXe-XpnDCe):not(.VfPpkd-fmcmS-yrriRe-OWXEXe-OWB6Me) .VfPpkd-NLUYnc-V67aGc{color:rgb(246,174,169)}body.dm7YTc .orScbe.VfPpkd-fmcmS-yrriRe-OWXEXe-UJflGc:hover:not(.VfPpkd-fmcmS-yrriRe-OWXEXe-XpnDCe):not(.VfPpkd-fmcmS-yrriRe-OWXEXe-OWB6Me) .VfPpkd-fmcmS-TvZj5c-OWXEXe-UbuQg{color:rgb(246,174,169)}body.dm7YTc .orScbe.VfPpkd-fmcmS-yrriRe-OWXEXe-UJflGc:not(.VfPpkd-fmcmS-yrriRe-OWXEXe-OWB6Me):not(.VfPpkd-fmcmS-yrriRe-OWXEXe-XpnDCe):hover .VfPpkd-NSFCdd-i5vt6e .VfPpkd-NSFCdd-Brv4Fb,body.dm7YTc .orScbe.VfPpkd-fmcmS-yrriRe-OWXEXe-UJflGc:not(.VfPpkd-fmcmS-yrriRe-OWXEXe-OWB6Me):not(.VfPpkd-fmcmS-yrriRe-OWXEXe-XpnDCe):hover .VfPpkd-NSFCdd-i5vt6e .VfPpkd-NSFCdd-Ra9xwd,body.dm7YTc .orScbe.VfPpkd-fmcmS-yrriRe-OWXEXe-UJflGc:not(.VfPpkd-fmcmS-yrriRe-OWXEXe-OWB6Me):not(.VfPpkd-fmcmS-yrriRe-OWXEXe-XpnDCe):hover .VfPpkd-NSFCdd-i5vt6e .VfPpkd-NSFCdd-MpmGFe{border-color:rgb(246,174,169)}body.dm7YTc .orScbe.VfPpkd-fmcmS-yrriRe-OWXEXe-UJflGc:not(.VfPpkd-fmcmS-yrriRe-OWXEXe-OWB6Me) .VfPpkd-NSFCdd-Brv4Fb,body.dm7YTc .orScbe.VfPpkd-fmcmS-yrriRe-OWXEXe-UJflGc:not(.VfPpkd-fmcmS-yrriRe-OWXEXe-OWB6Me) .VfPpkd-NSFCdd-Ra9xwd,body.dm7YTc .orScbe.VfPpkd-fmcmS-yrriRe-OWXEXe-UJflGc:not(.VfPpkd-fmcmS-yrriRe-OWXEXe-OWB6Me) .VfPpkd-NSFCdd-MpmGFe{border-color:rgb(242,139,130);border-color:var(--gm-outlinedtextfield-outline-color--error,rgb(242,139,130))}body.dm7YTc .orScbe.VfPpkd-fmcmS-yrriRe-OWXEXe-UJflGc:not(.VfPpkd-fmcmS-yrriRe-OWXEXe-OWB6Me) .VfPpkd-fmcmS-TvZj5c-OWXEXe-UbuQg{color:rgb(242,139,130);color:var(--gm-outlinedtextfield-icon-color--error,rgb(242,139,130))}body.dm7YTc .orScbe.VfPpkd-fmcmS-yrriRe-OWXEXe-UJflGc.VfPpkd-fmcmS-yrriRe-OWXEXe-XpnDCe:not(.VfPpkd-fmcmS-yrriRe-OWXEXe-OWB6Me) .VfPpkd-NSFCdd-Brv4Fb,body.dm7YTc .orScbe.VfPpkd-fmcmS-yrriRe-OWXEXe-UJflGc.VfPpkd-fmcmS-yrriRe-OWXEXe-XpnDCe:not(.VfPpkd-fmcmS-yrriRe-OWXEXe-OWB6Me) .VfPpkd-NSFCdd-Ra9xwd,body.dm7YTc .orScbe.VfPpkd-fmcmS-yrriRe-OWXEXe-UJflGc.VfPpkd-fmcmS-yrriRe-OWXEXe-XpnDCe:not(.VfPpkd-fmcmS-yrriRe-OWXEXe-OWB6Me) .VfPpkd-NSFCdd-MpmGFe{border-color:rgb(242,139,130);border-color:var(--gm-outlinedtextfield-outline-color--error-stateful,rgb(242,139,130))}body.dm7YTc .orScbe.VfPpkd-fmcmS-yrriRe-OWXEXe-XpnDCe .VfPpkd-NLUYnc-V67aGc{color:rgb(138,180,248);color:var(--gm-outlinedtextfield-label-color--stateful,rgb(138,180,248))}body.dm7YTc .orScbe.VfPpkd-fmcmS-yrriRe-OWXEXe-UJflGc:not(.VfPpkd-fmcmS-yrriRe-OWXEXe-OWB6Me) .VfPpkd-NLUYnc-V67aGc{color:rgb(242,139,130);color:var(--gm-outlinedtextfield-label-color--error,rgb(242,139,130))}body.dm7YTc .TA5ace .VfPpkd-z59Tgd{background-color:rgb(60,64,67)}body.dm7YTc .TA5ace .VfPpkd-z59Tgd{color:rgb(232,234,237)}body.dm7YTc .TA5ace .VfPpkd-MlC99b{color:rgb(232,234,237)}body.dm7YTc .TA5ace .VfPpkd-IqDDtd{color:rgb(232,234,237)}body.dm7YTc .TA5ace .VfPpkd-IqDDtd-hSRGPd{color:rgb(138,180,248)}body.dm7YTc .TA5ace.VfPpkd-suEOdc-OWXEXe-nzrxxc .VfPpkd-z59Tgd{background-color:rgb(32,33,36)}body.dm7YTc .TA5ace.VfPpkd-suEOdc-OWXEXe-nzrxxc .VfPpkd-Djsh7e-XxIAqe-ma6Yeb,body.dm7YTc .TA5ace.VfPpkd-suEOdc-OWXEXe-nzrxxc .VfPpkd-Djsh7e-XxIAqe-cGMI2b{background-color:rgb(32,33,36)}body.dm7YTc .TA5ace.VfPpkd-suEOdc-OWXEXe-nzrxxc .VfPpkd-MlC99b{font-family:"Google Sans",Roboto,Arial,sans-serif;line-height:1.25rem;font-size:.875rem;letter-spacing:.0178571429em;font-weight:500}body.dm7YTc .TA5ace.VfPpkd-suEOdc-OWXEXe-nzrxxc .VfPpkd-z59Tgd{border-radius:8px}body.dm7YTc .TA5ace.VfPpkd-suEOdc-OWXEXe-nzrxxc .VfPpkd-z59Tgd,body.dm7YTc .TA5ace.VfPpkd-suEOdc-OWXEXe-nzrxxc .VfPpkd-Djsh7e-XxIAqe-cGMI2b{border-width:0;box-shadow:0 1px 2px 0 rgba(0,0,0,.3),0 2px 6px 2px rgba(0,0,0,.15)}body.dm7YTc .TA5ace.VfPpkd-suEOdc-OWXEXe-nzrxxc .VfPpkd-z59Tgd .VfPpkd-BFbNVe-bF1uUb,body.dm7YTc .TA5ace.VfPpkd-suEOdc-OWXEXe-nzrxxc .VfPpkd-Djsh7e-XxIAqe-cGMI2b .VfPpkd-BFbNVe-bF1uUb{opacity:.08}body.dm7YTc .TA5ace.VfPpkd-suEOdc-OWXEXe-nzrxxc .VfPpkd-Djsh7e-XxIAqe-ma6Yeb .VfPpkd-BFbNVe-bF1uUb{opacity:.08}.ZK1TN{user-select:none}.VM5tKe.Au3bp{position:relative}.VM5tKe.Au3bp::after{content:"";position:absolute;left:0;width:100%;background:#e3e3e3;height:1px;bottom:-1px}.dm7YTc .VM5tKe.Au3bp::after{background:#474747}.a58Etf.aBARIc{z-index:99999}.a58Etf.aBARIc.Au3bp{margin:16px;min-width:fit-content}.a58Etf.aBARIc.Au3bp .VfPpkd-IkaYrd{min-height:48px}.a58Etf.aBARIc.Au3bp .VfPpkd-TolmDb{box-sizing:content-box}.IwhKyf .pGxpHc [role=banner]{background:transparent!important}.KAaeGc .VjFXz{position:fixed;top:0;left:0;z-index:1;width:100%;pointer-events:none}.KAaeGc.IwhKyf.tVdlkf .VjFXz{background:var(--gn-c-ogb-background);opacity:0;transition:opacity .5s ease-in-out}.KAaeGc.IwhKyf.tVdlkf.CWVNI .VjFXz{opacity:.9}body.dm7YTc .glbvKf{position:fixed;top:0;right:0;z-index:1000;background:rgb(32,33,36);width:100%;height:64px}@media screen and (max-width:600px){body.dm7YTc .glbvKf{height:56px}}body.dm7YTc.hZmmCc .glbvKf{display:none}@media (min-width:600px){html.GFOF5{max-width:600px;contain:content;background:#28303d;max-height:960px;height:calc(100vh - 64px);margin:32px auto;box-shadow:0 10px 25px rgba(0,0,0,.66)}html.GFOF5>body{min-height:100%!important}}html,body{overflow:visible}body{overflow-y:scroll}.SSPGKf{position:relative;min-height:100%}.zQTmif{height:auto}.SSPGKf.BIIBbc{height:100%;overflow:hidden}.T4LgNb{min-height:100%;height:auto;position:relative}.T4LgNb.eejsDc{min-height:100%;overflow-y:hidden;-webkit-overflow-scrolling:auto}.VjFXz{height:56px}@media (min-width:600px){.VjFXz{height:64px}}#gb{position:fixed;left:0;right:0}.uirfo #gb{position:relative}.uirfo .VjFXz{height:0}.uirfo .SSPGKf,.SSPGKf.gxXH2e{min-height:calc(100vh - 56px);height:auto}@media (min-width:600px){.uirfo .SSPGKf,.SSPGKf.gxXH2e{min-height:calc(100vh - 64px);height:auto}}body.dm7YTc .glbvKf{height:112px}.VjFXz{height:112px}@media screen and (max-width:600px){body.dm7YTc .glbvKf{height:104px}.VjFXz{height:104px}}body.dm7YTc.hZmmCc .glbvKf{display:none}c-wiz{contain:style}c-wiz>c-data{display:none}c-wiz.rETSD{contain:none}c-wiz.Ubi8Z{contain:layout style}.mltymb{position:relative;color:currentColor;margin:1rem .5rem;font-weight:bold;font-size:1.2rem;font-family:"Roboto",sans-serif;padding:.5rem .6rem}.mltymb::before{content:"";position:absolute;inset:0;background:currentColor;opacity:.15;pointer-events:none}.FAlDff{margin:2.25rem 0 0 3rem;font-size:1rem;font-family:"Roboto",sans-serif}.NtBr3b{margin-bottom:1rem}.y0K44d.EA71Tc{font-family:"Google Sans Text","Roboto",sans-serif}@media (prefers-color-scheme:dark){.y0K44d{background-color:#202124;color:#fff}.y0K44d a{color:#8ab4f8}.y0K44d.EA71Tc{background-color:#292a2d}}sentinel{}</style><script nonce="B7F0WpNc-GfdrHLZZLfAyw">onCssLoad();</script><style data-font-stylesheet nonce="OUSffbBJjhA5_wJCg2aB6Q">@font-face{font-family:'Roboto';font-style:normal;font-weight:400;src:url(https://fonts.gstatic.com/s/roboto/v18/KFOmCnqEu92Fr1Mu72xKOzY.woff2)format('woff2');unicode-range:U+0460-052F,U+1C80-1C8A,U+20B4,U+2DE0-2DFF,U+A640-A69F,U+FE2E-FE2F;}@font-face{font-family:'Roboto';font-style:normal;font-weight:400;src:url(https://fonts.gstatic.com/s/roboto/v18/KFOmCnqEu92Fr1Mu5mxKOzY.woff2)format('woff2');unicode-range:U+0301,U+0400-045F,U+0490-0491,U+04B0-04B1,U+2116;}@font-face{font-family:'Roboto';font-style:normal;font-weight:400;src:url(https://fonts.gstatic.com/s/roboto/v18/KFOmCnqEu92Fr1Mu7mxKOzY.woff2)format('woff2');unicode-range:U+1F00-1FFF;}@font-face{font-family:'Roboto';font-style:normal;font-weight:400;src:url(https://fonts.gstatic.com/s/roboto/v18/KFOmCnqEu92Fr1Mu4WxKOzY.woff2)format('woff2');unicode-range:U+0370-0377,U+037A-037F,U+0384-038A,U+038C,U+038E-03A1,U+03A3-03FF;}@font-face{font-family:'Roboto';font-style:normal;font-weight:400;src:url(https://fonts.gstatic.com/s/roboto/v18/KFOmCnqEu92Fr1Mu7WxKOzY.woff2)format('woff2');unicode-range:U+0102-0103,U+0110-0111,U+0128-0129,U+0168-0169,U+01A0-01A1,U+01AF-01B0,U+0300-0301,U+0303-0304,U+0308-0309,U+0323,U+0329,U+1EA0-1EF9,U+20AB;}@font-face{font-family:'Roboto';font-style:normal;font-weight:400;src:url(https://fonts.gstatic.com/s/roboto/v18/KFOmCnqEu92Fr1Mu7GxKOzY.woff2)format('woff2');unicode-range:U+0100-02BA,U+02BD-02C5,U+02C7-02CC,U+02CE-02D7,U+02DD-02FF,U+0304,U+0308,U+0329,U+1D00-1DBF,U+1E00-1E9F,U+1EF2-1EFF,U+2020,U+20A0-20AB,U+20AD-20C0,U+2113,U+2C60-2C7F,U+A720-A7FF;}@font-face{font-family:'Roboto';font-style:normal;font-weight:400;src:url(https://fonts.gstatic.com/s/roboto/v18/KFOmCnqEu92Fr1Mu4mxK.woff2)format('woff2');unicode-range:U+0000-00FF,U+0131,U+0152-0153,U+02BB-02BC,U+02C6,U+02DA,U+02DC,U+0304,U+0308,U+0329,U+2000-206F,U+20AC,U+2122,U+2191,U+2193,U+2212,U+2215,U+FEFF,U+FFFD;}@font-face{font-family:'Roboto';font-style:normal;font-weight:500;src:url(https://fonts.gstatic.com/s/roboto/v18/KFOlCnqEu92Fr1MmEU9fCRc4EsA.woff2)format('woff2');unicode-range:U+0460-052F,U+1C80-1C8A,U+20B4,U+2DE0-2DFF,U+A640-A69F,U+FE2E-FE2F;}@font-face{font-family:'Roboto';font-style:normal;font-weight:500;src:url(https://fonts.gstatic.com/s/roboto/v18/KFOlCnqEu92Fr1MmEU9fABc4EsA.woff2)format('woff2');unicode-range:U+0301,U+0400-045F,U+0490-0491,U+04B0-04B1,U+2116;}@font-face{font-family:'Roboto';font-style:normal;font-weight:500;src:url(https://fonts.gstatic.com/s/roboto/v18/KFOlCnqEu92Fr1MmEU9fCBc4EsA.woff2)format('woff2');unicode-range:U+1F00-1FFF;}@font-face{font-family:'Roboto';font-style:normal;font-weight:500;src:url(https://fonts.gstatic.com/s/roboto/v18/KFOlCnqEu92Fr1MmEU9fBxc4EsA.woff2)format('woff2');unicode-range:U+0370-0377,U+037A-037F,U+0384-038A,U+038C,U+038E-03A1,U+03A3-03FF;}@font-face{font-family:'Roboto';font-style:normal;font-weight:500;src:url(https://fonts.gstatic.com/s/roboto/v18/KFOlCnqEu92Fr1MmEU9fCxc4EsA.woff2)format('woff2');unicode-range:U+0102-0103,U+0110-0111,U+0128-0129,U+0168-0169,U+01A0-01A1,U+01AF-01B0,U+0300-0301,U+0303-0304,U+0308-0309,U+0323,U+0329,U+1EA0-1EF9,U+20AB;}@font-face{font-family:'Roboto';font-style:normal;font-weight:500;src:url(https://fonts.gstatic.com/s/roboto/v18/KFOlCnqEu92Fr1MmEU9fChc4EsA.woff2)format('woff2');unicode-range:U+0100-02BA,U+02BD-02C5,U+02C7-02CC,U+02CE-02D7,U+02DD-02FF,U+0304,U+0308,U+0329,U+1D00-1DBF,U+1E00-1E9F,U+1EF2-1EFF,U+2020,U+20A0-20AB,U+20AD-20C0,U+2113,U+2C60-2C7F,U+A720-A7FF;}@font-face{font-family:'Roboto';font-style:normal;font-weight:500;src:url(https://fonts.gstatic.com/s/roboto/v18/KFOlCnqEu92Fr1MmEU9fBBc4.woff2)format('woff2');unicode-range:U+0000-00FF,U+0131,U+0152-0153,U+02BB-02BC,U+02C6,U+02DA,U+02DC,U+0304,U+0308,U+0329,U+2000-206F,U+20AC,U+2122,U+2191,U+2193,U+2212,U+2215,U+FEFF,U+FFFD;}@font-face{font-family:'Roboto';font-style:normal;font-weight:700;src:url(https://fonts.gstatic.com/s/roboto/v18/KFOlCnqEu92Fr1MmWUlfCRc4EsA.woff2)format('woff2');unicode-range:U+0460-052F,U+1C80-1C8A,U+20B4,U+2DE0-2DFF,U+A640-A69F,U+FE2E-FE2F;}@font-face{font-family:'Roboto';font-style:normal;font-weight:700;src:url(https://fonts.gstatic.com/s/roboto/v18/KFOlCnqEu92Fr1MmWUlfABc4EsA.woff2)format('woff2');unicode-range:U+0301,U+0400-045F,U+0490-0491,U+04B0-04B1,U+2116;}@font-face{font-family:'Roboto';font-style:normal;font-weight:700;src:url(https://fonts.gstatic.com/s/roboto/v18/KFOlCnqEu92Fr1MmWUlfCBc4EsA.woff2)format('woff2');unicode-range:U+1F00-1FFF;}@font-face{font-family:'Roboto';font-style:normal;font-weight:700;src:url(https://fonts.gstatic.com/s/roboto/v18/KFOlCnqEu92Fr1MmWUlfBxc4EsA.woff2)format('woff2');unicode-range:U+0370-0377,U+037A-037F,U+0384-038A,U+038C,U+038E-03A1,U+03A3-03FF;}@font-face{font-family:'Roboto';font-style:normal;font-weight:700;src:url(https://fonts.gstatic.com/s/roboto/v18/KFOlCnqEu92Fr1MmWUlfCxc4EsA.woff2)format('woff2');unicode-range:U+0102-0103,U+0110-0111,U+0128-0129,U+0168-0169,U+01A0-01A1,U+01AF-01B0,U+0300-0301,U+0303-0304,U+0308-0309,U+0323,U+0329,U+1EA0-1EF9,U+20AB;}@font-face{font-family:'Roboto';font-style:normal;font-weight:700;src:url(https://fonts.gstatic.com/s/roboto/v18/KFOlCnqEu92Fr1MmWUlfChc4EsA.woff2)format('woff2');unicode-range:U+0100-02BA,U+02BD-02C5,U+02C7-02CC,U+02CE-02D7,U+02DD-02FF,U+0304,U+0308,U+0329,U+1D00-1DBF,U+1E00-1E9F,U+1EF2-1EFF,U+2020,U+20A0-20AB,U+20AD-20C0,U+2113,U+2C60-2C7F,U+A720-A7FF;}@font-face{font-family:'Roboto';font-style:normal;font-weight:700;src:url(https://fonts.gstatic.com/s/roboto/v18/KFOlCnqEu92Fr1MmWUlfBBc4.woff2)format('woff2');unicode-range:U+0000-00FF,U+0131,U+0152-0153,U+02BB-02BC,U+02C6,U+02DA,U+02DC,U+0304,U+0308,U+0329,U+2000-206F,U+20AC,U+2122,U+2191,U+2193,U+2212,U+2215,U+FEFF,U+FFFD;}@font-face{font-family:'Material Icons Extended';font-style:normal;font-weight:400;src:url(https://fonts.gstatic.com/s/materialiconsextended/v154/kJEjBvgX7BgnkSrUwT8UnLVc38YydejYY-oE_LvJ.woff2)format('woff2');}.material-icons-extended{font-family:'Material Icons Extended';font-weight:normal;font-style:normal;font-size:24px;line-height:1;letter-spacing:normal;text-transform:none;display:inline-block;white-space:nowrap;word-wrap:normal;direction:ltr;-webkit-font-feature-settings:'liga';-webkit-font-smoothing:antialiased;}@font-face{font-family:'Google Material Icons';font-style:normal;font-weight:400;src:url(https://fonts.gstatic.com/s/googlematerialicons/v144/Gw6kwdfw6UnXLJCcmafZyFRXb3BL9rvi0QZG3Q.woff2)format('woff2');}.google-material-icons{font-family:'Google Material Icons';font-weight:normal;font-style:normal;font-size:24px;line-height:1;letter-spacing:normal;text-transform:none;display:inline-block;white-space:nowrap;word-wrap:normal;direction:ltr;-webkit-font-feature-settings:'liga';-webkit-font-smoothing:antialiased;}@font-face{font-family:'Product Sans';font-style:normal;font-weight:400;src:url(https://fonts.gstatic.com/s/productsans/v9/pxiDypQkot1TnFhsFMOfGShVGdeOcEg.woff2)format('woff2');unicode-range:U+0100-02BA,U+02BD-02C5,U+02C7-02CC,U+02CE-02D7,U+02DD-02FF,U+0304,U+0308,U+0329,U+1D00-1DBF,U+1E00-1E9F,U+1EF2-1EFF,U+2020,U+20A0-20AB,U+20AD-20C0,U+2113,U+2C60-2C7F,U+A720-A7FF;}@font-face{font-family:'Product Sans';font-style:normal;font-weight:400;src:url(https://fonts.gstatic.com/s/productsans/v9/pxiDypQkot1TnFhsFMOfGShVF9eO.woff2)format('woff2');unicode-range:U+0000-00FF,U+0131,U+0152-0153,U+02BB-02BC,U+02C6,U+02DA,U+02DC,U+0304,U+0308,U+0329,U+2000-206F,U+20AC,U+2122,U+2191,U+2193,U+2212,U+2215,U+FEFF,U+FFFD;}@font-face{font-family:'Google Sans';font-style:normal;font-weight:400;src:url(https://fonts.gstatic.com/s/googlesans/v58/4UaRrENHsxJlGDuGo1OIlJfC6l_24rlCK1Yo_Iq2rgCIlsw.woff2)format('woff2');unicode-range:U+0308,U+0530-058F,U+2010,U+2024,U+25CC,U+FB13-FB17;}@font-face{font-family:'Google Sans';font-style:normal;font-weight:400;src:url(https://fonts.gstatic.com/s/googlesans/v58/4UaRrENHsxJlGDuGo1OIlJfC6l_24rlCK1Yo_Iq2rACIlsw.woff2)format('woff2');unicode-range:U+0951-0952,U+0964-0965,U+0980-09FE,U+1CD0,U+1CD2,U+1CD5-1CD6,U+1CD8,U+1CE1,U+1CEA,U+1CED,U+1CF2,U+1CF5-1CF7,U+200C-200D,U+20B9,U+25CC,U+A8F1;}@font-face{font-family:'Google Sans';font-style:normal;font-weight:400;src:url(https://fonts.gstatic.com/s/googlesans/v58/4UaRrENHsxJlGDuGo1OIlJfC6l_24rlCK1Yo_Iq2swCIlsw.woff2)format('woff2');unicode-range:U+0460-052F,U+1C80-1C8A,U+20B4,U+2DE0-2DFF,U+A640-A69F,U+FE2E-FE2F;}@font-face{font-family:'Google Sans';font-style:normal;font-weight:400;src:url(https://fonts.gstatic.com/s/googlesans/v58/4UaRrENHsxJlGDuGo1OIlJfC6l_24rlCK1Yo_Iq2ugCIlsw.woff2)format('woff2');unicode-range:U+0301,U+0400-045F,U+0490-0491,U+04B0-04B1,U+2116;}@font-face{font-family:'Google Sans';font-style:normal;font-weight:400;src:url(https://fonts.gstatic.com/s/googlesans/v58/4UaRrENHsxJlGDuGo1OIlJfC6l_24rlCK1Yo_Iq2vwCIlsw.woff2)format('woff2');unicode-range:U+0900-097F,U+1CD0-1CF9,U+200C-200D,U+20A8,U+20B9,U+20F0,U+25CC,U+A830-A839,U+A8E0-A8FF,U+11B00-11B09;}@font-face{font-family:'Google Sans';font-style:normal;font-weight:400;src:url(https://fonts.gstatic.com/s/googlesans/v58/4UaRrENHsxJlGDuGo1OIlJfC6l_24rlCK1Yo_Iq2rwCIlsw.woff2)format('woff2');unicode-range:U+030E,U+1200-1399,U+2D80-2DDE,U+AB01-AB2E,U+1E7E0-1E7E6,U+1E7E8-1E7EB,U+1E7ED-1E7EE,U+1E7F0-1E7FE;}@font-face{font-family:'Google Sans';font-style:normal;font-weight:400;src:url(https://fonts.gstatic.com/s/googlesans/v58/4UaRrENHsxJlGDuGo1OIlJfC6l_24rlCK1Yo_Iq2oQCIlsw.woff2)format('woff2');unicode-range:U+0589,U+10A0-10FF,U+1C90-1CBA,U+1CBD-1CBF,U+205A,U+2D00-2D2F,U+2E31;}@font-face{font-family:'Google Sans';font-style:normal;font-weight:400;src:url(https://fonts.gstatic.com/s/googlesans/v58/4UaRrENHsxJlGDuGo1OIlJfC6l_24rlCK1Yo_Iq2vQCIlsw.woff2)format('woff2');unicode-range:U+0370-0377,U+037A-037F,U+0384-038A,U+038C,U+038E-03A1,U+03A3-03FF;}@font-face{font-family:'Google Sans';font-style:normal;font-weight:400;src:url(https://fonts.gstatic.com/s/googlesans/v58/4UaRrENHsxJlGDuGo1OIlJfC6l_24rlCK1Yo_Iq2pQCIlsw.woff2)format('woff2');unicode-range:U+0951-0952,U+0964-0965,U+0A80-0AFF,U+200C-200D,U+20B9,U+25CC,U+A830-A839;}@font-face{font-family:'Google Sans';font-style:normal;font-weight:400;src:url(https://fonts.gstatic.com/s/googlesans/v58/4UaRrENHsxJlGDuGo1OIlJfC6l_24rlCK1Yo_Iq2nQCIlsw.woff2)format('woff2');unicode-range:U+0951-0952,U+0964-0965,U+0A01-0A76,U+200C-200D,U+20B9,U+25CC,U+262C,U+A830-A839;}@font-face{font-family:'Google Sans';font-style:normal;font-weight:400;src:url(https://fonts.gstatic.com/s/googlesans/v58/4UaRrENHsxJlGDuGo1OIlJfC6l_24rlCK1Yo_Iq2vACIlsw.woff2)format('woff2');unicode-range:U+0307-0308,U+0590-05FF,U+200C-2010,U+20AA,U+25CC,U+FB1D-FB4F;}@font-face{font-family:'Google Sans';font-style:normal;font-weight:400;src:url(https://fonts.gstatic.com/s/googlesans/v58/4UaRrENHsxJlGDuGo1OIlJfC6l_24rlCK1Yo_Iq2tQCIlsw.woff2)format('woff2');unicode-range:U+1780-17FF,U+19E0-19FF,U+200C-200D,U+25CC;}@font-face{font-family:'Google Sans';font-style:normal;font-weight:400;src:url(https://fonts.gstatic.com/s/googlesans/v58/4UaRrENHsxJlGDuGo1OIlJfC6l_24rlCK1Yo_Iq2twCIlsw.woff2)format('woff2');unicode-range:U+0E81-0EDF,U+200C-200D,U+25CC;}@font-face{font-family:'Google Sans';font-style:normal;font-weight:400;src:url(https://fonts.gstatic.com/s/googlesans/v58/4UaRrENHsxJlGDuGo1OIlJfC6l_24rlCK1Yo_Iq2pwCIlsw.woff2)format('woff2');unicode-range:U+0951-0952,U+0964-0965,U+0B01-0B77,U+1CDA,U+1CF2,U+200C-200D,U+20B9,U+25CC;}@font-face{font-family:'Google Sans';font-style:normal;font-weight:400;src:url(https://fonts.gstatic.com/s/googlesans/v58/4UaRrENHsxJlGDuGo1OIlJfC6l_24rlCK1Yo_Iq2owCIlsw.woff2)format('woff2');unicode-range:U+0964-0965,U+0D81-0DF4,U+1CF2,U+200C-200D,U+25CC,U+111E1-111F4;}@font-face{font-family:'Google Sans';font-style:normal;font-weight:400;src:url(https://fonts.gstatic.com/s/googlesans/v58/4UaRrENHsxJlGDuGo1OIlJfC6l_24rlCK1Yo_Iq2qACIlsw.woff2)format('woff2');unicode-range:U+0964-0965,U+0B82-0BFA,U+200C-200D,U+20B9,U+25CC;}@font-face{font-family:'Google Sans';font-style:normal;font-weight:400;src:url(https://fonts.gstatic.com/s/googlesans/v58/4UaRrENHsxJlGDuGo1OIlJfC6l_24rlCK1Yo_Iq2ogCIlsw.woff2)format('woff2');unicode-range:U+0951-0952,U+0964-0965,U+0C00-0C7F,U+1CDA,U+1CF2,U+200C-200D,U+25CC;}@font-face{font-family:'Google Sans';font-style:normal;font-weight:400;src:url(https://fonts.gstatic.com/s/googlesans/v58/4UaRrENHsxJlGDuGo1OIlJfC6l_24rlCK1Yo_Iq2qgCIlsw.woff2)format('woff2');unicode-range:U+02D7,U+0303,U+0331,U+0E01-0E5B,U+200C-200D,U+25CC;}@font-face{font-family:'Google Sans';font-style:normal;font-weight:400;src:url(https://fonts.gstatic.com/s/googlesans/v58/4UaRrENHsxJlGDuGo1OIlJfC6l_24rlCK1Yo_Iq2sQCIlsw.woff2)format('woff2');unicode-range:U+0102-0103,U+0110-0111,U+0128-0129,U+0168-0169,U+01A0-01A1,U+01AF-01B0,U+0300-0301,U+0303-0304,U+0308-0309,U+0323,U+0329,U+1EA0-1EF9,U+20AB;}@font-face{font-family:'Google Sans';font-style:normal;font-weight:400;src:url(https://fonts.gstatic.com/s/googlesans/v58/4UaRrENHsxJlGDuGo1OIlJfC6l_24rlCK1Yo_Iq2sACIlsw.woff2)format('woff2');unicode-range:U+0100-02BA,U+02BD-02C5,U+02C7-02CC,U+02CE-02D7,U+02DD-02FF,U+0304,U+0308,U+0329,U+1D00-1DBF,U+1E00-1E9F,U+1EF2-1EFF,U+2020,U+20A0-20AB,U+20AD-20C0,U+2113,U+2C60-2C7F,U+A720-A7FF;}@font-face{font-family:'Google Sans';font-style:normal;font-weight:400;src:url(https://fonts.gstatic.com/s/googlesans/v58/4UaRrENHsxJlGDuGo1OIlJfC6l_24rlCK1Yo_Iq2vgCI.woff2)format('woff2');unicode-range:U+0000-00FF,U+0131,U+0152-0153,U+02BB-02BC,U+02C6,U+02DA,U+02DC,U+0304,U+0308,U+0329,U+2000-206F,U+20AC,U+2122,U+2191,U+2193,U+2212,U+2215,U+FEFF,U+FFFD;}@font-face{font-family:'Google Sans';font-style:normal;font-weight:500;src:url(https://fonts.gstatic.com/s/googlesans/v58/4UaRrENHsxJlGDuGo1OIlJfC6l_24rlCK1Yo_Iq2rgCIlsw.woff2)format('woff2');unicode-range:U+0308,U+0530-058F,U+2010,U+2024,U+25CC,U+FB13-FB17;}@font-face{font-family:'Google Sans';font-style:normal;font-weight:500;src:url(https://fonts.gstatic.com/s/googlesans/v58/4UaRrENHsxJlGDuGo1OIlJfC6l_24rlCK1Yo_Iq2rACIlsw.woff2)format('woff2');unicode-range:U+0951-0952,U+0964-0965,U+0980-09FE,U+1CD0,U+1CD2,U+1CD5-1CD6,U+1CD8,U+1CE1,U+1CEA,U+1CED,U+1CF2,U+1CF5-1CF7,U+200C-200D,U+20B9,U+25CC,U+A8F1;}@font-face{font-family:'Google Sans';font-style:normal;font-weight:500;src:url(https://fonts.gstatic.com/s/googlesans/v58/4UaRrENHsxJlGDuGo1OIlJfC6l_24rlCK1Yo_Iq2swCIlsw.woff2)format('woff2');unicode-range:U+0460-052F,U+1C80-1C8A,U+20B4,U+2DE0-2DFF,U+A640-A69F,U+FE2E-FE2F;}@font-face{font-family:'Google Sans';font-style:normal;font-weight:500;src:url(https://fonts.gstatic.com/s/googlesans/v58/4UaRrENHsxJlGDuGo1OIlJfC6l_24rlCK1Yo_Iq2ugCIlsw.woff2)format('woff2');unicode-range:U+0301,U+0400-045F,U+0490-0491,U+04B0-04B1,U+2116;}@font-face{font-family:'Google Sans';font-style:normal;font-weight:500;src:url(https://fonts.gstatic.com/s/googlesans/v58/4UaRrENHsxJlGDuGo1OIlJfC6l_24rlCK1Yo_Iq2vwCIlsw.woff2)format('woff2');unicode-range:U+0900-097F,U+1CD0-1CF9,U+200C-200D,U+20A8,U+20B9,U+20F0,U+25CC,U+A830-A839,U+A8E0-A8FF,U+11B00-11B09;}@font-face{font-family:'Google Sans';font-style:normal;font-weight:500;src:url(https://fonts.gstatic.com/s/googlesans/v58/4UaRrENHsxJlGDuGo1OIlJfC6l_24rlCK1Yo_Iq2rwCIlsw.woff2)format('woff2');unicode-range:U+030E,U+1200-1399,U+2D80-2DDE,U+AB01-AB2E,U+1E7E0-1E7E6,U+1E7E8-1E7EB,U+1E7ED-1E7EE,U+1E7F0-1E7FE;}@font-face{font-family:'Google Sans';font-style:normal;font-weight:500;src:url(https://fonts.gstatic.com/s/googlesans/v58/4UaRrENHsxJlGDuGo1OIlJfC6l_24rlCK1Yo_Iq2oQCIlsw.woff2)format('woff2');unicode-range:U+0589,U+10A0-10FF,U+1C90-1CBA,U+1CBD-1CBF,U+205A,U+2D00-2D2F,U+2E31;}@font-face{font-family:'Google Sans';font-style:normal;font-weight:500;src:url(https://fonts.gstatic.com/s/googlesans/v58/4UaRrENHsxJlGDuGo1OIlJfC6l_24rlCK1Yo_Iq2vQCIlsw.woff2)format('woff2');unicode-range:U+0370-0377,U+037A-037F,U+0384-038A,U+038C,U+038E-03A1,U+03A3-03FF;}@font-face{font-family:'Google Sans';font-style:normal;font-weight:500;src:url(https://fonts.gstatic.com/s/googlesans/v58/4UaRrENHsxJlGDuGo1OIlJfC6l_24rlCK1Yo_Iq2pQCIlsw.woff2)format('woff2');unicode-range:U+0951-0952,U+0964-0965,U+0A80-0AFF,U+200C-200D,U+20B9,U+25CC,U+A830-A839;}@font-face{font-family:'Google Sans';font-style:normal;font-weight:500;src:url(https://fonts.gstatic.com/s/googlesans/v58/4UaRrENHsxJlGDuGo1OIlJfC6l_24rlCK1Yo_Iq2nQCIlsw.woff2)format('woff2');unicode-range:U+0951-0952,U+0964-0965,U+0A01-0A76,U+200C-200D,U+20B9,U+25CC,U+262C,U+A830-A839;}@font-face{font-family:'Google Sans';font-style:normal;font-weight:500;src:url(https://fonts.gstatic.com/s/googlesans/v58/4UaRrENHsxJlGDuGo1OIlJfC6l_24rlCK1Yo_Iq2vACIlsw.woff2)format('woff2');unicode-range:U+0307-0308,U+0590-05FF,U+200C-2010,U+20AA,U+25CC,U+FB1D-FB4F;}@font-face{font-family:'Google Sans';font-style:normal;font-weight:500;src:url(https://fonts.gstatic.com/s/googlesans/v58/4UaRrENHsxJlGDuGo1OIlJfC6l_24rlCK1Yo_Iq2tQCIlsw.woff2)format('woff2');unicode-range:U+1780-17FF,U+19E0-19FF,U+200C-200D,U+25CC;}@font-face{font-family:'Google Sans';font-style:normal;font-weight:500;src:url(https://fonts.gstatic.com/s/googlesans/v58/4UaRrENHsxJlGDuGo1OIlJfC6l_24rlCK1Yo_Iq2twCIlsw.woff2)format('woff2');unicode-range:U+0E81-0EDF,U+200C-200D,U+25CC;}@font-face{font-family:'Google Sans';font-style:normal;font-weight:500;src:url(https://fonts.gstatic.com/s/googlesans/v58/4UaRrENHsxJlGDuGo1OIlJfC6l_24rlCK1Yo_Iq2pwCIlsw.woff2)format('woff2');unicode-range:U+0951-0952,U+0964-0965,U+0B01-0B77,U+1CDA,U+1CF2,U+200C-200D,U+20B9,U+25CC;}@font-face{font-family:'Google Sans';font-style:normal;font-weight:500;src:url(https://fonts.gstatic.com/s/googlesans/v58/4UaRrENHsxJlGDuGo1OIlJfC6l_24rlCK1Yo_Iq2owCIlsw.woff2)format('woff2');unicode-range:U+0964-0965,U+0D81-0DF4,U+1CF2,U+200C-200D,U+25CC,U+111E1-111F4;}@font-face{font-family:'Google Sans';font-style:normal;font-weight:500;src:url(https://fonts.gstatic.com/s/googlesans/v58/4UaRrENHsxJlGDuGo1OIlJfC6l_24rlCK1Yo_Iq2qACIlsw.woff2)format('woff2');unicode-range:U+0964-0965,U+0B82-0BFA,U+200C-200D,U+20B9,U+25CC;}@font-face{font-family:'Google Sans';font-style:normal;font-weight:500;src:url(https://fonts.gstatic.com/s/googlesans/v58/4UaRrENHsxJlGDuGo1OIlJfC6l_24rlCK1Yo_Iq2ogCIlsw.woff2)format('woff2');unicode-range:U+0951-0952,U+0964-0965,U+0C00-0C7F,U+1CDA,U+1CF2,U+200C-200D,U+25CC;}@font-face{font-family:'Google Sans';font-style:normal;font-weight:500;src:url(https://fonts.gstatic.com/s/googlesans/v58/4UaRrENHsxJlGDuGo1OIlJfC6l_24rlCK1Yo_Iq2qgCIlsw.woff2)format('woff2');unicode-range:U+02D7,U+0303,U+0331,U+0E01-0E5B,U+200C-200D,U+25CC;}@font-face{font-family:'Google Sans';font-style:normal;font-weight:500;src:url(https://fonts.gstatic.com/s/googlesans/v58/4UaRrENHsxJlGDuGo1OIlJfC6l_24rlCK1Yo_Iq2sQCIlsw.woff2)format('woff2');unicode-range:U+0102-0103,U+0110-0111,U+0128-0129,U+0168-0169,U+01A0-01A1,U+01AF-01B0,U+0300-0301,U+0303-0304,U+0308-0309,U+0323,U+0329,U+1EA0-1EF9,U+20AB;}@font-face{font-family:'Google Sans';font-style:normal;font-weight:500;src:url(https://fonts.gstatic.com/s/googlesans/v58/4UaRrENHsxJlGDuGo1OIlJfC6l_24rlCK1Yo_Iq2sACIlsw.woff2)format('woff2');unicode-range:U+0100-02BA,U+02BD-02C5,U+02C7-02CC,U+02CE-02D7,U+02DD-02FF,U+0304,U+0308,U+0329,U+1D00-1DBF,U+1E00-1E9F,U+1EF2-1EFF,U+2020,U+20A0-20AB,U+20AD-20C0,U+2113,U+2C60-2C7F,U+A720-A7FF;}@font-face{font-family:'Google Sans';font-style:normal;font-weight:500;src:url(https://fonts.gstatic.com/s/googlesans/v58/4UaRrENHsxJlGDuGo1OIlJfC6l_24rlCK1Yo_Iq2vgCI.woff2)format('woff2');unicode-range:U+0000-00FF,U+0131,U+0152-0153,U+02BB-02BC,U+02C6,U+02DA,U+02DC,U+0304,U+0308,U+0329,U+2000-206F,U+20AC,U+2122,U+2191,U+2193,U+2212,U+2215,U+FEFF,U+FFFD;}@font-face{font-family:'Google Sans';font-style:normal;font-weight:700;src:url(https://fonts.gstatic.com/s/googlesans/v58/4UaRrENHsxJlGDuGo1OIlJfC6l_24rlCK1Yo_Iq2rgCIlsw.woff2)format('woff2');unicode-range:U+0308,U+0530-058F,U+2010,U+2024,U+25CC,U+FB13-FB17;}@font-face{font-family:'Google Sans';font-style:normal;font-weight:700;src:url(https://fonts.gstatic.com/s/googlesans/v58/4UaRrENHsxJlGDuGo1OIlJfC6l_24rlCK1Yo_Iq2rACIlsw.woff2)format('woff2');unicode-range:U+0951-0952,U+0964-0965,U+0980-09FE,U+1CD0,U+1CD2,U+1CD5-1CD6,U+1CD8,U+1CE1,U+1CEA,U+1CED,U+1CF2,U+1CF5-1CF7,U+200C-200D,U+20B9,U+25CC,U+A8F1;}@font-face{font-family:'Google Sans';font-style:normal;font-weight:700;src:url(https://fonts.gstatic.com/s/googlesans/v58/4UaRrENHsxJlGDuGo1OIlJfC6l_24rlCK1Yo_Iq2swCIlsw.woff2)format('woff2');unicode-range:U+0460-052F,U+1C80-1C8A,U+20B4,U+2DE0-2DFF,U+A640-A69F,U+FE2E-FE2F;}@font-face{font-family:'Google Sans';font-style:normal;font-weight:700;src:url(https://fonts.gstatic.com/s/googlesans/v58/4UaRrENHsxJlGDuGo1OIlJfC6l_24rlCK1Yo_Iq2ugCIlsw.woff2)format('woff2');unicode-range:U+0301,U+0400-045F,U+0490-0491,U+04B0-04B1,U+2116;}@font-face{font-family:'Google Sans';font-style:normal;font-weight:700;src:url(https://fonts.gstatic.com/s/googlesans/v58/4UaRrENHsxJlGDuGo1OIlJfC6l_24rlCK1Yo_Iq2vwCIlsw.woff2)format('woff2');unicode-range:U+0900-097F,U+1CD0-1CF9,U+200C-200D,U+20A8,U+20B9,U+20F0,U+25CC,U+A830-A839,U+A8E0-A8FF,U+11B00-11B09;}@font-face{font-family:'Google Sans';font-style:normal;font-weight:700;src:url(https://fonts.gstatic.com/s/googlesans/v58/4UaRrENHsxJlGDuGo1OIlJfC6l_24rlCK1Yo_Iq2rwCIlsw.woff2)format('woff2');unicode-range:U+030E,U+1200-1399,U+2D80-2DDE,U+AB01-AB2E,U+1E7E0-1E7E6,U+1E7E8-1E7EB,U+1E7ED-1E7EE,U+1E7F0-1E7FE;}@font-face{font-family:'Google Sans';font-style:normal;font-weight:700;src:url(https://fonts.gstatic.com/s/googlesans/v58/4UaRrENHsxJlGDuGo1OIlJfC6l_24rlCK1Yo_Iq2oQCIlsw.woff2)format('woff2');unicode-range:U+0589,U+10A0-10FF,U+1C90-1CBA,U+1CBD-1CBF,U+205A,U+2D00-2D2F,U+2E31;}@font-face{font-family:'Google Sans';font-style:normal;font-weight:700;src:url(https://fonts.gstatic.com/s/googlesans/v58/4UaRrENHsxJlGDuGo1OIlJfC6l_24rlCK1Yo_Iq2vQCIlsw.woff2)format('woff2');unicode-range:U+0370-0377,U+037A-037F,U+0384-038A,U+038C,U+038E-03A1,U+03A3-03FF;}@font-face{font-family:'Google Sans';font-style:normal;font-weight:700;src:url(https://fonts.gstatic.com/s/googlesans/v58/4UaRrENHsxJlGDuGo1OIlJfC6l_24rlCK1Yo_Iq2pQCIlsw.woff2)format('woff2');unicode-range:U+0951-0952,U+0964-0965,U+0A80-0AFF,U+200C-200D,U+20B9,U+25CC,U+A830-A839;}@font-face{font-family:'Google Sans';font-style:normal;font-weight:700;src:url(https://fonts.gstatic.com/s/googlesans/v58/4UaRrENHsxJlGDuGo1OIlJfC6l_24rlCK1Yo_Iq2nQCIlsw.woff2)format('woff2');unicode-range:U+0951-0952,U+0964-0965,U+0A01-0A76,U+200C-200D,U+20B9,U+25CC,U+262C,U+A830-A839;}@font-face{font-family:'Google Sans';font-style:normal;font-weight:700;src:url(https://fonts.gstatic.com/s/googlesans/v58/4UaRrENHsxJlGDuGo1OIlJfC6l_24rlCK1Yo_Iq2vACIlsw.woff2)format('woff2');unicode-range:U+0307-0308,U+0590-05FF,U+200C-2010,U+20AA,U+25CC,U+FB1D-FB4F;}@font-face{font-family:'Google Sans';font-style:normal;font-weight:700;src:url(https://fonts.gstatic.com/s/googlesans/v58/4UaRrENHsxJlGDuGo1OIlJfC6l_24rlCK1Yo_Iq2tQCIlsw.woff2)format('woff2');unicode-range:U+1780-17FF,U+19E0-19FF,U+200C-200D,U+25CC;}@font-face{font-family:'Google Sans';font-style:normal;font-weight:700;src:url(https://fonts.gstatic.com/s/googlesans/v58/4UaRrENHsxJlGDuGo1OIlJfC6l_24rlCK1Yo_Iq2twCIlsw.woff2)format('woff2');unicode-range:U+0E81-0EDF,U+200C-200D,U+25CC;}@font-face{font-family:'Google Sans';font-style:normal;font-weight:700;src:url(https://fonts.gstatic.com/s/googlesans/v58/4UaRrENHsxJlGDuGo1OIlJfC6l_24rlCK1Yo_Iq2pwCIlsw.woff2)format('woff2');unicode-range:U+0951-0952,U+0964-0965,U+0B01-0B77,U+1CDA,U+1CF2,U+200C-200D,U+20B9,U+25CC;}@font-face{font-family:'Google Sans';font-style:normal;font-weight:700;src:url(https://fonts.gstatic.com/s/googlesans/v58/4UaRrENHsxJlGDuGo1OIlJfC6l_24rlCK1Yo_Iq2owCIlsw.woff2)format('woff2');unicode-range:U+0964-0965,U+0D81-0DF4,U+1CF2,U+200C-200D,U+25CC,U+111E1-111F4;}@font-face{font-family:'Google Sans';font-style:normal;font-weight:700;src:url(https://fonts.gstatic.com/s/googlesans/v58/4UaRrENHsxJlGDuGo1OIlJfC6l_24rlCK1Yo_Iq2qACIlsw.woff2)format('woff2');unicode-range:U+0964-0965,U+0B82-0BFA,U+200C-200D,U+20B9,U+25CC;}@font-face{font-family:'Google Sans';font-style:normal;font-weight:700;src:url(https://fonts.gstatic.com/s/googlesans/v58/4UaRrENHsxJlGDuGo1OIlJfC6l_24rlCK1Yo_Iq2ogCIlsw.woff2)format('woff2');unicode-range:U+0951-0952,U+0964-0965,U+0C00-0C7F,U+1CDA,U+1CF2,U+200C-200D,U+25CC;}@font-face{font-family:'Google Sans';font-style:normal;font-weight:700;src:url(https://fonts.gstatic.com/s/googlesans/v58/4UaRrENHsxJlGDuGo1OIlJfC6l_24rlCK1Yo_Iq2qgCIlsw.woff2)format('woff2');unicode-range:U+02D7,U+0303,U+0331,U+0E01-0E5B,U+200C-200D,U+25CC;}@font-face{font-family:'Google Sans';font-style:normal;font-weight:700;src:url(https://fonts.gstatic.com/s/googlesans/v58/4UaRrENHsxJlGDuGo1OIlJfC6l_24rlCK1Yo_Iq2sQCIlsw.woff2)format('woff2');unicode-range:U+0102-0103,U+0110-0111,U+0128-0129,U+0168-0169,U+01A0-01A1,U+01AF-01B0,U+0300-0301,U+0303-0304,U+0308-0309,U+0323,U+0329,U+1EA0-1EF9,U+20AB;}@font-face{font-family:'Google Sans';font-style:normal;font-weight:700;src:url(https://fonts.gstatic.com/s/googlesans/v58/4UaRrENHsxJlGDuGo1OIlJfC6l_24rlCK1Yo_Iq2sACIlsw.woff2)format('woff2');unicode-range:U+0100-02BA,U+02BD-02C5,U+02C7-02CC,U+02CE-02D7,U+02DD-02FF,U+0304,U+0308,U+0329,U+1D00-1DBF,U+1E00-1E9F,U+1EF2-1EFF,U+2020,U+20A0-20AB,U+20AD-20C0,U+2113,U+2C60-2C7F,U+A720-A7FF;}@font-face{font-family:'Google Sans';font-style:normal;font-weight:700;src:url(https://fonts.gstatic.com/s/googlesans/v58/4UaRrENHsxJlGDuGo1OIlJfC6l_24rlCK1Yo_Iq2vgCI.woff2)format('woff2');unicode-range:U+0000-00FF,U+0131,U+0152-0153,U+02BB-02BC,U+02C6,U+02DA,U+02DC,U+0304,U+0308,U+0329,U+2000-206F,U+20AC,U+2122,U+2191,U+2193,U+2212,U+2215,U+FEFF,U+FFFD;}@font-face{font-family:'Google Sans Display';font-style:normal;font-weight:400;src:url(https://fonts.gstatic.com/s/googlesansdisplay/v13/ea8FacM9Wef3EJPWRrHjgE4B6CnlZxHVDvr9oS_a.woff2)format('woff2');unicode-range:U+0301,U+0400-045F,U+0490-0491,U+04B0-04B1,U+2116;}@font-face{font-family:'Google Sans Display';font-style:normal;font-weight:400;src:url(https://fonts.gstatic.com/s/googlesansdisplay/v13/ea8FacM9Wef3EJPWRrHjgE4B6CnlZxHVDv39oS_a.woff2)format('woff2');unicode-range:U+0370-0377,U+037A-037F,U+0384-038A,U+038C,U+038E-03A1,U+03A3-03FF;}@font-face{font-family:'Google Sans Display';font-style:normal;font-weight:400;src:url(https://fonts.gstatic.com/s/googlesansdisplay/v13/ea8FacM9Wef3EJPWRrHjgE4B6CnlZxHVDvH9oS_a.woff2)format('woff2');unicode-range:U+0102-0103,U+0110-0111,U+0128-0129,U+0168-0169,U+01A0-01A1,U+01AF-01B0,U+0300-0301,U+0303-0304,U+0308-0309,U+0323,U+0329,U+1EA0-1EF9,U+20AB;}@font-face{font-family:'Google Sans Display';font-style:normal;font-weight:400;src:url(https://fonts.gstatic.com/s/googlesansdisplay/v13/ea8FacM9Wef3EJPWRrHjgE4B6CnlZxHVDvD9oS_a.woff2)format('woff2');unicode-range:U+0100-02BA,U+02BD-02C5,U+02C7-02CC,U+02CE-02D7,U+02DD-02FF,U+0304,U+0308,U+0329,U+1D00-1DBF,U+1E00-1E9F,U+1EF2-1EFF,U+2020,U+20A0-20AB,U+20AD-20C0,U+2113,U+2C60-2C7F,U+A720-A7FF;}@font-face{font-family:'Google Sans Display';font-style:normal;font-weight:400;src:url(https://fonts.gstatic.com/s/googlesansdisplay/v13/ea8FacM9Wef3EJPWRrHjgE4B6CnlZxHVDv79oQ.woff2)format('woff2');unicode-range:U+0000-00FF,U+0131,U+0152-0153,U+02BB-02BC,U+02C6,U+02DA,U+02DC,U+0304,U+0308,U+0329,U+2000-206F,U+20AC,U+2122,U+2191,U+2193,U+2212,U+2215,U+FEFF,U+FFFD;}</style><script nonce="B7F0WpNc-GfdrHLZZLfAyw">(function(){'use strict';function g(){var a=k,b=0;return function(){return b<a.length?{done:!1,value:a[b++]}:{done:!0}}};/*

 Copyright The Closure Library Authors.
 SPDX-License-Identifier: Apache-2.0
*/
var l=this||self;/*

 Copyright 2024 Google, Inc
 SPDX-License-Identifier: MIT
*/
var m=["focus","blur","error","load","toggle"];function n(a){return a==="mouseenter"?"mouseover":a==="mouseleave"?"mouseout":a==="pointerenter"?"pointerover":a==="pointerleave"?"pointerout":a};function p(a){this.l={};this.m={};this.i=null;this.g=[];this.o=a}p.prototype.handleEvent=function(a,b,c){q(this,{eventType:a,event:b,targetElement:b.target,eic:c,timeStamp:Date.now(),eia:void 0,eirp:void 0,eiack:void 0})};function q(a,b){if(a.i)a.i(b);else{b.eirp=!0;var c;(c=a.g)==null||c.push(b)}}
function r(a,b,c){if(!(b in a.l)&&a.o){var e=function(f,d,B){a.handleEvent(f,d,B)};a.l[b]=e;c=n(c||b);if(c!==b){var h=a.m[c]||[];h.push(b);a.m[c]=h}a.o.addEventListener(c,function(f){return function(d){e(b,d,f)}},void 0)}}p.prototype.j=function(a){return this.l[a]};p.prototype.ecrd=function(a){this.i=a;var b;if((b=this.g)==null?0:b.length){for(a=0;a<this.g.length;a++)q(this,this.g[a]);this.g=null}};var t=typeof navigator!=="undefined"&&/iPhone|iPad|iPod/.test(navigator.userAgent);function u(a){this.g=a;this.i=[]}u.prototype.addEventListener=function(a,b,c){t&&(this.g.style.cursor="pointer");var e=this.i,h=e.push,f=this.g;b=b(this.g);var d=!1;m.indexOf(a)>=0&&(d=!0);f.addEventListener(a,b,typeof c==="boolean"?{capture:d,passive:c}:d);h.call(e,{eventType:a,j:b,capture:d,passive:c})};var k="click dblclick focus focusin blur error focusout keydown keyup keypress load mouseover mouseout mouseenter mouseleave mousemove submit toggle touchstart touchend touchmove touchcancel auxclick change compositionstart compositionupdate compositionend beforeinput input select selectstart textinput copy cut paste mousedown mouseup wheel contextmenu dragover dragenter dragleave drop dragstart dragend pointerdown pointermove pointerup pointercancel pointerenter pointerleave pointerover pointerout gotpointercapture lostpointercapture ended loadedmetadata pagehide pageshow visibilitychange beforematch".split(" ");
if(!(k instanceof Array)){var v;var w=typeof Symbol!="undefined"&&Symbol.iterator&&k[Symbol.iterator];if(w)v=w.call(k);else if(typeof k.length=="number")v={next:g()};else throw Error(String(k)+" is not an iterable or ArrayLike");for(var x,y=[];!(x=v.next()).done;)y.push(x.value)};var z=function(a){return{trigger:function(b){var c=a.j(b.type);c||(r(a,b.type),c=a.j(b.type));var e=b.target||b.srcElement;c&&c(b.type,b,e.ownerDocument.documentElement)},configure:function(b){b(a)}}}(function(){var a=window,b=new u(a.document.documentElement),c=new p(b);k.forEach(function(d){return r(c,d)});var e,h,f;"onwebkitanimationend"in a&&(e="webkitAnimationEnd");r(c,"animationend",e);"onwebkitanimationstart"in a&&(h="webkitAnimationStart");r(c,"animationstart",h);r(c,"animationcancel");"onwebkittransitionend"in
a&&(f="webkitTransitionEnd");r(c,"transitionend",f);return{u:c,container:b}}().u),A=["BOQ_wizbind"],C=window||l,D;for(;A.length&&(D=A.shift());)A.length||z===void 0?C[D]&&C[D]!==Object.prototype[D]?C=C[D]:C=C[D]={}:C[D]=z;}).call(this);
</script><script noCollect href="https://www.gstatic.com/_/mss/boq-dots/_/js/k=boq-dots.DotsSplashUi_desktop_ms.en_IN.huoqXQWPJZk.2018.O/am=GAIFAAAAAFtggAI/d=1/excm=_b,_tp,syndicationarticleview/ed=1/dg=0/wt=2/ujg=1/rs=ALs0n2Pd5gUDkfEQfLa4kj-ofkvbGSwsoA/dti=1/m=_b,_tp" id="base-js" nonce="B7F0WpNc-GfdrHLZZLfAyw">"use strict";this.default_DotsSplashUi_desktop_ms=this.default_DotsSplashUi_desktop_ms||{};(function(_){var window=this;
try{
/*

 Copyright The Closure Library Authors.
 SPDX-License-Identifier: Apache-2.0
*/
/*

 Copyright Google LLC
 SPDX-License-Identifier: Apache-2.0
*/
/*
 SPDX-License-Identifier: Apache-2.0
*/
/*

 Copyright 2024 Google, Inc
 SPDX-License-Identifier: MIT
*/
/*

 Copyright Google LLC All Rights Reserved.

 Use of this source code is governed by an MIT-style license that can be
 found in the LICENSE file at https://angular.dev/license
*/
var baa,daa,Fa,Ga,haa,Va,bb,cb,db,eb,hb,naa,saa,uaa,Hb,Mb,Ob,waa,xaa,ec,hc,Aaa,Baa,pc,Faa,Iaa,Maa,Naa,Uc,Oaa,Qaa,Raa,Sc,Xaa,Yaa,od,Vaa,Waa,cba,dba,eba,fba,Kd,Ld,kba,lba,Sd,qba,vba,tba,Xd,uba,wba,xba,me,ne,Aba,te,Eba,ze,Be,Ce,Gba,Kba,Ve,Lba,Mba,Pba,uf,Qba,vf,zf,Sba,If,cca,dca,eca,eg,ica,kca,oca,ng,qca,tca,xg,wca,uca,Og,zca,Aca,Bca,Cca,Eca,Zg,Fca,Gca,Ica,Jca,Nca,Oca,Pca,qh,sh,Yca,Uca,cda,$ca,eda,fda,Hh,ida,jda,lda,Th,rda,tda,Yh,Zh,vda,wda,xda,zda,Ada,Bda,ci,Dda,Eda,Fda,Ida,Mda,Jda,Kda,Lda,Nda,ei,Pda,
ri,si,Wda,Yda,Zda,aea,bea,cea,fea,gea,hea,kea,lea,pea,aaa,rea,sea,Vi,Wi,uea,Xi,tea,vea;_.aa=function(a){return function(){return aaa[a].apply(this,arguments)}};_.ba=function(a,b){return aaa[a]=b};_.da=function(a){_.ca.setTimeout(()=>{throw a;},0)};_.ea=function(a){a&&typeof a.dispose=="function"&&a.dispose()};baa=function(a){for(let b=0,c=arguments.length;b<c;++b){const d=arguments[b];_.fa(d)?baa.apply(null,d):_.ea(d)}};
_.ha=function(a,b){if(Error.captureStackTrace)Error.captureStackTrace(this,_.ha);else{const c=Error().stack;c&&(this.stack=c)}a&&(this.message=String(a));b!==void 0&&(this.cause=b);this.j=!0};_.ia=function(a){return a[a.length-1]};_.ja=function(a,b,c){var d=a.length;const e=typeof a==="string"?a.split(""):a;for(--d;d>=0;--d)d in e&&b.call(c,e[d],d,a)};_.la=function(a,b,c){b=_.ka(a,b,c);return b<0?null:typeof a==="string"?a.charAt(b):a[b]};
_.ka=function(a,b,c){const d=a.length,e=typeof a==="string"?a.split(""):a;for(let f=0;f<d;f++)if(f in e&&b.call(c,e[f],f,a))return f;return-1};_.ma=function(a,b){var c=a.length;const d=typeof a==="string"?a.split(""):a;for(--c;c>=0;c--)if(c in d&&b.call(void 0,d[c],c,a))return c;return-1};_.oa=function(a,b){return _.na(a,b)>=0};_.qa=function(a,b){_.oa(a,b)||a.push(b)};_.sa=function(a,b){b=_.na(a,b);let c;(c=b>=0)&&_.ra(a,b);return c};
_.ra=function(a,b){return Array.prototype.splice.call(a,b,1).length==1};_.xa=function(a){return Array.prototype.concat.apply([],arguments)};_.ya=function(a){const b=a.length;if(b>0){const c=Array(b);for(let d=0;d<b;d++)c[d]=a[d];return c}return[]};_.za=function(a,b){for(let c=1;c<arguments.length;c++){const d=arguments[c];if(_.fa(d)){const e=a.length||0,f=d.length||0;a.length=e+f;for(let g=0;g<f;g++)a[e+g]=d[g]}else a.push(d)}};
_.caa=function(a,b,c){return arguments.length<=2?Array.prototype.slice.call(a,b):Array.prototype.slice.call(a,b,c)};_.Aa=function(a,b){b=b||a;let c=0,d=0;const e=new Set;for(;d<a.length;){const f=a[d++],g=f;e.has(g)||(e.add(g),b[c++]=f)}b.length=c};_.Ba=function(a,b){if(!_.fa(a)||!_.fa(b)||a.length!=b.length)return!1;const c=a.length,d=daa;for(let e=0;e<c;e++)if(!d(a[e],b[e]))return!1;return!0};_.Ca=function(a,b){return a>b?1:a<b?-1:0};daa=function(a,b){return a===b};
_.eaa=function(a,b){const c={};_.Da(a,function(d,e){c[b.call(void 0,d,e,a)]=d});return c};Fa=function(a,b){this.j=a;this.o=b};Ga=function(a){return a.toString().indexOf("`")===-1};_.Ha=function(a){return new _.faa(a[0].toLowerCase())};haa=function(){let a=null;if(!gaa)return a;try{const b=c=>c;a=gaa.createPolicy("DotsSplashUi#html",{createHTML:b,createScript:b,createScriptURL:b})}catch(b){}return a};_.Ja=function(){Ia===void 0&&(Ia=haa());return Ia};
_.La=function(a){const b=_.Ja();a=b?b.createHTML(a):a;return new _.Ka(a)};_.Ma=function(a){if(a instanceof _.Ka)return a.j;throw Error("j");};_.Pa=function(a){const b=_.Ja();a=b?b.createScriptURL(a):a;return new _.Na(a)};_.Qa=function(a){if(a instanceof _.Na)return a.yG;throw Error("j");};_.Sa=function(a){return a instanceof _.Ra};_.Ta=function(a){if(_.Sa(a))return a.j;throw Error("j");};Va=function(a){return new Ua(b=>b.substr(0,a.length+1).toLowerCase()===a+":")};
_.Xa=function(a,b=_.Wa){if(_.Sa(a))return a;for(let c=0;c<b.length;++c){const d=b[c];if(d instanceof Ua&&d.Cd(a))return new _.Ra(a)}};_.jaa=function(a){if(iaa.test(a))return a};_.Ya=function(a){return a instanceof _.Ra?_.Ta(a):_.jaa(a)};_.Za=function(a){return a instanceof _.Ka?a:_.La(String(a).replace(/&/g,"&amp;").replace(/</g,"&lt;").replace(/>/g,"&gt;").replace(/"/g,"&quot;").replace(/'/g,"&apos;"))};
_.$a=function(a,...b){if(b.length===0)return _.Pa(a[0]);let c=a[0];for(let d=0;d<b.length;d++)c+=encodeURIComponent(b[d])+a[d+1];return _.Pa(c)};bb=function(a,b){_.ab.call(this);this.j=a;this.oa=b;this.na=[];this.O=[];this.o=[]};cb=function(a){a=a.bE.charCodeAt(a.Id++);return kaa[a]};db=function(a){let b=0,c=0,d;do d=cb(a),b|=(d&31)<<c,c+=5;while(d&32);return b<0?b+4294967296:b};eb=function(){this.Qa=this.oa=null};hb=function(a){if(_.fb)a(_.fb);else{let b;((b=gb)!=null?b:gb=[]).push(a)}};
_.kb=function(){!_.fb&&_.ib&&_.jb(_.ib());return _.fb};_.jb=function(a){_.fb=a;let b;(b=gb)==null||b.forEach(hb);gb=void 0};_.q=function(a){_.fb&&laa(a)};_.v=function(){_.fb&&maa(_.fb)};naa=function(a,b){a.__closure__error__context__984382||(a.__closure__error__context__984382={});a.__closure__error__context__984382.severity=b};_.ob=function(a){a=oaa(a);a=lb(a);mb||(mb=paa());mb(a)};saa=function(){let a;for(;a=qaa.remove();){try{a.Pk.call(a.scope)}catch(b){_.da(b)}raa.put(a)}qb=!1};
_.rb=function(a,b,c){for(const d in a)b.call(c,a[d],d,a)};_.sb=function(a,b){const c={};for(const d in a)b.call(void 0,a[d],d,a)&&(c[d]=a[d]);return c};_.tb=function(a,b,c){const d={};for(const e in a)d[e]=b.call(c,a[e],e,a);return d};_.ub=function(a){const b=[];let c=0;for(const d in a)b[c++]=a[d];return b};_.vb=function(a){const b=[];let c=0;for(const d in a)b[c++]=d;return b};_.wb=function(a){for(const b in a)return!1;return!0};_.xb=function(a){const b={};for(const c in a)b[c]=a[c];return b};
_.yb=function(a,b){let c,d;for(let e=1;e<arguments.length;e++){d=arguments[e];for(c in d)a[c]=d[c];for(let f=0;f<taa.length;f++)c=taa[f],Object.prototype.hasOwnProperty.call(d,c)&&(a[c]=d[c])}};uaa=function(a){const b=arguments.length;if(b==1&&Array.isArray(arguments[0]))return uaa.apply(null,arguments[0]);const c={};for(let d=0;d<b;d++)c[arguments[d]]=!0;return c};_.vaa=function(a){const b=[];let c=0;for(let d=0;d<a.length;d++){let e=a.charCodeAt(d);e>255&&(b[c++]=e&255,e>>=8);b[c++]=e}return b};
_.zb=function(a,b){return a.lastIndexOf(b,0)==0};_.Ab=function(a,b){const c=a.length-b.length;return c>=0&&a.indexOf(b,c)==c};_.Db=function(a){return/^[\s\xa0]*$/.test(a)};_.Fb=function(a){return _.Eb().toLowerCase().indexOf(a.toLowerCase())!=-1};
_.Jb=function(a,b){let c=0;a=String(a).trim().split(".");b=String(b).trim().split(".");const d=Math.max(a.length,b.length);for(let g=0;c==0&&g<d;g++){var e=a[g]||"",f=b[g]||"";do{e=/(\d*)(\D*)(.*)/.exec(e)||["","","",""];f=/(\d*)(\D*)(.*)/.exec(f)||["","","",""];if(e[0].length==0&&f[0].length==0)break;c=Hb(e[1].length==0?0:parseInt(e[1],10),f[1].length==0?0:parseInt(f[1],10))||Hb(e[2].length==0,f[2].length==0)||Hb(e[2],f[2]);e=e[3];f=f[3]}while(c==0)}return c};
Hb=function(a,b){return a<b?-1:a>b?1:0};_.Eb=function(){var a=_.ca.navigator;return a&&(a=a.userAgent)?a:""};Mb=function(a){if(!Kb||!Lb)return!1;for(let b=0;b<Lb.brands.length;b++){const {brand:c}=Lb.brands[b];if(c&&c.indexOf(a)!=-1)return!0}return!1};_.Nb=function(a){return _.Eb().indexOf(a)!=-1};Ob=function(){return Kb?!!Lb&&Lb.brands.length>0:!1};_.Qb=function(){return Ob()?!1:_.Nb("Opera")};_.Rb=function(){return Ob()?!1:_.Nb("Trident")||_.Nb("MSIE")};_.Sb=function(){return Ob()?!1:_.Nb("Edge")};
_.Tb=function(){return Ob()?Mb("Microsoft Edge"):_.Nb("Edg/")};_.Ub=function(){return Ob()?Mb("Opera"):_.Nb("OPR")};_.Vb=function(){return _.Nb("Firefox")||_.Nb("FxiOS")};_.Zb=function(){return _.Nb("Safari")&&!(_.Wb()||_.Yb()||_.Qb()||_.Sb()||_.Tb()||_.Ub()||_.Vb()||_.Nb("Silk")||_.Nb("Android"))};_.Yb=function(){return Ob()?!1:_.Nb("Coast")};_.Wb=function(){return Ob()?Mb("Chromium"):(_.Nb("Chrome")||_.Nb("CriOS"))&&!_.Sb()||_.Nb("Silk")};
_.ac=function(){return _.Nb("Android")&&!(_.Wb()||_.Vb()||_.Qb()||_.Nb("Silk"))};waa=function(a){const b={};a.forEach(c=>{b[c[0]]=c[1]});return c=>b[c.find(d=>d in b)]||""};
xaa=function(a){var b=_.Eb();if(a==="Internet Explorer"){if(_.Rb())if((a=/rv: *([\d\.]*)/.exec(b))&&a[1])b=a[1];else{a="";var c=/MSIE +([\d\.]+)/.exec(b);if(c&&c[1])if(b=/Trident\/(\d.\d)/.exec(b),c[1]=="7.0")if(b&&b[1])switch(b[1]){case "4.0":a="8.0";break;case "5.0":a="9.0";break;case "6.0":a="10.0";break;case "7.0":a="11.0"}else a="7.0";else a=c[1];b=a}else b="";return b}const d=RegExp("([A-Z][\\w ]+)/([^\\s]+)\\s*(?:\\((.*?)\\))?","g");c=[];let e;for(;e=d.exec(b);)c.push([e[1],e[2],e[3]||void 0]);
b=waa(c);switch(a){case "Opera":if(_.Qb())return b(["Version","Opera"]);if(_.Ub())return b(["OPR"]);break;case "Microsoft Edge":if(_.Sb())return b(["Edge"]);if(_.Tb())return b(["Edg"]);break;case "Chromium":if(_.Wb())return b(["Chrome","CriOS","HeadlessChrome"])}return a==="Firefox"&&_.Vb()||a==="Safari"&&_.Zb()||a==="Android Browser"&&_.ac()||a==="Silk"&&_.Nb("Silk")?(b=c[2])&&b[1]||"":""};
_.dc=function(a){if(Ob()&&a!=="Silk"){var b=Lb.brands.find(({brand:c})=>c===a);if(!b||!b.version)return NaN;b=b.version.split(".")}else{b=xaa(a);if(b==="")return NaN;b=b.split(".")}return b.length===0?NaN:Number(b[0])};ec=function(){return Kb?!!Lb&&!!Lb.platform:!1};_.fc=function(){return ec()?Lb.platform==="Android":_.Nb("Android")};hc=function(){return _.Nb("iPhone")&&!_.Nb("iPod")&&!_.Nb("iPad")};_.ic=function(){return hc()||_.Nb("iPad")||_.Nb("iPod")};
_.jc=function(){return ec()?Lb.platform==="macOS":_.Nb("Macintosh")};_.yaa=function(){return ec()?Lb.platform==="Windows":_.Nb("Windows")};_.zaa=function(){return ec()?Lb.platform==="Chrome OS":_.Nb("CrOS")};Aaa=function(){return hc()||_.Nb("iPod")};Baa=function(){return _.Zb()&&!_.ic()};
_.kc=function(a,b){b===void 0&&(b=0);_.Caa();b=Daa[b];const c=Array(Math.floor(a.length/3)),d=b[64]||"";let e=0,f=0;for(;e<a.length-2;e+=3){var g=a[e],k=a[e+1],l=a[e+2],m=b[g>>2];g=b[(g&3)<<4|k>>4];k=b[(k&15)<<2|l>>6];l=b[l&63];c[f++]=m+g+k+l}m=0;l=d;switch(a.length-e){case 2:m=a[e+1],l=b[(m&15)<<2]||d;case 1:a=a[e],c[f]=b[a>>2]+b[(a&3)<<4|m>>4]+l+d}return c.join("")};_.lc=function(a,b){return b?_.kc(_.vaa(a),b):_.ca.btoa(a)};
_.Caa=function(){if(!_.mc){_.mc={};var a="ABCDEFGHIJKLMNOPQRSTUVWXYZabcdefghijklmnopqrstuvwxyz0123456789".split(""),b=["+/=","+/","-_=","-_.","-_"];for(let c=0;c<5;c++){const d=a.concat(b[c].split(""));Daa[c]=d;for(let e=0;e<d.length;e++){const f=d[e];_.mc[f]===void 0&&(_.mc[f]=e)}}}};_.nc=function(a){return a!=null&&a instanceof Uint8Array};_.oc=function(a){a=Error(a);naa(a,"warning");return a};
pc=function(a,b){if(a!=null){var c;var d=(c=Eaa)!=null?c:Eaa={};c=d[a]||0;c>=b||(d[a]=c+1,a=Error(),naa(a,"incident"),_.da(a))}};_.rc=function(){return typeof BigInt==="function"};_.uc=function(a,b=!1){return b&&Symbol.for&&a?Symbol.for(a):a!=null?Symbol(a):Symbol()};_.xc=function(a,b){a[_.vc]|=b};Faa=function(a){if(4&a)return 512&a?512:1024&a?1024:0};_.yc=function(a){_.xc(a,34);return a};_.zc=function(a){_.xc(a,8192);return a};_.Ac=function(a){_.xc(a,32);return a};
_.Bc=function(a){return a[Gaa]===Haa};_.Fc=function(a,b){return b===void 0?a.ua!==_.Cc&&!!(2&(a.Lc[_.vc]|0)):!!(2&b)&&a.ua!==_.Cc};_.Gc=function(a,b){a.ua=b?_.Cc:void 0};_.Lc=function(a,b,c){if(a==null){if(!c)throw Error();}else if(typeof a==="string")a=a?new _.Ic(a,_.Jc):_.Kc();else if(a.constructor!==_.Ic)if(_.nc(a))a=a.length?new _.Ic(new Uint8Array(a),_.Jc):_.Kc();else{if(!b)throw Error();a=void 0}return a};Iaa=function(a,b){if(typeof b!=="number"||b<0||b>a.length)throw Error();};
_.Mc=function(a){a.sOa=!0;return a};_.Pc=function(a){var b=a;if(Jaa(b)){if(!/^\s*(?:-?[1-9]\d*|0)?\s*$/.test(b))throw Error(String(b));}else if(Kaa(b)&&!Number.isSafeInteger(b))throw Error(String(b));return Nc?BigInt(a):a=Laa(a)?a?"1":"0":Jaa(a)?a.trim()||"0":String(a)};Maa=function(a,b){if(a.length>b.length)return!1;if(a.length<b.length||a===b)return!0;for(let c=0;c<a.length;c++){const d=a[c],e=b[c];if(d>e)return!1;if(d<e)return!0}};Naa=function(a){const b=a>>>0;Qc=b;Rc=(a-b)/4294967296>>>0};
Uc=function(a){if(a<0){Naa(-a);const [b,c]=Sc(Qc,Rc);Qc=b>>>0;Rc=c>>>0}else Naa(a)};Oaa=function(a,b){const c=b*4294967296+(a>>>0);return Number.isSafeInteger(c)?c:_.Vc(a,b)};_.Paa=function(a,b){const c=b&2147483648;c&&(a=~a+1>>>0,b=~b>>>0,a==0&&(b=b+1>>>0));a=Oaa(a,b);return typeof a==="number"?c?-a:a:c?"-"+a:a};
_.Vc=function(a,b){b>>>=0;a>>>=0;if(b<=2097151)var c=""+(4294967296*b+a);else _.rc()?c=""+(BigInt(b)<<BigInt(32)|BigInt(a)):(c=(a>>>24|b<<8)&16777215,b=b>>16&65535,a=(a&16777215)+c*6777216+b*6710656,c+=b*8147497,b*=2,a>=1E7&&(c+=a/1E7>>>0,a%=1E7),c>=1E7&&(b+=c/1E7>>>0,c%=1E7),c=b+Qaa(c)+Qaa(a));return c};Qaa=function(a){a=String(a);return"0000000".slice(a.length)+a};
_.Wc=function(a,b){if(b&2147483648)if(_.rc())a=""+(BigInt(b|0)<<BigInt(32)|BigInt(a>>>0));else{const [c,d]=Sc(a,b);a="-"+_.Vc(c,d)}else a=_.Vc(a,b);return a};
Raa=function(a){if(a.length<16)Uc(Number(a));else if(_.rc())a=BigInt(a),Qc=Number(a&BigInt(4294967295))>>>0,Rc=Number(a>>BigInt(32)&BigInt(4294967295));else{const b=+(a[0]==="-");Rc=Qc=0;const c=a.length;for(let d=b,e=(c-b)%6+b;e<=c;d=e,e+=6){const f=Number(a.slice(d,e));Rc*=1E6;Qc=Qc*1E6+f;Qc>=4294967296&&(Rc+=Math.trunc(Qc/4294967296),Rc>>>=0,Qc>>>=0)}if(b){const [d,e]=Sc(Qc,Rc);Qc=d;Rc=e}}};Sc=function(a,b){b=~b;a?a=~a+1:b+=1;return[a,b]};
_.Xc=function(a,b=`unexpected value ${a}!`){throw Error(b);};_.Zc=function(a){if(a!=null&&typeof a!=="number")throw Error("C`"+typeof a+"`"+a);return a};_.ad=function(a){if(a==null||typeof a==="number")return a;if(a==="NaN"||a==="Infinity"||a==="-Infinity")return Number(a)};_.bd=function(a){if(a!=null&&typeof a!=="boolean")throw Error("D`"+Saa(a)+"`"+a);return a};_.dd=function(a){switch(typeof a){case "bigint":return!0;case "number":return cd(a);case "string":return Taa.test(a);default:return!1}};
_.ed=function(a){if(!cd(a))throw _.oc("enum");return a|0};_.fd=function(a){return a==null?a:cd(a)?a|0:void 0};_.gd=function(a){if(typeof a!=="number")throw _.oc("int32");if(!cd(a))throw _.oc("int32");return a|0};_.hd=function(a){return a==null?a:_.gd(a)};_.jd=function(a){if(a==null)return a;if(typeof a==="string"&&a)a=+a;else if(typeof a!=="number")return;return cd(a)?a|0:void 0};_.kd=function(a){if(typeof a!=="number")throw _.oc("uint32");if(!cd(a))throw _.oc("uint32");return a>>>0};
_.Uaa=function(a){if(a==null)return a;if(typeof a==="string"&&a)a=+a;else if(typeof a!=="number")return;return cd(a)?a>>>0:void 0};
Xaa=function(a){var b=void 0;b!=null||(b=_.ld?1024:0);if(!_.dd(a))throw _.oc("int64");const c=typeof a;switch(b){case 512:switch(c){case "string":return _.md(a);case "bigint":return String((0,_.nd)(64,a));default:return od(a)}case 1024:switch(c){case "string":return Vaa(a);case "bigint":return _.Pc((0,_.nd)(64,a));default:return Waa(a)}case 0:switch(c){case "string":return _.md(a);case "bigint":return _.Pc((0,_.nd)(64,a));default:return _.pd(a)}default:return _.Xc(b,"Unknown format requested type for int64")}};
_.qd=function(a){return a==null?a:Xaa(a)};Yaa=function(a){const b=a.length;if(a[0]==="-"?b<20||b===20&&a<="-9223372036854775808":b<19||b===19&&a<="9223372036854775807")return a;Raa(a);return _.Wc(Qc,Rc)};_.Zaa=function(a){if(a[0]==="-")var b=!1;else b=a.length,b=b<20?!0:b===20&&a<="18446744073709551615";if(b)return a;Raa(a);return _.Vc(Qc,Rc)};_.pd=function(a){a=(0,_.rd)(a);(0,_.sd)(a)||(Uc(a),a=_.Paa(Qc,Rc));return a};_.td=function(a){a=(0,_.rd)(a);a>=0&&(0,_.sd)(a)||(Uc(a),a=Oaa(Qc,Rc));return a};
od=function(a){a=(0,_.rd)(a);(0,_.sd)(a)?a=String(a):(Uc(a),a=_.Wc(Qc,Rc));return a};_.$aa=function(a){a=(0,_.rd)(a);a>=0&&(0,_.sd)(a)?a=String(a):(Uc(a),a=_.Vc(Qc,Rc));return a};_.md=function(a){var b=(0,_.rd)(Number(a));if((0,_.sd)(b))return String(b);b=a.indexOf(".");b!==-1&&(a=a.substring(0,b));return Yaa(a)};Vaa=function(a){var b=(0,_.rd)(Number(a));if((0,_.sd)(b))return _.Pc(b);b=a.indexOf(".");b!==-1&&(a=a.substring(0,b));return _.rc()?_.Pc((0,_.nd)(64,BigInt(a))):_.Pc(Yaa(a))};
Waa=function(a){return(0,_.sd)(a)?_.Pc(_.pd(a)):_.Pc(od(a))};_.aba=function(a){return(0,_.sd)(a)?_.Pc(_.td(a)):_.Pc(_.$aa(a))};_.bba=function(a){var b=(0,_.rd)(Number(a));if((0,_.sd)(b)&&b>=0)return _.Pc(b);b=a.indexOf(".");b!==-1&&(a=a.substring(0,b));return _.rc()?_.Pc((0,_.ud)(64,BigInt(a))):_.Pc(_.Zaa(a))};_.vd=function(a,b=!1){const c=typeof a;if(a==null)return a;if(c==="bigint")return String((0,_.nd)(64,a));if(_.dd(a))return c==="string"?_.md(a):b?od(a):_.pd(a)};
_.wd=function(a){const b=typeof a;if(a==null)return a;if(b==="bigint")return _.Pc((0,_.nd)(64,a));if(_.dd(a))return b==="string"?Vaa(a):Waa(a)};cba=function(a){const b=typeof a;if(a==null)return a;if(b==="bigint")return _.Pc((0,_.ud)(64,a));if(_.dd(a))return b==="string"?_.bba(a):_.aba(a)};_.xd=function(a){if(typeof a!=="string")throw Error();return a};_.yd=function(a){if(a!=null&&typeof a!=="string")throw Error();return a};_.Ad=function(a){return a==null||typeof a==="string"?a:void 0};
_.Dd=function(a,b,c,d){if(a!=null&&_.Bc(a))return a;if(!Array.isArray(a))return c?d&2?b[_.Bd]||(b[_.Bd]=_.Cd(b)):new b:void 0;c=a[_.vc]|0;d=c|d&32|d&2;d!==c&&(a[_.vc]=d);return new b(a)};_.Cd=function(a){a=new a;_.yc(a.Lc);return a};_.Ed=function(a){return a};dba=function(a){return a};eba=function(a,b,c,d,e,f){a=_.Dd(a,d,c,f);e&&(a=_.Fd(a));return a};fba=function(a){return[a,this.get(a)]};_.Jd=function(a){const b=_.Gd(_.Hd);return b?a[b]:void 0};
Kd=function(a,b,c){if(_.Gd(gba)&&_.Gd(_.Hd)&&c===gba&&(a=a.Lc,c=a[_.Hd])&&(c=c.JB))try{c(a,b,hba)}catch(d){_.da(d)}};Ld=function(a,b){const c=_.Gd(_.Hd);let d;c&&((d=a[c])==null?void 0:d[b])!=null&&pc(iba,3)};kba=function(a,b){b<100||pc(jba,1)};
_.Pd=function(a,b,c,d){const e=d!==void 0;d=!!d;var f=_.Gd(_.Hd),g;!e&&f&&(g=a[f])&&g.Ty(kba);f=[];var k=a.length;let l;g=4294967295;let m=!1;const n=!!(b&64),p=n?b&128?0:-1:void 0;if(!(b&1||(l=k&&a[k-1],l!=null&&typeof l==="object"&&l.constructor===Object?(k--,g=k):l=void 0,!n||b&128||e))){m=!0;var r;g=((r=Md)!=null?r:_.Ed)(g-p,p,a,l,void 0)+p}b=void 0;for(r=0;r<k;r++){let u=a[r];if(u!=null&&(u=c(u,d))!=null)if(n&&r>=g){const w=r-p;var t=void 0;((t=b)!=null?t:b={})[w]=u}else f[r]=u}if(l)for(let u in l){t=
l[u];if(t==null||(t=c(t,d))==null)continue;k=+u;let w;if(n&&!Number.isNaN(k)&&(w=k+p)<g)f[w]=t;else{let z;((z=b)!=null?z:b={})[u]=t}}b&&(m?f.push(b):f[g]=b);e&&_.Gd(_.Hd)&&(a=_.Jd(a))&&"function"==typeof _.Od&&a instanceof _.Od&&(f[_.Hd]=a.j());return f};lba=function(a){a[0]=_.Qd(a[0]);a[1]=_.Qd(a[1]);return a};
_.Qd=function(a){switch(typeof a){case "number":return Number.isFinite(a)?a:""+a;case "bigint":return(0,_.Rd)(a)?Number(a):""+a;case "boolean":return a?1:0;case "object":if(Array.isArray(a)){const b=a[_.vc]|0;return a.length===0&&b&1?void 0:_.Pd(a,b,_.Qd)}if(a!=null&&_.Bc(a))return Sd(a);if(a instanceof _.Ic)return _.Td(a);if(a instanceof _.Ud)return a=a.size!==0?a.uC(lba):void 0,a;return}return a};_.Vd=function(a,b){if(b){Md=b==null||b===_.Ed||b[mba]!==nba?_.Ed:b;try{return Sd(a)}finally{Md=void 0}}return Sd(a)};
Sd=function(a){a=a.Lc;return _.Pd(a,a[_.vc]|0,_.Qd)};_.oba=function(a){if(!Array.isArray(a))throw Error();if(Object.isFrozen(a)||Object.isSealed(a)||!Object.isExtensible(a))throw Error();return a};
_.rba=function(a,b,c,d=0){if(a==null){var e=32;c?(a=[c],e|=128):a=[];b&&(e=e&-16760833|(b&1023)<<14)}else{if(!Array.isArray(a))throw Error("F");e=a[_.vc]|0;if(pba&&1&e)throw Error("G");2048&e&&!(2&e)&&qba();if(e&256)throw Error("H");if(e&64)return(e|d)!==e&&(a[_.vc]=e|d),a;if(c&&(e|=128,c!==a[0]))throw Error("I");a:{c=a;e|=64;var f=c.length;if(f){var g=f-1;const l=c[g];if(l!=null&&typeof l==="object"&&l.constructor===Object){b=e&128?0:-1;g-=b;if(g>=1024)throw Error("K");for(var k in l)if(f=+k,f<g)c[f+
b]=l[k],delete l[k];else break;e=e&-16760833|(g&1023)<<14;break a}}if(b){k=Math.max(b,f-(e&128?0:-1));if(k>1024)throw Error("L");e=e&-16760833|(k&1023)<<14}}}a[_.vc]=e|64|d;return a};qba=function(){if(pba)throw Error("J");pc(sba,5)};
vba=function(a,b){if(typeof a!=="object")return a;if(Array.isArray(a)){var c=a[_.vc]|0;return a.length===0&&c&1?void 0:tba(a,c,b)}if(a!=null&&_.Bc(a))return uba(a);if(a instanceof _.Ud){b=a.Vm;if(b&2)return a;if(!a.size)return;c=_.yc(a.uC());if(a.yo)for(a=0;a<c.length;a++){const d=c[a];let e=d[1];e==null||typeof e!=="object"?e=void 0:e!=null&&_.Bc(e)?e=uba(e):Array.isArray(e)?e=tba(e,e[_.vc]|0,!!(b&32)):e=void 0;d[1]=e}return c}if(a instanceof _.Ic)return a};
tba=function(a,b,c){if(b&2)return a;!c||4096&b||16&b?a=_.Wd(a,b,!1,c&&!(b&16)):(_.xc(a,34),b&4&&Object.freeze(a));return a};Xd=function(a,b,c){a=new a.constructor(b);c&&_.Gc(a,!0);a.bw=_.Cc;return a};uba=function(a){const b=a.Lc,c=b[_.vc]|0;return _.Fc(a,c)?a:_.Yd(a,b,c)?Xd(a,b):_.Wd(b,c)};_.Wd=function(a,b,c,d){d!=null||(d=!!(34&b));a=_.Pd(a,b,vba,d);d=32;c&&(d|=2);b=b&16769217|d;a[_.vc]=b;return a};
_.Fd=function(a){const b=a.Lc,c=b[_.vc]|0;return _.Fc(a,c)?_.Yd(a,b,c)?Xd(a,b,!0):new a.constructor(_.Wd(b,c,!1)):a};_.Zd=function(a){const b=a.Lc,c=b[_.vc]|0;return _.Fc(a,c)?a:_.Yd(a,b,c)?Xd(a,b):new a.constructor(_.Wd(b,c,!0))};_.$d=function(a){if(a.ua!==_.Cc)return!1;var b=a.Lc;b=_.Wd(b,b[_.vc]|0);_.xc(b,2048);a.Lc=b;_.Gc(a,!1);a.bw=void 0;return!0};_.ae=function(a){if(!_.$d(a)&&_.Fc(a,a.Lc[_.vc]|0))throw Error();};_.be=function(a,b){b===void 0&&(b=a[_.vc]|0);b&32&&!(b&4096)&&(a[_.vc]=b|4096)};
_.Yd=function(a,b,c){return c&2?!0:c&32&&!(c&4096)?(b[_.vc]=c|2,_.Gc(a,!0),!0):!1};_.ce=function(a,b,c,d,e){const f=c+(e?0:-1);var g=a.length-1;if(g>=1+(e?0:-1)&&f>=g){const k=a[g];if(k!=null&&typeof k==="object"&&k.constructor===Object)return k[c]=d,b}if(f<=g)return a[f]=d,b;if(d!==void 0){let k;g=((k=b)!=null?k:b=a[_.vc]|0)>>14&1023||536870912;c>=g?d!=null&&(a[g+(e?0:-1)]={[c]:d}):a[f]=d}return b};
_.he=function(a,b,c,d,e,f){let g=a.Lc,k=g[_.vc]|0;d=_.Fc(a,k)?1:d;e=!!e||d===3;d===2&&_.$d(a)&&(g=a.Lc,k=g[_.vc]|0);a=_.de(g,b,f);let l=a===_.ee?7:a[_.vc]|0,m=_.fe(l,k);var n=4&m?!1:!0;if(n){4&m&&(a=[...a],l=0,m=_.ge(m,k),k=_.ce(g,k,b,a,f));let p=0,r=0;for(;p<a.length;p++){const t=c(a[p]);t!=null&&(a[r++]=t)}r<p&&(a.length=r);c=(m|4)&-513;m=c&=-1025;m&=-4097}m!==l&&(a[_.vc]=m,2&m&&Object.freeze(a));return a=wba(a,m,g,k,b,f,d,n,e)};
wba=function(a,b,c,d,e,f,g,k,l){let m=b;g===1||(g!==4?0:2&b||!(16&b)&&32&d)?_.ie(b)||(b|=!a.length||k&&!(4096&b)||32&d&&!(4096&b||16&b)?2:256,b!==m&&(a[_.vc]=b),Object.freeze(a)):(g===2&&_.ie(b)&&(a=[...a],m=0,b=_.ge(b,d),d=_.ce(c,d,e,a,f)),_.ie(b)||(l||(b|=16),b!==m&&(a[_.vc]=b)));2&b||!(4096&b||16&b)||_.be(c,d);return a};_.de=function(a,b,c){a=_.je(a,b,c);return Array.isArray(a)?a:_.ee};_.fe=function(a,b){2&b&&(a|=2);return a|1};_.ie=function(a){return!!(2&a)&&!!(4&a)||!!(256&a)};
xba=function(a){return _.Lc(a,!0,!0)};_.ke=function(a,b,c,d,e){_.ae(a);const f=a.Lc;let g=f[_.vc]|0;if(c==null)return _.ce(f,g,b,void 0,e),a;let k=c===_.ee?7:c[_.vc]|0,l=k;var m=_.ie(k);let n=m||Object.isFrozen(c);m||(k=0);n||(c=[...c],l=0,k=_.ge(k,g),n=!1);k|=5;var p;m=(p=Faa(k))!=null?p:_.ld?1024:0;k|=m;for(p=0;p<c.length;p++){const r=c[p],t=d(r,m);Object.is(r,t)||(n&&(c=[...c],l=0,k=_.ge(k,g),n=!1),c[p]=t)}k!==l&&(n&&(c=[...c],k=_.ge(k,g)),c[_.vc]=k);_.ce(f,g,b,c,e);return a};
_.le=function(a,b,c,d,e){_.ae(a);const f=a.Lc;_.ce(f,f[_.vc]|0,b,(d==="0"?Number(c)===0:c===d)?void 0:c,e);return a};me=function(a){let b;return(b=a[yba])!=null?b:a[yba]=new Map};_.zba=function(a,b,c,d){const e=me(a),f=ne(e,a,b,c);f!==d&&(f&&(b=_.ce(a,b,f)),e.set(c,d));return b};ne=function(a,b,c,d){let e=a.get(d);if(e!=null)return e;e=0;for(let f=0;f<d.length;f++){const g=d[f];_.je(b,g,void 0)!=null&&(e!==0&&(c=_.ce(b,c,e,void 0,void 0)),e=g)}a.set(d,e);return e};
_.oe=function(a,b,c,d,e){let f=!1;d=_.je(a,d,e,g=>{const k=_.Dd(g,c,!1,b);f=k!==g&&k!=null;return k});if(d!=null)return f&&!_.Fc(d)&&_.be(a,b),d};
_.pe=function(a,b,c,d,e,f,g,k,l){var m=_.Fc(a,c);f=m?1:f;k=!!k||f===3;m=l&&!m;(f===2||m)&&_.$d(a)&&(b=a.Lc,c=b[_.vc]|0);a=_.de(b,e,g);var n=a===_.ee?7:a[_.vc]|0,p=_.fe(n,c);if(l=!(4&p)){var r=a,t=c;const u=!!(2&p);u&&(t|=2);let w=!u,z=!0,y=0,A=0;for(;y<r.length;y++){const D=_.Dd(r[y],d,!1,t);if(D instanceof d){if(!u){const C=_.Fc(D);w&&(w=!C);z&&(z=C)}r[A++]=D}}A<y&&(r.length=A);p|=4;p=z?p&-4097:p|4096;p=w?p|8:p&-9}p!==n&&(a[_.vc]=p,2&p&&Object.freeze(a));if(m&&!(8&p||!a.length&&(f===1||(f!==4?0:
2&p||!(16&p)&&32&c)))){_.ie(p)&&(a=[...a],p=_.ge(p,c),c=_.ce(b,c,e,a,g));d=a;m=p;for(n=0;n<d.length;n++)r=d[n],p=_.Fd(r),r!==p&&(d[n]=p);m|=8;p=m=d.length?m|4096:m&-4097;a[_.vc]=p}return a=wba(a,p,b,c,e,g,f,l,k)};Aba=function(a){a==null&&(a=void 0);return a};_.ge=function(a,b){return a=(2&b?a|2:a&-3)&-273};
_.re=function(a,b,c,d,e,f,g,k){_.ae(a);a=_.he(a,b,e,2,!0,f);let l;b=(l=Faa(a===_.ee?7:a[_.vc]|0))!=null?l:_.ld?1024:0;if(k)if(Array.isArray(d))for(g=d.length,k=0;k<g;k++)a.push(c(d[k],b));else for(const m of d)a.push(c(m,b));else g&&Iaa(a),a.push(c(d,b))};
_.se=function(a,b,c,d,e,f){_.ae(a);const g=a.Lc;a=_.pe(a,g,g[_.vc]|0,c,b,2,void 0,!0);f?Iaa(a,e):d=d!=null?d:new c;e!=void 0?a.splice(e,f,d):a.push(d);e=c=a===_.ee?7:a[_.vc]|0;(d=_.Fc(d))?(c&=-9,a.length===1&&(c&=-4097)):c|=4096;c!==e&&(a[_.vc]=c);d||_.be(g)};te=function(){const a=class{constructor(){throw Error();}};Object.setPrototypeOf(a,a.prototype);return a};_.Bba=function(a,b){b==null?(a=a.constructor,a=a[_.Bd]||(a[_.Bd]=_.Cd(a))):a=new a.constructor(_.yc(_.oba(b)));return a};
_.ue=function(a){if(!((a==null?void 0:a.prototype)instanceof _.x))throw Error();return a[_.Bd]||(a[_.Bd]=_.Cd(a))};_.we=function(a,b,c){return new _.ve(a,b,c)};_.Cba=function(a){return()=>a[_.Bd]||(a[_.Bd]=_.Cd(a))};_.ye=function(a){return b=>_.xe(a,b)};Eba=function(a,b,c){let d;c&&(d=b=ze(Ae,c,()=>b));a=b=ze(Ae,a,()=>b);c&&d!==a&&Ae.set(c,a);(c=b.j)&&ze(Dba,c,()=>b);return b};ze=function(a,b,c){let d=a.get(b);d||(d=c(b),a.set(b,d));return d};Be=function(a){return ze(Fba,a.toString(),()=>new Set)};
Ce=function(a,b){Be(b).add(a)};Gba=function(a,b,c,d=!1){return new _.Fe(a,b,c,d)};_.Ge=function(a,b,c,d,e=!1){b=Gba(a,b,c,e);return Eba(a,b,d)};_.B=function(a,b){return _.Ge(a,a,b)};_.He=function(a,b){b=_.Ya(b);b!==void 0&&(a.href=b)};_.Ie=function(a,b=document){let c;const d=(c=b.querySelector)==null?void 0:c.call(b,`${a}[nonce]`);return d==null?"":d.nonce||d.getAttribute("nonce")||""};_.Hba=function(a){const b=_.Ie("script",a.ownerDocument);b&&a.setAttribute("nonce",b)};
_.Je=function(a,b){a.src=_.Qa(b);_.Hba(a)};_.Iba=function(a){if(/^(script|style)$/i.test(a.tagName))throw Error("j");};_.Ke=function(a,b,c){if(b instanceof _.Na)a.href=_.Qa(b).toString(),a.rel=c;else{if(Jba.indexOf(c)===-1)throw Error("S`"+c);b=_.Ya(b);b!==void 0&&(a.href=b,a.rel=c)}};_.Le=function(a,b,c,d,e,f,g){let k="";a&&(k+=a+":");c&&(k+="//",b&&(k+=b+"@"),k+=c,d&&(k+=":"+d));e&&(k+=e);f&&(k+="?"+f);g&&(k+="#"+g);return k};_.Me=function(a,b){return a?b?decodeURI(a):decodeURIComponent(a):a};
_.Oe=function(a,b){return b.match(_.Ne)[a]||null};Kba=function(a){a=_.Oe(1,a);!a&&_.ca.self&&_.ca.self.location&&(a=_.ca.self.location.protocol.slice(0,-1));return a?a.toLowerCase():""};_.Pe=function(a){return _.Me(_.Oe(5,a),!0)};_.Qe=function(a){const b=a.indexOf("#");return b<0?null:a.slice(b+1)};_.Re=function(a){a=a.match(_.Ne);return _.Le(a[1],a[2],a[3],a[4])};
_.Te=function(a,b){if(a){a=a.split("&");for(let c=0;c<a.length;c++){const d=a[c].indexOf("=");let e,f=null;d>=0?(e=a[c].substring(0,d),f=a[c].substring(d+1)):e=a[c];b(e,f?_.Se(f):"")}}};_.Ue=function(a,b){if(!b)return a;var c=a.indexOf("#");c<0&&(c=a.length);let d=a.indexOf("?"),e;d<0||d>c?(d=c,e=""):e=a.substring(d+1,c);a=[a.slice(0,d),e,a.slice(c)];c=a[1];a[1]=b?c?c+"&"+b:b:c;return a[0]+(a[1]?"?"+a[1]:"")+a[2]};
Ve=function(a,b,c){if(Array.isArray(b))for(let d=0;d<b.length;d++)Ve(a,String(b[d]),c);else b!=null&&c.push(a+(b===""?"":"="+_.We(b)))};Lba=function(a,b){const c=[];for(b=b||0;b<a.length;b+=2)Ve(a[b],a[b+1],c);return c.join("&")};_.Xe=function(a){const b=[];for(const c in a)Ve(c,a[c],b);return b.join("&")};_.Ye=function(a,b){const c=arguments.length==2?Lba(arguments[1],0):Lba(arguments,1);return _.Ue(a,c)};
_.Ze=function(a,b,c,d){const e=c.length;for(;(b=a.indexOf(c,b))>=0&&b<d;){var f=a.charCodeAt(b-1);if(f==38||f==63)if(f=a.charCodeAt(b+e),!f||f==61||f==38||f==35)return b;b+=e+1}return-1};_.af=function(a,b){const c=a.search(_.$e);let d=_.Ze(a,0,b,c);if(d<0)return null;let e=a.indexOf("&",d);if(e<0||e>c)e=c;d+=b.length+1;return _.Se(a.slice(d,e!==-1?e:0))};_.bf=function(a,b){return _.xe(b,`[${a.substring(4)}`)};Mba=function(a=window){return a.WIZ_global_data};
_.cf=function(a,b=window){return(b=Mba(b))&&a in b?b[a]:null};_.ef=function(a,b=window){return new _.df(a,_.cf(a,b))};_.hf=function(a){if(!_.ff.has("startup"))throw Error("V`startup");_.Nba.has("startup")?a.apply():_.gf.startup.push(a)};_.jf=function(a,b){b.hasOwnProperty("displayName")||(b.displayName=a.toString());b[Oba]=a};_.mf=function(a){a=a[Oba];return a instanceof _.Fe?a:null};
_.nf=function(a){if(a){if(typeof a.Ej==="function"&&typeof a.description==="string")return a.description;if(a instanceof _.Fe)return`$$XID:${a.toString()}$$`;if(typeof a==="function"){var b=_.mf(a);return b?_.nf(b):`Unregistered object: ${a.name?a.name:`<anonymous (sample methods: ${Pba(a)})>`}`}return a.constructor&&a.constructor!==Object?_.nf(a.constructor):a.description?a.description:((b=a.ze)==null?0:b.token)?`${a.ze.token}`:String(a)}return String(a)};
Pba=function(a){return Object.getOwnPropertyNames(a.prototype).filter(b=>b!=="constructor").slice(0,5).join(", ")};_.pf=function(a){const b=_.of;_.of=a;return b};_.rf=function(a){return a===qf||(a==null?void 0:a.name)==="\u0275NotFound"};_.sf=function(a,b){var c;if((c=a)==null?0:c.isDisposed)throw Error("Y`"+String(a.uy));for(;a!==void 0;){c=a;if(c.Ys)return c.Ys(b,{optional:!0});a=a.parent}return qf};_.tf=function(a,b,c){return{tN:a,token:c,QE:b,value:void 0}};
uf=function(a){return{ze:_.tf("root",void 0,Symbol(a))}};Qba=function(a){const b={},c={},d=[],e=[],f=l=>{if(!c[l]){var m=l instanceof _.Fe?l.o:[];c[l]=[...m];m.forEach(n=>{b[n]=b[n]||[];b[n].push(l)});m.length||d.push(l);m.forEach(f)}};for(a.forEach(f);d.length;){const l=d.shift();e.push(l);b[l]&&b[l].forEach(m=>{_.sa(c[m],l);c[m].length||d.push(m)})}const g={},k=[];e.forEach(l=>{l instanceof _.Fe&&(l=l.j,l==null||g[l]||(g[l]=!0,k.push(l)))});return{ZN:e,ql:k}};
vf=function(a){return(a==null?void 0:a.name)==="CanceledError"};_.wf=function(a){a=Error(a);a.name="CanceledError";return a};zf=function(a){return new _.xf((b,c)=>{_.yf(a,b,c)})};_.Bf=function(a,b=!1){const c=new _.Af;a.ye(d=>{c.callback(d)},d=>{b&&vf(d)?c.cancel():c.j(d)});return c};_.Rba=function(a){a.then(void 0,()=>{});return a};Sba=function(a){let b,c,d;return(d=(c=(b=a==null?void 0:a.displayName)!=null?b:a==null?void 0:a.name)!=null?c:a==null?void 0:a.description)!=null?d:String(a)};
_.Cf=function(a){if(!a.ze)throw Error("ha`"+Sba(a));};_.Ef=function(a){return a[_.Df]!==void 0};_.Ff=function(a=3){const b=_.of;if(!b){switch(a){case 0:a=Error("X");break;case 1:a=Error("Z");break;case 2:a=Error("$");break;default:a=Error("aa")}throw a;}return b};_.Tba=function(a){return _.pf(a)};_.Hf=function(){var a=_.Ff(1);a=_.sf(a,_.Gf);if(!(_.rf(a)||a[Uba]&&!a.zMa))return a.value};
If=function(a){if(!a.isDisposed){a.isDisposed=!0;var b;(b=a[Symbol.dispose])==null||b.call(a);delete a.parent;for(b=a.jE;b;){const c=b.eG;If(b);b=c}a.jE=void 0;a.rC=void 0}};
_.Kf=function(a){const b={state:"NONE"},c={Ys:d=>{let e;switch(d.ze.token){case Vba.ze.token:e=b;break;case Wba.ze.token:e=a.HMa;break;case _.Gf.ze.token:e=a.rootElement;break;case Xba.ze.token:e=a.yM;break;case Yba.ze.token:e=a.Ra;break;case _.Zba.ze.token:e=a.GG;break;case _.$ba.ze.token:e=a.vv;break;case _.Jf.ze.token:e=a.Ng}return e?e:_.aca(c,d)}};return c};
_.aca=function(a,b){for(a=a.parent;a;){var c=a;if(c.Ys)return c.Ys(b);a=a.parent}a=b.ze.token;c=bca[a];c!==void 0?b=c:(c=b.ze.tN,b.ze.QE?(b=b.ze.QE(),a&&c==="root"&&(bca[a]=b)):b=qf);return b};_.Lf=function(){var a=_.Ff(1);a=_.sf(a,Xba);if(!_.rf(a))return a};_.Mf=function(a,b){a=a.getContext(0);a=_.pf(a);try{var c=b()}finally{_.pf(a)}return c};_.Pf=function(a,b){_.Nf(a);if(a[_.Df]!==void 0)throw Error("ia`"+Sba(a));_.Cf(a);const c=_.sf(_.of,a);return _.Of(c,_.nf(a),b==null?void 0:b.optional)};
_.Rf=function(a){try{_.Nf(a),a[_.Df]||_.Cf(a)}catch(b){return _.Qf(b)}return a.ze&&!a[_.Df]?new _.xf(b=>{b(_.Pf(a))}):(new _.xf((b,c)=>{a[_.Df](b,c)})).map(b=>_.Of(b,_.nf(a)))};
_.Wf=function(a){return{description:a.toString(),[_.Df]:(b,c)=>{const d=new _.Sf;_.Tf(_.Uf.kb(),a).flatMap(e=>{if(d.isDisposed())throw new _.Vf(`Lazy injection by ID of ${a} cancelled since the source context ${d.context.uy} was disposed `+"while downloading the injected object. This usually happens when some async logic leaks after a Wiz object is disposed.");return _.Mf(d,()=>_.Rf(e))}).ye(b,c)}}};_.Nf=function(a){if(!_.of)throw Error("na`"+_.nf(a));};
_.Of=function(a,b,c){if(_.rf(a)){if(c)return null;if(a===qf)throw Error("oa`"+b);throw a;}return a};_.Xf=function(a,b){return _.Bf(cca(a,b))};cca=function(a,b){b=_.Kf({Ra:b!=null?b:void 0});b=_.pf(b);try{return _.Rf(a instanceof _.Fe?_.Wf(a):a)}finally{_.pf(b)}};_.Zf=function(a){Yf.push(a)};_.$f=function(a){_.Da(Yf,b=>{_.Xf(b,a).then(void 0,()=>{})})};dca=function(){if(ag){var a=ag.o;for(let b=0;b<Yf.length;b++){const c=Yf[b];_.oa(a,c)||a.push(c)}}};eca=function(){return _.bg(Yf,a=>a.j)};
_.dg=function(a,b){let c=cg[a];c||(c=cg[a]=[]);c.push(b)};_.fca=function(a,b){if(a=cg[a])for(let c=0;c<a.length;c++)a[c](b)};_.gca=function(){return Kb&&Lb?Lb.mobile:!eg()&&(_.Nb("iPod")||_.Nb("iPhone")||_.Nb("Android")||_.Nb("IEMobile"))};eg=function(){return Kb&&Lb?!Lb.mobile&&(_.Nb("iPad")||_.Nb("Android")||_.Nb("Silk")):_.Nb("iPad")||_.Nb("Android")&&!_.Nb("Mobile")||_.Nb("Silk")};_.gg=function(){return!_.gca()&&!eg()};
_.hca=function(){return hc()||_.Nb("iPod")?4:_.Nb("iPad")?5:_.fc()?eg()?3:2:_.gg()?1:0};ica=function(a){if(typeof document!=="undefined"&&document&&document.getElementById&&(a=document.getElementById(a))){const b=a.tagName.toUpperCase();if(b=="SCRIPT"||b=="LINK")return a}return null};
kca=function(a="",b){if(a&&b)throw Error("sa");var c="";const d=_.ca._F_jsUrl;(a=b||ica(a))&&(c=a.src?a.src:a.getAttribute("href"));if(d&&c){if(d!=c)throw Error("ta`"+d+"`"+c);c=d}else c=d||c;if(!jca(c))throw Error("ua");return c};oca=function(){if(lca)return mca;lca=!0;let a;try{a=kca(_.ca._F_jsUrl?"":"base-js")}catch(d){return!1}const b=nca(hg(a)),c=Object.keys(b);if(c.length===0)return!1;hb(d=>{for(const e of c){const f=b[e];for(const g of Object.keys(f))d.pu(e,g)}});return mca=!0};_.jg=function(a){_.ig.add(a.toString())};
ng=function(a,b,c,d,e){a=_.Ge(a,b,d?[d]:void 0,void 0,kg);e&&lg(e).add(a);_.mg.kb().register(a,new pca(a,Be(a),c?Be(c):new Set,lg(a),c?lg(c):new Set,d));return a};_.og=function(a,b){this.x=a!==void 0?a:0;this.y=b!==void 0?b:0};_.pg=function(a,b){this.width=a;this.height=b};qca=function(){this.o=0;this.j=[]};_.qg=function(a){let b;return((b=rca.xNa)!=null?b:a).__wizdispatcher};
_.sg=function(a,b,c){if(!b&&a.hasAttribute("jsshadow"))return null;for(b=0;a=_.rg(a);){if(a&&a===c&&b>0){sca||(sca=!0);break}if(a.hasAttribute("jsslot"))b+=1;else if(a.hasAttribute("jsshadow")&&b>0){--b;continue}if(b<=0)return a}return null};_.rg=function(a){return a?_.tg(a)?_.tg(a):a.parentNode&&a.parentNode.nodeType===11?a.parentNode.host:a.parentElement||null:null};_.ug=function(a,b,c,d){for(c||(a=_.sg(a,d));a&&a!==void 0;){if(b(a))return a;a=_.sg(a,d)}return null};
tca=function(a){if(!a)return[];const b=(_.vg.has(a)?_.vg.get(a):[]).filter(c=>document.documentElement.contains(c));_.vg.set(a,b);return b};xg=function(a,b){let c=a.__wiz;c||(c=a.__wiz={});return c[b.toString()]};_.zg=function(a,b){return _.ug(a,c=>_.yg(c)&&c.hasAttribute("jscontroller"),b,!0)};_.Ag=function(a){"__jsaction"in a&&delete a.__jsaction};
_.Bg=function(a,b,c,d){let e=(a.getAttribute("jsaction")||"").trim();d&&(c=c.bind(d));b=b instanceof Array?b:[b];for(const f of b)uca(e,f)||(e&&!/;$/.test(e)&&(e+=";"),e+=`${f}:.${"CLIENT"}`,d=a,d.setAttribute("jsaction",e),_.Ag(d)),(d=xg(a,f))?d.push(c):a.__wiz[f.toString()]=[c];return{et:b,cb:c,el:a}};
_.Cg=function(a){let b=!0;for(const e of a.et){var c=xg(a.el,e);if(!c){b=!1;continue}const f=_.sa(c,a.cb);if(!c.length){var d=a.el;c=(d.getAttribute("jsaction")||"").trim();const g=`${e}:.${"CLIENT"}`;c=c.replace(g+";","");c=c.replace(g,"");d.setAttribute("jsaction",c);_.Ag(d)}b=b&&f}return b};_.Eg=function(a,b,c,d,e){vca(_.qg(_.Dg(a)),a,b,c,d,e)};_.Fg=function(a,b,c,d,e){a=wca(a,b);for(const f of a)a=e,d&&(a=a||{},a.__source=d),_.Eg(f,b,c,!1,a)};
wca=function(a,b){const c=[],d=e=>{const f=g=>{_.Gg.has(g)&&_.Da(_.Gg.get(g),k=>{_.Hg(a,k)||d(k)});_.Ig(g,b)&&c.push(g)};_.Da(e.querySelectorAll(`[${"jsaction"}*="${b}"],`+"[jscontroller][__IS_OWNER]"),f);_.yg(e)&&f(e)};d(a);return c};_.Ig=function(a,b){const c=a.__jsaction;return c?!!c[b.toString()]:uca(a.getAttribute("jsaction"),b)};
uca=function(a,b){if(!a)return!1;var c=Jg[a];if(c)return!!c[b.toString()];c=xca[b.toString()];c||(c=new RegExp(`(^\\s*${b}\\s*:|[\\s;]${b}\\s*:)`),xca[b.toString()]=c);return c.test(a)};_.Lg=function(a,b=!1){for(const c of Object.keys(a))Kg[c]=a[c],b&&(yca[c]=!0)};_.Mg=function(){var a=_.Ff(1);const b=_.sf(a,Yba);if(!_.rf(b))return b;a=_.sf(a,_.Jf);if(!_.rf(a))return a.ci()};
Og=function(a,b,c,d,e,f){_.Af.call(this,e,f);this.wa=a;this.ya=[];this.Ia=!!b;this.Za=!!c;this.Xa=!!d;this.vd=0;for(b=0;b<a.length;b++)_.yf(a[b],(0,_.Ng)(this.Ka,this,b,!0),(0,_.Ng)(this.Ka,this,b,!1));a.length!=0||this.Ia||this.callback(this.ya)};_.Pg=function(a,b){try{return zca(a,b)}catch(c){return _.Qf(c)}};zca=function(a,b){var c=Object.keys(b);if(!c.length)return _.Rg({});const d={},e=[];for(const f of c)c=Aca(a,b[f],f).map(g=>{d[f]=g}),e.push(c);return _.Sg(e).map(()=>d)};
Aca=function(a,b,c){const d=_.Tba(a.Et());try{const e={};let f=[];if(!(c in Kg))throw Error("Ba`"+c+"`"+a);for(const l of Object.keys(b));let g=Kg[c];yca[c]||(g=Bca(g));const k=g(a,b);for(const l of Object.keys(k)){const m=Cca(k[l],e,c,l,a);f.push(m)}return _.Sg(f).map(()=>e)}finally{_.pf(d)}};Bca=function(a){return(b,c)=>{const d={};for(const e of Object.keys(c))d[e]=a(b,c[e],c,e);return d}};
Cca=function(a,b,c,d,e){if(!a)throw Error("Ca`"+c+"`"+d+"`"+e);return(new _.xf((f,g)=>{a instanceof _.xf?a.ye(f,g):a.then(f,g)})).map(f=>{b[d]=f})};_.Tg=function(a,b){return _.Bf(_.Pg(a,b),!0)};_.Wg=function(a){return _.Ug(a)&&a.Ub!==void 0&&a.Ub instanceof _.Vg&&a.Ab!==void 0&&(a.Nc===void 0||a.Nc instanceof _.x)?!0:!1};
_.Yg=function(a,b){_.Xg.call(this,a?a.type:"");this.relatedTarget=this.currentTarget=this.target=null;this.button=this.screenY=this.screenX=this.clientY=this.clientX=this.offsetY=this.offsetX=0;this.key="";this.charCode=this.keyCode=0;this.metaKey=this.shiftKey=this.altKey=this.ctrlKey=!1;this.state=null;this.pointerId=0;this.pointerType="";this.timeStamp=0;this.Nm=null;a&&this.init(a,b)};
Eca=function(a,b,c,d,e){this.listener=a;this.proxy=null;this.src=b;this.type=c;this.capture=!!d;this.handler=e;this.key=++Dca;this.Yn=this.Eu=!1};Zg=function(a){this.src=a;this.j={};this.o=0};_.bh=function(a,b){_.$g.call(this);this.o=a||1;this.j=b||_.ca;this.O=(0,_.Ng)(this.OO,this);this.ka=_.ah()};Fca=function(a){let b=a.bPa;_.Wg(a)&&(b=a.metadata?!a.metadata.fatal:void 0);return b};
Gca=function(a,b){if(!a)return _.ch();let c=a.Ll;return _.Wg(a)&&(c=a.metadata?a.metadata.Ll:void 0,a.metadata&&a.metadata.yK)?_.Tg(b,{service:{fp:_.dh}}).then(d=>{d=d.service.fp;for(let e of a.metadata.yK)_.eh(d.get(e.LNa),!1)&&(c=e.Ll);return c}):_.ch(c)};Ica=function(a,b,c){return Gca(a,c).then(d=>{if(d==void 0||d<0)return b;let e=!1;b.then(()=>{e=!0},()=>{});d=_.fh(d,_.ch(null));a.metadata&&(a.metadata.pF=!1);d.then(()=>{a.metadata&&(a.metadata.pF=!e)});return _.Hca([b,d])})};
Jca=function(a,b){return Fca(a)?b.dg(function(){return _.ch(null)}):b};Nca=function(a,b){return _.Wg(a)&&a.metadata&&a.metadata.OG?b.then(c=>{if(!c&&a.metadata&&a.metadata.pF){const d=new Kca,e=new _.hh,f=d.constructor;d.j=void 0;c="type.googleapis.com";c.substr(-1)!=="/"&&(c+="/");_.ih(e,1,c+"wiz.data.clients.WizDataTimeoutError");_.jh(e,f,2,d,void 0);return _.Lca(_.Mca(new _.kh,2),[e])}},c=>{if(c instanceof _.lh)return c.status}):b};
Oca=function(a,b){const c=_.Tg(a,{service:{yO:_.mh}});return _.tb(b,d=>c.then(e=>e.service.yO.o(d)))};_.nh=function(){};Pca=function(a){if(a instanceof Object&&!Object.isFrozen(a)){const b=oh(a.fileName||a.filename||a.sourceURL||_.ca.$googDebugFname||location.href);try{a.fileName=b}catch(c){}}};qh=function(a,b){ph[a]=b};_.rh=function(a,b="unknown"){_.Qca(null,a,b)};sh=function(a){_.ab.call(this);this.H=a;this.o=!0;this.j=!1};
Yca=function(a,b,c){th.init();a&&(a=new uh(a,void 0,!0),a=new Rca(a),_.vh.j=a,b&&(a.O=b),Sca(a));b=f=>_.rh(f,"severe");let d=null,e=0;a=function(f){e++;_.ca.$googDebugFname&&f&&f.message&&!f.fileName&&(f.message+=" in "+_.ca.$googDebugFname);d?f&&f.message&&(f.message+=" [Possibly caused by: "+d+"]"):(d=`error:${f} stack:${f.stack}`,qh("moduleLoadExceptions",()=>`first:${d} #received:${e}`));_.rh(f,"severe")};_.wh("_DumpException",a);_.wh("_B_err",a);c&&_.wh("_DumpException",a,c);_.Da([_.ca].concat([]),
_.xh(Tca,_.xh(Uca,!0,b),!0));_.dc("Chromium")>=28||_.dc("Firefox")>=14||_.dc("Internet Explorer")>=11||_.dc("Safari");_.dc("Internet Explorer")<=9||(c=new sh(b),c.o=!0,c.j=!0,Vca(c),yh(c,"setTimeout"),yh(c,"setInterval"),Wca(c),Xca(c),_.vh.o=c)};Uca=function(a,b,c){c.message.indexOf("Error in protected function: ")!=-1||(c.error&&c.error.stack?b(c.error):a||b(c))};_.Zca=function(){const a=_.cf("TSDtV",window);return typeof a!=="string"?null:a};
cda=function(a){const b=_.zh(_.ef("Im6cmf")),c=_.Ah(_.ef("b5W2zf"),"");Yca(`${b}/jserror`,a,c?_.ca[c]:void 0);$ca();if(a=_.vh.j){ada&&(a.o=!0);for(const d of bda)a.j.push(d)}};$ca=function(){qh("buildLabel",_.dda(_.Ah(_.ef("cfb2h"),"")));const a=_.Zca();a&&qh("clientExperimentToken",()=>a)};_.Ch=function(a,b,c){if(!Bh)throw Error("Pa");return Bh(a,b,c)};eda=function(a){return a.hasOwnProperty("Ja")?a.Ja:()=>({})};
fda=function(a,b,c){var d=Object.getPrototypeOf(a);d=d?Object.getPrototypeOf(d):void 0;if(!a||d===_.ab||d===void 0)return _.Rg();d=eda(a).call(a,c);const e=_.Pg(b,d!=null?d:{});d=Object.getPrototypeOf(a);return fda(d,b,c).flatMap(f=>e.map(g=>{g.hb=f;return g})).map(f=>f,f=>{a:{var g=_.nf(a);let k;if(f==null)k=Error("Ra`"+g+"`"+f,{cause:f});else if(typeof f==="string")k=Error("Sa`"+g+"`"+f,{cause:f});else if(f.message){k=f;g=`Failed to retrieve dependencies of service ${g}: ${k.message}`;try{k.message=
g}catch(l){f=Error("Ta`"+g+"`"+l,{cause:f});break a}}else try{k=Error("Sa`"+g+"`"+JSON.stringify(f),{cause:f})}catch(l){k=Error("Sa`"+g+"`"+f,{cause:f})}f=k}return f})};_.Dh=function(a){var b=Ae.get(a);return b?b:(b=new _.Fe(a,a,[]),Eba(a,b),b)};
_.Fh=function(a,b=!0){if(!gda.has(a)){gda.add(a);if(a.nodeType===1){var c=a.getAttribute("jsedge");if(c){const d=a.getAttribute("jsmodel"),e=_.Eh(d);c=_.Eh(c);for(let f=0;f<e.length;f++){const g=c[f].split(",");for(let k=0;k<g.length;k++)hb(l=>{l.pu(g[k],e[f])})}}}a.parentNode&&b&&_.Fh(a.parentNode)}};_.Gh=function(a,b){a.__soy_skip_handler=b};Hh=function(){};
ida=function(a,b,c){a=a.style;if(typeof c==="string")a.cssText=c;else{a.cssText="";for(const f in c)if(hda.call(c,f)){b=a;var d=f,e=c[f];d.indexOf("-")>=0?b.setProperty(d,e):b[d]=e}}};jda=function(a,b,c){var d=typeof c;d==="object"||d==="function"?a[b]=c:c==null?a.removeAttribute(b):(d=b.lastIndexOf("xml:",0)===0?"http://www.w3.org/XML/1998/namespace":b.lastIndexOf("xlink:",0)===0?"http://www.w3.org/1999/xlink":null)?a.setAttributeNS(d,b,c):a.setAttribute(b,c)};
_.kda=function(){const a=new Hh;a.__default=jda;a.style=ida;return a};lda=function(a,b,c,d,e){return b==c&&d==e};_.Lh=function(a){var b=_.Ih;let c=_.Jh();for(;c!==a;){const d=c.nextSibling;b.removeChild(c);_.Kh.o.push(c);c=d}};_.Jh=function(){return _.Mh?_.Mh.nextSibling:_.Ih.firstChild};
_.oda=function(a,b={}){const {matches:c=lda}=b;return(d,e,f)=>{const g=_.Kh,k=_.Nh,l=_.Oh,m=_.Ph,n=_.Mh,p=_.Ih,r=_.Qh;_.Nh=d.ownerDocument;_.Kh=new mda(d);_.Qh=c;_.Ph=[];_.Mh=null;var t=_.Ih=d.parentNode,u,w=nda.call(d);if((u=w.nodeType===11||w.nodeType===9?w.activeElement:null)&&d.contains(u)){for(w=[];u!==t;)w.push(u),u=u.parentNode||(t?u.host:null);t=w}else t=[];_.Oh=t;try{return a(d,e,f)}finally{d=_.Kh,_.Rh&&d.j.length>0&&(0,_.Rh)(d.j),_.Sh&&d.o.length>0&&(0,_.Sh)(d.o),_.Nh=k,_.Kh=g,_.Qh=r,_.Ph=
m,_.Mh=n,_.Ih=p,_.Oh=l}}};_.pda=function(a){return _.oda((b,c,d)=>{_.Ih=_.Mh=b;_.Mh=null;c(d);_.Lh(null);_.Mh=_.Ih;_.Ih=_.Ih.parentNode;return b},a)};Th=function(a,b=""){a=a.__soy;if(!a)throw Error(`${b}

Did not find a Soy {element} on the idom-rendered DOM node. Make sure that the node
is at the root of the Soy {element}.
      `.trim());a.aO();return a};rda=function(a){for(;a&&!a.PD&&!qda(a);)a=a.parentElement;return{element:a,wF:a.PD}};
tda=function(){_.Lg({soy:function(a,b){const c=_.Hf()||_.Lf();let d=`Failed to inject Soy {element} ${b.name} from ${a}.`;var e=c.__soy?Th(c,d):null;if(e)return _.ch(e);const f=rda(c),g=f.element;g.Fx||(g.Fx=new Set);var k=g.Fx;e=new Set;for(var l of k)_.Hg(c,l)&&e.add(l);e.size||(k.add(c),c.__soy_tagged_for_skip=!0);l=f.wF?f.wF.then(()=>{k.clear();var m=c.__soy?Th(c):null;if(m)return m;m=g.__soy;if(!m){m=`Hydration source ${g?document.body.contains(g)?"in dom":"not in dom":"missing"}`;const n=`El source ${document.body.contains(c)?
"in dom":"not in dom"}`;return _.Uh(new sda(`Failed to get Soy {element} ${b.name} from hydration source for ${a}. ${m},${n}`))}m.render();return Th(c,d)}):_.Vh([a.Gi(_.Wh,f.element),_.Tg(a,{service:{hw:_.Xh}})]).then(m=>{const n=m[1].service.hw;return m[0].VK().then(p=>{f.element.getAttribute("jsrenderer");k.clear();g.__incrementalDOMData||n.Iz(g,p.template,p.args);if((!c.__soy||!Th(c))&&g.__incrementalDOMData){p=Error;var r;{let y=c,A=[],D=`hydrationSourceElement: ${document.body.contains(g)?"in dom":
"not in dom"}`;a instanceof _.ab&&a.isDisposed()&&(D+=" (disposed)");if(c){for(r=`element: ${document.body.contains(c)?"in dom":"not in dom"}`;y;){var t=A,u=t.unshift,w=y;const C=[];var z=w.getAttribute("jscontroller");z&&C.push(`jscontroller="${z}"`);(z=w.getAttribute("jsmodel"))&&C.push(`jsmodel="${z}"`);u.call(t,`<${w.tagName}${(" "+C.join(" ")).trimEnd()}>`);if(y.hasAttribute("jscontroller"))break;y=y.parentElement}r=`{${D}, ${r}, dom: ${A.join(" > ")}}`}else r=`{${D}, element: null}`}_.da(new sda(p("Wa`"+
r).message));return null}return Th(c,d)})});c.Fx=e;c.PD=l;return l.then(m=>m)}})};Yh=function(a,b){a:{if(typeof window.Event==="function")try{var c=new Event(a,{bubbles:!1,cancelable:!0});break a}catch(d){}c=document.createEvent("Event");c.initEvent(a,!1,!0)}a=c;a.flow=b;return a};Zh=function(){try{if(typeof window.EventTarget==="function")return new EventTarget}catch(a){}try{return document.createElement("div")}catch(a){}return null};
vda=function(a){let b,c,d,e;return new uda((d=(b=$h(a))==null?void 0:b.name)!=null?d:"",(e=(c=$h(a))==null?void 0:c.element)!=null?e:null,a.j.event,a.j.timeStamp,a.j.eventType,a.j.targetElement)};wda=function(a,b){for(;a&&a.nodeType===Node.ELEMENT_NODE;a=a.parentNode)b(a)};
xda=function(a,b){var c=b||_.ai();b=c.j;const d=c.createElement("STYLE"),e=_.Ie("style",b);e&&d.setAttribute("nonce",e);d.type="text/css";c=c.getElementsByTagName("HEAD")[0];d.styleSheet?d.styleSheet.cssText=a:d.appendChild(b.createTextNode(a));c.appendChild(d);return d};zda=function(a=""){return`${yda.map(b=>`${a} [${b}]`).join(",")},${`${a} [jsaction*="${"trigger"}."]`}`};
Ada=function(a){const b=this.getAttribute(a);Element.prototype.setAttribute.apply(this,arguments);const c=this.getAttribute(a);_.Eg(this,"dyRcpb",{name:a,Yv:c,rN:b},!1)};Bda=function(a){const b=this.getAttribute(a);Element.prototype.removeAttribute.apply(this,arguments);_.Eg(this,"dyRcpb",{name:a,Yv:null,rN:b},!1)};ci=function(){return!!(window.performance&&window.performance.mark&&window.performance.measure&&window.performance.clearMeasures&&window.performance.clearMarks)};
Dda=function(a=vda,b){return c=>new Cda(a(c),b)};Eda=function(a,b){for(let c=0;c<b.length;c++)try{const d=b[c].j(a);if(d!=null&&d.abort)return d}catch(d){_.da(d)}};Fda=function(a,b){for(let c=0;c<b.length;c++)try{b[c].o(a)}catch(d){_.da(d)}};_.di=function(a){let b;return((b=a[Gda])!=null?b:_.Rg()).map(()=>a)};Ida=function(a){const b=[];for(const c of a.get())(a=Hda.get(c.action))&&b.push(a);return b};
Mda=function(a,b,c,d=!1){b=ei(a,b);const e={};for(var f in a){const l=a[f];typeof l!=="function"&&f!=="target"&&f!=="path"&&(e[f]=l)}e.target=c;var g;let k;if(f=(k=a.path)!=null?k:(g=a.composedPath)==null?void 0:g.call(a))for(g=0;g<f.length;g++)if(f[g]===c){e.path=f.slice(g);e.composedPath=()=>e.path;break}e._retarget=b;e._originalEvent=a;d?(c=a[fi],e[fi]=c?c:b):e[fi]=c;a.preventDefault&&(e.defaultPrevented=a.defaultPrevented||!1,e.preventDefault=Jda);a.stopPropagation&&(e._propagationStopped=a._propagationStopped||
!1,e.stopPropagation=Kda,e._immediatePropagationStopped=a._immediatePropagationStopped||!1,e.stopImmediatePropagation=Lda);return e};Jda=function(){this.defaultPrevented=!0;this._originalEvent.preventDefault()};Kda=function(){this._propagationStopped=!0;this._originalEvent.stopPropagation()};Lda=function(){this._immediatePropagationStopped=!0;this._originalEvent.stopImmediatePropagation()};Nda=function(a,b){return(a=a[fi])&&!b.contains(a)?a:b};
ei=function(a,b){let c;return(c=a._retarget)!=null?c:b};Pda=function(a,b,c,d=!0,e){a={type:b,target:a,bubbles:d,[Oda]:!0};c!==void 0&&(a.data=c);e&&(a=Object.assign({},a,e));return a};_.ii=function(a,b,c){if(_.gi&&a.dataset)a.dataset[b]=c;else{if(/-[a-z]/.test(b))throw Error("j");a.setAttribute("data-"+_.hi(b),c)}};_.ji=function(a,b){if(/-[a-z]/.test(b))return null;if(_.gi&&a.dataset){if(_.ac()&&!(b in a.dataset))return null;a=a.dataset[b];return a===void 0?null:a}return a.getAttribute("data-"+_.hi(b))};
_.ki=function(){};_.li=function(a){return{value:a,done:!1}};_.mi=function(a,b){this.o={};this.j=[];this.H=this.size=0;var c=arguments.length;if(c>1){if(c%2)throw Error("q");for(var d=0;d<c;d+=2)this.set(arguments[d],arguments[d+1])}else if(a)if(a instanceof _.mi)for(c=a.bi(),d=0;d<c.length;d++)this.set(c[d],a.get(c[d]));else for(d in a)this.set(d,a[d])};_.pi=function(){return _.ni?"Webkit":_.oi?"Moz":null};_.qi=function(a,b){return b()};
ri=function(a){a.preventDefault?a.preventDefault():a.returnValue=!1};si=function(a){a=a.target;!a.getAttribute&&a.parentNode&&(a=a.parentNode);return a};_.ti=function(a){return Qda&&a.metaKey||!Qda&&a.ctrlKey||a.which===2||a.which==null&&a.button===4||a.shiftKey};
Wda=function(a){var b=a.event;var c=b.which||b.keyCode;!c&&b.key&&(c=Rda[b.key]);Sda&&c===3&&(c=13);if(c!==13&&c!==32)c=!1;else{var d=si(b);(b=b.type!=="keydown"||!!(!("getAttribute"in d)||(d.getAttribute("type")||d.tagName).toUpperCase()in Tda||d.tagName.toUpperCase()==="BUTTON"||d.type&&d.type.toUpperCase()==="FILE"||d.isContentEditable)||b.ctrlKey||b.shiftKey||b.altKey||b.metaKey||(d.getAttribute("type")||d.tagName).toUpperCase()in Uda&&c===32)||((b=d.tagName in Vda)||(b=d.getAttributeNode("tabindex"),
b=b!=null&&b.specified),b=!(b&&!d.disabled));if(b)c=!1;else{b=(d.getAttribute("role")||d.type||d.tagName).toUpperCase();var e=!(b in _.ui)&&c===13;d=d.tagName.toUpperCase()!=="INPUT"||!!d.type;c=(_.ui[b]%c===0||e)&&d}}c&&(a.eiack=!0,a.eventType="click")};
Yda=function(a){var b;if(b=a.eiack){b=a.event;var c=si(b);c=(c.type||c.tagName).toUpperCase();if(!(b=(b.which||b.keyCode)===32&&c!=="CHECKBOX")){b=si(a.event);c=b.tagName.toUpperCase();const d=(b.getAttribute("role")||"").toUpperCase();b=c==="BUTTON"||d==="BUTTON"?!0:!(b.tagName.toUpperCase()in Xda)||c==="A"||c==="SELECT"||(b.getAttribute("type")||b.tagName).toUpperCase()in Uda||(b.getAttribute("type")||b.tagName).toUpperCase()in Tda?!1:!0}}b&&ri(a.event)};
Zda=function(a,b,c){b.eia||b.eventType!=="click"||b.eiack||c.clickonly===void 0||(b.eventType="clickonly",b.eia=[c.clickonly,a])};aea=function(a){if(!$da||a.j.targetElement.tagName!=="INPUT"&&a.j.targetElement.tagName!=="TEXTAREA"||a.j.eventType!=="focus")a=a.j.event,a.stopPropagation&&a.stopPropagation()};bea=function(a,b){a.ecrd(c=>{b.Qf(c)},0)};
cea=function(a){return _.ug(a,b=>{const c=b.hasAttribute("jscontroller");b=b.hasAttribute("jsaction")&&/:\s*trigger\./.test(b.getAttribute("jsaction"));return c||b},!1,!0)};fea=function(a,b,c,d=!1,e){const f=a.trigger;a=a.configure;b=new dea(b,c);const g=new _.vi(f,b,c,e);c&&(eea(_.Uf.kb(),c),_.wi(c,b));a(k=>{bea(k,g.na)});d||b.ka();return g};gea=function(a,b){return _.tb(b,(c,d)=>new _.xf(e=>{_.Pg(a,{jsdata:{[d]:c}}).ye(f=>{e(f.jsdata[d])},()=>{e(null)})}))};
hea=function(a,b){const c=_.Tg(a,{service:{resolver:_.xi}});return _.tb(b,d=>{let e,f,g;typeof d=="function"?e=d:d instanceof _.yi?e=d.Jn:d instanceof _.x?f=d:(d.ctor&&(typeof d.ctor=="function"?e=d.ctor:e=d.ctor.Jn),f=d.pNa,g=d.pG);e=f?f.constructor:e;const k=_.zi(e),l=_.Hf()||_.Lf();g&&a.Ga(k,g,!!f);return c.then(m=>m.service.resolver.resolve(l,e,d.UK,!!f))})};
kea=function(a){let b=window.BOQ_wizbind;const c=window.document;Ai=null;a=iea(b,c,a,Dda(void 0,jea));a.ua=!1;a=a.O;a=(0,_.Ng)(a.ka,a);window.wiz_progress=a;_.Ci(_.Di(_.Ei),_.Fi);_.Lg({data:Gi,afdata:Gi},!0);_.Lg({afdata_o:Gi},!0);_.Lg({jsdata:hea},!0);_.Lg({nd:gea},!0);a()};
lea=function(a=!1){var b={Cq:_.Hi.Dk||_.Hi.fD||_.Hi.gu&&(0,_.Hi.Ov)(3)||_.Hi.Yt||_.Hi.Zt?8E3:4043},c=b.cssRowKey||"";let d=b.bn||"";!c&&window&&window._F_cssRowKey&&(c=window._F_cssRowKey,!d&&window._F_combinedSignature&&(d=window._F_combinedSignature));if(!b.cssRowKey&&c&&typeof window._F_installCss!=="function")throw Error("rb");const e=b.OOa||_.Ii;var f=ica("base-js");var g=kca("",f);g=_.Pa(g);a=new e(g,c,d,!0,a);c=b.KRa||f&&f.hasAttribute("crossorigin");f=b.hNa||f&&f.getAttribute("crossorigin");
c&&(a.Mt=c);f&&(a.mr=f);b.Cq&&(a.Cq=b.Cq);b.fetchPriority&&(a.fetchPriority=b.fetchPriority);b=_.kb();b.Qa=a;b.WG(!0);return a};
_.Ji=function(a,b){this.j=this.qa=this.O="";this.oa=null;this.na=this.H="";this.ka=!1;let c;a instanceof _.Ji?(this.ka=b!==void 0?b:a.ka,_.Ki(this,a.O),this.qa=a.qa,this.j=a.j,_.Li(this,a.oa),_.Mi(this,a.H),_.Ni(this,a.o.clone()),this.na=a.na):a&&(c=String(a).match(_.Ne))?(this.ka=!!b,_.Ki(this,c[1]||"",!0),this.qa=Oi(c[2]||""),this.j=Oi(c[3]||"",!0),_.Li(this,c[4]),_.Mi(this,c[5]||"",!0),_.Ni(this,c[6]||"",!0),this.na=Oi(c[7]||"")):(this.ka=!!b,this.o=new _.Pi(null,this.ka))};
_.Qi=function(a){let b=a;typeof b==="string"?b=new URL(b):a instanceof Location&&(b=new URL(a.href));return b.pathname};_.Si=function(a=window.location){return _.Ri(a)==="/articles"||_.Ri(a)==="/read"};_.Ri=function(a){a=_.Qi(a).replace(_.Ti,"/").match(mea);return(a==null?0:a.length)?a[0]:null};
_.oea=function(a){const b=_.Ri(a);let c="";if(b==="/search")c=_.Ui(new _.Ji(a.href),"q")||"";else if(b==="/stories")c="Full Coverage";else if(b==="/foryou")c="For You";else if(b==="/topics")c="Topic";else if(b==="/publications")c="News Edition";else if(b==="/settings")c="Settings";else if(b==="/showcase")c="News Showcase";else if(_.Si(a))c="Article Reading";else if(b==="/home")c="Home";else if(b==="/")c="Root";else if(b==="/my"){a=_.Qi(a).replace(_.Ti,"/");let d;((d=a.match(nea))==null?0:d.length)?
c="Following":a.includes("my/locations")&&(c="My Locations")}return c};pea=function(a){const b=new Map;for(const c of Object.keys(a))b.set(a[c].string,a[c].Mf);return b};aaa=[];rea=Object.defineProperty;sea=function(a){a=["object"==typeof globalThis&&globalThis,a,"object"==typeof window&&window,"object"==typeof self&&self,"object"==typeof global&&global];for(var b=0;b<a.length;++b){var c=a[b];if(c&&c.Math==Math)return c}throw Error("a");};Vi=sea(this);Wi="Int8 Uint8 Uint8Clamped Int16 Uint16 Int32 Uint32 Float32 Float64".split(" ");
Vi.BigInt64Array&&(Wi.push("BigInt64"),Wi.push("BigUint64"));uea=function(a,b){if(b)for(var c=0;c<Wi.length;c++)tea(Wi[c]+"Array.prototype."+a,b)};Xi=function(a,b){b&&tea(a,b)};tea=function(a,b){var c=Vi;a=a.split(".");for(var d=0;d<a.length-1;d++){var e=a[d];if(!(e in c))return;c=c[e]}a=a[a.length-1];d=c[a];b=b(d);b!=d&&b!=null&&rea(c,a,{configurable:!0,writable:!0,value:b})};
vea=function(a){function b(d){return a.next(d)}function c(d){return a.throw(d)}return new Promise(function(d,e){function f(g){g.done?d(g.value):Promise.resolve(g.value).then(b,c).then(f,e)}f(a.next())})};_.E=function(a){return vea(a())};Xi("globalThis",function(a){return a||Vi});Xi("Symbol.dispose",function(a){return a?a:Symbol("b")});Xi("Object.entries",function(a){return a?a:function(b){var c=[],d;for(d in b)Object.prototype.hasOwnProperty.call(b,d)&&c.push([d,b[d]]);return c}});
Xi("Object.values",function(a){return a?a:function(b){var c=[],d;for(d in b)Object.prototype.hasOwnProperty.call(b,d)&&c.push(b[d]);return c}});Xi("Array.prototype.values",function(a){return a?a:function(){return this[Symbol.iterator]()}});Xi("Object.fromEntries",function(a){return a?a:function(b){var c={};if(!(Symbol.iterator in b))throw new TypeError("c`"+b);b=b[Symbol.iterator].call(b);for(var d=b.next();!d.done;d=b.next()){d=d.value;if(Object(d)!==d)throw new TypeError("d");c[d[0]]=d[1]}return c}});
Xi("String.prototype.replaceAll",function(a){return a?a:function(b,c){if(b instanceof RegExp&&!b.global)throw new TypeError("e");return b instanceof RegExp?this.replace(b,c):this.replace(new RegExp(String(b).replace(/([-()\[\]{}+?*.$\^|,:#<!\\])/g,"\\$1").replace(/\x08/g,"\\x08"),"g"),c)}});Xi("Array.prototype.flatMap",function(a){return a?a:function(b,c){var d=[];Array.prototype.forEach.call(this,function(e,f){e=b.call(c,e,f,this);Array.isArray(e)?d.push.apply(d,e):d.push(e)});return d}});
Xi("String.prototype.trimRight",function(a){function b(){return this.replace(/[\s\xa0]+$/,"")}return a||b});Xi("String.prototype.trimEnd",function(a){return a||String.prototype.trimRight});Xi("Promise.prototype.finally",function(a){return a?a:function(b){return this.then(function(c){return Promise.resolve(b()).then(function(){return c})},function(c){return Promise.resolve(b()).then(function(){throw c;})})}});
var wea=function(a,b,c){var d=Number(b);d=isNaN(d)||d==0?0:Math.trunc(d);d<0&&(d+=a.length);if(d<0||d>=a.length)throw new RangeError("h`"+b);a[d]=c;return a};Xi("Array.prototype.with",function(a){return a?a:function(b,c){var d=Array.from(this);return wea(d,b,c)}});uea("with",function(a){return a?a:function(b,c){return wea(this.slice(),b,c)}});
Xi("String.prototype.matchAll",function(a){return a?a:function(b){if(b instanceof RegExp&&!b.global)throw new TypeError("i");var c=new RegExp(b,b instanceof RegExp?void 0:"g"),d=this,e=!1,f={next:function(){if(e)return{value:void 0,done:!0};var g=c.exec(d);if(!g)return e=!0,{value:void 0,done:!0};g[0]===""&&(c.lastIndex+=1);return{value:g,done:!1}}};f[Symbol.iterator]=function(){return f};return f}});var Yi=function(a){a=Math.trunc(a)||0;a<0&&(a+=this.length);if(!(a<0||a>=this.length))return this[a]};
Xi("Array.prototype.at",function(a){return a?a:Yi});uea("at",function(a){return a?a:Yi});Xi("String.prototype.at",function(a){return a?a:Yi});Xi("Array.prototype.flat",function(a){return a?a:function(b){b=b===void 0?1:b;var c=[];Array.prototype.forEach.call(this,function(d){Array.isArray(d)&&b>0?(d=Array.prototype.flat.call(d,b-1),c.push.apply(c,d)):c.push(d)});return c}});_._DumpException=_._DumpException||function(a){throw a;};var Zi,aj,cj,Saa,ej,xea,yea,zea;Zi=Zi||{};_.ca=this||self;_.wh=function(a,b,c){a=a.split(".");c=c||_.ca;for(var d;a.length&&(d=a.shift());)a.length||b===void 0?c[d]&&c[d]!==Object.prototype[d]?c=c[d]:c=c[d]={}:c[d]=b};aj=function(a,b){var c=_.$i("WIZ_global_data.oxN3nb");a=c&&c[a];return a!=null?a:b};_.bj=_.ca._F_toggles_default_DotsSplashUi_desktop_ms||[];cj=function(){};cj.get=function(){return null};
_.$i=function(a){a=a.split(".");for(var b=_.ca,c=0;c<a.length;c++)if(b=b[a[c]],b==null)return null;return b};_.dj=function(a){a.zn=void 0;a.kb=function(){return a.zn?a.zn:a.zn=new a}};Saa=function(a){var b=typeof a;return b!="object"?b:a?Array.isArray(a)?"array":b:"null"};_.fa=function(a){var b=Saa(a);return b=="array"||b=="object"&&typeof a.length=="number"};_.Ug=function(a){var b=typeof a;return b=="object"&&a!=null||b=="function"};
_.fj=function(a){return Object.prototype.hasOwnProperty.call(a,ej)&&a[ej]||(a[ej]=++xea)};ej="closure_uid_"+(Math.random()*1E9>>>0);xea=0;yea=function(a,b,c){return a.call.apply(a.bind,arguments)};_.Ng=function(a,b,c){_.Ng=yea;return _.Ng.apply(null,arguments)};_.xh=function(a,b){var c=Array.prototype.slice.call(arguments,1);return function(){var d=c.slice();d.push.apply(d,arguments);return a.apply(this,d)}};_.ah=function(){return Date.now()};zea=function(a){(0,eval)(a)};_.Gd=function(a){return a};
_.gj=function(a,b){function c(){}c.prototype=b.prototype;a.Af=b.prototype;a.prototype=new c;a.prototype.constructor=a;a.base=function(d,e,f){for(var g=Array(arguments.length-2),k=2;k<arguments.length;k++)g[k-2]=arguments[k];return b.prototype[e].apply(d,g)}};_.ab=function(){this.ue=this.ue;this.vd=this.vd};_.ab.prototype.ue=!1;_.ab.prototype.isDisposed=function(){return this.ue};_.ab.prototype.dispose=function(){this.ue||(this.ue=!0,this.yb())};_.ab.prototype[Symbol.dispose]=function(){this.dispose()};_.wi=function(a,b){a.addOnDisposeCallback(_.xh(_.ea,b))};_.ab.prototype.addOnDisposeCallback=function(a,b){this.ue?b!==void 0?a.call(b):a():(this.vd||(this.vd=[]),b&&(a=a.bind(b)),this.vd.push(a))};_.ab.prototype.yb=function(){if(this.vd)for(;this.vd.length;)this.vd.shift()()};
_.hj=function(a){return a&&typeof a.isDisposed=="function"?a.isDisposed():!1};cj=cj||{};var ij=function(){_.ab.call(this)};_.gj(ij,_.ab);ij.prototype.initialize=function(){};_.gj(_.ha,Error);_.ha.prototype.name="CustomError";var Aea;_.na=function(a,b){return Array.prototype.indexOf.call(a,b,void 0)};_.Da=function(a,b,c){Array.prototype.forEach.call(a,b,c)};_.kj=function(a,b){return Array.prototype.filter.call(a,b,void 0)};_.bg=function(a,b,c){return Array.prototype.map.call(a,b,c)};_.lj=function(a,b,c){return Array.prototype.some.call(a,b,c)};var mj=[],nj=[],Bea=!1,oj=function(a){mj[mj.length]=a;if(Bea)for(let b=0;b<nj.length;b++)a((0,_.Ng)(nj[b].wrap,nj[b]))},Xca=function(a){Bea=!0;const b=(0,_.Ng)(a.wrap,a);for(let c=0;c<mj.length;c++)mj[c](b);nj.push(a)};Fa.prototype.execute=function(a){this.j&&(this.j.call(this.o||null,a),this.j=this.o=null)};Fa.prototype.abort=function(){this.o=this.j=null};oj(function(a){Fa.prototype.execute=a(Fa.prototype.execute)});cj.fu=Fa;_.faa=class{constructor(a){this.j=a}toString(){return this.j}};Ga(a=>a``)||Ga(a=>a`\0`)||Ga(a=>a`\n`)||Ga(a=>a`\u0000`);var gaa=globalThis.trustedTypes,Ia;_.Ka=class{constructor(a){this.j=a}toString(){return this.j+""}};_.Na=class{constructor(a){this.yG=a}toString(){return this.yG+""}};_.Ra=class{constructor(a){this.j=a}toString(){return this.j}};_.pj=new _.Ra("about:invalid#zClosurez");var Ua,iaa;Ua=class{constructor(a){this.Cd=a}};_.Wa=[Va("data"),Va("http"),Va("https"),Va("mailto"),Va("ftp"),new Ua(a=>/^[^:]*([/?#]|$)/.test(a))];iaa=/^\s*(?!javascript:)(?:[\w+.-]+:|[^:/?#]*(?:[/?#]|$))/i;_.gj(bb,_.ab);bb.prototype.ka=ij;bb.prototype.H=null;bb.prototype.getId=function(){return this.oa};var Cea=function(a,b){a.O.push(new cj.fu(b,void 0))};bb.prototype.isLoaded=function(){return!!this.H};bb.prototype.onLoad=function(a){var b=new this.ka;b.initialize(a());this.H=b;b=(b=qj(this.o,a()))||qj(this.na,a());b||(this.O.length=0);return b};bb.prototype.onError=function(a){(a=qj(this.O,a))&&_.da(Error("l`"+a));this.o.length=0;this.na.length=0};
var qj=function(a,b){const c=[];for(let d=0;d<a.length;d++)try{a[d].execute(b)}catch(e){_.da(e),c.push(e)}a.length=0;return c.length?c:null};bb.prototype.yb=function(){bb.Af.yb.call(this);_.ea(this.H)};cj.eu=bb;var kaa=new Uint8Array(123);var Dea=[];var rj={ERROR:"error",IDLE:"idle",DH:"active",jI:"userIdle",iI:"userActive"};_.h=eb.prototype;_.h.WG=function(){};_.h.XG=function(){};_.h.xw=function(){};_.h.pu=function(){throw Error("m");};_.h.zB=function(){throw Error("n");};_.h.gF=function(){return this.oa};_.h.QB=function(a){this.oa=a};_.h.isActive=function(){return!1};_.h.VF=function(){return!1};_.h.Jf=function(){};_.h.hD=function(){};var gb;var Tca=function(a,b,c){c=c||_.ca;const d=c.onerror,e=!!b;c.onerror=function(f,g,k,l,m){d&&d(f,g,k,l,m);a({message:f,fileName:g,line:k,lineNumber:k,col:l,error:m});return e}},Eea=function(a){var b=_.$i("window.location.href");a==null&&(a='Unknown Error of type "null/undefined"');if(typeof a==="string")return{message:a,name:"Unknown error",lineNumber:"Not available",fileName:b,stack:"Not available"};let c,d;var e=!1;try{c=a.lineNumber||a.line||"Not available"}catch(f){c="Not available",e=!0}try{d=
a.fileName||a.filename||a.sourceURL||_.ca.$googDebugFname||b}catch(f){d="Not available",e=!0}b=sj(a);return!e&&a.lineNumber&&a.fileName&&a.stack&&a.message&&a.name?{message:a.message,name:a.name,lineNumber:a.lineNumber,fileName:a.fileName,stack:b}:(e=a.message,e==null&&(e=a.constructor&&a.constructor instanceof Function?'Unknown Error of type "'+(a.constructor.name?a.constructor.name:tj(a.constructor))+'"':"Unknown Error of unknown type",typeof a.toString==="function"&&Object.prototype.toString!==
a.toString&&(e+=": "+a.toString())),{message:e,name:a.name||"UnknownError",lineNumber:c,fileName:d,stack:b||"Not available"})},sj=function(a,b){b||(b={});b[uj(a)]=!0;let c=a.stack||"";var d=a.cause;d&&!b[uj(d)]&&(c+="\nCaused by: ",d.stack&&d.stack.indexOf(d.toString())==0||(c+=typeof d==="string"?d:d.message+"\n"),c+=sj(d,b));a=a.errors;if(Array.isArray(a)){d=1;let e;for(e=0;e<a.length&&!(d>4);e++)b[uj(a[e])]||(c+="\nInner error "+d++ +": ",a[e].stack&&a[e].stack.indexOf(a[e].toString())==0||(c+=
typeof a[e]==="string"?a[e]:a[e].message+"\n"),c+=sj(a[e],b));e<a.length&&(c+="\n... "+(a.length-e)+" more inner errors")}return c},uj=function(a){let b="";typeof a.toString==="function"&&(b=""+a);return b+a.stack},Fea=function(a){var b=Error();if(Error.captureStackTrace)Error.captureStackTrace(b,a||Fea),b=String(b.stack);else{try{throw b;}catch(c){b=c}b=(b=b.stack)?String(b):null}b||(b=Gea(a||arguments.callee.caller,[]));return b},Gea=function(a,b){const c=[];if(_.oa(b,a))c.push("[...circular reference...]");
else if(a&&b.length<50){c.push(tj(a)+"(");const e=a.arguments;for(let f=0;e&&f<e.length;f++){f>0&&c.push(", ");var d=void 0;d=e[f];switch(typeof d){case "object":d=d?"object":"null";break;case "string":break;case "number":d=String(d);break;case "boolean":d=d?"true":"false";break;case "function":d=(d=tj(d))?d:"[fn]";break;default:d=typeof d}d.length>40&&(d=d.slice(0,40)+"...");c.push(d)}b.push(a);c.push(")\n");try{c.push(Gea(a.caller,b))}catch(f){c.push("[exception trying to get caller]\n")}}else a?
c.push("[...long stack...]"):c.push("[end]");return c.join("")},tj=function(a){if(vj[a])return vj[a];a=String(a);if(!vj[a]){const b=/function\s+([^\(]+)/m.exec(a);vj[a]=b?b[1]:"[Anonymous]"}return vj[a]},vj={};var lb=typeof AsyncContext!=="undefined"&&typeof AsyncContext.Snapshot==="function"?a=>a&&AsyncContext.Snapshot.wrap(a):a=>a;var Hea=class{constructor(a,b){this.H=a;this.O=b;this.o=0;this.j=null}get(){let a;this.o>0?(this.o--,a=this.j,this.j=a.next,a.next=null):a=this.H();return a}put(a){this.O(a);this.o<100&&(this.o++,a.next=this.j,this.j=a)}};var mb,paa=function(){if(typeof MessageChannel!=="undefined"){const a=new MessageChannel;let b={},c=b;a.port1.onmessage=function(){if(b.next!==void 0){b=b.next;const d=b.cb;b.cb=null;d()}};return function(d){c.next={cb:d};c=c.next;a.port2.postMessage(0)}}return function(a){_.ca.setTimeout(a,0)}},oaa=a=>a;oj(function(a){oaa=a});var Iea=class{constructor(){this.o=this.j=null}add(a,b){const c=raa.get();c.set(a,b);this.o?this.o.next=c:this.j=c;this.o=c}remove(){let a=null;this.j&&(a=this.j,this.j=this.j.next,this.j||(this.o=null),a.next=null);return a}},raa=new Hea(()=>new Jea,a=>a.reset()),Jea=class{constructor(){this.next=this.scope=this.Pk=null}set(a,b){this.Pk=a;this.scope=b;this.next=null}reset(){this.next=this.scope=this.Pk=null}};var wj,qb=!1,qaa=new Iea,xj=(a,b)=>{wj||Kea();qb||(wj(),qb=!0);qaa.add(a,b)},Kea=()=>{const a=Promise.resolve(void 0);wj=()=>{a.then(saa)}};var yj;_.dda=function(a){return function(){return a}};yj=function(){};var Lea=function(a){if(!a)return!1;try{return!!a.$goog_Thenable}catch(b){return!1}};var Mea,Nea,Bj,Rea,Uea,Yea,Wea,Zea;_.Aj=function(a,b){this.j=0;this.oa=void 0;this.O=this.o=this.H=null;this.ka=this.na=!1;if(a!=yj)try{const c=this;a.call(b,function(d){zj(c,2,d)},function(d){zj(c,3,d)})}catch(c){zj(this,3,c)}};Mea=function(){this.next=this.context=this.j=this.H=this.child=null;this.o=!1};Mea.prototype.reset=function(){this.context=this.j=this.H=this.child=null;this.o=!1};Nea=new Hea(function(){return new Mea},function(a){a.reset()});
Bj=function(a,b,c){const d=Nea.get();d.H=a;d.j=b;d.context=c;return d};_.ch=function(a){if(a instanceof _.Aj)return a;const b=new _.Aj(yj);zj(b,2,a);return b};_.Uh=function(a){return new _.Aj(function(b,c){c(a)})};_.Cj=function(a,b,c){Oea(a,b,c,null)||xj(_.xh(b,a))};_.Hca=function(a){return new _.Aj(function(b,c){a.length||b(void 0);let d;for(let e=0;e<a.length;e++)d=a[e],_.Cj(d,b,c)})};
_.Vh=function(a){return new _.Aj(function(b,c){let d=a.length;const e=[];if(d){var f=function(l,m){d--;e[l]=m;d==0&&b(e)},g=function(l){c(l)};for(let l=0;l<a.length;l++){var k=a[l];_.Cj(k,_.xh(f,l),g)}}else b(e)})};_.Dj=function(){let a,b;const c=new _.Aj(function(d,e){a=d;b=e});return new Pea(c,a,b)};_.Aj.prototype.then=function(a,b,c){return Qea(this,lb(typeof a==="function"?a:null),lb(typeof b==="function"?b:null),c)};_.Aj.prototype.$goog_Thenable=!0;
Rea=function(a,b,c,d){Ej(a,Bj(b||yj,c||null,d))};_.Fj=function(a,b,c){b=lb(b);c=Bj(b,b,c);c.o=!0;Ej(a,c);return a};_.Aj.prototype.finally=function(a){a=lb(a);return new _.Aj((b,c)=>{Rea(this,d=>{a();b(d)},d=>{a();c(d)})})};_.Aj.prototype.dg=function(a,b){return Qea(this,null,lb(a),b)};_.Aj.prototype.catch=_.Aj.prototype.dg;_.Aj.prototype.cancel=function(a){if(this.j==0){const b=new _.Gj(a);xj(function(){Sea(this,b)},this)}};
var Sea=function(a,b){if(a.j==0)if(a.H){var c=a.H;if(c.o){var d=0,e=null,f=null;for(let g=c.o;g&&(g.o||(d++,g.child==a&&(e=g),!(e&&d>1)));g=g.next)e||(f=g);e&&(c.j==0&&d==1?Sea(c,b):(f?(d=f,d.next==c.O&&(c.O=d),d.next=d.next.next):Tea(c),Uea(c,e,3,b)))}a.H=null}else zj(a,3,b)},Ej=function(a,b){a.o||a.j!=2&&a.j!=3||Vea(a);a.O?a.O.next=b:a.o=b;a.O=b},Qea=function(a,b,c,d){const e=Bj(null,null,null);e.child=new _.Aj(function(f,g){e.H=b?function(k){try{const l=b.call(d,k);f(l)}catch(l){g(l)}}:f;e.j=c?
function(k){try{const l=c.call(d,k);l===void 0&&k instanceof _.Gj?g(k):f(l)}catch(l){g(l)}}:g});e.child.H=a;Ej(a,e);return e.child};_.Aj.prototype.ua=function(a){this.j=0;zj(this,2,a)};_.Aj.prototype.wa=function(a){this.j=0;zj(this,3,a)};
var zj=function(a,b,c){a.j==0&&(a===c&&(b=3,c=new TypeError("o")),a.j=1,Oea(c,a.ua,a.wa,a)||(a.oa=c,a.j=b,a.H=null,Vea(a),b!=3||c instanceof _.Gj||Wea(a,c)))},Oea=function(a,b,c,d){if(a instanceof _.Aj)return Rea(a,b,c,d),!0;if(Lea(a))return a.then(b,c,d),!0;if(_.Ug(a))try{const e=a.then;if(typeof e==="function")return Xea(a,e,b,c,d),!0}catch(e){return c.call(d,e),!0}return!1},Xea=function(a,b,c,d,e){let f=!1;const g=function(l){f||(f=!0,c.call(e,l))},k=function(l){f||(f=!0,d.call(e,l))};try{b.call(a,
g,k)}catch(l){k(l)}},Vea=function(a){a.na||(a.na=!0,xj(a.qa,a))},Tea=function(a){let b=null;a.o&&(b=a.o,a.o=b.next,b.next=null);a.o||(a.O=null);return b};_.Aj.prototype.qa=function(){let a;for(;a=Tea(this);)Uea(this,a,this.j,this.oa);this.na=!1};Uea=function(a,b,c,d){if(c==3&&b.j&&!b.o)for(;a&&a.ka;a=a.H)a.ka=!1;if(b.child)b.child.H=null,Yea(b,c,d);else try{b.o?b.H.call(b.context):Yea(b,c,d)}catch(e){Zea.call(null,e)}Nea.put(b)};
Yea=function(a,b,c){b==2?a.H.call(a.context,c):a.j&&a.j.call(a.context,c)};Wea=function(a,b){a.ka=!0;xj(function(){a.ka&&Zea.call(null,b)})};Zea=_.da;_.Gj=function(a){_.ha.call(this,a);this.j=!1};_.gj(_.Gj,_.ha);_.Gj.prototype.name="cancel";var Pea=function(a,b,c){this.promise=a;this.resolve=b;this.reject=c};/*

 Copyright 2005, 2007 Bob Ippolito. All Rights Reserved.
 Copyright The Closure Library Authors.
 SPDX-License-Identifier: MIT
*/
_.Af=function(a,b){this.oa=[];this.ue=a;this.Qa=b||null;this.ka=this.o=!1;this.O=void 0;this.Ca=this.Ta=this.ua=!1;this.qa=0;this.H=null;this.na=0};_.Af.prototype.cancel=function(a){if(this.o)this.O instanceof _.Af&&this.O.cancel();else{if(this.H){const b=this.H;delete this.H;a?b.cancel(a):(b.na--,b.na<=0&&b.cancel())}this.ue?this.ue.call(this.Qa,this):this.Ca=!0;this.o||this.j(new _.Hj(this))}};_.Af.prototype.Ga=function(a,b){this.ua=!1;Ij(this,a,b)};
var Ij=function(a,b,c){a.o=!0;a.O=c;a.ka=!b;$ea(a)},afa=function(a){if(a.o){if(!a.Ca)throw new Jj(a);a.Ca=!1}};_.Af.prototype.callback=function(a){afa(this);Ij(this,!0,a)};_.Af.prototype.j=function(a){afa(this);Ij(this,!1,a)};_.Kj=function(a,b,c){return _.yf(a,b,null,c)};_.Lj=function(a,b,c){return _.yf(a,null,b,c)};_.Af.prototype.finally=function(a){return Mj(new Promise((b,c)=>{_.yf(this,d=>{a();b(d)},d=>{a();c(d)})}))};
_.yf=function(a,b,c,d){const e=a.o;e||(b===c?b=c=lb(b):(b=lb(b),c=lb(c)));a.oa.push([b,c,d]);e&&$ea(a);return a};_.Af.prototype.then=function(a,b,c){let d,e;const f=new _.Aj(function(g,k){e=g;d=k});_.yf(this,e,function(g){g instanceof _.Hj?f.cancel():d(g);return bfa},this);return f.then(a,b,c)};_.Af.prototype.$goog_Thenable=!0;var cfa=function(a,b){b instanceof _.Af?_.Kj(a,(0,_.Ng)(b.wi,b)):_.Kj(a,function(){return b})};
_.Af.prototype.wi=function(a){const b=new _.Af;_.yf(this,b.callback,b.j,b);a&&(b.H=this,this.na++);return b};_.Af.prototype.isError=function(a){return a instanceof Error};
var dfa=function(a){return _.lj(a.oa,function(b){return typeof b[1]==="function"})},bfa={},$ea=function(a){if(a.qa&&a.o&&dfa(a)){var b=a.qa,c=Nj[b];c&&(_.ca.clearTimeout(c.j),delete Nj[b]);a.qa=0}a.H&&(a.H.na--,delete a.H);b=a.O;for(var d=c=!1;a.oa.length&&!a.ua;){var e=a.oa.shift(),f=e[0];const k=e[1];e=e[2];if(f=a.ka?k:f)try{var g=f.call(e||a.Qa,b);g===bfa&&(g=void 0);g!==void 0&&(a.ka=a.ka&&(g==b||a.isError(g)),a.O=b=g);if(Lea(b)||typeof _.ca.Promise==="function"&&b instanceof _.ca.Promise)d=!0,
a.ua=!0}catch(l){b=l,a.ka=!0,dfa(a)||(c=!0)}}a.O=b;d&&(g=(0,_.Ng)(a.Ga,a,!0),d=(0,_.Ng)(a.Ga,a,!1),b instanceof _.Af?(_.yf(b,g,d),b.Ta=!0):b.then(g,d));c&&(b=new efa(b),Nj[b.j]=b,a.qa=b.j)},Mj=function(a){const b=new _.Af;a.then(function(c){b.callback(c)},function(c){b.j(c)});return b},Jj=function(a){_.ha.call(this);this.Ml=a};_.gj(Jj,_.ha);Jj.prototype.message="Deferred has already fired";Jj.prototype.name="AlreadyCalledError";_.Hj=function(a){_.ha.call(this);this.Ml=a};_.gj(_.Hj,_.ha);
_.Hj.prototype.message="Deferred was canceled";_.Hj.prototype.name="CanceledError";var efa=function(a){this.j=_.ca.setTimeout((0,_.Ng)(this.throwError,this),0);this.o=a};efa.prototype.throwError=function(){delete Nj[this.j];throw this.o;};var Nj={};var ffa=function(a){switch(a.type){case Oj.j.UNAUTHORIZED:return"Unauthorized";case Oj.j.YC:return"Consecutive load failures";case Oj.j.TIMEOUT:return"Timed out";case Oj.j.rD:return"Out of date module id";case Oj.j.bx:return"Init error";default:return`Unknown failure type ${a.type}`}},Oj=class extends Error{constructor(a,b,c,d,e){super();this.name="ModuleLoadFailure";this.type=a;this.status=b;this.FB=c;this.url=d;this.cause=e;this.message=this.toString()}toString(){return`${ffa(this)} (${this.status!=
void 0?this.status:"?"})`}};cj.ri=Oj;cj.ri.j={UNAUTHORIZED:0,YC:1,TIMEOUT:2,rD:3,bx:4};var taa="constructor hasOwnProperty isPrototypeOf propertyIsEnumerable toLocaleString toString valueOf".split(" ");var Pj=function(){eb.call(this);this.Ca=null;this.j={};this.ka=[];this.na=[];this.Ga=[];this.o=[];this.qa=[];this.O={};this.Ka={};this.H=this.wa=new cj.eu([],"");this.ue=null;this.ua=new _.Af;this.Ta=this.Za=this.Xa=this.vd=this.Ia=!1},mfa,laa;_.gj(Pj,eb);var gfa=function(a,b){_.ha.call(this,`Error loading ${a}: ${b}`)};_.gj(gfa,_.ha);Pj.prototype.WG=function(a){this.Ia=a};Pj.prototype.XG=function(a){this.vd=a};
Pj.prototype.xw=function(a,b){if(!(this instanceof Pj))this.xw(a,b);else if(typeof a==="string"){if(a.startsWith("d$")){a=a.substring(2);for(var c=[],d=0,e=a.indexOf("/"),f=0,g=!1,k=0;;){var l=g?a.substring(f):a.substring(f,e);if(l.length===0)d++,f="sy"+d.toString(36),l=[];else{var m=l.indexOf(":");if(m<0)f=l,l=[];else if(m===l.length-1)f=l.substring(0,m),l=Array(c[k-1]);else{f=l.substring(0,m);l=l.substring(m+1).split(",");m=k;for(let n=0;n<l.length;n++)m-=l[n].length===0?1:Number(l[n]),l[n]=c[m]}m=
0;if(f.length===0)m=1;else if(f.charAt(0)==="+"||f.charAt(0)==="-")m=Number(f);m!==0&&(d+=m,f="sy"+d.toString(36))}c.push(f);Qj(this,f,l);if(g)break;f=e+1;e=a.indexOf("/",f);e===-1&&(g=!0);k++}this.Ca=c}else if(a.startsWith("p$"))hfa(this,a);else{a=a.split("/");c=[];for(d=0;d<a.length;d++){k=a[d].split(":");e=k[0];g=[];if(k[1])for(g=k[1].split(","),k=0;k<g.length;k++)g[k]=c[parseInt(g[k],36)];c.push(e);Qj(this,e,g)}this.Ca=c}b&&b.length?(_.za(this.ka,b),this.ue=_.ia(b)):this.ua.o||this.ua.callback();
Object.freeze(this.Ca);ifa(this)}};
var hfa=function(a,b){var c=b.substring(2);for(b=0;b<64;b++)kaa["ABCDEFGHIJKLMNOPQRSTUVWXYZabcdefghijklmnopqrstuvwxyz0123456789-_".charCodeAt(b)]=b;b={bE:c,Id:0};db(b);const d=db(b);var e=db(b)+1;const f=Array(d),g=Array(d),k=Array(d);e=Array(e);var l=0,m=0,n=b.Id,p=b.bE.indexOf("|",b.Id);b.Id=p+1;for(p=0;p<d;p++){var r=db(b),t=r&2,u=r&1;r>>>=2;u?(l+=r>>>1^-(r&1),r="sy"+l.toString(36)):(u=n,n+=r,r=c.substring(u,n));f[p]=r;t&&(e[m++]=r)}e[m]="";b.Id++;m=d&-2;c=d&1;for(l=0;l<m;l+=2)n=cb(b),k[l]=n&7,
k[l+1]=n>>>3&7;c&&(c=cb(b),k[m]=c&7);b.Id++;for(m=0;m<d;m++)k[m]===7&&(k[m]=db(b));b.Id++;m=0;for(c=0;c<d;c++){l=k[c];n=l===0?Dea:Array(l);g[c]=n;p=m;for(t=0;t<l;t++)p-=db(b),n[t]=e[p];e[m]===f[c]&&m++}const {sL:w,dependencies:z}={sL:f,dependencies:g};for(b=0;b<w.length;b++)Qj(a,w[b],z[b]);a.Ca=w};_.h=Pj.prototype;_.h.Hi=function(a){return this.j[a]};_.h.pu=function(a,b){const c=this.Hi(a);c&&c.isLoaded()?this.load(b):(this.O[a]||(this.O[a]={}),this.O[a][b]=!0)};
_.h.zB=function(a,b){if(this.O[a]){delete this.O[a][b];for(const c in this.O[a])return;delete this.O[a]}};_.h.QB=function(a){Pj.Af.QB.call(this,a);ifa(this)};_.h.isActive=function(){return this.ka.length>0};_.h.VF=function(){return this.qa.length>0};
var Rj=function(a){var b=a.Xa;const c=a.isActive();c!=b&&(jfa(a,c?rj.DH:rj.IDLE),a.Xa=c);b=a.VF();b!=a.Za&&(jfa(a,b?rj.iI:rj.jI),a.Za=b)},Qj=function(a,b,c){a.j[b]?(a=a.j[b].j,a!=c&&a.splice(0,a.length,...c)):a.j[b]=new cj.eu(c,b)},Sj=function(a,b,c){const d=[];_.Aa(b,d);b=[];const e={};for(let f=0;f<d.length;f++){const g=d[f],k=a.Hi(g);if(!k)throw Error("r`"+g);const l=new _.Af;e[g]=l;k.isLoaded()?l.callback(a.oa):(kfa(a,g,k,!!c,l),lfa(a,g)||b.push(g))}b.length>0&&(a.vd?_.Kj(a.ua,(0,_.Ng)(a.ya,a,
b)):a.ka.length===0?a.ya(b):(a.o.push(b),Rj(a)));return e},kfa=function(a,b,c,d,e){c.na.push(new cj.fu(e.callback,e));Cea(c,function(f){e.j(new gfa(b,f))});lfa(a,b)?d&&(mfa(a,b),Rj(a)):d&&mfa(a,b)};
Pj.prototype.ya=function(a,b=0,c){const d=nfa(this,a);this.vd?_.za(this.ka,d):this.ka=d;this.na=this.Ia?a:_.ya(d);Rj(this);if(d.length!==0){this.Ga.push.apply(this.Ga,d);a=this.Qa;if(!a)throw Error("s");if(Object.keys(this.O).length>0&&!a.Ta)throw Error("t");c=(0,_.Ng)(a.ue,a,_.ya(d),this.j,{fn:this.O,LK:!!c,onError:(e,f,g=!1)=>ofa(this,this.na,d,e!=null?e:void 0,f,b,g),eQa:(0,_.Ng)(this.mb,this)});(a=Math.pow(b,2)*5E3)?_.ca.setTimeout(c,a):c()}};
var nfa=function(a,b){b=b.filter(d=>a.j[d].isLoaded()?(_.ca.setTimeout(()=>Error("u`"+d),0),!1):!0);let c=[];for(let d=0;d<b.length;d++)c=c.concat(pfa(a,b[d]));_.Aa(c);return!a.Ia&&c.length>1?(b=c.shift(),a.o=c.map(function(d){return[d]}).concat(a.o),[b]):c},pfa=function(a,b){const c=uaa(a.Ga),d=[];c[b]||d.push(b);b=[b];for(let e=0;e<b.length;e++){const f=a.Hi(b[e]).j;for(let g=f.length-1;g>=0;g--){const k=f[g];a.Hi(k).isLoaded()||c[k]||(d.push(k),b.push(k))}}d.reverse();_.Aa(d);return d},ifa=function(a){if(a.H==
a.wa){a.H=null;const b=a.wa.onLoad((0,_.Ng)(a.gF,a));b&&b.length&&Tj(a,new cj.ri(cj.ri.j.bx,void 0,void 0,void 0,b[0]));Rj(a)}},maa=function(a){if(a.H){var b=a.H.getId(),c=[];if(a.O[b]){for(const d of Object.keys(a.O[b])){const e=a.Hi(d);e&&!e.isLoaded()&&(a.zB(b,d),c.push(d))}Sj(a,c)}a.isDisposed()||((c=a.j[b].onLoad((0,_.Ng)(a.gF,a)))&&c.length&&Tj(a,new cj.ri(cj.ri.j.bx,void 0,void 0,void 0,c[0])),_.sa(a.qa,b),_.sa(a.ka,b),a.ka.length===0&&Uj(a),a.ue&&b==a.ue&&(a.ua.o||a.ua.callback()),Rj(a),a.H=
null)}},lfa=function(a,b){if(_.oa(a.ka,b))return!0;for(let c=0;c<a.o.length;c++)if(_.oa(a.o[c],b))return!0;return!1};Pj.prototype.load=function(a,b){return Sj(this,[a],b)[a]};_.qfa=function(a,b){return Sj(a,b)};mfa=function(a,b){_.oa(a.qa,b)||a.qa.push(b)};laa=function(a){var b=_.fb;b.H&&b.H.getId()==="synthetic_module_overhead"&&(maa(b),delete b.j.synthetic_module_overhead);b.j[a]&&rfa(b,b.j[a].j||[],c=>{c.H=new ij;_.sa(b.ka,c.getId())},c=>!c.isLoaded());b.H=b.Hi(a)};
Pj.prototype.Jf=function(a){this.H||(this.j.synthetic_module_overhead=new cj.eu([],"synthetic_module_overhead"),this.H=this.j.synthetic_module_overhead);this.H.o.push(new cj.fu(a,void 0))};Pj.prototype.hD=function(a){if(this.H&&this.H.getId()!=="synthetic_module_overhead"){var b=this.H;if(b.ka===ij)b.ka=a;else throw Error("k");}};
var ofa=function(a,b,c,d,e,f=0,g=!1){f=g?0:f+1;g=_.ya(c);a.na=b;c.forEach(_.xh(_.sa,a.Ga),a);d==401?(Tj(a,new cj.ri(cj.ri.j.UNAUTHORIZED,d)),a.o.length=0):d==410?(Vj(a,new cj.ri(cj.ri.j.rD,d)),Uj(a)):f>=3?(Vj(a,new cj.ri(cj.ri.j.YC,d,g,e)),Uj(a)):a.ya(a.na,f,d==8001||!1)};Pj.prototype.mb=function(){Vj(this,new cj.ri(cj.ri.j.TIMEOUT));Uj(this)};
var Vj=function(a,b){a.na.length>1?a.o=a.na.map(function(c){return[c]}).concat(a.o):Tj(a,b)},Tj=function(a,b){const c=a.na;a.ka.length=0;var d=[];for(var e=0;e<a.o.length;e++){var f=a.o[e].filter(function(g){const k=pfa(this,g);return _.lj(c,function(l){return _.oa(k,l)})},a);_.za(d,f)}for(e=0;e<c.length;e++)_.qa(d,c[e]);for(e=0;e<d.length;e++){for(f=0;f<a.o.length;f++)_.sa(a.o[f],d[e]);_.sa(a.qa,d[e])}if(e=a.Ka[rj.ERROR])for(f=0;f<e.length;f++){const g=e[f];for(let k=0;k<d.length;k++)g(rj.ERROR,
d[k],b)}for(d=0;d<c.length;d++)if(a.j[c[d]])a.j[c[d]].onError(b);a.na.length=0;Rj(a)},Uj=function(a){for(;a.o.length;){const b=a.o.shift().filter(function(c){return!this.Hi(c).isLoaded()},a);if(b.length>0){a.ya(b);return}}Rj(a)},jfa=function(a,b){a=a.Ka[b];for(let c=0;a&&c<a.length;c++)a[c](b)},rfa=function(a,b,c,d=()=>!0,e={}){for(const f of b)b=a.Hi(f),!e[f]&&d(b)&&(e[f]=!0,rfa(a,b.j||[],c,d,e),c(b))};
Pj.prototype.dispose=function(){baa(_.ub(this.j),this.wa);this.j={};this.ka=[];this.na=[];this.qa=[];this.o=[];this.Ka={};this.Ta=!0};Pj.prototype.isDisposed=function(){return this.Ta};_.ib=function(){return new Pj};_.jb(new class extends Pj{Hi(a){a in this.j||(this.j[a]=new cj.eu([],a));return this.j[a]}});window.CLOSURE_DEFINES=window.CLOSURE_DEFINES||{};window.CLOSURE_DEFINES["boq.dotssplashmodulesets.defines.VERSION"]="DESKTOP_V2";var Wj=!!(_.bj[1]>>18&1),Xj=!!(_.bj[1]&8192),sfa=!!(_.bj[1]>>19&1),tfa=!!(_.bj[1]&32),ufa=!!(_.bj[1]>>20&1),vfa=!!(_.bj[1]&512),wfa=!!(_.bj[1]&64),xfa=!!(_.bj[1]&2048);var yfa,Kb,Afa,pba;yfa=aj(1,!0);Kb=Wj?sfa:aj(610401301,!1);_.zfa=Wj?tfa:aj(1331761403,!1);Afa=Wj?ufa:aj(651175828,!1);pba=Wj?Xj||!vfa:aj(748402147,!0);_.Bfa=Wj?Xj||!wfa:aj(824648567,!0);_.ld=Wj?Xj||!xfa:aj(824656860,yfa);var Lb,Cfa=_.ca.navigator;Lb=Cfa?Cfa.userAgentData||null:null;_.Yj=function(a){_.Yj[" "](a);return a};_.Yj[" "]=function(){};_.Dfa=function(a,b,c,d){d=d?d(b):b;return Object.prototype.hasOwnProperty.call(a,d)?a[d]:a[d]=c(b)};var Efa,ak,Nfa,Ofa;Efa=_.Qb();_.Zj=_.Rb();ak=_.Nb("Edge");_.Ffa=ak||_.Zj;_.oi=_.Nb("Gecko")&&!(_.Fb("WebKit")&&!_.Nb("Edge"))&&!(_.Nb("Trident")||_.Nb("MSIE"))&&!_.Nb("Edge");_.ni=_.Fb("WebKit")&&!_.Nb("Edge");_.ni&&_.Nb("Mobile");_.Gfa=_.jc();_.Hfa=_.yaa();(ec()?Lb.platform==="Linux":_.Nb("Linux"))||_.zaa();_.Ifa=_.fc();_.Jfa=hc();_.Kfa=_.Nb("iPad");_.Lfa=_.Nb("iPod");_.Mfa=_.ic();_.Fb("KaiOS");var bk;
a:{let a="";const b=function(){const c=_.Eb();if(_.oi)return/rv:([^\);]+)(\)|;)/.exec(c);if(ak)return/Edge\/([\d\.]+)/.exec(c);if(_.Zj)return/\b(?:MSIE|rv)[: ]([^\);]+)(\)|;)/.exec(c);if(_.ni)return/WebKit\/(\S+)/.exec(c);if(Efa)return/(?:Version)[ \/]?(\S+)/.exec(c)}();b&&(a=b?b[1]:"");if(_.Zj){var ck;const c=_.ca.document;ck=c?c.documentMode:void 0;if(ck!=null&&ck>parseFloat(a)){bk=String(ck);break a}}bk=a}Nfa=bk;Ofa={};_.dk=function(a){return _.Dfa(Ofa,a,function(){return _.Jb(Nfa,a)>=0})};var Pfa,Qfa,Rfa,Sfa,Tfa,Ufa;_.Hi={};Pfa=_.Vb();Qfa=Aaa();Rfa=_.Nb("iPad");Sfa=_.ac();Tfa=_.Wb();Ufa=Baa();_.Hi.Co=Sfa;_.Hi.jV=!1;_.Hi.kV=!1;_.Hi.lV=!1;_.Hi.mV=!1;_.Hi.nV=!1;_.Hi.oV=!1;_.Hi.Dk=Tfa;_.Hi.Vw=ak;_.Hi.fD=Pfa;_.Hi.gD=_.Zj;_.Hi.Yt=Rfa;_.Hi.Zt=Qfa;_.Hi.tx=Efa;_.Hi.gu=Ufa;_.Hi.uOa=Aaa;_.Hi.yOa=Baa;var Daa;Daa={};_.mc=null;var Vfa;_.Jc={};Vfa=typeof structuredClone!="undefined";var Wfa;_.Kc=function(){return Wfa||(Wfa=new _.Ic(null,_.Jc))};_.Td=function(a){const b=a.j;if(b==null)a="";else if(typeof b==="string")a=b;else{let c="",d=0;const e=b.length-10240;for(;d<e;)c+=String.fromCharCode.apply(null,b.subarray(d,d+=10240));c+=String.fromCharCode.apply(null,d?b.subarray(d):b);a=a.j=btoa(c)}return a};_.Ic=class{Jc(){return this.j==null}constructor(a,b){if(b!==_.Jc)throw Error("A");this.j=a;if(a!=null&&a.length===0)throw Error("z");}};var Eaa=void 0;var yba,iba,jba,sba,Gaa,mba,gba;_.Bd=_.uc();yba=_.uc();_.Hd=_.uc();iba=_.uc();jba=_.uc();sba=_.uc();Gaa=_.uc("m_m",!0);mba=_.uc();gba=_.uc();var Xfa;_.vc=_.uc("jas",!0);Xfa=[];Xfa[_.vc]=7;_.ee=Object.freeze(Xfa);var Haa,Zfa;Haa={};_.Yfa={};_.Cc={};Zfa=class{constructor(a,b,c){this.j=a;this.o=b;this.H=c}next(){const a=this.j.next();a.done||(a.value=this.o.call(this.H,a.value));return a}[Symbol.iterator](){return this}};_.ek=Object.freeze({});_.$fa=Object.freeze({});_.F={};var Kaa,Jaa,Laa;Kaa=_.Mc(a=>typeof a==="number");Jaa=_.Mc(a=>typeof a==="string");Laa=_.Mc(a=>typeof a==="boolean");_.aga=_.Mc(a=>!!a&&(typeof a==="object"||typeof a==="function"));var Nc=typeof _.ca.BigInt==="function"&&typeof _.ca.BigInt(0)==="bigint";var dga,bga,ega,cga;_.Rd=_.Mc(a=>Nc?a>=bga&&a<=cga:a[0]==="-"?Maa(a,dga):Maa(a,ega));dga=Number.MIN_SAFE_INTEGER.toString();bga=Nc?BigInt(Number.MIN_SAFE_INTEGER):void 0;ega=Number.MAX_SAFE_INTEGER.toString();cga=Nc?BigInt(Number.MAX_SAFE_INTEGER):void 0;var Qc=0,Rc=0;var cd,Taa;_.nd=typeof BigInt==="function"?BigInt.asIntN:void 0;_.ud=typeof BigInt==="function"?BigInt.asUintN:void 0;_.sd=Number.isSafeInteger;cd=Number.isFinite;_.rd=Math.trunc;Taa=/^-?([1-9][0-9]*|0)(\.[0-9]+)?$/;var nba={};var fga,fk;fga=(()=>class extends Map{constructor(){super()}})();fk=function(a){if(a.Vm&2)throw Error("E");};
_.Ud=class extends fga{constructor(a,b,c=dba,d=dba){super();this.Vm=a[_.vc]|0;this.yo=b;this.Pv=c;this.wH=this.yo?eba:d;for(let e=0;e<a.length;e++){const f=a[e],g=c(f[0],!1,!0);let k=f[1];b?k===void 0&&(k=null):k=d(f[1],!1,!0,void 0,void 0,this.Vm);super.set(g,k)}}uC(a){return _.zc(Array.from(super.entries(),a))}clear(){fk(this);super.clear()}delete(a){fk(this);return super.delete(this.Pv(a,!0,!1))}entries(){if(this.yo){var a=super.keys();a=new Zfa(a,fba,this)}else a=super.entries();return a}values(){if(this.yo){var a=
super.keys();a=new Zfa(a,_.Ud.prototype.get,this)}else a=super.values();return a}forEach(a,b){this.yo?super.forEach((c,d,e)=>{a.call(b,e.get(d),d,e)}):super.forEach(a,b)}set(a,b){fk(this);a=this.Pv(a,!0,!1);return a==null?this:b==null?(super.delete(a),this):super.set(a,this.wH(b,!0,!0,this.yo,!1,this.Vm))}has(a){return super.has(this.Pv(a,!1,!1))}get(a){a=this.Pv(a,!1,!1);const b=super.get(a);if(b!==void 0){var c=this.yo;return c?(c=this.wH(b,!1,!0,c,this.wJ,this.Vm),c!==b&&super.set(a,c),c):b}}[Symbol.iterator](){return this.entries()}};
_.Ud.prototype.toJSON=void 0;_.Ud.prototype.pM=_.Yfa;var hba={NN:!0};var Md;_.gk=Vfa?structuredClone:a=>_.Pd(a,0,_.Qd);_.gga=_.Pc(0);_.hk={};_.ik=function(a,b,c,d,e){b=_.je(a.Lc,b,c,e);if(b!==null||d&&a.bw!==_.Cc)return b};_.je=function(a,b,c,d){if(b===-1)return null;const e=b+(c?0:-1),f=a.length-1;let g,k;if(!(f<1+(c?0:-1))){if(e>=f)if(g=a[f],g!=null&&typeof g==="object"&&g.constructor===Object)c=g[b],k=!0;else if(e===f)c=g;else return;else c=a[e];if(d&&c!=null){d=d(c);if(d==null)return d;if(!Object.is(d,c))return k?g[b]=d:a[e]=d,d}return c}};_.jk=function(a,b,c,d){_.ae(a);const e=a.Lc;_.ce(e,e[_.vc]|0,b,c,d);return a};
_.kk=function(a,b,c,d){a=a.Lc;return _.oe(a,a[_.vc]|0,b,c,d)!==void 0};_.mk=function(a,b,c,d){const e=a.Lc;return _.oe(e,e[_.vc]|0,b,_.lk(a,d,c))!==void 0};_.nk=function(a){return a===_.ek?2:4};_.hga=function(a,b){a=_.ik(a,b,void 0,void 0,xba);return a==null?_.Kc():a};_.ok=function(a,b,c){return _.jk(a,b,void 0,c)};_.pk=function(a,b,c,d){_.ae(a);const e=a.Lc;let f=e[_.vc]|0;if(d==null){const g=me(e);if(ne(g,e,f,c)===b)g.set(c,0);else return a}else f=_.zba(e,f,c,b);_.ce(e,f,b,d);return a};
_.lk=function(a,b,c){return _.qk(a,b)===c?c:-1};_.qk=function(a,b){a=a.Lc;return ne(me(a),a,void 0,b)};_.G=function(a,b,c,d){let e=a.Lc,f=e[_.vc]|0;b=_.oe(e,f,b,c,d);if(b==null)return b;f=e[_.vc]|0;if(!_.Fc(a,f)){const g=_.Fd(b);g!==b&&(_.$d(a)&&(e=a.Lc,f=e[_.vc]|0),b=g,f=_.ce(e,f,c,b,d),_.be(e,f))}return b};_.rk=function(a,b,c,d,e){const f=a.Lc;return _.pe(a,f,f[_.vc]|0,b,c,d,e,!1,!0)};_.jh=function(a,b,c,d,e){d=Aba(d);_.jk(a,c,d,e);d&&!_.Fc(d)&&_.be(a.Lc);return a};
_.sk=function(a,b,c,d){d=Aba(d);_.pk(a,b,c,d);d&&!_.Fc(d)&&_.be(a.Lc);return a};_.tk=function(a,b,c,d){_.ae(a);const e=a.Lc;let f=e[_.vc]|0;if(c==null)return _.ce(e,f,b,void 0,d),a;let g=c===_.ee?7:c[_.vc]|0,k=g;const l=_.ie(g),m=l||Object.isFrozen(c);let n=!0,p=!0;for(let t=0;t<c.length;t++){var r=c[t];l||(r=_.Fc(r),n&&(n=!r),p&&(p=r))}l||(g=n?13:5,g=p?g&-4097:g|4096);m&&g===k||(c=[...c],k=0,g=_.ge(g,f));g!==k&&(c[_.vc]=g);f=_.ce(e,f,b,c,d);2&g||!(4096&g||16&g)||_.be(e,f);return a};
_.uk=function(a,b,c){return _.ld?_.ik(a,b,c,void 0,_.wd):_.wd(_.ik(a,b,c))};_.vk=function(a,b){return _.ld?_.ik(a,b,void 0,void 0,cba):cba(_.ik(a,b))};_.wk=function(a,b,c,d){a=_.ik(a,b,c,d);a=a==null||typeof a==="boolean"?a:typeof a==="number"?!!a:void 0;return a};_.xk=function(a,b,c,d){return _.jd(_.ik(a,b,c,d))};_.H=function(a,b,c,d){return _.Ad(_.ik(a,b,c,d))};_.yk=function(a,b,c,d){return _.fd(_.ik(a,b,c,d))};_.zk=function(a,b,c=!1,d){let e;return(e=_.wk(a,b,d))!=null?e:c};
_.Ak=function(a,b,c=0,d){let e;return(e=_.xk(a,b,d))!=null?e:c};_.Bk=function(a,b,c=_.gga,d){let e;return(e=_.uk(a,b,d))!=null?e:c};_.Ck=function(a,b){let c;return(c=_.ik(a,b,void 0,void 0,_.ad))!=null?c:0};_.Dk=function(a,b,c="",d){let e;return(e=_.H(a,b,d))!=null?e:c};_.Ek=function(a,b){let c;return(c=_.yk(a,b))!=null?c:0};_.Gk=function(a,b){return _.he(a,b,_.Ad,_.nk())};_.Hk=function(a,b,c,d){return _.G(a,b,_.lk(a,d,c),void 0)};_.Ik=function(a,b,c){return _.wk(a,b,c,_.hk)};
_.Jk=function(a,b,c){return _.xk(a,b,c,_.hk)};_.Kk=function(a,b,c){return _.H(a,b,c,_.hk)};_.Lk=function(a,b,c){return _.yk(a,b,c,_.hk)};_.Mk=function(a,b,c,d){return _.jk(a,b,_.bd(c),d)};_.Nk=function(a,b,c,d){return _.jk(a,b,_.hd(c),d)};_.J=function(a,b,c,d){return _.jk(a,b,_.yd(c),d)};_.ih=function(a,b,c,d){return _.le(a,b,_.yd(c),"",d)};_.Ok=function(a,b,c,d){return _.jk(a,b,c==null?c:_.ed(c),d)};_.Pk=function(a,b,c){return _.xk(a,b,c)!=null};_.Qk=function(a,b,c){return _.H(a,b,c)!=null};_.Rk=te();_.iga=te();_.jga=te();_.kga=te();_.lga=te();_.mga=te();_.xe=function(a,b){if(b==null||b=="")return new a;b=JSON.parse(b);if(!Array.isArray(b))throw Error("O");return new a(_.Ac(b))};_.Sk=function(a,b){Ld(a.Lc,b.je);Kd(a,b.je,b.BA);a=b.ctor?b.np(a,b.ctor,b.je,b.Sk):b.np(a,b.je,null,b.Sk);return a===null?void 0:a};_.nga=function(a){return _.Zd(a)};_.Tk=function(a,b,c){var d=a.Lc;const e=_.Gd(_.Hd);e&&e in d&&(d=d[e])&&delete d[b.je];return b.ctor?b.YG(a,b.ctor,b.je,c,b.Sk):b.YG(a,b.je,c,b.Sk)};
_.x=class{constructor(a,b,c){this.Lc=_.rba(a,b,c,2048)}toJSON(){return _.Vd(this)}Vd(a){return JSON.stringify(_.Vd(this,a))}getExtension(a){Ld(this.Lc,a.je);Kd(this,a.je,a.BA);return a.ctor?a.SF?a.np(this,a.ctor,a.je,_.nk(),a.Sk):a.np(this,a.ctor,a.je,a.Sk):a.SF?a.np(this,a.je,_.nk(),a.Sk):a.np(this,a.je,a.defaultValue,a.Sk)}hasExtension(a){Ld(this.Lc,a.je);Kd(this,a.je,a.BA);return a.ctor?_.kk(this,a.ctor,a.je,a.Sk):_.Sk(this,a)!==void 0}clone(){const a=this.Lc,b=a[_.vc]|0;return _.Yd(this,a,b)?
Xd(this,a,!0):new this.constructor(_.Wd(a,b,!1))}Jp(){return!_.Fc(this)}hm(){return _.Fc(this)}};_.x.prototype[Gaa]=Haa;_.x.prototype.toString=function(){return this.Lc.toString()};_.oga=Symbol();_.ve=class{constructor(a,b,c){this.je=a;this.ctor=c;this.SF=0;this.np=_.G;this.YG=_.jh;this.defaultValue=void 0;this.Sk=b.Ma!=null?_.F:void 0;this.BA=void 0}register(){_.Yj(this)}};_.Uk=class extends _.x{constructor(a){super(a,1)}};var Vk,pga,Wk;Vk=function(a,b,c=!1){a.o=a.o.concat(b);if(c){if(!a.j)throw Error("Q`"+a.H);b.map(d=>d.j).forEach(d=>{hb(e=>{e.pu(a.j,d)})})}};pga=function(a,b,c=!1){if(c){if(!a.j)throw Error("Q`"+a.H);b.map(d=>d.j).forEach(d=>{hb(e=>{e.zB(a.j,d)})})}a.o=a.o.filter(d=>b.indexOf(d)===-1)};Wk=function(a,b){pga(a,a.o,!1);Vk(a,b,!1)};_.Fe=class{constructor(a,b,c,d=!1){c=c||[];this.H=a;this.j=b||null;this.o=[];Vk(this,c,d)}toString(){return this.H}};var Fba=new Map,qga=new Map,Ae=new Map,Dba=new Map;Ce("YYmHzb","rhjTGb");_.hh=class extends _.x{constructor(a){super(a)}getValue(){const a=_.ik(this,2);if(Array.isArray(a)||a instanceof _.x)throw Error("P");return _.hga(this,2)}};_.hh.prototype.Yb=_.aa(2);_.Mca=function(a,b){return _.le(a,1,_.hd(b),0)};_.Lca=function(a,b){return _.tk(a,3,b)};_.kh=class extends _.x{constructor(a){super(a)}getMessage(){return _.Dk(this,2)}};_.Xk=_.B("gkizLe",[]);_.Yk=new _.Fe("n73qwf","n73qwf");_.Zk=new _.Fe("MpJwZc","MpJwZc");var Jba="alternate author bookmark canonical cite help icon license modulepreload next prefetch dns-prefetch prerender preconnect preload prev search subresource".split(" ");var rga,sga,tga;_.We=function(a){return encodeURIComponent(String(a))};_.Se=function(a){return decodeURIComponent(a.replace(/\+/g," "))};_.$k=function(a){return a.indexOf("&")!=-1?"document"in _.ca?rga(a):sga(a):a};
rga=function(a){const b={"&amp;":"&","&lt;":"<","&gt;":">","&quot;":'"'};let c;c=_.ca.document.createElement("div");return a.replace(tga,function(d,e){var f=b[d];if(f)return f;e.charAt(0)=="#"&&(e=Number("0"+e.slice(1)),isNaN(e)||(f=String.fromCharCode(e)));f||(f=_.La(d+" "),c.nodeType===1&&_.Iba(c),c.innerHTML=_.Ma(f),f=c.firstChild.nodeValue.slice(0,-1));return b[d]=f})};
sga=function(a){return a.replace(/&([^;]+);/g,function(b,c){switch(c){case "amp":return"&";case "lt":return"<";case "gt":return">";case "quot":return'"';default:return c.charAt(0)!="#"||(c=Number("0"+c.slice(1)),isNaN(c))?b:String.fromCharCode(c)}})};tga=/&([^;\s<&]+);?/g;_.al=function(a){return String(a).replace(/([-()\[\]{}+?*.$\^|,:#<!\\])/g,"\\$1").replace(/\x08/g,"\\x08")};_.bl=function(a){return String(a).replace(/\-([a-z])/g,function(b,c){return c.toUpperCase()})};
_.hi=function(a){return String(a).replace(/([A-Z])/g,"-$1").toLowerCase()};_.uga=function(a){return a.replace(RegExp("(^|[\\s]+)([a-z])","g"),function(b,c,d){return c+d.toUpperCase()})};_.cl=function(a,b,c){a=a.split(b);const d=[];for(;c>0&&a.length;)d.push(a.shift()),c--;a.length&&d.push(a.join(b));return d};_.Ne=RegExp("^(?:([^:/?#.]+):)?(?://(?:([^\\\\/?#]*)@)?([^\\\\/?#]*?)(?::([0-9]+))?(?=[\\\\/?#]|$))?([^?#]+)?(?:\\?([^#]*))?(?:#([\\s\\S]*))?$");_.$e=/#|$/;_.fl=function(){var a=_.dl(_.ef("w2btAe"),_.el,new _.el);return _.Dk(a,1)};_.gl=function(){var a=_.dl(_.ef("w2btAe"),_.el,new _.el);return _.Dk(a,3,"0")};_.el=class extends _.x{constructor(a){super(a)}};var hl,il,vga,xga,wga;hl=function(a){throw Error("T`"+a.H);};il=function(a,b){return new TypeError("U`"+b+"`"+a.H+"`"+a.j+"`"+typeof a.j)};_.zh=function(a){const b=_.jl(a);b===null&&hl(a);return b};_.Ah=function(a,b){let c;return(c=_.jl(a))!=null?c:b};_.jl=function(a){const b=a.j;if(b==null)return null;if(typeof b==="string")return b;throw il(a,"string");};_.kl=function(a){const b=vga(a);b===null&&hl(a);return b};_.eh=function(a,b){let c;return(c=vga(a))!=null?c:b};
vga=function(a){let b=a.j;if(b==null)return null;if(typeof b==="boolean")return b;if(typeof b==="string"){b=b.toLowerCase();if(b==="true"||b==="1")return!0;if(b==="false"||b==="0")return!1}throw il(a,"boolean");};_.ml=function(a){const b=_.ll(a);b===null&&hl(a);return b};_.nl=function(a,b){let c;return(c=_.ll(a))!=null?c:b};
_.ll=function(a){let b=a.j;if(b==null)return null;if(typeof b==="number")return b;if(typeof b==="string"){const c=Number(b);if(!isNaN(c)&&(c!==0||b.trim().length!==0))return c}throw il(a,"number");};_.ol=function(a,b,c){let d=!0,e=void 0;for(const f in b){const g=b[f];d&&(d=!1,e=typeof g==="number"?_.nl(a,c):_.Ah(a,c));if(g==e)return e}JSON.stringify(b);return e};_.pl=function(a,b){return _.bf(_.zh(a),b)};_.dl=function(a,b,c){a=_.jl(a);return a===null?c:_.bf(a,b)};
xga=function(a){var b=a.j;if(b==null)return null;Array.isArray(b)||(typeof b!=="string"?b=[b]:(b=b.trim(),b=b==""?[]:b.split(",").map(c=>c.trim())));return wga(a,b)};wga=function(a,b){const c=a.H+"[";return Array.from(b,(d,e)=>new _.df(c+e+"]",d))};_.ql=function(a){var b=[];const c=xga(a);return c===null?wga(a,b):c};_.yga=function(a){const b=xga(a);b===null&&hl(a);return b};
_.df=class{constructor(a,b){this.H=a;this.j=b}string(a){return arguments.length==0?_.zh(this):_.Ah(this,a)}o(a){return arguments.length==0?_.kl(this):_.eh(this,a)}number(a){return arguments.length==0?_.ml(this):_.nl(this,a)}Sc(){return this.j!=null}toString(){return _.zh(this)}object(a){let b=this.j;if(b==null)return a===void 0&&hl(this),a;if(typeof b==="object"&&b.constructor===Object){a={};const c=this.H+".";for(const d in b)a[d]=new _.df(c+d,b[d]);return a}throw il(this,"object");}};_.rl=function(){return _.ef("Im6cmf").string()};_.ff=new Set;_.gf={};_.Nba=new Set;var Oba=Symbol("W");_.of=void 0;var qf=Symbol("ba");_.sl=class extends _.ha{constructor(a){super(a);this.name="\u0275NotFound"}};var zga=Symbol("ca"),Aga=Symbol("da");_.Rg=function(a){return new _.xf(b=>{b(a)})};_.Qf=function(a){return new _.xf((b,c)=>{c(a)})};_.Sg=function(a){return new _.xf((b,c)=>{a.length||b([]);const d=a.length,e=Array(d);let f=0;for(let g=0;g<d;g++)a[g].ye(k=>{e[g]=k;f++;f===d&&b(e)},k=>{c(k)})})};_.Bga=function(a){return new Promise((b,c)=>{a.ye(b,c)})};_.tl=function(a){switch(a.state){case 0:return{state:a.state};case 1:return{state:a.state,value:a.value};case 2:return{state:a.state,error:a.error};default:_.Xc(a.state,void 0)}};
_.xf=class{constructor(a){this.state=0;this.j=[];const b=d=>{if(this.state===0){this.value=d;this.state=1;for(let f=0;f<this.j.length;f++){var [e]=this.j[f];try{e(d)}catch(g){}}this.j=[]}},c=d=>{if(this.state===0){this.error=d;this.state=2;for(let f=0;f<this.j.length;f++){var [,e]=this.j[f];try{e(d)}catch(g){}}this.j=[]}};try{a(b,c)}catch(d){c(d)}}ye(a,b){switch(this.state){case 0:this.j.push([a,b]);break;case 1:a(this.value);break;case 2:b(this.error);break;default:_.Xc(this.state,void 0)}}map(a,
b){return new _.xf((c,d)=>{this.ye(e=>{try{c(a(e))}catch(f){d(f)}},e=>{try{d(b?b(e):e)}catch(f){d(f)}})})}flatMap(a,b){return new _.xf((c,d)=>{this.ye(e=>{try{a(e).ye(c,d)}catch(f){d(f)}},e=>{try{d(b?b(e):e)}catch(f){d(f)}})})}};_.ul=a=>{var b="zn";if(a.zn&&a.hasOwnProperty(b))return a.zn;b=new a;return a.zn=b};_.vl=function(a,b){let c;if((a=a.j[b.toString()])==null)var d=void 0;else{let e;d=(e=a.j)!=null?e:a.o}return(c=d)!=null?c:b};_.Di=function(a){const b=_.mg.kb().j[a.toString()];if(!b)throw Error("ea`"+a);return b};_.mg=class{constructor(){this.j={}}register(a,b){this.j[a.toString()]=b}static kb(){return _.ul(_.mg)}};var Dga,Ega,eea,Fga,Gga;Dga=function(a,b){return _.qfa(_.Cga(a),b)};Ega=function(a){return _.wl?_.Vh(a):Promise.all(a)};_.Cga=function(a){a.O||(a.O=_.kb());return a.O};eea=function(a,b){a.Ra=b};_.Tf=function(a,b){b=_.vl(_.mg.kb(),b);const c=a.o[b.toString()];if(c){for(const d of a.j)d.j([b]);return _.Rg(c)}return b instanceof _.Fe?new _.xf((d,e)=>{_.xl(a,[b]).then(()=>{a.o[b.toString()]||e(Fga(a,b));d(a.o[b.toString()])},e)}):_.Qf(Fga(a,b))};_.xl=function(a,b){a=Gga(a,b);return _.wl?_.Rba(a):a};
Fga=function(a,b){for(const c of a.j)c.o([b]);return new TypeError("fa`"+b)};_.Hga=function(a,b){b=_.vl(_.mg.kb(),b);const c=a.o[b.toString()];if(c)for(const d of a.j)d.j([b]);return c};
Gga=function(a,b){const c=_.mg.kb();b=b.map(m=>_.vl(c,m));b=[...(new Set(b))];const d=[],e=[];b.forEach(m=>{a.isLoaded(m)?d.push(m):e.push(m)});const f=e.filter(m=>!a.H.has(m));if(d.length)for(const m of a.j)m.j(d);if(f.length)for(const m of a.j)m.O(f);b=Qba(e).ZN.filter(m=>m instanceof _.Fe&&!a.isLoaded(m)&&!c.j[m.toString()]);const g=new Set;b.forEach(m=>{m=m.j;m!=null&&g.add(m)});if(!g.size)return _.wl?_.ch():Promise.resolve();f.forEach(m=>{a.H.add(m)});let k;try{k=Object.values(a.ka(a,[...g]))}catch(m){let n;
_.wl?n=_.Uh(m):n=Promise.reject(m);k=[n]}const l=()=>{f.forEach(m=>{a.H.delete(m)})};return Ega(k).then(()=>{l();if(f.length)for(const m of a.j)m.H(f)},m=>{l();if(f.length)for(const n of a.j)n.o(f);throw m;})};_.Uf=class{constructor(){this.o={};this.Ra=null;this.j=new Set;this.O=null;this.H=new Set;this.ka=Dga}xd(){return this.Ra}register(a,b){_.jf(a,b);this.o[a.toString()]=b}Ej(a){if(a=_.mf(a))return a}isLoaded(a){return!!this.o[a.toString()]}static kb(){return _.ul(_.Uf)}};_.wl=!Afa;_.Df=Symbol("ga");var Xba,Yba,Wba,Vba;Xba=uf("WizInjectionContext_ModelRootElement");_.Zba=uf("WizInjectionContext_RendererData");_.$ba=uf("WizInjectionContext_InjectingConstructor");Yba=uf("WizInjectionContext_AppContext");_.Jf=uf("WizInjectionContext_Dispatcher");_.Gf=uf("WizInjectionContext_RootElement");Wba=uf("WizInjectionContext_AsyncDeps");Vba=uf("WizInjectionContext_ObjectCreationTracker");var Uba=Symbol("ka");var bca={};_.Sf=class{constructor(){this.context=_.of}isDisposed(){return!((this==null?0:this.context)&&!this.context.isDisposed)}getContext(){this.isDisposed();return this.context}};_.Vf=class extends Error{constructor(a){super(a);Object.setPrototypeOf(this,new.target.prototype)}};var Yf=[],ag=null;if(_.ff.has("startup"))throw Error("pa`startup");_.ff.add("startup");_.gf.startup=[];var cg={};_.yl=_.B("mI3LFb");var Iga=class extends _.x{constructor(a){super(a)}};_.hf(()=>{_.dg(_.yl,function(a){a.j=new Iga;var b=a.j,c=_.hca();_.Ok(b,1,c);_.Ok(a.j,3,1);a.Ih=_.gl()})});_.zl=null;var hg,Jga,jca,Al,Mga,Pga,Nga,Oga,Qga,Cl,Rga,Sga,nca,Tga,Kga,Lga,Uga,Vga;hg=function(a,b=!0){const c=Jga(a),d=new Kga,e=c.match(_.Ne)[5];_.rb(Lga,function(g){const k=e.match("/"+g+"=([^/]+)");k&&Al(d,g,k[1])});let f="";f=a.indexOf("_/ss/")!=-1?"_/ss/":"_/js/";Mga(d,a.substr(0,a.indexOf(f)+f.length));if(!b)return d;(a=_.Oe(6,c))&&_.Te(a,(g,k)=>{d.H[g]=k});return d};Jga=function(a){return a.startsWith("https://uberproxy-pen-redirect.corp.google.com/uberproxy/pen?url=")?a.substr(65):a};
jca=function(a){a=_.Pe(Jga(a));return a===null?!1:RegExp("(/_/js/)|(/_/ss/)","g").test(a)?/\/k=/.test(a):!1};Al=function(a,b,c){c?a.j[b]=c:delete a.j[b]};Mga=function(a,b){a.o=b};
Pga=function(a){const b=[],c=d=>{a.j[d]!==void 0&&b.push(d+"="+a.j[d])};Nga(a)?(c("md"),c("k"),c("ck"),c("am"),c("rs"),c("gssmodulesetproto"),c("slk"),c("dti")):(c("sdch"),c("k"),c("ck"),c("am"),c("amc"),c("rt"),"d"in a.j||Al(a,"d","0"),c("d"),c("exm"),c("excm"),(a.j.excm||a.j.exm)&&b.push("ed=1"),c("im"),c("dg"),c("sm"),_.Bl(a,"br")!="1"&&_.Bl(a,"br")!="0"||c("br"),c("br-d"),_.Bl(a,"rb")=="1"&&c("rb"),_.Bl(a,"zs")!=="0"&&c("zs"),Oga(a)!==""&&c("wt"),c("gssmodulesetproto"),c("ujg"),c("sp"),c("rs"),
c("cb"),c("ee"),c("slk"),c("dti"),c("ic"),c("m"));return b.join("/")};_.Bl=function(a,b){return a.j[b]?a.j[b]:null};Nga=function(a){a=_.Bl(a,"md");return!!a&&a!=="0"};Oga=function(a){switch(_.Bl(a,"wt")){case "0":return"0";case "1":return"1";case "2":return"2";default:return""}};Qga=function(a,b){b&&b.length>0?(b.sort(),Al(a,"exm",b.join(","))):Al(a,"exm",null)};Cl=function(a,b){b&&b.length>0?(b.sort(),Al(a,"excm",b.join(","))):Al(a,"excm",null)};
Rga=function(a){return(a=_.Bl(a,"m"))?a.split(","):[]};Sga=function(a,b){const c=Object.keys(b).filter(d=>!!Object.keys(b[d]).length).map(d=>{const e=Object.keys(b[d]);e.length>1&&e.sort();return d+":"+e.join(",")});c.sort();Al(a,"ee",c.join(";"))};nca=function(a){var b=_.Bl(a,"ee");if(!b)return{};a={};b=b.split(";");for(const c of b){const [d,e]=c.split(":");a[d]={};for(const f of e.split(","))a[d][f]=!0}return a};Tga=function(a){delete a.j.m;delete a.j.exm;delete a.j.ed};
Kga=class{constructor(){this.j={};this.o="";this.H={}}toString(){var a=this.o+Pga(this);const b=_.Xe(this.H);let c="";b!=""&&(c="?"+b);return a+c}clone(){const a=new Kga;a.j=Object.assign({},this.j);a.o=this.o;a.H=Object.assign({},this.H);return a}};
Lga={kua:"k",O3:"ck",ula:"m",z7:"exm",x7:"excm",fQ:"am",XR:"amc",Xja:"mm",Dta:"rt",Lfa:"d",y7:"ed",Qxa:"sv",G4:"deob",nY:"cb",zwa:"rs",ava:"sdch",Qfa:"im",H4:"dg",g7:"br",f7:"br-d",h7:"rb",xMa:"zs",DKa:"wt",I7:"ee",Axa:"sm",Tka:"md",Mda:"gssmodulesetproto",LHa:"ujg",KHa:"sp",wwa:"slk",j5:"dti",xga:"ic"};Uga=RegExp("^(gapi\\.)?loaded(_g|_h)?(_[0-9a-z]+)+$");Vga=RegExp("^[a-zA-Z0-9-_*]+$");var lca=!1,mca=!1;var kg=!oca();_.ig=new Set;var Wga,pca;Wga=[];_.Dl=function(a,b){if((new Set([...a.H,...a.O])).has(b.toString()))return!0;a=new Set([...a.ka,...a.na]);for(const c of a)if(_.Dl(_.Di(c),b))return!0;return!1};_.Ci=function(a,b){a.j!==b&&(_.ig.has(a.jj.toString())&&_.ig.has(b.toString()),_.Dl(a,b),a.o&&pga(a.jj,[a.o],kg),Vk(a.jj,[b],kg),a.j=b)};pca=class{constructor(a,b,c,d,e,f=null){this.jj=a;this.H=b;this.O=c;this.ka=d;this.na=e;this.o=f;this.j=null;Wga.push(this)}};var lg=a=>ze(qga,a.toString(),()=>new Set);Ce("lazG7b","qCSYWe");_.Gl=_.B("lazG7b",[_.yl]);_.Hl=ng("qCSYWe","NSEoX","TrYr1d",_.Gl);_.Il=_.B("RyvaUb");_.og.prototype.clone=function(){return new _.og(this.x,this.y)};_.og.prototype.equals=function(a){return a instanceof _.og&&(this==a?!0:this&&a?this.x==a.x&&this.y==a.y:!1)};_.Jl=function(a,b){const c=a.x-b.x;a=a.y-b.y;return Math.sqrt(c*c+a*a)};_.h=_.og.prototype;_.h.ceil=function(){this.x=Math.ceil(this.x);this.y=Math.ceil(this.y);return this};_.h.floor=function(){this.x=Math.floor(this.x);this.y=Math.floor(this.y);return this};
_.h.round=function(){this.x=Math.round(this.x);this.y=Math.round(this.y);return this};_.h.translate=function(a,b){a instanceof _.og?(this.x+=a.x,this.y+=a.y):(this.x+=Number(a),typeof b==="number"&&(this.y+=b));return this};_.h.scale=function(a,b){this.x*=a;this.y*=typeof b==="number"?b:a;return this};_.Kl=function(a,b){return a==b?!0:a&&b?a.width==b.width&&a.height==b.height:!1};_.h=_.pg.prototype;_.h.clone=function(){return new _.pg(this.width,this.height)};_.h.area=function(){return this.width*this.height};_.h.aspectRatio=function(){return this.width/this.height};_.h.Jc=function(){return!this.area()};_.h.ceil=function(){this.width=Math.ceil(this.width);this.height=Math.ceil(this.height);return this};_.h.floor=function(){this.width=Math.floor(this.width);this.height=Math.floor(this.height);return this};
_.h.round=function(){this.width=Math.round(this.width);this.height=Math.round(this.height);return this};_.h.scale=function(a,b){this.width*=a;this.height*=typeof b==="number"?b:a;return this};var Xga,Zga,bha,Yl;_.ai=function(a){return a?new _.Ll(_.Dg(a)):Aea||(Aea=new _.Ll)};_.Ml=function(a,b){return typeof b==="string"?a.getElementById(b):b};_.Yga=function(a,b){_.rb(b,function(c,d){d=="style"?a.style.cssText=c:d=="class"?a.className=c:d=="for"?a.htmlFor=c:Xga.hasOwnProperty(d)?a.setAttribute(Xga[d],c):_.zb(d,"aria-")||_.zb(d,"data-")?a.setAttribute(d,c):a[d]=c})};
Xga={cellpadding:"cellPadding",cellspacing:"cellSpacing",colspan:"colSpan",frameborder:"frameBorder",height:"height",maxlength:"maxLength",nonce:"nonce",role:"role",rowspan:"rowSpan",type:"type",usemap:"useMap",valign:"vAlign",width:"width"};_.Nl=function(a){a=(a||window).document;a=a.compatMode=="CSS1Compat"?a.documentElement:a.body;return new _.pg(a.clientWidth,a.clientHeight)};
_.Ol=function(a){const b=a.scrollingElement?a.scrollingElement:_.ni||a.compatMode!="CSS1Compat"?a.body||a.documentElement:a.documentElement;a=a.defaultView;return new _.og((a==null?void 0:a.pageXOffset)||b.scrollLeft,(a==null?void 0:a.pageYOffset)||b.scrollTop)};_.Pl=function(a){return a?a.defaultView:window};_.$ga=function(a,b){const c=b[1],d=_.Ql(a,String(b[0]));c&&(typeof c==="string"?d.className=c:Array.isArray(c)?d.className=c.join(" "):_.Yga(d,c));b.length>2&&Zga(a,d,b,2);return d};
Zga=function(a,b,c,d){function e(f){f&&b.appendChild(typeof f==="string"?a.createTextNode(f):f)}for(;d<c.length;d++){const f=c[d];!_.fa(f)||_.Ug(f)&&f.nodeType>0?e(f):_.Da(f&&typeof f.length=="number"&&typeof f.item=="function"?_.ya(f):f,e)}};_.Rl=function(a){return _.Ql(document,a)};_.Ql=function(a,b){b=String(b);a.contentType==="application/xhtml+xml"&&(b=b.toLowerCase());return a.createElement(b)};_.Sl=function(a,b){Zga(_.Dg(a),a,arguments,1)};_.Tl=function(a){let b;for(;b=a.firstChild;)a.removeChild(b)};
_.Ul=function(a){return a&&a.parentNode?a.parentNode.removeChild(a):null};_.Vl=function(a){return a.children!=void 0?a.children:Array.prototype.filter.call(a.childNodes,function(b){return b.nodeType==1})};bha=function(a){return a.nextElementSibling!==void 0?a.nextElementSibling:_.aha(a.nextSibling,!0)};_.aha=function(a,b){for(;a&&a.nodeType!=1;)a=b?a.nextSibling:a.previousSibling;return a};_.yg=function(a){return _.Ug(a)&&a.nodeType==1};
_.Hg=function(a,b){if(!a||!b)return!1;if(a.contains&&b.nodeType==1)return a==b||a.contains(b);if(typeof a.compareDocumentPosition!="undefined")return a==b||!!(a.compareDocumentPosition(b)&16);for(;b&&a!=b;)b=b.parentNode;return b==a};_.Dg=function(a){return a.nodeType==9?a:a.ownerDocument||a.document};
_.Wl=function(a,b){if("textContent"in a)a.textContent=b;else if(a.nodeType==3)a.data=String(b);else if(a.firstChild&&a.firstChild.nodeType==3){for(;a.lastChild!=a.firstChild;)a.removeChild(a.lastChild);a.firstChild.data=String(b)}else _.Tl(a),a.appendChild(_.Dg(a).createTextNode(String(b)))};_.Xl=function(a,b,c){a&&!c&&(a=a.parentNode);for(c=0;a;){if(b(a))return a;a=a.parentNode;c++}return null};
_.cha=function(){const a=_.Pl();return a.devicePixelRatio!==void 0?a.devicePixelRatio:a.matchMedia?Yl(3)||Yl(2)||Yl(1.5)||Yl(1)||.75:1};Yl=function(a){return _.Pl().matchMedia("(min-resolution: "+a+"dppx),(min--moz-device-pixel-ratio: "+a+"),(min-resolution: "+a*96+"dpi)").matches?a:0};_.Ll=function(a){this.j=a||_.ca.document||document};_.h=_.Ll.prototype;_.h.ai=_.ai;_.h.Ha=function(a){return _.Ml(this.j,a)};_.h.getElementsByTagName=function(a,b){return(b||this.j).getElementsByTagName(String(a))};
_.h.To=_.aa(3);_.h.createElement=function(a){return _.Ql(this.j,a)};_.h.createTextNode=function(a){return this.j.createTextNode(String(a))};_.h.getWindow=function(){return this.j.defaultView};_.h.appendChild=function(a,b){a.appendChild(b)};_.h.append=_.Sl;_.h.canHaveChildren=function(a){if(a.nodeType!=1)return!1;switch(a.tagName){case "APPLET":case "AREA":case "BASE":case "BR":case "COL":case "COMMAND":case "EMBED":case "FRAME":case "HR":case "IMG":case "INPUT":case "IFRAME":case "ISINDEX":case "KEYGEN":case "LINK":case "NOFRAMES":case "NOSCRIPT":case "META":case "OBJECT":case "PARAM":case "SCRIPT":case "SOURCE":case "STYLE":case "TRACK":case "WBR":return!1}return!0};
_.h.removeNode=_.Ul;_.h.Cv=_.yg;_.h.contains=_.Hg;_.h.lc=_.Dg;_.h=qca.prototype;_.h.add=function(a){const b=this.j[this.o];this.j[this.o]=a;this.o=(this.o+1)%50;return b};_.h.get=function(a){a=dha(this,a);return this.j[a]};_.h.set=function(a,b){a=dha(this,a);this.j[a]=b};_.h.le=function(){return this.j.length};_.h.Jc=function(){return this.j.length==0};_.h.clear=function(){this.o=this.j.length=0};_.h.fh=function(){var a=this.le();const b=this.le();var c=this.le()-a;for(a=[];c<b;c++)a.push(this.get(c));return a};
_.h.bi=function(){const a=[],b=this.le();for(let c=0;c<b;c++)a[c]=c;return a};var dha=function(a,b){if(b>=a.j.length)throw Error("va");return a.j.length<50?b:(a.o+Number(b))%50};Ce("eYnyH","TrYr1d");Ce("UXJhUd","XQoZBb");Ce("ebZ3mb","baoWIc");_.Zl=_.B("ebZ3mb",[]);_.jg(_.Zl);_.$l=ng("baoWIc","dowIGb",void 0,_.Zl);_.jg(_.$l);_.eha=_.B("UXJhUd",[_.$l]);Ce("zthM6","XQoZBb");_.fha=_.B("zthM6",[_.Xk,_.eha]);_.am=ng("XQoZBb","KFjtub",void 0,_.fha);_.dh=_.B("IZT63");_.gha=_.B("eYnyH",[_.am,_.dh,_.Gl]);Ce("GkRiKb","iWP1Yb");_.hha=_.B("GkRiKb");_.bm=ng("iWP1Yb","zxnPse","HJ9vgc",_.hha);Ce("duFQFc","iWP1Yb");_.cm=_.B("PrPYRd",[_.dh]);Ce("ws9Tlc","NpD4ec");_.dm=_.B("ws9Tlc");_.jg(_.dm);_.em=ng("NpD4ec","cEt90b","Jj7sLe",_.dm);_.jg(_.em);_.iha=_.B("duFQFc",[_.Zk,_.cm,_.em]);_.ca.sucUdd||_.Ci(_.Di(_.bm),_.iha);_.hf(()=>{_.Ci(_.Di(_.Hl),_.gha)});Ce("xQtZb","Y84RH");Ce("xQtZb","rHjpXd");Ce("KUM7Z","YLQSd");Ce("KUM7Z","YCvDsc");_.fm=_.B("KUM7Z");_.jg(_.fm);_.jha=ng("YLQSd","yxTchf","fJ508d",_.fm);_.kha=_.B("xQtZb",[_.em,_.jha]);_.gm=ng("rHjpXd","qddgKe","t9Kynb",_.kha);Ce("siKnQd","O8k1Cd");_.lha=_.B("siKnQd");_.hm=ng("O8k1Cd","wR5FRb","oAeU0c",_.lha);_.im=ng("pB6Zqd","pXdRYb","PFbZ6");Ce("hc6Ubd","xs1Gy");Ce("vfuNJf","SF3gsd");_.mha=_.B("vfuNJf");_.jm=ng("SF3gsd","iFQyKf","EL9g9",_.mha);_.km=_.B("hc6Ubd",[_.cm,_.jm]);Ce("SpsfSb","o02Jie");_.lm=_.B("SpsfSb",[_.cm,_.km,_.Zk,_.Yk]);_.mm=ng("o02Jie","dIoSBb","lxV2Uc",_.lm);Ce("zbML3c","bqNJW");_.nm=_.B("zbML3c",[_.im,_.mm,_.gm,_.hm,_.em]);Ce("EBW0uc","Nyvwub");Ce("lwOjSb","ZfcNJc");_.nha=_.B("lwOjSb",[]);_.om=ng("ZfcNJc","ZwIgGc",void 0,_.nha);Ce("zSKCpd","INd5kb");_.pm=new _.Fe("xUdipf","xUdipf");_.qm=new _.Fe("NwH0H","NwH0H",[_.pm]);Ce("SdcwHb","CBlRxf");Ce("SdcwHb","doKs4c");Ce("XVMNvd","doKs4c");_.rm=_.B("XVMNvd",[_.em]);_.sm=_.B("O6y8ed");_.jg(_.sm);_.tm=_.B("SdcwHb",[_.rm,_.sm]);var um,oha,ym,pha,zm;try{let a,b;const c=(b=(a=window)==null?void 0:a.top)!=null?b:_.ca;c.U3bHHf!=null||(c.U3bHHf=0);um=String(c.U3bHHf++)}catch(a){_.ca.U3bHHf!=null||(_.ca.U3bHHf=0),um=String(_.ca.U3bHHf++)}_.vm=um;oha=function(a,b){a.__wizdispatcher_resolve&&(a.__wizdispatcher_resolve(),delete a.__wizdispatcher_resolve);a.__wizdispatcher=b};_.wm=function(a){return a.__component};ym=function(a,b){b&&(b.Wv=_.vm,b&&_.xm(b));a.__jscontroller=b};pha=function(a){var b=a.__jscontroller;b&&_.xm(b);return a.__jscontroller};
_.tg=function(a){return a.__owner};zm=function(a){a&&_.xm(a);if(a.pending){const {state:b,value:c}=_.tl(a.pending);if(b===0){let d;(d=a.cancel)==null||d.call(a,"disposed")}else b===1&&_.ea(c)}else _.ea(a.instance)};_.xm=function(a){if(a.Wv!==_.vm){const b=Object.entries(a).filter(([,c])=>typeof c==="string").map(([c,d])=>`${c}=${d}`).join(", ");throw Error("wa`"+_.vm+"`"+a.Wv+"`"+b);}};_.Am=new WeakMap;_.Gg=new WeakMap;var rca={};var sca;sca=!1;_.vg=new WeakMap;var qha=new RegExp("^\\.?(?:\\&\\w+\\|)?("+_.al("#")+"?\\w+)(?:\\(([\\w|=-]+)\\))?$"),rha=RegExp("^(trigger.[\\w\\.]+)(?:\\(([\\w|=-]+)\\))?$");var sha=class{constructor(a,b,c){this.action=a;this.target=b||null;this.args=c||null}toString(){return`wiz.Action<name=${this.action}, jsname=${this.target}>`}};var tha={},vha=function(a){var b=tha[a];if(b)return b;const c=a.startsWith("trigger.");b=a.split(",");const d=new uha;b.forEach(e=>{e=e.trim();e=e.match(c?rha:qha);let f=null,g=null;if(e[2]){const k=e[2].split("|");for(let l=0;l<k.length;l++){const m=k[l].split("=");m[1]?(f||(f={}),f[m[0]]=m[1]):g=m[0]}}d.add(new sha(e[1],g,f))});return tha[a]=d},uha=class{constructor(){this.j=[]}get(){return this.j}add(a){this.j.push(a)}};var Jg={};var xca={};Ce("JhnxLc","e13pPb");ng("Nyvwub","hpHPhb");Ce("qY1Xef","fuMrCf");_.wha=_.B("qY1Xef",[_.em]);Ce("utdZXe","ZfcNJc");_.Bm=ng("fuMrCf","up4Zyb",void 0,_.wha);Ce("BcP6tf","XQoZBb");Ce("ueXNcb","XQoZBb");Ce("VkjdHd","cw9eEf");_.Cm=new _.Fe("LEikZe","LEikZe");_.Dm=new _.Fe("gychg","gychg",[_.Cm]);_.Em=new _.Fe("Ulmmrd","Ulmmrd",[_.Dm]);_.xha={};_.yi=function(a,b){this.Jn=a;this.H=b;a.prototype.Da&&(_.xha[a.prototype.Da]=this)};_.yi.prototype.o=function(){return this.Jn.prototype.Da};_.yi.prototype.kb=function(a){return new this.Jn(a)};_.zi=function(a,b){let c=null;a instanceof _.x?typeof a.Da==="string"&&(c=a.Da):a instanceof _.yi?typeof a.o==="function"&&(c=a.Jn.prototype.Da):typeof a.prototype.Da==="string"&&(c=a.prototype.Da);return b&&!c?"":c};Ce("T9Rzzd","awbruf");Ce("ZfAoz","rhfQ5c");Ce("yDVVkb","rhfQ5c");_.Fm=_.B("yDVVkb");_.jg(_.Fm);Ce("EEDORb","JbjMkf");_.Gm=_.B("EEDORb");_.jg(_.Gm);var Kg={},yca={};var Hm;_.Im=class{constructor(a){this.j=a;this.description=this.o=a.toString()}Ej(){return this.j}[_.Df](a,b){var c;if((c=Hm)==null?0:c.HL(this.j)){var d;if(c=(d=Hm)==null?void 0:d.kb(this.j)){c.then(a,b);return}}d=_.vl(_.mg.kb(),this.j);_.Wf(d)[_.Df](a,b)}[zga](){return[{type:Aga,key:this.j.toString()}]}};
_.Jm=class extends _.Im{constructor(a){super(a);this.ze=_.tf("root",()=>{var b;if((b=Hm)==null?0:b.HL(this.j))throw Error("ya");b=_.Hga(_.Uf.kb(),this.j);if(!b){b=_.vl(_.mg.kb(),this.j);if(this.j===b)throw Error("za`"+this.j);throw Error("Aa`"+this.j+"`"+b);}return _.Pf(b)});this[_.Df]=void 0}};_.gj(Og,_.Af);Og.prototype.Ka=function(a,b,c){this.vd++;this.ya[a]=[b,c];this.o||(this.Ia&&b?this.callback([a,c]):this.Za&&!b?this.j(c):this.vd==this.wa.length&&this.callback(this.ya));this.Xa&&!b&&(c=null);return c};Og.prototype.j=function(a){Og.Af.j.call(this,a);for(a=0;a<this.wa.length;a++)this.wa[a].cancel()};_.yha=function(a){return _.Kj(new Og(a,!1,!0),function(b){const c=[];for(let d=0;d<b.length;d++)c[d]=b[d][1];return c})};_.Lg({preload:function(a,b){var c=[];const d=Object.keys(b);for(const e of d){const f=b[e];f instanceof _.Im?c.push(f.Ej()):f instanceof _.Fe&&c.push(f)}b=_.xl(_.Uf.kb(),c);c={};for(const e of d)c[e]=b;return c}},!0);_.Lg({context:function(a,b){return _.Rg(a.cj(b))},ao:function(a,b){try{let c=b;typeof b==="function"&&(c=b.call(a,a));return c instanceof _.xf?c:Promise.resolve(c)}catch(c){return Promise.reject(c)}}});
_.Lg({Ra:function(a,b){a=Object.keys(b);const c={};for(const f of a){const g=b[f],k=_.mf(g);let l;k?l=k:l=g;c[f]=l}b=_.Mg();if(!b)throw Error("Da");try{var d=_.Km(b,Object.values(c));b={};for(var e of a)b[e]=zf(d[c[e].toString()]);return b}catch(f){d=_.Qf(f);e={};for(const g of a)e[g]=d;return e}}},!0);_.Lg({Ml:function(a,b){a=b.call(a,a);return Array.isArray(a)?zf(_.yha(a)):a instanceof _.Af?zf(a):a}});_.Lm=ng("UgAtXe","rLpdIf","L3Lrsd");var Kca=class extends _.x{constructor(a){super(a)}};_.Mm=class{constructor(a,b){this.j=a;this.o=b}mp(){return this.o}getId(){return this.j}toString(){return this.j}};var Bha;_.Nm=new _.Mm("skipCache",!0);_.zha=new _.Mm("maxRetries",3);_.Aha=new _.Mm("isInitialData",!0);_.Om=new _.Mm("batchId");_.Rm=new _.Mm("batchRequestId");_.Sm=new _.Mm("extensionId");Bha=new _.Mm("eesTokens");_.Tm=new _.Mm("frontendMethodType");_.Cha=new _.Mm("sequenceGroup");_.Um=new _.Mm("unobfuscatedRpcId");_.Dha=new _.Mm("genericHttpHeader");_.Vm=new _.Mm("retryCount",0);_.Wm=new _.Mm("urlParams");_.Eha=new _.Mm("skipNotify",!0);var Fha=class{constructor(a){this.j=a||{}}setOption(a,b){this.j[a]=b}get(a){return this.j[a]}bi(){return Object.keys(this.j)}};_.Gha=function(a){const b=_.tb(a.sideChannel,e=>e.clone());var c=a.j;c=c?c.hm()?c:c.clone():null;const d={};for(const e of a.Ac.bi())d[e]=a.Ac.get(e);return new _.Xm(a.Qi,c,b,new Fha(d))};_.Ym=function(a,b,c){if(b.o===void 0&&c===void 0)throw Error("Ea`"+b);a=_.Gha(a);a.Ac.setOption(b.getId(),c!=void 0?c:b.mp());return a};_.Zm=function(a,b){return a.Ac.get(b.getId())};
_.Xm=class{constructor(a,b,c={},d=new Fha,e){this.Qi=a;this.j=b||void 0;this.sideChannel=c;this.Ac=d;e&&_.Da(e,f=>{const g=f.value!=void 0?f.value:f.key.mp();this.Ac.setOption(f.key.getId(),g)},this)}Tb(){return this.Qi}Sf(){if(this.j){var a=this.j;a.hm()&&(a=this.j=_.Fd(a));return a}}};_.Vg=class{constructor(a,b,c,d){this.Qi=a;this.qw=c;this.uk=b;this.Rl=parseInt(a,10)||null;this.HE=null;let e;if(d)for(e=[],a=0;a<d.length;a+=2)switch(b=d[a],c=d[a+1],e.push({key:b,value:c}),b){case _.Sm:this.Rl=c;break;case Bha:this.HE=c;break;case _.Um:}this.ur=e}getName(){return this.Qi}gv(){return this.ur?this.ur.slice():[]}toString(){return this.Qi}kb(a){return new _.Xm(this,a,void 0,void 0,this.ur)}matches(a){return this.Qi==a.Qi||this.Rl&&this.Rl.toString()==a.Qi||a.Rl&&a.Rl.toString()==this.Qi?
!0:!1}};_.Vg.prototype.hv=_.aa(6);_.Vg.prototype.ik=_.aa(5);_.lh=class extends _.ha{constructor(a){super(a.getMessage());this.j=!1;this.status=a}};_.lh.prototype.name="RpcError";_.an=function(a){this.id=a};_.an.prototype.toString=function(){return this.id};_.Xg=function(a,b){this.type=a instanceof _.an?String(a):a;this.currentTarget=this.target=b;this.defaultPrevented=this.j=!1};_.Xg.prototype.stopPropagation=function(){this.j=!0};_.Xg.prototype.preventDefault=function(){this.defaultPrevented=!0};var Hha=function(){if(!_.ca.addEventListener||!Object.defineProperty)return!1;var a=!1,b=Object.defineProperty({},"passive",{get:function(){a=!0}});try{const c=()=>{};_.ca.addEventListener("test",c,b);_.ca.removeEventListener("test",c,b)}catch(c){}return a}();_.gj(_.Yg,_.Xg);
_.Yg.prototype.init=function(a,b){const c=this.type=a.type,d=a.changedTouches&&a.changedTouches.length?a.changedTouches[0]:null;this.target=a.target||a.srcElement;this.currentTarget=b;b=a.relatedTarget;b||(c=="mouseover"?b=a.fromElement:c=="mouseout"&&(b=a.toElement));this.relatedTarget=b;d?(this.clientX=d.clientX!==void 0?d.clientX:d.pageX,this.clientY=d.clientY!==void 0?d.clientY:d.pageY,this.screenX=d.screenX||0,this.screenY=d.screenY||0):(this.offsetX=_.ni||a.offsetX!==void 0?a.offsetX:a.layerX,
this.offsetY=_.ni||a.offsetY!==void 0?a.offsetY:a.layerY,this.clientX=a.clientX!==void 0?a.clientX:a.pageX,this.clientY=a.clientY!==void 0?a.clientY:a.pageY,this.screenX=a.screenX||0,this.screenY=a.screenY||0);this.button=a.button;this.keyCode=a.keyCode||0;this.key=a.key||"";this.charCode=a.charCode||(c=="keypress"?a.keyCode:0);this.ctrlKey=a.ctrlKey;this.altKey=a.altKey;this.shiftKey=a.shiftKey;this.metaKey=a.metaKey;this.pointerId=a.pointerId||0;this.pointerType=a.pointerType;this.state=a.state;
this.timeStamp=a.timeStamp;this.Nm=a;a.defaultPrevented&&_.Yg.Af.preventDefault.call(this)};_.Yg.prototype.stopPropagation=function(){_.Yg.Af.stopPropagation.call(this);this.Nm.stopPropagation?this.Nm.stopPropagation():this.Nm.cancelBubble=!0};_.Yg.prototype.preventDefault=function(){_.Yg.Af.preventDefault.call(this);const a=this.Nm;a.preventDefault?a.preventDefault():a.returnValue=!1};_.bn="closure_listenable_"+(Math.random()*1E6|0);_.cn=function(a){return!(!a||!a[_.bn])};var Dca=0;var dn=function(a){a.Yn=!0;a.listener=null;a.proxy=null;a.src=null;a.handler=null};var Iha,en;Zg.prototype.add=function(a,b,c,d,e){const f=a.toString();a=this.j[f];a||(a=this.j[f]=[],this.o++);const g=en(a,b,d,e);g>-1?(b=a[g],c||(b.Eu=!1)):(b=new Eca(b,this.src,f,!!d,e),b.Eu=c,a.push(b));return b};Zg.prototype.remove=function(a,b,c,d){a=a.toString();if(!(a in this.j))return!1;const e=this.j[a];b=en(e,b,c,d);return b>-1?(dn(e[b]),_.ra(e,b),e.length==0&&(delete this.j[a],this.o--),!0):!1};
Iha=function(a,b){const c=b.type;c in a.j&&_.sa(a.j[c],b)&&(dn(b),a.j[c].length==0&&(delete a.j[c],a.o--))};_.fn=function(a,b,c,d,e){a=a.j[b.toString()];b=-1;a&&(b=en(a,c,d,e));return b>-1?a[b]:null};en=function(a,b,c,d){for(let e=0;e<a.length;++e){const f=a[e];if(!f.Yn&&f.listener==b&&f.capture==!!c&&f.handler==d)return e}return-1};var gn,hn,Jha,Kha,Lha,Mha,nn,qn;gn="closure_lm_"+(Math.random()*1E6|0);hn={};Jha=0;_.kn=function(a,b,c,d,e){if(d&&d.once)return _.jn(a,b,c,d,e);if(Array.isArray(b)){for(let f=0;f<b.length;f++)_.kn(a,b[f],c,d,e);return null}c=_.ln(c);return _.cn(a)?a.listen(b,c,_.Ug(d)?!!d.capture:!!d,e):Kha(a,b,c,!1,d,e)};
Kha=function(a,b,c,d,e,f){if(!b)throw Error("Fa");const g=_.Ug(e)?!!e.capture:!!e;let k=_.mn(a);k||(a[gn]=k=new Zg(a));c=k.add(b,c,d,g,f);if(c.proxy)return c;d=Lha();c.proxy=d;d.src=a;d.listener=c;if(a.addEventListener)Hha||(e=g),e===void 0&&(e=!1),a.addEventListener(b.toString(),d,e);else if(a.attachEvent)a.attachEvent(Mha(b.toString()),d);else if(a.addListener&&a.removeListener)a.addListener(d);else throw Error("Ga");Jha++;return c};
Lha=function(){const a=nn,b=function(c){return a.call(b.src,b.listener,c)};return b};_.jn=function(a,b,c,d,e){if(Array.isArray(b)){for(let f=0;f<b.length;f++)_.jn(a,b[f],c,d,e);return null}c=_.ln(c);return _.cn(a)?a.Hj(b,c,_.Ug(d)?!!d.capture:!!d,e):Kha(a,b,c,!0,d,e)};_.on=function(a,b,c,d,e){if(Array.isArray(b))for(let f=0;f<b.length;f++)_.on(a,b[f],c,d,e);else d=_.Ug(d)?!!d.capture:!!d,c=_.ln(c),_.cn(a)?a.ix(b,c,d,e):a&&(a=_.mn(a))&&(b=_.fn(a,b,c,d,e))&&_.pn(b)};
_.pn=function(a){if(typeof a!=="number"&&a&&!a.Yn){var b=a.src;if(_.cn(b))b.du(a);else{var c=a.type,d=a.proxy;b.removeEventListener?b.removeEventListener(c,d,a.capture):b.detachEvent?b.detachEvent(Mha(c),d):b.addListener&&b.removeListener&&b.removeListener(d);Jha--;(c=_.mn(b))?(Iha(c,a),c.o==0&&(c.src=null,b[gn]=null)):dn(a)}}};Mha=function(a){return a in hn?hn[a]:hn[a]="on"+a};nn=function(a,b){if(a.Yn)a=!0;else{b=new _.Yg(b,this);const c=a.listener,d=a.handler||a.src;a.Eu&&_.pn(a);a=c.call(d,b)}return a};
_.mn=function(a){a=a[gn];return a instanceof Zg?a:null};qn="__closure_events_fn_"+(Math.random()*1E9>>>0);_.ln=function(a){if(typeof a==="function")return a;a[qn]||(a[qn]=function(b){return a.handleEvent(b)});return a[qn]};oj(function(a){nn=a(nn)});_.$g=function(){_.ab.call(this);this.H=new Zg(this);this.Rq=this;this.Xa=null};_.gj(_.$g,_.ab);_.$g.prototype[_.bn]=!0;_.h=_.$g.prototype;_.h.jz=function(){return this.Xa};_.h.addEventListener=function(a,b,c,d){_.kn(this,a,b,c,d)};_.h.removeEventListener=function(a,b,c,d){_.on(this,a,b,c,d)};
_.h.dispatchEvent=function(a){var b,c=this.jz();if(c)for(b=[];c;c=c.jz())b.push(c);c=this.Rq;const d=a.type||a;if(typeof a==="string")a=new _.Xg(a,c);else if(a instanceof _.Xg)a.target=a.target||c;else{var e=a;a=new _.Xg(d,c);_.yb(a,e)}e=!0;let f,g;if(b)for(g=b.length-1;!a.j&&g>=0;g--)f=a.currentTarget=b[g],e=f.Gr(d,!0,a)&&e;a.j||(f=a.currentTarget=c,e=f.Gr(d,!0,a)&&e,a.j||(e=f.Gr(d,!1,a)&&e));if(b)for(g=0;!a.j&&g<b.length;g++)f=a.currentTarget=b[g],e=f.Gr(d,!1,a)&&e;return e};
_.h.yb=function(){_.$g.Af.yb.call(this);this.FG();this.Xa=null};_.h.listen=function(a,b,c,d){return this.H.add(String(a),b,!1,c,d)};_.h.Hj=function(a,b,c,d){return this.H.add(String(a),b,!0,c,d)};_.h.ix=function(a,b,c,d){this.H.remove(String(a),b,c,d)};_.h.du=function(a){Iha(this.H,a)};_.h.FG=function(){if(this.H){var a=this.H;let b=0;for(const c in a.j){const d=a.j[c];for(let e=0;e<d.length;e++)++b,dn(d[e]);delete a.j[c];a.o--}}};
_.h.Gr=function(a,b,c){a=this.H.j[String(a)];if(!a)return!0;a=a.concat();let d=!0;for(let e=0;e<a.length;++e){const f=a[e];if(f&&!f.Yn&&f.capture==b){const g=f.listener,k=f.handler||f.src;f.Eu&&this.du(f);d=g.call(k,c)!==!1&&d}}return d&&!c.defaultPrevented};_.h.hx=_.aa(7);_.gj(_.bh,_.$g);_.h=_.bh.prototype;_.h.enabled=!1;_.h.rj=null;_.h.setInterval=function(a){this.o=a;this.rj&&this.enabled?(this.stop(),this.start()):this.rj&&this.stop()};_.h.OO=function(){if(this.enabled){const a=_.ah()-this.ka;a>0&&a<this.o*.8?this.rj=this.j.setTimeout(this.O,this.o-a):(this.rj&&(this.j.clearTimeout(this.rj),this.rj=null),this.dispatchEvent("tick"),this.enabled&&(this.stop(),this.start()))}};
_.h.start=function(){this.enabled=!0;this.rj||(this.rj=this.j.setTimeout(this.O,this.o),this.ka=_.ah())};_.h.stop=function(){this.enabled=!1;this.rj&&(this.j.clearTimeout(this.rj),this.rj=null)};_.h.yb=function(){_.bh.Af.yb.call(this);this.stop();delete this.j};_.rn=function(a,b,c){if(typeof a==="function")c&&(a=(0,_.Ng)(a,c));else if(a&&typeof a.handleEvent=="function")a=(0,_.Ng)(a.handleEvent,a);else throw Error("Ha");return Number(b)>2147483647?-1:_.ca.setTimeout(a,b||0)};_.sn=function(a){_.ca.clearTimeout(a)};
_.fh=function(a,b){let c=null;return(new _.Aj(function(d,e){c=_.rn(function(){d(b)},a);c==-1&&e(Error("Ia"))})).dg(function(d){_.sn(c);throw d;})};var Nha;_.tn=[Ica,Nca,Jca];Nha=function(a,b,c){_.Da(_.tn,function(d){a=d(b,a,c)});return a};var Pha=function(a,b){if(_.ub(b).length===0)return null;let c=!1;_.rb(b,d=>{Oha(d)&&(c=!0)});return c?_.Tg(a,{service:{fp:_.dh}}).then(d=>{const e=d.service.fp;return _.sb(b,f=>{f=Oha(f);return!f||f.length===0||_.lj(f,g=>_.eh(e.get(g),!1))})}):b},Oha=function(a){let b=a.ep;_.Wg(a)&&(b=a.metadata?a.metadata.ep:void 0);return b};var Qha=function(a,b){_.Di(_.Lm);_.Lm.o.push(a);return(c,d)=>{_.rb(d,(g,k)=>{typeof g.GA==="function"&&(g=_.xb(g),d[k]=g,g.request=g.GA.call(c));b&&!g.Ab&&(g.Ab=b)});let e;const f=_.Kj(_.Tg(c,{service:{dK:a}}),g=>{e=g.service.dK;return Pha(c,d)}).then(g=>g?e.execute(g):_.ch({}));return _.tb(d,(g,k)=>{const l=f.then(m=>m[k]?m[k]:null);return Nha(l,g,c)})}};Ce("w9hDv","UgAtXe");_.un=_.B("w9hDv",[_.qm]);Ce("A7fCU","UgAtXe");_.vn=ng("wdmsQc","K5nYTd");_.jg(_.vn);_.wn=ng("hcz20b","lOO0Vd");_.jg(_.wn);_.Rha=_.B("A7fCU",[_.vn,_.wn,_.un]);Ce("ZDZcre","wdmsQc");_.xn=_.B("ZDZcre",[]);_.jg(_.xn);Ce("OTA3Ae","hcz20b");_.yn=_.B("OTA3Ae");_.jg(_.yn);Ce("PoEs9b","JbjMkf");_.zn=_.B("PoEs9b");_.jg(_.zn);_.An=ng("JbjMkf","Pjplud","BUsNi",_.zn);_.jg(_.An);Ce("VDovNc","vFKn6c");_.Bn=_.B("VDovNc");_.jg(_.Bn);_.mh=_.B("wjWYif");_.jg(_.mh);_.Cn=ng("rhfQ5c","qafBPd");_.jg(_.Cn);Ce("e7Hzgb","P3QXL");_.Dn=_.B("e7Hzgb",[]);_.jg(_.Dn);var Sha=ng("P3QXL","ScI3Yc",void 0,_.Dn);_.jg(Sha);var Tha=ng("iqZ0T","a56pNe");Ce("JEfCwb","iqZ0T");_.Uha=_.B("JEfCwb",[]);var Vha=ng("xe5kJ","Me32dd");Ce("MEeYgc","xe5kJ");_.Wha=_.B("MEeYgc",[]);var Xha=ng("vFKn6c","Uvc8o");_.jg(Xha);Ce("G5sBld","awbruf");_.gj(_.nh,_.ab);_.nh.prototype.j=_.aa(10);_.nh.prototype.o=_.aa(12);_.En=class{constructor(a,b,c){this.o=a;this.H=b;this.j=c}type(){return this.j}};_.Fn=function(a){return new _.En(a,null,0)};_.Gn=[];_.hf(()=>{_.Ci(_.Di(_.An),_.Gm);_.Ci(_.Di(_.$l),_.Zl);_.Ci(_.Di(Sha),_.Dn);_.Ci(_.Di(_.vn),_.xn);_.Ci(_.Di(_.Cn),_.Fm);_.Ci(_.Di(Xha),_.Bn);_.Ci(_.Di(Tha),_.Uha);_.Ci(_.Di(Vha),_.Wha);_.Ci(_.Di(_.wn),_.yn);var a={rpc:Qha(_.Rha,"rpc"),CQa:Oca};_.Lg(a,!0)});Ce("ivulKe","MH8Kwd");_.Hn=_.B("lwddkf",[_.Cm,_.em]);Ce("ZwDk9d","xiqEse");_.Fi=_.B("ZwDk9d");_.Ei=ng("xiqEse","SNUn3","ELpdJe");_.xi=_.B("RMhBfe",[_.Ei]);Ce("PVlQOd","CBlRxf");_.Yha=_.B("PVlQOd");_.In=ng("CBlRxf","NPKaK","aayYKd",_.Yha);_.Jn=_.B("BVgquf",[_.In]);Ce("zr1jrb","dAyCF");_.Zha=_.B("zr1jrb",[_.nm]);_.Kn=ng("dAyCF","EmZ2Bf","aIe9qb",_.Zha);_.$ha=_.B("Uas9Hd",[_.Kn]);_.Ln=_.B("aW3pY");_.jg(_.Ln);_.Mn=_.B("V3dDOb",[_.Il]);_.aia=_.B("pjICDe",[_.$ha,_.Dm,_.Lm,_.Fi,_.xi,_.dh,_.Hn,_.tm,_.Ln,_.Jn,_.Mn,_.em]);Ce("O1Gjze","O8k1Cd");_.bia=_.B("O1Gjze");_.Nn=ng("doKs4c","LBgRLc","av51te",_.rm);_.hf(()=>{_.Ci(_.Di(_.In),_.tm);_.kb().Jf(()=>{_.Di(_.Nn).j||_.Ci(_.Di(_.Nn),_.tm);_.Di(_.hm).j||_.Ci(_.Di(_.hm),_.bia)});ag=_.aia});Ce("wmnU7d","iQvDh");_.cia=_.B("wmnU7d",[_.tm]);_.On=ng("iQvDh","xqZiqf",void 0,_.cia);_.Pn=_.B("e5qFLc");_.Qn=_.B("Z5uLle",[_.sm,_.tm,_.Ln,_.bm,_.Pn,_.lm]);Ce("MdUzUe","pB6Zqd");_.dia=_.B("MdUzUe",[_.tm,_.On,_.Qn,_.Pn,_.em]);_.hf(()=>{_.Di(_.im).j||_.Ci(_.Di(_.im),_.dia)});Ce("BBI74","iQvDh");var oh;oh=a=>{if(!a)return a;try{a=new URL(typeof a==="object"?a.href:a)}catch(b){return typeof a==="object"?a.href:a}if(a.protocol!=="http:"&&a.protocol!=="https:")return a.protocol.slice(0,-1);a.username="";a.password="";a.hash="";return a.href};var eia=function(){const a=window;if(!a.location)try{JSON.stringify(a)}catch(c){_.vb(a)}const b=a.location&&a.location.ancestorOrigins;if(b!==void 0)return b&&b.length?b[b.length-1]==a.location.origin:!0;try{return a.top.location.href!==void 0}catch(c){return!1}};var ph={};var fia,Sca,th,gia;fia=function(a){a.j&&(_.Da(a.j,function(b){_.Rn(this.o,b.e,b.msg,b.j)},a),a.j=null)};Sca=function(a){var b=th;b.o=a;fia(b)};_.Qca=function(a,b,c){var d=th;Pca(b);if(d.H>=3)throw Error("Ka`"+a);d.H++;try{d.isDisposed()||b instanceof _.Hj||b instanceof _.Gj||vf(b)||(d.o?_.Rn(d.o,b,a,c):d.j&&d.j.length<10&&d.j.push(new gia(a,b,c)))}finally{d.H--}};th=new class extends _.ab{constructor(){super();this.H=0;this.o=this.j=null}init(){this.j=[]}};
gia=class{constructor(a,b,c){this.msg=a;this.e=b;this.j=c}};var hia=function(a){try{var b=a instanceof Object?JSON.stringify(a):String(a)}catch(c){b=String(a)}a=b;this.name="ErrorReport: "+a;_.ha.call(this,a)};_.gj(hia,_.ha);var iia=class extends _.x{constructor(a){super(a)}};_.gj(sh,_.ab);sh.prototype.wrap=function(a){return jia(this,a)};sh.prototype.ye=function(a){return a[Sn(this,!1)]||a};
var Sn=function(a,b){return(b?"__wrapper_":"__protected_")+_.fj(a)+"__"},jia=function(a,b){const c=Sn(a,!0);b[c]||((b[c]=kia(a,b))[Sn(a,!1)]=b);return b[c]},kia=function(a,b){const c=function(){if(a.isDisposed())return b.apply(this,arguments);try{return b.apply(this,arguments)}catch(d){lia(a,d)}};c[Sn(a,!1)]=b;return c},lia=function(a,b){if(!(b&&typeof b==="object"&&typeof b.message==="string"&&b.message.indexOf("Error in protected function: ")==0||typeof b==="string"&&b.indexOf("Error in protected function: ")==
0)){a.H(b);if(!a.o)throw a.j&&(typeof b==="object"&&b&&typeof b.message==="string"?b.message="Error in protected function: "+b.message:b="Error in protected function: "+b),b;throw new mia(b);}},Wca=function(a){var b=b||_.ca.window||_.ca.globalThis;"onunhandledrejection"in b&&(b.onunhandledrejection=c=>{lia(a,c&&c.reason?c.reason:Error("La"))})},Vca=function(a){const b=_.ca.window||_.ca.globalThis,c=["requestAnimationFrame","mozRequestAnimationFrame","webkitAnimationFrame","msRequestAnimationFrame"];
for(let d=0;d<c.length;d++){const e=c[d];c[d]in b&&yh(a,e)}},yh=function(a,b){const c=_.ca.window||_.ca.globalThis,d=c[b];if(!d)throw Error("Ma`"+b);c[b]=function(e,f){typeof e==="string"&&(e=_.xh(zea,e));e&&(arguments[0]=e=jia(a,e));if(d.apply)return d.apply(this,arguments);let g=e;if(arguments.length>2){const k=Array.prototype.slice.call(arguments,2);g=function(){e.apply(this,k)}}return d(g,f)};c[b][Sn(a,!1)]=d};
sh.prototype.yb=function(){const a=_.ca.window||_.ca.globalThis;a.setTimeout=this.ye(a.setTimeout);a.setInterval=this.ye(a.setInterval);sh.Af.yb.call(this)};var mia=function(a){_.ha.call(this,"Error in protected function: "+(a&&a.message?String(a.message):String(a)),a);(a=a&&a.stack)&&typeof a==="string"&&(this.stack=a)};_.gj(mia,_.ha);_.nia=_.ca.JSON.stringify;_.oia=_.ca.JSON.parse;var pia=function(a){switch(a){case 200:case 201:case 202:case 204:case 206:case 304:case 1223:return!0;default:return!1}};var qia,ria;_.Tn=function(){_.$g.call(this);this.headers=new Map;this.o=!1;this.j=null;this.ua="";this.na=0;this.oa="";this.ka=this.Ga=this.qa=this.Ca=!1;this.wa=0;this.O=null;this.ya="";this.Ia=!1};_.gj(_.Tn,_.$g);qia=/^https?$/i;_.Un=["POST","PUT"];ria=[];_.Vn=function(a,b,c,d,e,f,g){const k=new _.Tn;ria.push(k);b&&k.listen("complete",b);k.Hj("ready",k.Ta);f&&(k.wa=Math.max(0,f));g&&(k.Ia=g);k.send(a,c,d,e)};_.Tn.prototype.Ta=function(){this.dispose();_.sa(ria,this)};
_.Tn.prototype.send=function(a,b,c,d){if(this.j)throw Error("Na`"+this.ua+"`"+a);b=b?b.toUpperCase():"GET";this.ua=a;this.oa="";this.na=0;this.Ca=!1;this.o=!0;this.j=new XMLHttpRequest;this.j.onreadystatechange=lb((0,_.Ng)(this.Ka,this));try{this.Ga=!0,this.j.open(b,String(a),!0),this.Ga=!1}catch(f){sia(this,f);return}a=c||"";c=new Map(this.headers);if(d)if(Object.getPrototypeOf(d)===Object.prototype)for(var e in d)c.set(e,d[e]);else if(typeof d.keys==="function"&&typeof d.get==="function")for(const f of d.keys())c.set(f,
d.get(f));else throw Error("Oa`"+String(d));d=Array.from(c.keys()).find(f=>"content-type"==f.toLowerCase());e=_.ca.FormData&&a instanceof _.ca.FormData;!_.oa(_.Un,b)||d||e||c.set("Content-Type","application/x-www-form-urlencoded;charset=utf-8");for(const [f,g]of c)this.j.setRequestHeader(f,g);this.ya&&(this.j.responseType=this.ya);"withCredentials"in this.j&&this.j.withCredentials!==this.Ia&&(this.j.withCredentials=this.Ia);try{this.O&&(clearTimeout(this.O),this.O=null),this.wa>0&&(this.O=setTimeout(this.Lw.bind(this),
this.wa)),this.qa=!0,this.j.send(a),this.qa=!1}catch(f){sia(this,f)}};_.Tn.prototype.Lw=function(){typeof Zi!="undefined"&&this.j&&(this.oa="Timed out after "+this.wa+"ms, aborting",this.na=8,this.dispatchEvent("timeout"),this.abort(8))};var sia=function(a,b){a.o=!1;a.j&&(a.ka=!0,a.j.abort(),a.ka=!1);a.oa=b;a.na=5;tia(a);Wn(a)},tia=function(a){a.Ca||(a.Ca=!0,a.dispatchEvent("complete"),a.dispatchEvent("error"))};
_.Tn.prototype.abort=function(a){this.j&&this.o&&(this.o=!1,this.ka=!0,this.j.abort(),this.ka=!1,this.na=a||7,this.dispatchEvent("complete"),this.dispatchEvent("abort"),Wn(this))};_.Tn.prototype.yb=function(){this.j&&(this.o&&(this.o=!1,this.ka=!0,this.j.abort(),this.ka=!1),Wn(this,!0));_.Tn.Af.yb.call(this)};_.Tn.prototype.Ka=function(){this.isDisposed()||(this.Ga||this.qa||this.ka?uia(this):this.Qa())};_.Tn.prototype.Qa=function(){uia(this)};
var uia=function(a){if(a.o&&typeof Zi!="undefined")if(a.qa&&_.Xn(a)==4)setTimeout(a.Ka.bind(a),0);else if(a.dispatchEvent("readystatechange"),_.Xn(a)==4){a.o=!1;try{_.Yn(a)?(a.dispatchEvent("complete"),a.dispatchEvent("success")):(a.na=6,a.oa=_.via(a)+" ["+_.Zn(a)+"]",tia(a))}finally{Wn(a)}}},Wn=function(a,b){if(a.j){a.O&&(clearTimeout(a.O),a.O=null);const c=a.j;a.j=null;b||a.dispatchEvent("ready");try{c.onreadystatechange=null}catch(d){}}};_.Tn.prototype.isActive=function(){return!!this.j};
_.Yn=function(a){var b=_.Zn(a),c;if(!(c=pia(b))){if(b=b===0)a=Kba(String(a.ua)),b=!qia.test(a);c=b}return c};_.Xn=function(a){return a.j?a.j.readyState:0};_.Zn=function(a){try{return _.Xn(a)>2?a.j.status:-1}catch(b){return-1}};_.via=function(a){try{return _.Xn(a)>2?a.j.statusText:""}catch(b){return""}};_.$n=function(a){try{return a.j?a.j.responseText:""}catch(b){return""}};_.Tn.prototype.ik=_.aa(4);_.Tn.prototype.getLastError=function(){return typeof this.oa==="string"?this.oa:String(this.oa)};
oj(function(a){_.Tn.prototype.Qa=a(_.Tn.prototype.Qa)});var uh=function(a,b,c){_.$g.call(this);this.O=b||null;this.o={};this.oa=wia;this.na=a;c||(this.j=null,this.j=new sh((0,_.Ng)(this.ka,this)),yh(this.j,"setTimeout"),yh(this.j,"setInterval"),Vca(this.j),Xca(this.j))};_.gj(uh,_.$g);var xia=function(a,b){_.Xg.call(this,"a");this.error=a;this.context=b};_.gj(xia,_.Xg);var wia=function(a,b,c,d){let e;if(d instanceof Map){e={};for(const [f,g]of d)e[f]=g}else e=d;_.Vn(a,null,b,c,e)};
uh.prototype.ka=function(a,b){a=a.error||a;b=b?_.xb(b):{};a instanceof Error&&_.yb(b,a.__closure__error__context__984382||{});const c=Eea(a);if(this.O)try{this.O(c,b)}catch(k){}var d=c.message.substring(0,1900);if(!(a instanceof _.ha)||a.j){var e=c.fileName,f=c.lineNumber;a=c.stack;try{let k=_.Ye(this.na,"script",e,"error",d,"line",f);if(!_.wb(this.o)){d=k;var g=_.Xe(this.o);k=_.Ue(d,g)}g={};g.trace=a;if(b)for(const m in b)g["context."+m]=b[m];let l=_.Xe(g);this.oa(k,"POST",l,this.qa)}catch(k){}}try{this.dispatchEvent(new xia(c,
b))}catch(k){}};uh.prototype.yb=function(){_.ea(this.j);uh.Af.yb.call(this)};var yia,zia,Aia,Bia,Cia,Rca;_.Rn=function(a,b,c,d="unknown"){const e={};e.location=oh(location);if(eia())try{e["top.location"]=oh(top.location)}catch(f){e["top.location"]="[external]"}else e["top.location"]="[external]";for(let f in ph)try{e[f]=ph[f].call()}catch(g){e[f]="[error] "+g.message}c&&(e.message=c);yia(a,b,e,d)};
yia=function(a,b,c,d){let e;const f=Fea();c["call-stack"]=f;b instanceof Error?(e=b,a.o&&!e.stack&&(e.stack=f)):a.o?e=new hia(b!=null?b:c.message):e=b||"";c.severity||(c.severity=d);for(b=0;b<a.j.length;b++)if(a.j[b](e,c)===!1)return;zia(a,c);if(a.na>=0){var g;const k=(g=c.message)!=null?g:"",l=Aia(e,c);if(g=a.H.get(l)){g.Ru++;a.ua&&g.Ru===1&&Bia(a,e,"Throttling: "+k,c,1);return}const m={Ru:0};a.H.set(l,m);setTimeout(()=>{a.H.delete(l);a.qa&&m.Ru>0&&Bia(a,e,"Throttled: "+k,c,m.Ru)},a.na)}Cia(a,e,
c)};zia=function(a,b){b.severity==="severe"&&(a.ka&&(b.severity="severe_after_initial"),a.ka=!0)};Aia=function(a,b){const c=[];if(a){var d=a.message;a=a.stack;d&&c.push("error|:"+ao(d));a&&c.push("trace|:"+ao(a))}d=[];for(const e in b)d.push(ao(e)+"|:"+ao(b[e]));return c.join("|;")+"|."+d.join("|;")};Bia=function(a,b,c,d,e){d.message=c;d["dropped-instances"]=String(e);Cia(a,b,d)};
Cia=function(a,b,c){Pca(b);a.oa.ka(b,c);if(a.O&&(b=b.error||b,!(b instanceof _.ha)||b.j)){b=Eea(b);c=b.message.substring(0,1900);var d=new iia;c=_.J(d,3,c);c=_.J(c,1,b.stack);d=oh(b.fileName);c=_.J(c,6,d);b=Number(b.lineNumber);Number.isNaN(b)||_.Nk(c,2,b);a.O.Us(c)}};Rca=class{constructor(a){({UQa:d=!0,TQa:c=!0,ARa:b=1E4}={});var b,c,d;this.oa=a;this.H=new Map;this.j=[];this.ka=!1;this.O=void 0;this.ua=d;this.qa=c;this.na=b}};Rca.prototype.o=!1;var ao=a=>String(a).replace(/\|/g,()=>"||");_.ah();var bo=class{};bo.prototype.o=null;bo.prototype.j=null;_.vh=new bo;var ada,bda;ada=!1;bda=[];_.Dia=()=>!1;_.Eia=_.B("mSX26d",[]);_.hf(()=>{const a=_.ef("utHyne").object({});if(Object.entries(a).length!==0){var b,c;((b=window)==null?0:(c=b.navigator)==null?0:c.serviceWorker)&&_.Zf(_.Eia)}});_.co=class extends _.nh{};_.co.prototype.j=_.aa(9);_.hf(()=>{_.kb().Jf(function(a){_.Kj(_.eo(a,_.Cm,!0),function(b){b.O(new _.co)})})});Ce("QIhFr","SF3gsd");Ce("pw70Gc","IZn4xc");_.fo=_.B("pw70Gc",[]);_.jg(_.fo);_.Fia=ng("IZn4xc","EVNhjf",void 0,_.fo,"GmEyCb");_.Gia=_.B("QIhFr",[_.cm,_.Fia]);Ce("qTnoBf","GmEyCb");_.Xh=_.B("qTnoBf",[]);_.jg(_.Xh);Ce("yGfSdd","GmEyCb");_.go=_.B("yGfSdd",[]);_.jg(_.go);_.ho=ng("GmEyCb","NJ1rfe",void 0,_.go);_.jg(_.ho);_.Ci(_.Di(_.ho),_.Xh);_.Ci(_.Di(_.jm),_.Gia);var Bh=void 0;_.io=class{constructor(a,b){this.Ra=a;this.vv=b}xd(){return this.Ra}ci(){return this.Ra}cj(){throw Error("Qa");}getData(){throw Error("Qa");}j(){return{Ra:this.Ra,vv:this.vv,GG:this}}Et(){this.o||(this.o=_.Kf(this.j()));return this.o}toString(){return`context:${_.nf(this.vv)}`}};var Hia,Iia;Hia=function(a){return new _.xf((b,c)=>{_.yf(new Og(a.j,void 0,!0),b,c)})};Iia=class{constructor(){this.j=[]}add(a){this.j.push(a)}};_.jo=function(a,b){b=b instanceof _.Af?b:Mj(b);a.Pm||(a.Pm=new Iia);a.Pm.add(b)};
_.ko=class extends _.ab{constructor(){super();this.AH=_.Mg();this.Rq=_.Ff(1);this.Rq.uy=_.nf(this)+"_obj_ictx"}yb(){this.ad();super.yb();If(this.Rq)}toString(){return`${_.nf(this)}[${_.fj(this)}]`}OI(){}MJ(){let a=_.Rg();this.Pm&&(a=a.flatMap(()=>Hia(this.Pm)));this.kI&&(a=a.flatMap(()=>this.kI.j()));return a}static Ja(){return{}}xd(){return this.AH}ci(){return this.AH}ad(){}cj(){throw Error("Qa");}getData(){throw Error("Qa");}Et(){if(this.isDisposed())throw Error("Va`"+_.nf(this));return this.Rq}};
Bh=function(a,b,c){var d=fda(b,c,a);const e=c.Et();d=d.flatMap(f=>{const g=_.pf(e);try{return(()=>{const k=new b(f);let l,m;return((m=(l=k.MJ)==null?void 0:l.call(k,0))!=null?m:_.Rg()).map(()=>k)})()}finally{_.pf(g)}}).map(f=>{const g=_.pf(e);try{let k;(k=f.OI)==null||k.call(f);_.fca(a,f);return f}finally{_.pf(g)}});c instanceof _.io&&d.ye(()=>{},()=>{c.o&&If(c.o)});return d};_.Wh=ng("xs1Gy","Vgd6hb","jNrIsf");var qda,Jia,gda;qda=a=>{const b=_.Di(_.Wh);a=a.getAttribute("jsmodel");if(!a)return!1;a=_.Eh(a);for(let c=a.length-1;c>=0;c--){const d=_.Dh(a[c]);if(_.Dl(b,d))return!0}return!1};Jia=/;\s*|\s+/;_.Eh=a=>a.trim().split(Jia).filter(b=>b.length>0);gda=new WeakSet;var hda=Object.prototype.hasOwnProperty;Hh.prototype=Object.create(null);_.Kia=_.kda();_.Rh=null;_.Sh=null;var mda=class{constructor(a){this.j=[];this.o=[];this.node=a}};var nda=typeof Node!=="undefined"&&Node.prototype.getRootNode||function(){let a=this,b=a;for(;a;)b=a,a=a.parentNode;return b};_.Kh=null;_.Mh=null;_.Ih=null;_.Nh=null;_.Oh=[];_.Qh=lda;_.Ph=[];_.Lia=_.pda();_.lo=new Hh;_.mo=new Hh;var sda=class extends Error{constructor(a){super(a);this.name="HydrationError"}};_.hf(()=>{tda()});_.Mia=_.B("EFQ78c",[_.Cm,_.Hn]);_.hf(()=>{_.Zf(_.Mia)});var no="window"in globalThis&&window.performance&&window.performance.timing&&"navigationStart"in window.performance.timing?window.performance.timing.navigationStart:void 0;var oo=function(a,b,c,d){if(Ai){var e=Yh("error",a);e.error=b;e.wi=c;e.tick=d;e.finished=a.H;Ai.dispatchEvent(e)}},Nia=function(a,b){a.H&&oo(a,"extradata");a.ua.oi=b.toString().replace(/[:;,\s]/g,"_")},uda=class{constructor(a,b,c,d,e,f){this.Ga=Zh();this.ya=[];this.Ka={};this.j=new Map;this.qa={};this.H=!1;this.O={};this.ua={};this.Ca=this.Qa=!1;this.wa=a.replace(Oia,"_");this.o=b||null;this.ka=c||null;this.vd=e||null;this.na=f||null;!this.na&&c&&c.target&&c.target.nodeType===Node.ELEMENT_NODE&&(this.na=
c.target);this.Ia=this.oa=d||Date.now();this.j.set("main-actionflow-branch",1);po.push(this);this.ue=++Pia;a=Yh("created",this);Ai!=null&&Ai.dispatchEvent(a)}id(){return this.ue}getType(){return this.wa}kd(a){this.wa=a.replace(Oia,"_")}tick(a,b){this.H&&oo(this,"tick",void 0,a);var c;b=(c=b)!=null?c:{};a in this.Ka&&(this.qa[a]=!0);c=b.time||Date.now();!b.oK&&!b.vNa&&c>this.Ia&&(this.Ia=c);const d=c-this.oa;let e=this.ya.length;for(;e>0&&this.ya[e-1][1]>d;)e--;this.ya.splice(e,0,[a,d,b.oK]);this.Ka[a]=
c}done(a,b,c){let d=this.j.get(a);if(this.H||d===void 0)oo(this,"done",a,b);else{b&&this.tick(b,c);d--;this.j.set(a,d);d===0&&this.j.delete(a);if(a=this.j.size===0)if(Ai){b=a="";for(var e in this.qa)this.qa.hasOwnProperty(e)&&(b=b+a+e,a="|");b&&(this.ua.dup=b);e=Yh("beforedone",this);if(this.Ga.dispatchEvent(e)&&Ai.dispatchEvent(e)){a=this.ua;e=[];for(const [f,g]of Object.entries(a))b=g,a=encodeURIComponent(f),b=encodeURIComponent(b).replace(/%7C/g,"|"),e.push(a+":"+b);(e=e.join(","))&&(this.O.cad=
e);e=Yh("done",this);a=Ai.dispatchEvent(e)}else a=!1}else a=!0;a&&(this.H=!0,e=po.indexOf(this),e!==-1&&po.splice(e,1),this.na=this.ka=this.o=null,this.Ga=Zh(),this.Ca=!0)}}isDisposed(){return this.Ca}wi(a,b,c){this.H&&oo(this,"branch",a,b);b&&this.tick(b,c);let d;b=(d=this.j.get(a))!=null?d:0;b++;this.j.set(a,b)}action(a){this.H&&oo(this,"action");const b=[];let c=null,d=null,e=null,f=null;wda(a,g=>{var k;!g.__oi&&g.getAttribute&&(g.__oi=(k=g.getAttribute("oi"))!=null?k:void 0);if(k=g.__oi)b.unshift(k),
c||(c=g.getAttribute("jsinstance"));e||d&&d!=="1"||(e=g.getAttribute("ved"));f||(f=g.getAttribute("vet"));d||(d=g.getAttribute("jstrack"))});f&&(this.O.vet=f);d&&(this.O.ct=this.wa,b.length>0&&Nia(this,b.join(".")),c&&(this.O.cd=c.charAt(0)==="*"?Number(c.slice(1)):Number(c)),d!=="1"&&(this.O.ei=d),e&&(this.O.ved=e))}callback(a,b,c,d){this.wi(b,c);const e=this;return function(...f){try{return a.call(this,...f)}finally{e.done(b,d)}}}node(){return this.o}event(){return this.ka}eventType(){return this.vd}target(){return this.na}value(a){if(this.o){if(a in
this.o)return this.o[a];if(this.o.getAttribute)return this.o.getAttribute(a)}}},po=[],Ai=Zh(),Oia=/[~.,?&-]/g,Pia=0;var Qia=class{ez(){}H(){}};var Ria=["click","focus","touchstart","mousedown"],Sia=class extends Qia{constructor(){super();this.j=this.o=null}H(a){if(_.oa(Ria,a.eventType())&&a.node()!=null){if(a.ka){var b=a.ka;b=b.sG==null||b.QL?0:(a.Qa?no+window.performance.now():b.timeStamp)-b.sG}else b=0;var c;b?c=Date.now()-a.oa:c=0;a=c;b>=0&&b<=6E5&&this.o==null&&(this.o=b);a>=0&&a<=6E5&&this.j==null&&(this.j=a)}}},jea=new Sia;var Tia=!!(_.bj[1]>>25&1);var qo=function(a,b){const c=b.styleSheets.length,d=xda(a,new _.Ll(b));d.setAttribute("data-late-css","");b.styleSheets.length==c+1&&_.la(b.styleSheets,e=>(e.ownerNode||e.owningElement)==d)},Via=function(a){return _.bg(Uia(a),b=>b.lc())},Wia=class{constructor(a){this.H=a}j(a){if(a){var b=this.H.oa;if(b)if(b=Via(b),b.length==0)qo(a,document);else for(let c of b)qo(a,c);else qo(a,document)}}init(){_.wh("_F_installCss",a=>{this.j(a)})}};_.ro=function(a){if(a=a||document.body){var b=document.head.querySelector("style[data-late-css]");for(const c of Array.from(a.querySelectorAll("style[data-server-css-collection], link[data-server-css-collection]")))c.tagName==="STYLE"?b?document.head.insertBefore(c,b):document.head.appendChild(c):c.hasAttribute("late-css-moved")||(a=c.cloneNode(!0),a.onload=()=>_.Ul(c),c.setAttribute("late-css-moved","true"),b?document.head.insertBefore(a,b):document.head.appendChild(a))}};var Xia=class extends Wia{constructor(a,b){super(a);this.o=b}j(a){const b=document;this.o&&_.ro(b.body);super.j(a)}};var Yia,Zia,aja,bja,to,fja,$ia,cja,dja,dea,gja,ija,hja,eja,yda,vo;Yia=0;_.so=function(a){return _.Dg(a).__wizmanager};Zia=function(a,b,c){if(a.isDisposed())return _.Uh(Error());if(a.O)return a.O.promise.then(()=>Zia(a,b,c));const d=`triggerRender_${Yia}`;ci()&&(window.performance.mark(d),Yia++);return _.Fj($ia(a,c),()=>{ci()&&(window.performance.measure("fcbyXe",d),window.performance.clearMarks(d),window.performance.clearMeasures("fcbyXe"))})};
aja=function(a,b){const c=a.Qa.bind(a);b.addEventListener("scroll",c);a.addOnDisposeCallback(()=>{b.removeEventListener("scroll",c)})};bja=function(a,b){if(!_.hj(a.Ga)){var c=[];b.forEach(d=>{const e=d.getAttribute("jscontroller");e&&!d.getAttribute("jslazy")&&(d=_.Dh(e))&&!a.ya.has(d)&&(c.push(d),a.ya.add(d))});if(c.length>0){let d;(d=_.xl(_.Uf.kb(),c))==null||d.then(void 0,()=>{})}}};
to=function(a,b,c=!1){const d=[];for(let e=0;e<b.length;e++){const f=b[e],g=f.getAttribute("jscontroller"),k=f.getAttribute("jsowner"),l=f.getAttribute("jsmodel");l&&_.Fh(f,!1);if(_.Ig(f,"rcuQ6b")||g||k||l){if(a.o.has(f))continue;a.o.add(f)}_.Ig(f,"dyRcpb")&&(f.setAttribute=Ada,f.removeAttribute=Bda);_.Ig(f,"rcuQ6b")?d.push(f):c||a.na.add(f)}c||(bja(a,d),cja(a));return dja(d)};_.uo=function(a,b){a.isDisposed()||a.o.has(b)||to(a,[b],!0)};
fja=function(a,b){const c=Array.from(b.querySelectorAll(vo));if(a.qa)for(const d of a.qa)for(const e of d.querySelectorAll(vo))c.push(e);tca(b).forEach(d=>{Array.from(d.querySelectorAll(vo)).forEach(e=>c.push(e))});return c.filter(d=>_.Ig(d,"rcuQ6b")&&eja.test(d.getAttribute("jsaction"))||yda.some(e=>d.hasAttribute(e)))};
$ia=function(a,b){var c=gja(a.H);if(c&&!b){b=[];for(var d=0;d<c.RD.length;d++){const g=c.RD[d];if(a.j.documentElement.contains(g))b.push(g);else if(a.qa)for(var e of a.qa)if(e.contains(g)){b.push(g);break}}c.Yn.forEach(g=>{a.oa(g);fja(a,g).forEach(k=>{a.oa(k)})});return to(a,b)}c=fja(a,a.j);e=[];const f=new Set;for(b=0;b<c.length;b++)d=c[b],a.o.has(d)?f.add(d):e.push(d);a.o.forEach(g=>{f.has(g)||a.oa(g)});return to(a,e)};
cja=function(a){hja<0||!a.na.size||(a.ua&&window.clearTimeout(a.ua),a.ua=window.setTimeout(()=>{bja(a,a.na);a.na.clear()},hja))};dja=function(a){if(!a.length)return _.ch();const b=ci();b&&(window.performance.clearMeasures("kDcP9b"),window.performance.clearMarks("O7jPNb"),window.performance.mark("O7jPNb"));a.forEach(c=>{try{_.Eg(c,"rcuQ6b",void 0,!1)}catch(d){window.setTimeout(()=>{throw d;},0)}});b&&window.performance.measure("kDcP9b","O7jPNb");return _.ch()};
dea=class extends _.ab{constructor(a,b){super();this.j=a;this.Ga=b;this.Ca=c=>{_.ob(c)};this.H=new ija(()=>Zia(this,0,!1),this.Ca);this.o=new Set;this.na=new Set;this.ua=null;this.ya=new Set;this.wa=this.O=null;a.__wizmanager=this;aja(this,_.Pl(a))}ka(){var a=this.H;a.j||(a.j=!0);return _.wo(this.H)}Qa(){this.o&&(this.O||(this.O=_.Dj()),this.wa&&window.clearTimeout(this.wa),this.wa=window.setTimeout(()=>{this.O&&(this.O.resolve(),this.O=null)},200))}oa(a){var b=a.__soy;b&&b.dispose();(b=_.wm(a))&&
b.dispose();(b=pha(a))&&zm(b);ym(a);if(b=a.__jsmodel){b=Object.values(b);for(let c=0;c<b.length;c++)zm(b[c])}a.__jsmodel=void 0;(b=_.tg(a))&&_.Gg.has(b)&&_.sa(_.Gg.get(b),a);this.o.delete(a);this.na.delete(a)}yb(){super.yb();this.o.forEach(this.oa.bind(this));this.na.clear();this.j=null}};_.wo=function(a){if(a.o)return a.o;a.o=new _.Aj(b=>{let c=!1;a.ka=()=>{c||(a.o=null,a.ka=null,c=!0,b(a.oa()))};a.na(a.ka)});a.o.dg(()=>{});return a.o};
gja=function(a){const b=a.j?null:{RD:a.H,Yn:a.O};a.H=[];a.O=[];a.j=!1;return b};ija=class{constructor(a,b){this.oa=a;this.na=b;this.H=[];this.O=[];this.j=!1;this.ka=this.o=null}};hja=0;eja=RegExp("(\\s*rcuQ6b\\s*:\\s*trigger)");yda=["jscontroller","jsmodel","jsowner"];vo=zda();["[jsname=coFSxe]","[mica-app-id]"].map(a=>zda(a));var jja=function(a){let b;(b=a.j)==null||b.H(a.Jo)},Cda=class{constructor(a,b){this.Jo=a;this.j=b}ez(){if(this.j)return this.j.ez()}};var Gda=Symbol(void 0);_.xo=void 0;_.yo=void 0;var Hda=new Map;_.kja=!1;var lja=!!(_.bj[3]&2);var fi=Symbol("Ya");var Oda=Symbol("Za");_.zo=class{constructor(a,b,c,d,e=b){this.event=a;this.targetElement=b;this.j=c;this.o=e;this.type=a.type;this.data=a.data;this.source=d}};var mja;mja=function(a){return typeof a.className=="string"?a.className:a.getAttribute&&a.getAttribute("class")||""};_.Ao=function(a){return a.classList?a.classList:mja(a).match(/\S+/g)||[]};_.Bo=function(a,b){typeof a.className=="string"?a.className=b:a.setAttribute&&a.setAttribute("class",b)};_.Co=function(a,b){return a.classList?a.classList.contains(b):_.oa(_.Ao(a),b)};_.Do=function(a,b){if(a.classList)a.classList.add(b);else if(!_.Co(a,b)){const c=mja(a);_.Bo(a,c+(c.length>0?" "+b:b))}};
_.Eo=function(a,b){a.classList?a.classList.remove(b):_.Co(a,b)&&_.Bo(a,Array.prototype.filter.call(_.Ao(a),function(c){return c!=b}).join(" "))};_.gi=!_.Hi.gD&&!_.Zb();var Fo=a=>typeof a=="string"?b=>!!b.matches&&b.matches(a):a,nja=()=>!0;var oja=class{constructor(a,b){this.j=a[_.ca.Symbol.iterator]();this.o=b}[Symbol.iterator](){return this}next(){const a=this.j.next();return{value:a.done?void 0:this.o.call(void 0,a.value),done:a.done}}},pja=function(a,b){return new oja(a,b)};_.ki.prototype.next=function(){return _.Go};_.Go={done:!0,value:void 0};_.ki.prototype.Bf=function(){return this};var Ho,qja,Io;_.Jo=function(a){if(a instanceof Ho||a instanceof qja||a instanceof Io)return a;if(typeof a.next=="function")return new Ho(()=>a);if(typeof a[Symbol.iterator]=="function")return new Ho(()=>a[Symbol.iterator]());if(typeof a.Bf=="function")return new Ho(()=>a.Bf());throw Error("ab");};Ho=class{constructor(a){this.o=a}Bf(){return new qja(this.o())}[Symbol.iterator](){return new Io(this.o())}j(){return new Io(this.o())}};qja=class extends _.ki{constructor(a){super();this.o=a}next(){return this.o.next()}[Symbol.iterator](){return new Io(this.o)}j(){return new Io(this.o)}};
Io=class extends Ho{constructor(a){super(()=>a);this.H=a}next(){return this.H.next()}};_.h=_.mi.prototype;_.h.le=function(){return this.size};_.h.fh=function(){Ko(this);const a=[];for(let b=0;b<this.j.length;b++)a.push(this.o[this.j[b]]);return a};_.h.bi=function(){Ko(this);return this.j.concat()};_.h.has=function(a){return Lo(this.o,a)};_.h.equals=function(a,b){if(this===a)return!0;if(this.size!=a.le())return!1;b=b||rja;Ko(this);let c;for(let d=0;c=this.j[d];d++)if(!b(this.get(c),a.get(c)))return!1;return!0};var rja=function(a,b){return a===b};
_.mi.prototype.Jc=function(){return this.size==0};_.mi.prototype.clear=function(){this.o={};this.H=this.size=this.j.length=0};_.mi.prototype.remove=function(a){return this.delete(a)};_.mi.prototype.delete=function(a){return Lo(this.o,a)?(delete this.o[a],--this.size,this.H++,this.j.length>2*this.size&&Ko(this),!0):!1};
var Ko=function(a){if(a.size!=a.j.length){for(var b=0,c=0;b<a.j.length;){var d=a.j[b];Lo(a.o,d)&&(a.j[c++]=d);b++}a.j.length=c}if(a.size!=a.j.length){b={};for(d=c=0;c<a.j.length;){const e=a.j[c];Lo(b,e)||(a.j[d++]=e,b[e]=1);c++}a.j.length=d}};_.h=_.mi.prototype;_.h.get=function(a,b){return Lo(this.o,a)?this.o[a]:b};_.h.set=function(a,b){Lo(this.o,a)||(this.size+=1,this.j.push(a),this.H++);this.o[a]=b};
_.h.forEach=function(a,b){const c=this.bi();for(let d=0;d<c.length;d++){const e=c[d],f=this.get(e);a.call(b,f,e,this)}};_.h.clone=function(){return new _.mi(this)};_.h.keys=function(){return _.Jo(this.Bf(!0)).j()};_.h.values=function(){return _.Jo(this.Bf(!1)).j()};_.h.entries=function(){const a=this;return pja(this.keys(),function(b){return[b,a.get(b)]})};
_.h.Bf=function(a){Ko(this);let b=0;const c=this.H,d=this,e=new _.ki;e.next=function(){if(c!=d.H)throw Error("bb");if(b>=d.j.length)return _.Go;const f=d.j[b++];return _.li(a?f:d.o[f])};return e};var Lo=function(a,b){return Object.prototype.hasOwnProperty.call(a,b)};var sja,Mo;_.Po=function(a,b,c){if(typeof b==="string")(b=Mo(a,b))&&(a.style[b]=c);else for(const e in b){c=a;var d=b[e];const f=Mo(c,e);f&&(c.style[f]=d)}};sja={};Mo=function(a,b){let c=sja[b];if(!c){var d=_.bl(b);c=d;a.style[d]===void 0&&(d=_.pi()+_.uga(d),a.style[d]!==void 0&&(c=d));sja[b]=c}return c};_.Qo=function(a,b){const c=_.Dg(a);return c.defaultView&&c.defaultView.getComputedStyle&&(a=c.defaultView.getComputedStyle(a,null))?a[b]||a.getPropertyValue(b)||"":""};
_.Ro=function(a,b){return _.Qo(a,b)||(a.currentStyle?a.currentStyle[b]:null)||a.style&&a.style[b]};_.So=function(a){return _.Ro(a,"position")};_.To=function(a){try{return a.getBoundingClientRect()}catch(b){return{left:0,top:0,right:0,bottom:0}}};_.Vo=function(a,b){a=_.Uo(a);b=_.Uo(b);return new _.og(a.x-b.x,a.y-b.y)};_.Uo=function(a){if(a.nodeType==1)return a=_.To(a),new _.og(a.left,a.top);a=a.changedTouches?a.changedTouches[0]:a;return new _.og(a.clientX,a.clientY)};var tja,uja;_.Wo=function(a){this.j=tja(a)};tja=function(a){if(a instanceof _.Wo)a=a.j;else if(a[0]instanceof _.Wo){const b=new Set;for(let c=0;c<a.length;c++)for(const d of a[c].j)b.add(d);a=b}return[...a]};_.h=_.Wo.prototype;_.h.each=function(a,b,c=!1){(c?_.ja:_.Da)(this.j,a,b);return this};_.h.size=function(){return this.j.length};_.h.Jc=function(){return this.j.length===0};_.h.get=function(a){return this.j[a]||null};_.h.el=function(){return this.j[0]||null};_.h.Br=_.aa(14);_.h.Sa=_.aa(16);
_.h.map=function(a,b){return _.bg(this.j,a,b)};_.h.equals=function(a){return this===a||_.Ba(this.j,a.j)};_.h.Bb=_.aa(18);_.h.first=function(){return this.j.length==0?null:new _.Xo(this.j[0])};_.h.find=function(a){const b=[];this.each(function(c){c=c.querySelectorAll(String(a));for(let d=0;d<c.length;d++)b.push(c[d])});return new _.Wo(b)};_.h.parent=function(){const a=[];this.each(function(b){(b=b.parentElement||null)&&!_.oa(a,b)&&a.push(b)});return new _.Wo(a)};
_.h.children=function(){const a=[];this.each(function(b){b=_.Vl(b);for(let c=0;c<b.length;c++)a.push(b[c])});return new _.Wo(a)};_.h.filter=function(a){a=_.kj(this.j,Fo(a));return new _.Wo(a)};_.h.closest=function(a){const b=[],c=Fo(a),d=function(e){return _.yg(e)&&c(e)};this.each(function(e){(e=_.Xl(e,d,!0))&&!_.oa(b,e)&&b.push(e)});return new _.Wo(b)};_.h.next=function(a){return _.Yo(this,bha,a)};
_.Yo=function(a,b,c){const d=[];let e;e=c?Fo(c):nja;a.each(function(f){(f=b(f))&&e(f)&&d.push(f)});return new _.Wo(d)};_.Zo=function(a,b){for(let c=0;c<a.j.length;c++)if(_.Co(a.j[c],b))return!0;return!1};_.h=_.Wo.prototype;_.h.Pa=function(a){return this.each(function(b){_.Do(b,a)})};_.h.Na=function(a){return this.each(function(b){_.Eo(b,a)})};_.h.Hb=_.aa(19);_.h.tb=function(a){return this.each(function(b){_.Wl(b,a)})};_.h.Oa=function(a){if(this.j.length>0)return this.j[0].getAttribute(a)};
_.$o=function(a,b,c){return a.each(function(d){d.setAttribute(b,c)})};_.ap=function(a,b){return a.each(function(c){c.removeAttribute(b)})};_.Wo.prototype.getStyle=function(a){if(this.j.length>0){var b=this.j[0];const c=b.style[_.bl(a)];return typeof c!=="undefined"?c:b.style[Mo(b,a)]||""}};_.bp=function(a,b,c){return a.each(function(d){_.Po(d,b,c)})};_.Wo.prototype.getData=function(a){if(this.j.length===0)return new _.df(a,null);const b=_.ji(this.j[0],a);return new _.df(a,b)};
_.Wo.prototype.focus=function(a){try{a?this.el().focus(a):this.el().focus()}catch(b){}return this};_.Wo.prototype.click=function(){var a=_.Dg(this.el());if(a.createEvent){const b=a.createEvent("MouseEvents");b.initMouseEvent("click",!0,!0,a.defaultView,1,0,0,0,0,!1,!1,!1,!1,0,null);this.el().dispatchEvent(b)}else a=a.createEventObject(),a.clientX=0,a.clientY=0,a.screenX=0,a.screenY=0,a.altKey=!1,a.ctrlKey=!1,a.shiftKey=!1,a.button=0,this.el().fireEvent("onclick",a)};
var cp=function(a,b,c,d=!1){function e(f,g,k){let l=g;g&&g.parentNode&&(l=g.cloneNode(!0));f(l,k)}if(a.j.length==1){const f=a.j[0],g=k=>b(k,f);c instanceof _.Wo?c.each(g,void 0,d):Array.isArray(c)?(d?_.ja:_.Da)(c,g):b(c,f);return a}return a.each(function(f){c instanceof _.Wo?c.each(function(g){e(b,g,f)}):Array.isArray(c)?_.Da(c,function(g){e(b,g,f)}):e(b,c,f)})};_.h=_.Wo.prototype;_.h.append=function(a){return cp(this,function(b,c){b&&c.appendChild(b)},a)};
_.h.remove=function(){return cp(this,function(a,b){_.Ul(b)},null)};_.h.empty=function(){return cp(this,function(a,b){_.Tl(b)},null)};_.h.after=function(a,b=!0){return cp(this,function(c,d){c&&d.parentNode&&d.parentNode.insertBefore(c,d.nextSibling)},a,!b)};_.h.before=function(a){return cp(this,function(b,c){b&&c.parentNode&&c.parentNode.insertBefore(b,c)},a)};_.h.replaceWith=function(a){return cp(this,function(b,c){if(b){const d=c.parentNode;d&&d.replaceChild(b,c)}},a)};
_.h.toggle=function(a){return this.each(function(b){b.style.display=a?"":"none"})};_.h.show=function(){return this.toggle(!0)};_.h.hide=function(){return this.toggle(!1)};_.h.trigger=function(a,b,c,d){return uja(this,a,b,c,d)};uja=function(a,b,c,d,e){return a.each(function(f){vca(_.qg(_.Dg(f)),f,b,c,d,e)})};_.Xo=function(a,b){a instanceof _.Wo&&(b=a.j,a=null);this.j=tja(a!=null?[a]:b)};_.gj(_.Xo,_.Wo);_.h=_.Xo.prototype;_.h.children=function(){return new _.Wo(Array.prototype.slice.call(_.Vl(this.j[0])))};
_.h.each=function(a,b){a.call(b,this.j[0],0);return this};_.h.size=function(){return 1};_.h.el=function(){return this.j[0]};_.h.Br=_.aa(13);_.h.Sa=_.aa(15);_.h.Bb=_.aa(17);_.h.first=function(){return this};_.vja=new Set;_.wja=Symbol();_.dp=class extends _.x{constructor(a){super(a)}};var Qda,Sda,$da,Vda,Rda,Uda,Tda,Xda;Qda=typeof navigator!=="undefined"&&/Macintosh/.test(navigator.userAgent);Sda=typeof navigator!=="undefined"&&!/Opera/.test(navigator.userAgent)&&/WebKit/.test(navigator.userAgent);$da=typeof navigator!=="undefined"&&!/Opera|WebKit/.test(navigator.userAgent)&&/Gecko/.test(navigator.product);Vda={A:1,INPUT:1,TEXTAREA:1,SELECT:1,BUTTON:1};Rda={Enter:13," ":32};
_.ui={A:13,BUTTON:0,CHECKBOX:32,COMBOBOX:13,FILE:0,GRIDCELL:13,LINK:13,LISTBOX:13,MENU:0,MENUBAR:0,MENUITEM:0,MENUITEMCHECKBOX:0,MENUITEMRADIO:0,OPTION:0,RADIO:32,RADIOGROUP:32,RESET:0,SUBMIT:0,SWITCH:32,TAB:0,TREE:13,TREEITEM:13};Uda={CHECKBOX:!0,FILE:!0,OPTION:!0,RADIO:!0};Tda={COLOR:!0,DATE:!0,DATETIME:!0,"DATETIME-LOCAL":!0,EMAIL:!0,MONTH:!0,NUMBER:!0,PASSWORD:!0,RANGE:!0,SEARCH:!0,TEL:!0,TEXT:!0,TEXTAREA:!0,TIME:!0,URL:!0,WEEK:!0};
Xda={A:!0,AREA:!0,BUTTON:!0,DIALOG:!0,IMG:!0,INPUT:!0,LINK:!0,MENU:!0,OPTGROUP:!0,OPTION:!0,PROGRESS:!0,SELECT:!0,TEXTAREA:!0};var $h=function(a){if(a=a.j.eia)return{name:a[0],element:a[1]}},xja=class{constructor(a){this.j=a}clone(){var a=this.j;return new xja({eventType:a.eventType,event:a.event,targetElement:a.targetElement,eic:a.eic,eia:a.eia,timeStamp:a.timeStamp,eirp:a.eirp,eiack:a.eiack,eir:a.eir})}};var yja={},zja=/\s*;\s*/,Aja=class{constructor(){({oC:b=!1,ly:a=!0}={oC:!0});var a,b;this.j=!1;this.ly=!0;this.o=this.H=this.O=void 0;this.oC=b;this.ly=a}};var Bja=function(a,b){a.o.push(b);a.j||(a.j=!0,Promise.resolve().then(()=>{a.j=!1;a.Ql(a.o)}))},Cja=class{constructor(a,{Ko:b,Ql:c}={}){this.H=a;this.j=!1;this.o=[];this.Ko=b;this.Ql=c}Qf(a){const b=new xja(a);var c;(c=this.Ko)!=null&&(c.ly&&a.eventType==="click"&&_.ti(a.event)?a.eventType="clickmod":c.j&&c.O(a));if((c=this.Ko)!=null&&!a.eir){for(var d=a.targetElement;d&&d!==a.eic;){if(d.nodeType===Node.ELEMENT_NODE){var e=c,f=d,g=a;var k=f.__jsaction;if(!k){var l=f.getAttribute("jsaction");if(l){k=
Jg[l];if(!k){k={};const m=l.split(zja);for(let n=0;n<m.length;n++){const p=m[n];if(!p)continue;const r=p.indexOf(":"),t=r!==-1;k[t?p.substr(0,r).trim():"click"]=t?p.substr(r+1).trim():p}Jg[l]=k}f.__jsaction=k}else k=yja,f.__jsaction=k}l=k[g.eventType];l!==void 0&&(g.eia=[l,f]);e.j&&e.o(f,g,k)}if(a.eia)break;a:{e=void 0;if(f=d.__owner){d=f;break a}f=d.parentNode;d=(f==null?void 0:f.nodeName)==="#document-fragment"?(e=f==null?void 0:f.host)!=null?e:null:f}}if(d=a.eia)if(c.j&&c.H(a),c.oC&&(a.eventType===
"mouseenter"||a.eventType==="mouseleave"||a.eventType==="pointerenter"||a.eventType==="pointerleave"))if(c=a.event,e=a.eventType,f=d[1],g=c.relatedTarget,!(c.type==="mouseover"&&e==="mouseenter"||c.type==="mouseout"&&e==="mouseleave"||c.type==="pointerover"&&e==="pointerenter"||c.type==="pointerout"&&e==="pointerleave")||g&&(g===f||f.contains(g)))a.eia=void 0;else{c=a.event;e=d[1];f={};for(const m in c){if(m==="srcElement"||m==="target")continue;g=m;k=c[g];typeof k!=="function"&&(f[g]=k)}f.type=c.type===
"mouseover"?"mouseenter":c.type==="mouseout"?"mouseleave":c.type==="pointerover"?"pointerenter":"pointerleave";f.target=f.srcElement=e;f.bubbles=!1;f._originalEvent=c;a.event=f;a.targetElement=d[1]}a.eir=!0}(a=$h(b))&&a.element.tagName==="A"&&(b.j.eventType==="click"||b.j.eventType==="clickmod")&&ri(b.j.event);this.Ql&&b.j.eirp?Bja(this,b):this.H(b)}};var Dja=function(a,b){a.Ql=b},Eja=class{constructor(a,{Ko:b,Ql:c,stopPropagation:d=!1,Ox:e=!1}={}){this.j=a;this.actions={};this.H=new Map;this.Ql=c;this.Ng=new Cja(f=>{if(this.H.size){var g=f.clone();g.j.eventType==="clickonly"&&(g.j.eventType="click");var k=g.j.event;g=this.H.get(g.j.eventType);let n=!1;if(g)for(var l of g)l(k)===!1&&(n=!0);n&&ri(k)}this.Ox&&aea(f);if(k=$h(f))if(this.stopPropagation&&aea(f),l=void 0,this.j&&(l=this.j(f)),l||(l=this.actions[k.name]),l)l(f);else{var m;(m=this.o)==
null||m.push(f)}},{Ko:b,Ql:f=>{this.o=f;let g;(g=this.Ql)==null||g.call(this,this.o,this)}});this.stopPropagation=d;this.Ox=e}Qf(a){this.Ng.Qf(a)}};var vca,Gja,Hja,Ija,Jja,Kja,ep,Mja,Oja,Fja,Pja,Qja,Tja,Rja,Sja,Uja,fp,Vja,Yja,Xja,Wja;vca=function(a,b,c,d,e=!0,f){b=Pda(b,c,d,e,f);a.trigger(b)};Gja=function(a){let b=c=>c;oj(c=>{b=c});return()=>b(c=>{let d;a.ka&&(d=a.ka(c));let e;(e=d)!=null&&(e.Jo.Qa=!0);Fja(a,c,d);let f;(f=d)!=null&&f.Jo.done("main-actionflow-branch")})};
Hja=function(a,b){if(b.ownerDocument.documentElement.contains(b)){for(var c of a.j)if(c.contains(b))return!1;return!0}for(c=b;c=c.parentNode;){let d;c=(d=c.host)!=null?d:c;if(a.j.includes(c))break;if(c===b.ownerDocument)return!0}return!1};
_.Nja=function(a,b){const c=_.Uf.kb(),d=Ija(b);if(d instanceof _.sl)return d;var e=Jja(b,d);if(e)return e;e=Kja(b,d);_.uo(a.O,b);try{ep(a,b,d,"when requested")}catch(f){e.reject(f)}_.Tf(c,d).flatMap(f=>{ep(a,b,d,"after module load");return _.Ef(f)?Mja(a,d,b,f):(f=_.Lja(a,b,f),f instanceof _.sl?_.Qf(f):_.Rg(f))}).ye(e.resolve,e.reject);return e.pending};
Ija=function(a){const b=a.getAttribute("jscontroller");return b?_.Dh(b):(a=a.getAttribute("jsname"),new _.sl("No controller defined for this element."+(a?` [with jsname '${a}']`:"")))};Jja=function(a,b){try{const c=Oja(a,b);if(c)return c.pending?c.pending:_.Rg(c.instance)}catch(c){return _.Qf(c)}};Kja=function(a,b){let c,d;const e=new _.xf((f,g)=>{c=f;d=g});ym(a,{jj:b.toString(),pending:e,cancel:f=>{d(_.wf(`Controller <${b}> canceled: ${f}`))}});return{resolve:c,reject:d,pending:e}};
ep=function(a,b,c,d){if(!Hja(a,b))throw ym(b),_.wf(`Controller <${c}> canceled: ${`not in document ${d}`}`);};
_.Lja=function(a,b,c){_.nf(c);var d=_.Uf.kb(),e=Ija(b);if(e instanceof _.sl)return e;d=d.Ej(c);if(!d)throw Error("ib`"+_.nf(c));if(d.toString()!==e.toString())throw Error("jb`"+d.toString()+"`"+e.toString());ep(a,b,d,"when requested");_.uo(a.O,b);a:if(e=Oja(b,d)){if(e.pending){if(_.tl(e.pending).state===0){e=void 0;break a}throw Error("kb`"+d.toString());}e=e.instance}else e=void 0;if(e)return e;if(!_.yo)throw Error("Xa");a=(0,_.yo)(c,b,a);ym(b,{instance:a,jj:d.toString()});return a};
Mja=function(a,b,c,d){let e=!0;if(!_.xo)throw Error("Xa");d=(0,_.xo)(d,b,c,a).map(f=>{e||ep(a,c,b,"after init");return f});e=!1;return d};Oja=function(a,b){const c=pha(a);if(c){if(c.jj.toString()===b.toString())return c;ym(a);zm(c)}};
Fja=function(a,b,c){if(!a.Ra||!a.Ra.isDisposed()){var d=$h(b).element;if(!d||!_.kja||("isConnected"in d?d.isConnected:_.Hg(_.Dg(d),d))){var e=$h(b).name,f=e.indexOf(".");if(f=e.substring(0,f))f==="trigger"&&(a=vha(e),a=Pja(b,a,d),[a]=a,a&&_.Eg(d,a.action.action.substring(8),b.j.event.data));else{d=b.j.event;e=_.Rg();var g=()=>{},k=l=>{lja&&_.da(l)};(f=d&&d._d_err)?(g=d._d_err_rs,k=d._d_err_rj,delete d._d_err,delete d._d_err_rs,delete d._d_err_rj):a.ua&&(e=a.qa,a.qa=new _.xf(l=>{g=l;k=m=>{l();lja&&
_.da(m)}}));Qja(a,b,e,f,c).ye(g,k)}}}};
Pja=function(a,b,c){const d=[],e=a.j.event;b=b.get();for(let g=0;g<b.length;g++){const k=b[g];if(k.action==="CLIENT"||k.action.startsWith("#"))continue;const l=ei(e,a.j.targetElement);var f=null;if(k.target){f=c;let m=l,n=null;do{const p=m.getAttribute("jsname"),r=cea(m);if(k.target===p&&r===f){n=m;break}m=_.rg(m)}while(m&&m!==f);f=n;if(!f)continue}if(k.args&&k.args.preventDefault==="true"){let m,n;(n=(m=e).preventDefault)==null||n.call(m)}d.push({action:k,target:f||l})}return d};
Qja=function(a,b,c,d,e){let f=c,g=c;const k=$h(b).element,l=b.j.event;l.sG=Rja(l);const m=ei(l,b.j.targetElement);var n,p=(n=$h(b))==null?void 0:n.name;n=p?vha(p):void 0;let r;p=[...(n?Ida(n):[]),...((r=xg(k,b.j.eventType))!=null?r:[])];const t=!!p&&p.length>0;let u=!1;e!=null&&e.Jo.wi("wiz");if(t)for(const z of p)f=g=c.flatMap(()=>Sja(a,b,z,null,m)).map(y=>{u=y()===!0||u});_.Fh(k);const w=Tja(b);if(w){const z=n?Pja(b,n,w):[];if(z.length){const y=a.aj(w);w.getAttribute("jscontroller");f=(()=>g.flatMap(()=>
{const {state:A}=_.tl(y);if(A===1||A===2)l.QL=!0;return y.flatMap(D=>{const C=e==null?void 0:e.ez(w.getAttribute("jscontroller")||void 0);if(C)return new _.xf((I,M)=>{C.then(()=>{e==null||jja(e);Uja(a,D,b,w,z,u).ye(I,M)})});e==null||jja(e);return Uja(a,D,b,w,z,u)})}))()}else f=g.map(()=>{t?u&&fp(a,b):fp(a,b,!0)})}else f=g.map(()=>{u&&fp(a,b,!0)});return(new _.xf((z,y)=>{f.map(z,A=>{vf(A)?z():w&&w!==document.body?Vja(a,b,w,A,d?l.data.errors.slice():[]).ye(z,y):y(A)})})).map(()=>{e!=null&&e.Jo.done("wiz")},
z=>{e!=null&&e.Jo.done("wiz");throw z;})};Tja=function(a){const {element:b,name:c}=$h(a);a=null;c.startsWith("&")&&(a=c.indexOf("|"),a=document.querySelector(`[${"jsuid"}="${c.substring(1,a)}"]`));let d;return(d=a)!=null?d:_.zg(b,!0)};Rja=function(a){a=a.timeStamp;if(a===void 0)return null;const b=_.ah();return a>=b+31536E6?a/1E3:a>=b-31536E6&&a<b+31536E6?a:no!==void 0?a+no:null};
Sja=function(a,b,c,d,e){var f=b.j.event;b=$h(b).element;e.nodeType===Node.TEXT_NODE&&(e=e.parentNode);const g=new _.zo(f,new _.Xo(e),new _.Xo(b),f.__source,new _.Xo(Nda(f,e))),k=[];e=[];for(const l of a.o)(f=a.oa[l.toString()])?k.push(f):e.push(l);return Wja(a,e).map(l=>{for(const m of l)k.push(m);if(k.length){if(Eda(g,k))return()=>{};Fda(g,k)}return c.bind(d,g)})};
Uja=function(a,b,c,d,e,f){const g=c.j.event;let k=_.di(b);for(const {action:l,target:m}of e)k=k.flatMap(()=>{var n=l.action;let p=null;const r=b[`$wa$${n}`];r&&(p=r.call(b));if(!p)throw Error("xa`"+`$$XID:${n}$$`+"`"+_.nf(b));return Sja(a,c,p,b,m)}).map(n=>{f=n()===!0||f});return k.map(()=>{if(f&&g.bubbles!==!1){const l=Xja(a,c,d);l!=null&&a.trigger(l)}})};fp=function(a,b,c=!1){(b=Xja(a,b,void 0,c))&&a.trigger(b)};
Vja=function(a,b,c,d,e){const f=_.rg(c);if(!f)return _.da(d),_.Rg();if(!Yja(a))throw d;a={CNa:`${b.j.eventType}`,gNa:c.getAttribute("jscontroller"),error:d};e.push(a);return new _.xf((g,k)=>{_.Eg(f,"u0pjoe",{errors:e},void 0,{_d_err:!0,_d_err_rs:g,_d_err_rj:k})})};Yja=function(a){const b=document.body;b&&!a.H&&(_.Bg(b,"u0pjoe",c=>{a.ya(c)},a),a.H=!0);return a.H};Xja=function(a,b,c,d=!1){return(c=_.rg(c||$h(b).element))&&Hja(a,c)?Mda(b.j.event,b.j.targetElement,c,d):null};
Wja=function(a,b){const c=[];_.xl(_.Uf.kb(),b);for(const d of b)b=cca(d,a.Ra).map(e=>a.oa[d.toString()]=e),c.push(b);return _.Sg(c)};
_.vi=class{constructor(a,b,c,d){this.wa=a;this.O=b;this.Ra=c;this.ka=d;this.j=[];this.oa={};this.o=[];this.ya=e=>{if((e=e.data)&&e.errors&&e.errors.length>0)throw e.errors[0].error;};this.H=!1;this.qa=_.Rg();this.ua=!1;a=new Aja;a.j=!0;a.O=Wda;a.H=Yda;a.o=Zda;this.na=new Eja(Gja(this),{Ko:a,stopPropagation:!1,Ox:!1});Dja(this.na,(e,f)=>{let g;for(;g=e.shift();)g.j.eirp=!1,f.Qf(g.j)});oha(b.j,this)}xd(){return this.Ra}ci(){return this.Ra}trigger(a){this.wa(a)}af(a){return _.Bf(this.aj(a),!0)}aj(a){a=
_.Nja(this,a);return a instanceof _.sl?_.Qf(a):a}};_.vi.prototype.Yl=_.aa(20);Ce("JNoxi","UgAtXe");_.Zja=_.B("JNoxi",[_.Em,_.un]);var Gi=Qha(_.Zja);var iea=function(a,b,c,d=Dda()){return fea(a,b,c,void 0,d)};_.gp=_.B("WhJNk",[_.em]);_.hp=class extends _.ha{constructor(a){super();this.message="AppContext is disposed, cannot get "+a.join(", ")+"."}};var Uia,lp,kp,$ja,aka,bka,cka,eka,dka;
_.Km=function(a,b,c){if(a.isDisposed())throw new _.hp(b);const d=!c;c={};const e=[];var f=[];const g={};for(const n of b)if(b=_.ip(a,n)){const p=new _.Af;c[n]=p;b.No&&(cfa(p,b.No()),_.Kj(p,_.xh(function(r){return r},b)));p.callback(b)}else if(a.o[n])b=a.o[n].wi(),_.Kj(b,()=>a.na(n)),c[n]=b;else{var k=void 0;n instanceof _.Fe?k=Qba([n]).ql:(b=a.qa[n])&&(k=[b]);!d||k&&k.length?(k&&(e.push(...k),g[n]=_.ia(k)),f.push(n)):(b=new _.Af,c[n]=b,b.j(Error("lb`"+n)))}if(d){if(e.length){for(var l of f)a.ka.dispatchEvent(new jp("b",l));
k=Sj(kp(a),e);for(var m of f)f=g[m],l=k[f],l=l instanceof _.Af?l.wi():Mj(l),c[m]=l,$ja(a,l,m,f)}}else for(const n of f){const p=g[n];m=new _.Af(r=>{var t=n;const u=a.j&&a.j[t];if(u){for(let w=0;w<u.length;++w)if(u[w].Ra==a&&u[w].d==r){_.ra(u,w);break}u.length==0&&delete a.j[t]}});c[n]=m;(f=a.j[n])||(a.j[n]=f=[]);p&&aka(a,m,n,p);_.Kj(m,()=>a.oa(n,p));f.push({Ra:a,d:m})}return c};_.eo=function(a,b,c){return _.Km(a,[b],c)[b]};
Uia=function(a){const b=[];a=lp(a);let c;a.Qj[_.Yk]&&(c=a.Qj[_.Yk][0]);c&&b.push(c);a=a.O||[];for(let d=0;d<a.length;d++)a[d].Qj[_.Yk]&&(c=a[d].Qj[_.Yk][0]),c&&!_.oa(b,c)&&b.push(c);return b};_.mp=function(a,b){for(;a;){if(a==b)return!0;a=a.H}return!1};lp=function(a){for(;a.H;)a=a.H;return a};_.ip=function(a,b){for(var c=a;c;c=c.H){if(c.isDisposed())throw new _.hp([b]);if(c.Qj[b])return c.Qj[b][0];if(c.Ca[b])break}if(c=a.ua[b]){c=c(a);if(c==null)throw Error("mb`"+b);_.np(a,b,c);return c}return null};
_.np=function(a,b,c){if(a.isDisposed())_.ea(c);else{a.Qj[b]=[c,!0];var d=bka(a,a,b);for(let e=0;e<d.length;e++)d[e].callback(null);delete a.qa[b];b instanceof _.Fe&&_.jf(b,c.constructor)}};kp=function(a){return a.wa?a.wa:a.H?kp(a.H):null};$ja=function(a,b,c,d){_.Kj(b,function(){this.ka.dispatchEvent(new jp("c",c))},a);_.Lj(b,(0,_.Ng)(a.ya,a,c,d));_.Kj(b,(0,_.Ng)(a.oa,a,c,d))};
aka=function(a,b,c,d){_.Kj(b,function(){const e=kp(this);return e.Hi(d).isLoaded()?e.oa:e.load(d)},a);_.Lj(b,(0,_.Ng)(a.ya,a,c,d))};bka=function(a,b,c){const d=[],e=a.j[c];e&&(_.ja(e,function(f){_.mp(f.Ra,b)&&(d.push(f.d),_.sa(e,f))}),e.length==0&&delete a.j[c]);return d};cka=function(a,b){a.j&&_.rb(a.j,function(c,d,e){_.ja(c,function(f){f.Ra==b&&_.sa(c,f)});c.length==0&&delete e[d]})};
eka=class extends _.ab{constructor(){super();this.Qj={};this.qa={};this.ua={};this.j={};this.o={};this.Ca={};this.ka=new _.$g;this.H=null;const a=lp(this);this!=a&&(a.O?a.O.push(this):a.O=[this])}get(a){let b=_.ip(this,a);if(b==null)throw Error("lb`"+a);return b}oa(a,b){var c=_.ip(this,a);if(c==null){if(this.o[a])return c=this.o[a].wi(),_.Kj(c,(0,_.Ng)(this.oa,this,a,b)),c;if(!b)throw Error("nb`"+a);throw Error("ob`"+b+"`"+a);}return c.No?(b=new _.Af,cfa(b,c.No()),b.callback(c),_.Kj(b,(0,_.Ng)(this.na,
this,a)),b):this.na(a)}na(a){this.o[a]&&delete this.o[a];return this.get(a)}ya(a,b,c){return c instanceof _.Hj?c:new dka(a,b,c)}yb(){if(lp(this)==this){var a=this.O;if(a)for(;a.length;)a[0].dispose()}else{a=lp(this).O;for(let b=0;b<a.length;b++)if(a[b]==this){a.splice(b,1);break}}for(const b in this.Qj)a=this.Qj[b],a[1]&&a[0].dispose&&a[0].dispose();this.Qj=null;this.ka.dispose();cka(this,this);this.j=null;_.ea(this.Ga);this.Ca=this.Ga=null;super.yb()}};
dka=function(a,b,c){_.ha.call(this);this.jj=a;this.cause=c;this.message='Module "'+b+'" failed to load when requesting the service "'+a+'" [cause: '+c+"]";this.stack=c.stack+"\nWRAPPED BY:\n"+this.stack};_.gj(dka,_.ha);var jp=function(a,b){_.Xg.call(this,a);this.jj=b};_.gj(jp,_.Xg);_.op=new _.Fe("UUJqVe","UUJqVe");_.fka=new _.Fe("GHAeAc","GHAeAc");_.pp=new _.Fe("Wt6vjf","Wt6vjf");_.qp=new _.Fe("byfTOb","byfTOb");_.rp=new _.Fe("lsjVmc","lsjVmc");_.sp=_.B("ZXXYt",[]);_.tp=_.B("p3hmRc",[]);_.gka=_.B("pNBFbe",[_.tp]);var hka=a=>{a=a.clone();Tga(a);Al(a,"dg",null);Al(a,"d","0");Qga(a,null);Cl(a,null);return a},ika=!0,jka=(a,b,{cssRowKey:c,bn:d,fn:e,callback:f}={})=>{if(b)for(const g of b)if(!Vga.test(g))throw Error("qa`"+g);Al(a,"m",b.join(","));e&&Sga(a,e);c&&(Al(a,"ck",c),d?Al(a,"rs",d):ika&&(ika=!1));if(f){if(f!=null&&!Uga.test(f))throw Error("ra`"+f);Al(a,"cb",f)}a=a.toString();_.zb(a,"/")&&(a=_.Re(document.location.href)+a);return _.Pa(a)},kka=(a,b,{EB:c=[],cssRowKey:d,bn:e,fn:f,callback:g}={})=>{a=hka(a);
Cl(a,c);return jka(a,b,{cssRowKey:d,bn:e,fn:f,callback:g})},lka=(a,b,{FB:c=[],EB:d=[],cssRowKey:e,bn:f,fn:g,callback:k}={})=>{a=hka(a);Al(a,"d","1");Qga(a,c);Cl(a,d);return jka(a,b,{cssRowKey:e,bn:f,fn:g,callback:k})};var nka=function(a){return mka(a).then(function(b){return JSON.parse(b.responseText)})},mka=function(a){const b={},c=new XMLHttpRequest;return(new _.Aj(function(d,e){let f;try{c.open("GET",a,!0)}catch(g){e(new up("Error opening XHR: "+g.message,a,c))}c.onreadystatechange=function(){if(c.readyState==4){_.ca.clearTimeout(f);var g;!(g=pia(c.status))&&(g=c.status===0)&&(g=Kba(a),g=!(g=="http"||g=="https"||g==""));g?d(c):e(new vp(c.status,a,c))}};c.onerror=function(){e(new up("Network error",a,c))};if(b.headers)for(let g in b.headers){const k=
b.headers[g];k!=null&&c.setRequestHeader(g,k)}b.withCredentials&&(c.withCredentials=b.withCredentials);b.responseType&&(c.responseType=b.responseType);b.mimeType&&c.overrideMimeType(b.mimeType);b.QO>0&&(f=_.ca.setTimeout(function(){c.onreadystatechange=()=>{};c.abort();e(new wp(a,c))},b.QO));try{c.send(null)}catch(g){c.onreadystatechange=()=>{},_.ca.clearTimeout(f),e(new up("Error sending XHR: "+g.message,a,c))}})).dg(function(d){d instanceof _.Gj&&c.abort();throw d;})},up=function(a,b){_.ha.call(this,
a+", url="+b);this.url=b};_.gj(up,_.ha);up.prototype.name="XhrError";var vp=function(a,b,c){up.call(this,"Request Failed, status="+a,b,c);this.status=a};_.gj(vp,up);vp.prototype.name="XhrHttpError";var wp=function(a,b){up.call(this,"Request timed out",a,b)};_.gj(wp,up);wp.prototype.name="XhrTimeoutError";var pka,qka,rka,ska,yp,Ap,wka,tka,zp,uka,vka;_.oka=function(a,b,c,d,e=b){let f=b.length,g=()=>{f=0;a.onload=null;a.onerror=null;k=()=>{}},k=()=>{g();const m=e.filter(n=>!_.kb().Hi(n).isLoaded());m.length!==0?d(m,`Response was successful but was missing module(s) ${m}.`):c()},l=()=>{f--;f==0&&k()};b.forEach(m=>{m=_.kb().Hi(m);m.isLoaded()?l():(m.o.push(new cj.fu(l,void 0)),Cea(m,l))});a.onload=()=>k();a.onerror=()=>{g();d(b)}};
_.xp=function(a,b){let c=!1,d=[];for(let e=0;e<b.length;++e){const f=b[e];a.H[f]||(a.H[f]=!0,a.qa.push(f),c=!0,d.push(f))}c&&(a.Ca=!1)};pka=function(a,b){if(b.href||b.getAttribute("data-href"))if(b=b.href||b.getAttribute("data-href"),jca(b)&&!hg(b).o.endsWith("_/js/")){b=Rga(hg(b));for(const c of b)a.wa.includes(c)||a.wa.push(c)}};qka=function(a){for(const b of document.getElementsByTagName("style"))pka(a,b);for(const b of document.getElementsByTagName("link"))pka(a,b)};
rka=function(a,b,c,d=()=>{},e=()=>{},f=!1){yp(a,b,(g,k,l=k)=>{a.Ia&&f?a.Ka(g,k,d,e,l):a.load(g,k,d,e,l,c)},c)||d(-1)};ska=function(a,b){return b.filter(c=>!a.H[c])};
yp=function(a,b,c,d){if(a.o)return a.o.then(()=>{yp(a,b,c,d)}),!0;if(!a.oa){const f=[];var e=Object.assign({},a.H);zp(a,b,g=>{f.push(g.getId())},d,g=>!g.isLoaded(),e);b=f}for(e=0;e<b.length;){let f=b.length-e,g=e==0?b:b.slice(e,b.length),k=tka(a,g,d),l=_.Qa(k).toString();for(;l.length>a.Cq;)if(f>1)f-=Math.ceil((l.length-a.Cq)/6),f=Math.max(f,1),g=b.slice(e,e+f),k=tka(a,g,d),l=_.Qa(k).toString();else return a.oa?(a.oa=!1,a.o=uka(a).then(m=>{vka(a,m,d)}),yp(a,b.slice(e),c,d)):!1;e+=f;a.oa?c(k,g):c(k,
g,e===b.length?b:[])}return!0};Ap=function(a){a.Ca||(a.Ca=!0,a.qa.sort());return a.qa};wka=function(a){a=a.wa;a.sort();return a};tka=function(a,b,c){return a.oa?lka(a.O,b,{cssRowKey:a.Qa,bn:a.Ga,fn:c,FB:Ap(a),EB:wka(a)}):kka(a.O,b,{cssRowKey:a.Qa,bn:a.Ga,FB:Ap(a),EB:wka(a)})};_.Bp=function(a,b){let c=[];for(let d=0;d<b.length;++d){const e=b[d];a.H[e]&&(delete a.H[e],_.sa(a.qa,e),c.push(e))}};
_.xka=function(a,b,c,d,e,f,g=d){a.na=c;a.ua.insertBefore(c,a.ua.firstChild);_.oka(c,d,()=>{c.parentElement.removeChild(c);a.na==c&&(a.na=null);f()},k=>{c.parentElement.removeChild(c);a.na==c&&(a.na=null);_.Bp(a,k);a.o?a.o.then(()=>{e(-1,b)}):e(-1,b)},g)};zp=function(a,b,c,d,e,f={}){const g=_.kb();for(let k of b){b=g.Hi(k);if(f[k]||e&&!e(b))continue;f[k]=!0;let l=b.j||[];if(d){let m=[];d[k]&&(m=Object.keys(d[k]));l=l.concat(m)}zp(a,l,c,d,e,f);c(b)}};
uka=function(a){a=a.O.clone();Tga(a);Al(a,"dg",null);Al(a,"md","1");return nka(a.toString())};vka=function(a,b,c){_.kb().xw((b||{}).moduleGraph);zp(a,Ap(a),d=>{_.xp(a,[d.getId()])},c);a.o=null};
_.Ii=class{constructor(a,b,c,d=!1,e=!1){this.O=hg(_.Qa(a).toString(),!0);this.Qa=b;this.Ga=c;this.oa=d;this.H={};this.qa=[];this.Ca=!0;this.wa=(a=_.Bl(this.O,"excm"))?a.split(","):[];this.vd=e;this.Mt=!1;this.mr="anonymous";this.Cq=4043;this.ua=document.head||document.documentElement;this.o=this.na=null;this.Ta=!0;oca();_.xp(this,Rga(this.O));this.fetchPriority=void 0;this.Ia=!1;this.ya()}ue(a,b,{fn:c,onError:d,dQa:e,LK:f}={}){if(!a)throw Error("pb");this.vd&&qka(this);rka(this,ska(this,a),c,d,e,
f)}Ka(){_.E(function*(){throw Error("qb");})}ya(){}load(a,b,c,d,e=b){_.Qa(a);var f=this.Mt,g=this.mr,k=this.fetchPriority;const l=_.Rl("SCRIPT");_.Je(l,a);f&&(l.crossOrigin=g);l.async=!1;k&&l.setAttribute("fetchpriority",k);_.xp(this,b);_.xka(this,a,l,b,c,d,e)}};_.Hi.kK=function(){if(_.Hi.fD)return _.Hi.qp(/Firefox\/([0-9.]+)/);if(_.Hi.gD||_.Hi.Vw||_.Hi.tx)return Nfa;if(_.Hi.Dk){if(_.ic()||_.jc()){var a=_.Hi.qp(/CriOS\/([0-9.]+)/);if(a)return a}return _.Hi.qp(/Chrome\/([0-9.]+)/)}if(_.Hi.gu&&!_.ic())return _.Hi.qp(/Version\/([0-9.]+)/);if(_.Hi.Zt||_.Hi.Yt){if(a=_.Hi.OE(/Version\/(\S+).*Mobile\/(\S+)/))return a[1]+"."+a[2]}else if(_.Hi.Co)return(a=_.Hi.qp(/Android\s+([0-9.]+)/))?a:_.Hi.qp(/Version\/([0-9.]+)/);return""};
_.Hi.qp=function(a){return(a=_.Hi.OE(a))?a[1]:""};_.Hi.OE=function(a){return a.exec(_.Eb())};_.Hi.VERSION=_.Hi.kK();_.Hi.Ov=function(a){return _.Jb(_.Hi.VERSION,a)>=0};var yka=function(){return new Promise(a=>{document.readyState==="complete"||document.readyState==="interactive"?a():document.addEventListener("readystatechange",()=>{document.readyState!=="complete"&&document.readyState!=="interactive"||a()})})},zka=function(a){const b=new eka;a.j=b;let c=_.kb();Tia||c.XG(!0);c.QB(b);a.j.wa=c;a=document.getElementById("base-js");a=!!a&&!a.hasAttribute("noCollect");const d=new Xia(c,a);d.init();const e=lea(a);if(a){const f=()=>{d.o&&_.ro(document.body);d.o=!1;e.vd=
!1;qka(e)};_.wh("stopScanForCss",f);document.querySelector('script[id="WIZ-footer"]')&&yka().then(()=>f())}},Aka=function(a){function b(){const d=[_.pp,new _.Fe("hhhU8","hhhU8"),new _.Fe("FCpbqb","FCpbqb"),_.gp];ag||_.za(d,eca());_.xl(_.Uf.kb(),d);ag||_.$f(c)}const c=a.j;_.jn(window,"load",()=>{window.ccTick&&window.ccTick("ol");window.setTimeout(b,0)})},Bka=class extends ij{constructor(){super();this.j=null}initialize(){zka(this);_.Dia()?_.hf(()=>{_.Zf(_.sp);_.dg(_.sp,a=>{a=a.o();a!==void 0&&cda(a)})}):
cda();dca();kea(this.j);Wk(_.Dm,[_.Cm,_.qm]);Wk(_.fka,[_.Yk]);Wk(_.Cm,[_.qp,_.rp]);Wk(_.Zk,[_.Yk,_.op]);Aka(this);window.top==window&&window.console&&(setTimeout(console.log.bind(console,"%c%s","color: red; background: yellow; font-size: 24px;","WARNING!")),setTimeout(console.log.bind(console,"%c%s","font-size: 18px;","Using this console may allow attackers to impersonate you and steal your information using an attack called Self-XSS.\nDo not enter or paste code that you don't understand.")))}};_.kb().hD(Bka);
window.BOQ_loadedInitialJS=!0;_.Cp=ng("YCvDsc","qQEoOc","N1UYN",_.fm);_.jg(_.Cp);Ce("d7YSfd","rHjpXd");Ce("d7YSfd","YCvDsc");_.Dp=_.B("WO9ee");_.hf(()=>{_.Zf(_.Dp);_.ef("x96UBf").string(null)&&_.dg(_.Dp,a=>{a.oa()})});Ce("sOXFj","LdUV1b");_.Cka=_.B("sOXFj");_.Ep=ng("LdUV1b","oGtAuc","eo4d1b",_.Cka);_.Fp=ng("uiNkee","eBAeSb","MKLhGc",_.nm,"Bwueh");Ce("R9YHJc","Y84RH");Ce("R9YHJc","rHjpXd");Ce("Xd8iUd","htS66e");_.Gp=_.B("Xd8iUd",[]);_.jg(_.Gp);_.Dka=ng("htS66e","JsbNhc",void 0,_.Gp);_.jg(_.Dka);Ce("HT8XDe","uiNkee");Ce("SM1lmd","uiNkee");Ce("XTf4dd","feXv2d");Ce("kWgXee","awbruf");Ce("ovKuLd","rhfQ5c");Ce("Mlhmy","MH8Kwd");_.Hp=_.B("Mlhmy");_.jg(_.Hp);_.Eka=ng("MH8Kwd","QGR0gd","RVvAg",_.Hp);_.jg(_.Eka);Ce("P6sQOc","INd5kb");Ce("A1yn5d","t2XHQe");_.Ip=_.B("A1yn5d",[]);_.jg(_.Ip);_.Fka=ng("t2XHQe","YIZmRd",void 0,_.Ip);_.jg(_.Fka);Ce("O626Fe","rJzNtf");Ce("w9C4d","CD9DCc");Ce("gNUx5e","rJzNtf");Ce("dl1cue","wyr3f");Ce("XL71df","vDv07");Ce("XnyN2e","FKbPbe");Ce("hAljs","FKbPbe");Ce("PIVayb","UQDoq");Ce("EKHvcb","CD9DCc");Ce("WD3M3d","Rgn2Bb");Ce("QVysJe","feXv2d");Ce("uoEu0c","feXv2d");Ce("agVpN","qByHk");Ce("LBaJxb","pxafOd");Ce("PlWST","RMgiFe");Ce("WOzuq","YXRixb");Ce("vyDpFd","feXv2d");Ce("K4NgS","feXv2d");Ce("MH0hJe","feXv2d");Ce("LxQ0Q","feXv2d");Ce("VBl5Ff","feXv2d");Ce("cnr82b","wpZns");Ce("H4jOse","feXv2d");Ce("uu7UOe","e13pPb");Ce("soHxf","rJzNtf");Ce("soHxf","UQDoq");Ce("nKuFpb","CD9DCc");Ce("ogVNrd","rJzNtf");Ce("xzbRj","Rgn2Bb");Ce("tKHFxf","e13pPb");Ce("etBPYb","vDv07");Ce("etBPYb","e13pPb");Ce("gJzDyc","FKbPbe");Ce("Dv4r0e","e13pPb");Ce("PHUIyb","e13pPb");Ce("PHUIyb","feXv2d");Ce("SU9Rsf","qByHk");Ce("SU9Rsf","e13pPb");Ce("LvbXtf","feXv2d");Ce("yRXbo","e13pPb");Ce("fmklff","RMgiFe");Ce("yRgwZe","e13pPb");Ce("yRgwZe","GaJHL");Ce("Fo7lub","feXv2d");Ce("eM1C7d","feXv2d");Ce("EF8pe","Em4Rtd");Ce("EF8pe","e13pPb");Ce("e2jnoe","feXv2d");Ce("HmEm0","feXv2d");Ce("P8eaqc","wpZns");Ce("uY3Nvd","E9C7Wc");Ce("YwHGTd","E9C7Wc");_.Jp=function(a){var b=new _.Gka;return _.ke(b,3,a,_.gd)};_.Gka=class extends _.x{constructor(a){super(a)}};_.Kp=class extends _.x{constructor(a){super(a)}getSeconds(){return _.Bk(this,1)}};var Hka,Ika;Hka=function(a){if(a.fh&&typeof a.fh=="function")return a.fh();if(typeof Map!=="undefined"&&a instanceof Map||typeof Set!=="undefined"&&a instanceof Set)return Array.from(a.values());if(typeof a==="string")return a.split("");if(_.fa(a)){const b=[],c=a.length;for(let d=0;d<c;d++)b.push(a[d]);return b}return _.ub(a)};
Ika=function(a){if(a.bi&&typeof a.bi=="function")return a.bi();if(!a.fh||typeof a.fh!="function"){if(typeof Map!=="undefined"&&a instanceof Map)return Array.from(a.keys());if(!(typeof Set!=="undefined"&&a instanceof Set)){if(_.fa(a)||typeof a==="string"){const b=[];a=a.length;for(let c=0;c<a;c++)b.push(c);return b}return _.vb(a)}}};
_.Jka=function(a,b,c){if(a.forEach&&typeof a.forEach=="function")a.forEach(b,c);else if(_.fa(a)||typeof a==="string")Array.prototype.forEach.call(a,b,c);else{const d=Ika(a),e=Hka(a),f=e.length;for(let g=0;g<f;g++)b.call(c,e[g],d&&d[g],a)}};var Oi,Lp,Qka,Kka,Mka,Lka,Pka,Nka,Np;_.Ji.prototype.toString=function(){const a=[];var b=this.O;b&&a.push(Lp(b,Kka,!0),":");var c=this.j;if(c||b=="file")a.push("//"),(b=this.qa)&&a.push(Lp(b,Kka,!0),"@"),a.push(_.We(c).replace(/%25([0-9a-fA-F]{2})/g,"%$1")),c=this.oa,c!=null&&a.push(":",String(c));if(c=this.H)this.j&&c.charAt(0)!="/"&&a.push("/"),a.push(Lp(c,c.charAt(0)=="/"?Lka:Mka,!0));(c=this.o.toString())&&a.push("?",c);(c=this.na)&&a.push("#",Lp(c,Nka));return a.join("")};
_.Ji.prototype.resolve=function(a){const b=this.clone();let c=!!a.O;c?_.Ki(b,a.O):c=!!a.qa;c?b.qa=a.qa:c=!!a.j;c?b.j=a.j:c=a.oa!=null;var d=a.H;if(c)_.Li(b,a.oa);else if(c=!!a.H){if(d.charAt(0)!="/")if(this.j&&!this.H)d="/"+d;else{var e=b.H.lastIndexOf("/");e!=-1&&(d=b.H.slice(0,e+1)+d)}e=d;if(e==".."||e==".")d="";else if(e.indexOf("./")!=-1||e.indexOf("/.")!=-1){d=_.zb(e,"/");e=e.split("/");const f=[];for(let g=0;g<e.length;){const k=e[g++];k=="."?d&&g==e.length&&f.push(""):k==".."?((f.length>1||
f.length==1&&f[0]!="")&&f.pop(),d&&g==e.length&&f.push("")):(f.push(k),d=!0)}d=f.join("/")}else d=e}c?_.Mi(b,d):c=a.o.toString()!=="";c?_.Ni(b,a.o.clone()):c=!!a.na;c&&(b.na=a.na);return b};_.Ji.prototype.clone=function(){return new _.Ji(this)};_.Ki=function(a,b,c){a.O=c?Oi(b,!0):b;a.O&&(a.O=a.O.replace(/:$/,""))};_.Li=function(a,b){if(b){b=Number(b);if(isNaN(b)||b<0)throw Error("sb`"+b);a.oa=b}else a.oa=null};_.Mi=function(a,b,c){a.H=c?Oi(b,!0):b;return a};
_.Ni=function(a,b,c){b instanceof _.Pi?(a.o=b,Oka(a.o,a.ka)):(c||(b=Lp(b,Pka)),a.o=new _.Pi(b,a.ka));return a};_.Mp=function(a,b,c){a.o.set(b,c)};_.Ui=function(a,b){return a.o.get(b)};Oi=function(a,b){return a?b?decodeURI(a.replace(/%25/g,"%2525")):decodeURIComponent(a):""};Lp=function(a,b,c){return typeof a==="string"?(a=encodeURI(a).replace(b,Qka),c&&(a=a.replace(/%25([0-9a-fA-F]{2})/g,"%$1")),a):null};Qka=function(a){a=a.charCodeAt(0);return"%"+(a>>4&15).toString(16)+(a&15).toString(16)};Kka=/[#\/\?@]/g;
Mka=/[#\?:]/g;Lka=/[#\?]/g;Pka=/[#\?@]/g;Nka=/#/g;_.Pi=function(a,b){this.o=this.j=null;this.H=a||null;this.O=!!b};Np=function(a){a.j||(a.j=new Map,a.o=0,a.H&&_.Te(a.H,function(b,c){a.add(_.Se(b),c)}))};_.h=_.Pi.prototype;_.h.le=function(){Np(this);return this.o};_.h.add=function(a,b){Np(this);this.H=null;a=Op(this,a);let c=this.j.get(a);c||this.j.set(a,c=[]);c.push(b);this.o+=1;return this};
_.h.remove=function(a){Np(this);a=Op(this,a);return this.j.has(a)?(this.H=null,this.o-=this.j.get(a).length,this.j.delete(a)):!1};_.h.clear=function(){this.j=this.H=null;this.o=0};_.h.Jc=function(){Np(this);return this.o==0};var Rka=function(a,b){Np(a);b=Op(a,b);return a.j.has(b)};_.h=_.Pi.prototype;_.h.forEach=function(a,b){Np(this);this.j.forEach(function(c,d){c.forEach(function(e){a.call(b,e,d,this)},this)},this)};
_.h.bi=function(){Np(this);const a=Array.from(this.j.values()),b=Array.from(this.j.keys()),c=[];for(let d=0;d<b.length;d++){const e=a[d];for(let f=0;f<e.length;f++)c.push(b[d])}return c};_.h.fh=function(a){Np(this);let b=[];if(typeof a==="string")Rka(this,a)&&(b=b.concat(this.j.get(Op(this,a))));else{a=Array.from(this.j.values());for(let c=0;c<a.length;c++)b=b.concat(a[c])}return b};
_.h.set=function(a,b){Np(this);this.H=null;a=Op(this,a);Rka(this,a)&&(this.o-=this.j.get(a).length);this.j.set(a,[b]);this.o+=1;return this};_.h.get=function(a,b){if(!a)return b;a=this.fh(a);return a.length>0?String(a[0]):b};_.Pp=function(a,b,c){a.remove(b);c.length>0&&(a.H=null,a.j.set(Op(a,b),_.ya(c)),a.o+=c.length)};
_.Pi.prototype.toString=function(){if(this.H)return this.H;if(!this.j)return"";const a=[],b=Array.from(this.j.keys());for(let d=0;d<b.length;d++){var c=b[d];const e=_.We(c);c=this.fh(c);for(let f=0;f<c.length;f++){let g=e;c[f]!==""&&(g+="="+_.We(c[f]));a.push(g)}}return this.H=a.join("&")};_.Pi.prototype.clone=function(){const a=new _.Pi;a.H=this.H;this.j&&(a.j=new Map(this.j),a.o=this.o);return a};
var Op=function(a,b){b=String(b);a.O&&(b=b.toLowerCase());return b},Oka=function(a,b){b&&!a.O&&(Np(a),a.H=null,a.j.forEach(function(c,d){const e=d.toLowerCase();d!=e&&(this.remove(d),_.Pp(this,e,c))},a));a.O=b};_.Pi.prototype.extend=function(a){for(let b=0;b<arguments.length;b++)_.Jka(arguments[b],function(c,d){this.add(d,c)},this)};var mea,nea;_.Ti=/^\/u\/\d+\//;mea=/\/([a-z0-9]*)/;nea=/my\/(library|searches|bookmarks)/;_.Qp=_.B("mdR7q",[_.Yk,_.yl,_.Hl]);_.Rp=_.B("kjKdXe",[_.Zk,_.Yk,_.Qp,_.yl]);_.Sp=_.B("MI6k7c",[_.Il,_.Qp]);_.Ska=_.B("hKSk3e",[_.Sp,_.Rp,_.yl]);var Tp,Uka;
Tp={ARROW_KEYS:{string:"arrow_keys",Mf:"Wxn7ub"},AUTOMATED:{string:"automated",Mf:"wjpLYc"},CLICK:{string:"click",Mf:"cOuCgd"},DRAGEND:{string:"dragend",Mf:"RlD3W"},DROP:{string:"drop",Mf:"DaY83b"},GENERIC_CLICK:{string:"generic_click",Mf:"szJgjc"},HOVER:{string:"hover",Mf:"ZmdkE"},IMPRESSION:{string:"impression",Mf:"xr6bB"},KEYBOARD_ENTER:{string:"keyboard_enter",Mf:"SYhH9d"},KEYPRESS:{string:"keypress",Mf:"Kr2w4b"},LONG_PRESS:{string:"long_press",Mf:"tfSNVb"},MOUSEOVER:{string:"mouseover",Mf:"FrfE3b"},
RIGHT_CLICK:{string:"rightclick",Mf:"CYQmze"},SCROLL:{string:"scroll",Mf:"XuHpsb"},SWIPE:{string:"swipe",Mf:"eteedb"},VIS:{string:"vis",Mf:"HkgBsf"}};_.Tka=pea(Tp);Uka=new Map;for(const a of Object.keys(Tp))Uka.set(Tp[a].Mf,Tp[a].string);_.Vka=pea({TRACK:{string:"track",Mf:"u014N"},INDEX:{string:"index",Mf:"cQYSPc"},MUTABLE:{string:"mutable",Mf:"dYFj7e"},COMPONENT_ID:{string:"cid",Mf:"cOuyq"},TEST_CODE:{string:"tc",Mf:"DM6Eze"}});_.Up={s:function(a,b,c){return isNaN(c)||c==""||a.length>=Number(c)?a:a=b.indexOf("-",0)>-1?a+" ".repeat(Number(c)-a.length):" ".repeat(Number(c)-a.length)+a},f:function(a,b,c,d,e){d=a.toString();isNaN(e)||e==""||(d=parseFloat(a).toFixed(e));let f;f=Number(a)<0?"-":b.indexOf("+")>=0?"+":b.indexOf(" ")>=0?" ":"";Number(a)>=0&&(d=f+d);if(isNaN(c)||d.length>=Number(c))return d;d=isNaN(e)?Math.abs(Number(a)).toString():Math.abs(Number(a)).toFixed(e);a=Number(c)-d.length-f.length;b.indexOf("-",0)>=0?d=
f+d+" ".repeat(a):(b=b.indexOf("0",0)>=0?"0":" ",d=f+b.repeat(a)+d);return d},d:function(a,b,c,d,e,f,g,k){return _.Up.f(parseInt(a,10),b,c,d,0,f,g,k)}};_.Up.i=_.Up.d;_.Up.u=_.Up.d;_.Vp=class{constructor(a,b){this.o=a;this.H=null;this.O=[];this.j=void 0;this.qa=this.Ec=!1;this.VD=null;this.oa=[];this.na=b||!1;this.ka=new Set}Jp(){return this.Ec}setAttribute(a){this.VD=a;return this}getAttribute(){return this.VD}};_.Vp.prototype.isMutable=_.Vp.prototype.Jp;_.Wp=class extends _.x{constructor(a){super(a)}};_.Xp=class extends _.x{constructor(a){super(a)}};_.Xp.prototype.j=_.aa(22);_.Wka=(0,_.Ha)`ve-`;_.Yp=class extends _.x{constructor(a){super(a)}};var Xka=class extends _.x{constructor(a){super(a)}};_.Zp=class extends _.x{constructor(a){super(a,36)}};_.Zp.prototype.Yb=_.aa(0);_.Yka=function(a,b){_.ih(a.j,1,b)};_.$p=class{constructor(){this.j=new Xka}static kb(){return _.ul(_.$p)}};_.$p.prototype.Rm=_.aa(28);_.$p.prototype.qu=_.aa(26);_.$p.prototype.Lu=_.aa(24);_.dj(_.$p);_.aq=class{};_.aq.prototype.lq=_.aa(36);_.aq.prototype.Gq=_.aa(34);_.aq.prototype.Dp=_.aa(32);_.aq.prototype.Cp=_.aa(30);_.bq=class extends _.x{constructor(a){super(a,1)}};_.cq=class{constructor(a){this.j=a;this.o=[];this.O=[]}};_.dq=class extends _.aq{constructor(){super();this.j=new qca}};_.h=_.dq.prototype;_.h.Lr=_.aa(43);_.h.Qr=_.aa(41);_.h.Uo=_.aa(39);_.h.lq=_.aa(35);_.h.Gq=_.aa(33);_.h.Dp=_.aa(31);_.h.Cp=_.aa(29);_.eq=!0;_.Zka=_.B("BBI74",[_.tm,_.Qn,_.em]);_.fq=_.B("CLDLad",[]);_.gq=_.B("xsFqcf",[_.Yk,_.Zk,_.fq,_.Xk]);_.$ka=_.B("aXyUec",[_.gq]);_.hq=_.B("ryNBp",[]);_.iq=_.B("H4RQsd",[_.nm,_.em]);_.jq=_.B("oovi3d",[_.Zk,_.iq,_.hq]);_.kq=_.B("EBW0uc",[_.am]);_.lq=_.B("JntzAe",[]);_.mq=_.B("YQMroc",[_.lq,_.hq]);_.nq=_.B("mivHo",[_.Qp,_.mq]);_.oq=_.B("a6pq1",[_.em]);_.pq=_.B("Whpzpe",[]);_.qq=_.B("OmccEb",[_.pq]);_.ala=_.B("BeJYtf",[_.gq,_.hq]);_.rq=_.B("zSKCpd",[_.qm]);_.sq=_.B("k3XnTe",[_.em]);_.bla=_.B("RLw19",[_.am]);_.tq=_.B("m9oV",[]);_.jg(_.tq);_.uq=_.B("d7YSfd");_.jg(_.uq);_.cla=!1;
var dla,mla,ila,hla,fla,gla,nla;dla=function(){var a=void 0;a===void 0&&(a={});let b,c,d,e;return{uE:(b=a.uE)!=null?b:null,vE:(c=a.vE)!=null?c:null,eH:(d=a.eH)!=null?d:!1,Pp:(e=a.Pp)!=null?e:void 0}};
_.lla=function(){if(!_.ela){var a=dla(),b=_.ol(_.ef("GASP4"),fla,-1),c=new _.$p,d=_.Ui(new _.Ji(window.location),"ceid");d&&_.ih(c.j,2,d);(d=_.ef("mc2ogb"))&&d.Sc()&&(d=_.ol(d,gla,0),hla(c,ila(d)));d=_.pl(_.ef("Dftppe"),_.Yp);_.jh(c.j,_.Yp,10,d);_.Yka(c,_.oea(window.location));var e,f,g;jla(b,new _.dq,a.eH?void 0:140,{zt:(e=a.uE)!=null?e:c,transport:(f=a.vE)!=null?f:void 0,Pp:(g=a.Pp)!=null?g:void 0});_.dg(_.Qp,k=>{var l=_.ef("hbSvMb"),m=[];l&&l.Sc()&&(m=_.yga(l).map(p=>_.ml(p)));l=_.ef("ysqeUe");
let n=[];if(l&&l.Sc()){let p,r;n=(r=(p=_.dl(l,kla))==null?void 0:p.aF())!=null?r:[]}m=Array.from(new Set(m.concat(n)));k.Ia(_.Jp(m))})}};mla=class extends _.x{constructor(a){super(a)}};ila=function(a){var b=new mla;return _.Ok(b,1,a)};hla=function(a,b){_.jh(a.j,mla,9,b)};
fla={UNKNOWN:-1,uW:357,rya:0,HJa:65,BKa:132,CKa:261,R6:15,Lla:1,pX:2,VHa:3,Gla:74,zja:4,Y9:5,Rha:6,TS:7,bia:8,cia:9,Hba:10,VT:11,ffa:12,Oea:13,Pea:777,Ica:14,Jba:16,fia:17,aca:18,Yha:19,PS:20,dia:21,dqa:22,cqa:37,Mba:23,Tha:24,aia:52,Vha:237,Zha:268,N1:493,O1:494,mS:25,AS:26,CW:27,a4:243,c4:784,C$:28,p5:29,kHa:30,Lba:31,dxa:32,Yfa:33,gna:34,Uha:35,Oha:36,Qma:38,Rma:458,Sma:459,tea:39,vea:50,uka:422,wka:1301,L2:40,exa:41,lxa:465,jxa:515,kxa:516,fxa:707,gxa:878,hxa:2041,ixa:2341,Npa:574,Nva:624,Opa:625,
F2:932,kqa:42,i$:43,Rba:44,v8:45,XS:46,QX:323,qxa:47,iW:48,lFa:49,fea:51,BY:53,bra:54,Q5:55,Y5:2097,d6:856,Uza:1934,r5:56,iwa:57,Gwa:58,K5:905,Bwa:2033,H9:2035,r9:2280,uja:2538,zfa:59,MIa:60,Yma:61,Dma:62,Ima:63,dha:64,dKa:66,fKa:326,eKa:709,SY:67,A3:68,eqa:69,fqa:70,EZ:71,Qga:72,Zpa:73,Uga:75,mxa:76,gba:77,mba:1482,nX:78,Mja:79,x3:196,v3:80,qca:81,i9:169,nAa:1143,l9:170,m9:1314,Mwa:2513,hca:82,jca:671,lca:215,kca:228,ica:229,mca:374,nca:240,oca:889,Ova:83,tS:84,uIa:85,Afa:86,dwa:87,Z6:88,JGa:89,
KGa:90,wW:91,k5:92,bda:107,Ksa:93,j6:131,y8:181,ena:182,cwa:390,qya:539,UEa:94,JP:95,j$:96,Era:97,FEa:98,DEa:99,r6:396,Xza:1766,Yza:1491,Zza:1499,dIa:100,pxa:101,Qha:102,Vka:103,lla:104,qT:105,vQ:106,owa:108,yia:109,nba:110,dY:111,j7:112,zGa:114,AGa:115,Sha:116,Wha:117,iga:118,kga:861,jga:1391,bBa:2843,SEa:119,TEa:265,y9:120,r3:121,gT:122,hT:123,iT:124,I2:125,TZ:126,GEa:127,KEEP:128,gBa:1383,fba:129,sZ:130,DQ:133,FQ:224,GQ:546,EQ:764,gia:134,NS:135,Cua:136,Rca:140,Sca:140,Kaa:150,Laa:150,eY:151,fY:151,
s5:152,t5:152,dMa:154,ZLa:155,YLa:156,fMa:157,bMa:158,WLa:171,hMa:589,eMa:826,aMa:827,gMa:1628,iMa:828,jMa:1183,Dga:159,Fga:769,Gga:160,Jga:767,Kga:768,nqa:165,R5:166,a6:2146,jwa:167,Hwa:168,Wwa:178,uea:179,Hfa:180,Ifa:262,cva:287,rba:193,Yra:200,Zra:419,B$:201,Xfa:207,Bua:202,rEa:748,w9:787,q3:213,dfa:214,dW:222,taa:223,REa:227,FIa:232,GIa:233,iS:235,jS:538,Cxa:236,Dxa:276,sxa:238,f4:242,d4:699,O7:244,R7:887,S7:291,aKa:248,hna:249,ina:954,mna:2533,pqa:253,lba:254,iba:985,N9:259,z9:259,A2:260,Zaa:263,
o1:304,m1:305,n1:1387,cS:2100,hfa:137,bpa:138,cpa:139,Nja:143,Yca:144,Mna:145,Ona:146,Nna:330,Pna:368,Kba:147,D8:149,E8:257,y3:303,G8:266,F8:313,rca:314,eta:153,RS:161,Ega:162,Hga:163,Bpa:164,xHa:172,HV:173,ona:174,SS:175,IS:176,g_:177,o_:1925,GT:183,Qwa:184,C7:185,R9:186,cra:187,Fra:188,e6:189,Lpa:190,Cca:1179,PW:191,oIa:192,rIa:1506,Rla:194,Tla:258,Sla:1749,vta:195,rla:197,EIa:198,e$:199,z3:203,MGa:204,Yja:205,Zja:372,TT:206,lX:208,bKa:209,iFa:210,mFa:211,mfa:212,nfa:875,ofa:558,pfa:1022,rfa:1665,
Tva:216,uca:217,vja:218,Nfa:219,DS:220,vca:221,m_:225,Kra:226,Mra:264,Lra:507,Nxa:230,Pxa:231,Oxa:267,mga:234,wX:241,kza:989,Xna:245,Yna:246,xca:247,Uua:250,hga:251,NT:252,c1:270,j9:271,o9:953,Dfa:272,M7:273,P7:274,N7:923,fAa:1226,gAa:1227,rxa:275,a5:277,JLa:278,CEa:279,EEa:645,V5:280,cMa:281,lKa:282,t6:283,aAa:778,T2:284,YS:285,Tca:286,rZ:288,RY:344,IT:289,Yaa:290,sIa:292,qIa:293,Eoa:294,gma:315,ema:316,fma:317,aba:295,bba:325,Rua:296,Xwa:297,JIa:299,KIa:466,pZ:300,AW:301,mT:302,x5:306,M9:307,w5:308,
Kwa:309,mwa:310,pga:311,W3:312,X3:318,k9:319,ZS:320,Yoa:321,Poa:322,b1:327,t_:327,G_:1353,K_:1354,P_:1355,T_:1356,V_:1357,a0:1358,d0:1359,j0:1360,k0:2484,l0:1361,o0:1362,p0:1363,s0:1364,t0:1365,u0:1366,v0:1367,w0:1368,A0:1369,D0:1370,G0:1371,X0:1372,Z0:1373,v_:1401,w_:1402,y_:1403,z_:1404,A_:1405,B_:1406,D_:1407,F_:1408,C_:1409,E_:1410,H_:1411,I_:1412,J_:1413,L_:1414,M_:1415,N_:1416,O_:1417,Q_:1418,X_:1419,R_:1420,W_:1421,Y_:1422,b0:1423,c0:1424,Z_:1425,f0:1426,U_:1431,e0:1432,g0:1433,h0:1434,i0:1435,
x_:1436,m0:1437,n0:1438,q0:1439,r0:1440,x0:1441,y0:1442,z0:1443,B0:1444,C0:1445,E0:1446,F0:1447,H0:1448,I0:1449,J0:1460,K0:1461,L0:1462,M0:1463,N0:1464,O0:1465,P0:1466,Q0:1467,R0:1468,S0:1469,T0:1470,U0:1471,V0:1472,W0:1473,Y0:1474,a1:1475,S_:1476,u_:1495,Zia:1238,aja:328,bja:1458,Zoa:329,RHa:331,Sra:332,tba:333,w6:334,z6:405,gY:335,nEa:336,sqa:337,b$:338,c$:339,oxa:340,Dua:341,wfa:342,AQ:343,Ffa:345,Gfa:346,J5:347,m4:349,FS:350,nMa:351,mMa:352,kY:353,pEa:354,Twa:355,sX:356,vha:358,a_:359,PJa:360,
IIa:361,US:362,ska:363,tka:364,DJa:365,xQ:366,aGa:367,VZ:369,FFa:370,cta:371,Cna:373,Dia:376,LIa:377,Bja:378,Cja:2536,txa:379,sea:382,Bxa:383,VFa:384,mZ:385,oZ:386,m8:387,jla:388,kla:389,eW:391,vaa:392,rX:393,Oia:394,Tga:395,qX:397,u6:398,v6:399,vwa:400,S2:401,V2:402,AIa:403,zIa:404,tqa:406,NW:407,bX:408,cX:1024,dX:1025,e3:409,BW:410,Qia:411,lZ:412,Vwa:413,x6:414,P2:415,iaa:416,Paa:417,bGa:418,nxa:420,W2:421,r$:423,Xba:424,fva:425,pma:426,Q2:427,m5:428,U2:429,TLa:430,hia:431,g6:432,i6:2430,Wza:1674,
d3:433,Xra:434,Uca:436,Vca:437,I5:438,qQ:439,Mpa:440,a7:441,QT:442,Uka:443,jFa:444,gKa:445,Waa:446,Xaa:447,GS:448,nFa:449,qFa:450,IY:451,z1:452,QDa:453,nya:454,Jma:455,Lma:651,Xoa:456,JY:457,qga:460,S8:461,Q8:462,oMa:463,wHa:464,Wra:467,Swa:468,pMa:469,BGa:470,QJa:471,qba:472,oba:2332,cfa:473,l5:474,Vga:475,R2:476,PEa:477,eua:478,RT:479,xqa:480,Jxa:481,rW:482,QEa:483,gqa:484,XKa:485,pLa:642,HDa:1643,UGa:486,hDa:944,Pia:487,TR:488,cGa:489,efa:490,WW:491,s$:492,BV:495,DV:496,JX:497,KX:1007,OS:498,uaa:499,
Mca:500,Oca:1483,Bma:501,Cma:502,j4:503,Uva:504,Fca:505,eva:506,gva:2254,iva:2255,D2:508,m2:509,n2:2260,jY:510,gsa:511,Pla:512,gQ:513,DIa:514,dGa:517,Mma:518,NZ:519,OZ:520,pba:521,CIa:522,pta:523,n5:524,o5:525,Xva:526,Vva:527,Nda:528,Qna:529,xIa:530,xla:531,Wva:532,Xha:533,t4:534,Ofa:535,Pfa:536,KU:537,LU:1117,i3:540,mka:541,w3:543,lea:544,mea:619,cY:545,wca:547,p7:548,Pba:549,aIa:550,uY:551,sT:552,oma:553,sma:2209,rsa:554,qna:555,rna:2266,Cfa:556,Yba:557,Qba:559,bQ:560,f$:561,Xla:562,Foa:563,z2:564,
rMa:565,g3:566,u4:567,iIa:568,EGa:569,v4:570,Uwa:571,f3:572,yla:573,sW:575,k_:576,UW:577,Rna:578,ata:579,Zsa:580,xfa:581,hda:582,RV:583,tMa:584,g$:585,Xga:586,lua:587,W5:588,b6:2096,Jta:590,Mta:922,Kta:978,Lta:1120,IGa:591,s8:593,Tqa:594,Lea:595,GJa:596,ADa:1910,Xia:597,Ula:598,PGa:599,eT:600,Pva:601,Qva:602,Aia:603,Bya:604,u7:605,v7:1236,qka:606,iY:607,GV:608,B6:609,XJa:610,YJa:611,N6:612,gfa:613,DW:614,EW:615,Sua:616,A6:617,bLa:618,Eda:621,kT:622,jha:623,BQ:626,CQ:627,Tea:628,BIa:630,XEa:631,dJa:632,
uMa:633,KY:634,Ena:635,NBa:1140,fT:636,Sea:637,yIa:638,rea:639,uba:640,Nla:641,XGa:904,ZGa:643,aHa:859,cHa:644,KT:646,JZ:647,lva:648,sMa:649,Sna:650,WEa:652,PT:653,r_:654,MU:655,NU:656,Mla:657,YGa:658,C9:659,D9:1838,LEa:660,qja:661,Cba:662,Fua:663,Iua:1306,ika:664,Jda:665,oha:666,Kda:667,B3:668,wZ:669,Ema:670,X2:672,Eqa:673,awa:674,U8:675,T8:676,B7:677,Pha:678,jLa:679,Ela:680,QU:681,D7:682,Tba:683,sY:684,dT:685,m$:686,vIa:687,wIa:688,rja:689,t2:690,Xca:691,Asa:692,oLa:693,K7:694,VU:695,sLa:696,Naa:697,
bha:698,cU:700,Jca:701,Kca:835,Xsa:702,Ysa:2399,nJa:703,pva:704,Pua:705,ola:706,OHa:708,oga:710,rFa:711,Lva:712,QGa:713,JHa:714,N8:715,M8:1326,Nca:716,UJa:717,YEa:718,oKa:719,LY:720,fV:721,Vra:722,wMa:723,E6:724,gaa:725,haa:726,mKa:727,Mha:728,Fna:729,Lha:730,L8:731,pka:732,RJa:733,uT:1351,TJa:734,SJa:735,mra:2019,Ooa:736,M2:737,eha:738,n9:739,bwa:740,nT:741,eAa:742,LW:743,Hla:744,pha:745,K4:746,gja:747,wea:749,xea:801,lJa:750,pja:751,uEa:752,Rra:753,QS:754,Xda:755,Wda:756,cba:757,GR:758,DAa:759,
Jaa:760,mCa:761,Kfa:762,S6:763,Efa:765,BCa:766,J7:770,oT:771,Ida:772,MLa:773,F6:774,G6:2547,Y2:775,tLa:776,Wya:779,s2:780,tEa:781,Wpa:782,Xpa:2049,Ypa:2050,boa:783,LCa:785,EV:786,eLa:788,Jva:789,F7:790,uAa:791,Nba:792,Vaa:793,Mxa:794,E2:795,ES:796,v9:797,HR:798,eX:799,KW:800,Vya:802,bka:803,LLa:804,OLa:805,NR:806,NJa:807,fLa:808,Wfa:809,LJa:810,cha:811,Iia:812,Lia:813,Mia:1311,Kia:1114,dS:814,wsa:815,YDa:816,Dza:817,qma:818,G7:819,Yua:820,cT:821,S5:822,jba:823,d8:824,Tna:825,Lca:829,psa:830,fha:831,
gha:832,hha:924,iBa:1508,V$:833,W$:957,X$:958,vCa:834,Aza:836,lLa:837,k6:838,qZ:840,kba:841,Wxa:842,hea:843,RGa:844,SGa:1176,eDa:1941,fDa:2358,Qoa:845,Vxa:846,qwa:847,cLa:848,Qaa:849,apa:850,n$:851,mza:852,xsa:853,via:854,ICa:855,bV:857,tla:858,iEa:860,jEa:1046,H7:862,VW:863,pV:1638,sca:865,FAa:866,bW:867,C6:868,zna:869,KJa:870,zxa:871,Oua:872,kda:873,esa:874,MHa:876,Exa:877,vra:879,nha:880,Wua:881,rV:882,aX:883,lEa:884,Iba:885,hU:886,O5:888,yKa:890,Wka:891,EDa:892,Maa:893,pIa:894,rka:895,D6:896,
fsa:897,eV:898,OV:899,S1:900,rLa:901,Taa:902,yV:903,T5:906,PKa:907,CJa:908,cCa:909,eCa:1329,fCa:1264,n6:910,p6:995,q6:917,o6:1012,nza:911,Qya:912,zva:913,tia:914,IHa:915,Ola:916,e4:918,b4:919,yca:920,C2:921,Una:925,tDa:926,afa:927,qha:928,dma:929,rqa:930,dCa:1602,wS:931,Coa:933,sV:934,PP:935,Bca:936,FU:937,eaa:938,bca:939,eGa:940,TBa:941,fS:942,Vfa:943,Tua:945,qDa:946,xza:947,U6:948,Gaa:949,gca:950,nka:951,wia:952,xia:2183,wBa:1703,l$:955,vAa:956,uua:959,qJa:1524,kma:960,y5:961,nwa:962,Lwa:963,N5:964,
s9:2282,Dwa:2549,J9:2551,mua:965,NCa:966,PZ:967,TCa:968,mma:969,lma:970,tV:971,wCa:972,uZ:973,uLa:974,Lxa:975,oka:976,VAa:977,wna:979,Oaa:980,Z7:981,EAa:982,IR:983,fX:984,ZT:986,HBa:987,nta:988,ota:2801,SBa:990,CU:991,HHa:992,eka:993,dba:994,eba:2162,pea:996,qea:1023,SV:997,OGa:998,PAa:999,qHa:1E3,rHa:1629,sHa:1156,pHa:1001,tHa:1002,uHa:1397,vHa:1038,lHa:1330,nHa:1890,oHa:1772,mHa:1754,aU:1003,bU:1004,hY:1005,A1:1006,vna:1008,hAa:1009,aoa:1010,Iza:1011,nBa:1013,nDa:1014,dU:1015,jCa:1016,wja:1017,
P8:1018,Yla:1019,qfa:1020,Y6:1021,mY:1026,X9:1027,Yda:1028,WCa:1029,KP:1030,hva:1031,Ava:1032,i2:1033,jU:1034,RW:1035,Bqa:1036,w8:1037,FT:1039,UR:1040,hma:1041,p8:1042,dLa:1043,hLa:1044,vua:1045,BS:1047,NHa:1048,vV:1049,tAa:1050,XW:1051,Ppa:1052,L9:1053,nja:1054,qqa:1055,EHa:1057,Dca:1058,Eca:1601,OAa:1736,pAa:1059,vsa:1060,fU:1061,gU:1074,eS:1062,DU:1063,U7:1064,T7:1065,ega:1066,zBa:1067,i_:1068,TX:1069,G3:1070,Saa:1071,ZX:1072,gga:1073,Jia:1075,Mua:1076,Sta:1077,Tta:1078,ima:1079,Aja:1080,Fsa:1081,
o$:1082,Wma:1083,CGa:1084,k$:1085,MCa:1086,Zda:1087,OFa:1088,Nea:1089,rga:1090,kFa:1091,oFa:1092,hKa:1093,iV:1094,gX:1095,CFa:1096,IJa:1097,uCa:1098,Hca:1099,T4:1100,BZ:1101,Eia:1102,QCa:1103,eoa:1104,foa:1132,iX:1105,hX:1157,LAa:1106,Dda:1107,CS:1108,wta:1109,OT:1110,cV:1111,Gca:1112,nLa:1113,pKa:1115,ysa:1116,Csa:2731,fIa:1118,gIa:1119,TV:1121,fza:1819,kJa:1122,WAa:1123,DGa:1124,RU:1125,F5:1126,TIa:1127,QW:1128,A7:1129,ZU:1130,Pda:1131,gea:1133,iAa:1134,f8:1144,V7:1135,Eba:1136,WKa:1137,iqa:1138,
Goa:1139,SU:1141,TU:1142,dHa:1145,eea:1146,MEa:1147,Cpa:1148,VIa:1149,zla:1150,J3:1151,Jza:1152,kLa:1153,aLa:1154,ZKa:1652,tua:1155,msa:1158,uha:1159,Vua:1160,S3:1161,Vqa:1162,xja:1163,Xka:1164,QY:1165,AY:1166,Eta:1167,CV:1168,EU:1170,uDa:1171,b8:1172,kaa:1173,qV:1174,lT:1175,Xya:1177,jma:1178,yxa:1180,kna:1181,jna:1182,Kma:1184,Aca:1185,IQ:1186,P5:1187,Aaa:1188,Aga:1189,ODa:1191,Gva:1192,LP:1193,JBa:1194,iea:1195,Dpa:1196,uva:1197,Cia:1198,HFa:1199,IV:1200,l2:1201,gka:1202,rBa:1203,Uaa:1204,mLa:1205,
J8:1206,jja:1207,Fxa:1208,qS:1209,hza:1210,Hoa:1211,Ioa:1212,Yka:1213,K8:1214,iJa:1215,dQ:1216,Vma:1217,kva:1218,Fva:1219,Voa:1220,UBa:1221,twa:1222,XCa:1223,O8:1224,Xta:1225,Rda:1228,fka:1229,aFa:1230,zpa:1231,swa:1232,l4:1233,vZ:1234,Spa:1235,Q7:1237,dua:1239,vY:1240,Rya:1241,nS:1241,baa:1242,TAa:1243,UIa:1244,Ata:1245,YKa:1246,KFa:1247,Y4:1248,c8:1249,Qpa:1250,uia:1251,cQ:1252,HLa:1253,dV:1254,Wca:1255,sna:1256,UU:1257,ILa:1258,tY:1259,rY:1260,qY:1261,lya:1262,hja:1263,zDa:1265,Toa:1266,Dna:1267,
jDa:1268,H3:1269,nma:1270,Apa:1271,Aoa:1272,Wea:1273,iU:1274,x8:1275,aV:1276,RCa:1277,d2:1278,e2:1290,Uya:1279,NDa:1280,xma:1281,Cga:1282,npa:1283,bfa:1284,LV:1285,LT:1286,sCa:1287,Qla:1288,iLa:1289,cca:1291,KLa:1292,P4:1293,eU:1294,Bza:1295,J1:1296,Cya:1297,hsa:1298,KCa:1299,FDa:1300,upa:1302,T3:1303,HX:1304,wra:1305,e8:1307,tza:1308,WY:2188,J2:1309,Jea:1515,Kea:1310,Qua:1312,dca:1313,AZ:1315,bma:1316,UX:1317,Owa:1318,u8:1319,mIa:1320,O4:1321,Uxa:1322,Jua:1323,Kua:1324,Lua:1325,mja:1327,bga:1328,
Z2:1331,Awa:1332,oea:1333,kya:1334,Joa:1335,oza:1336,Dya:1337,waa:1338,xaa:1344,d1:1339,e1:1340,lBa:1341,Fia:1342,yBa:1343,zoa:1345,SX:1346,Sfa:1347,Uoa:1348,qva:1349,rT:1350,zza:1352,Doa:1374,GU:1375,OIa:1376,RFa:1377,laa:1378,lAa:1379,Sya:1380,oS:1380,maa:1381,Z5:1382,xV:1384,Bga:1385,Bna:1386,rma:1388,o8:1389,sba:1390,xka:1392,MFa:1393,Vpa:1394,nQ:1395,oQ:1396,pQ:1492,yY:1398,Hna:1399,Sxa:1400,nga:1427,yZ:1428,XY:1429,vMa:1430,Bia:1450,yha:1451,xha:1487,PCa:1452,sta:1453,X4:1454,D3:1455,VS:1456,
ssa:1457,lka:1459,Hda:1477,Rxa:1478,I3:1479,mpa:1480,OEa:1481,V1:1484,xY:1485,wV:1486,gDa:1488,Hta:1489,Kna:1490,g8:1493,Rwa:1494,s6:1496,UAa:1497,mX:1498,wAa:1500,jAa:1501,xDa:1502,PBa:1503,VX:1504,jX:1505,Isa:1507,mEa:1509,OU:1510,WGa:1511,pBa:1512,vxa:1513,GDa:1514,TDa:1516,RDa:1517,xW:1518,zW:1649,yW:2003,cIa:1519,Vea:1520,Uea:1596,yba:1521,ypa:1522,DCa:1523,KDa:1525,ELa:1541,TFa:1526,Zea:1527,zV:1528,CAa:1529,pY:1530,AV:1531,SHa:1532,THa:1533,UHa:1545,MDa:1534,xpa:1535,Lza:1536,Kza:1682,r7:1537,
bI:1538,SFa:1539,ZIa:1540,GLa:1542,Mea:1543,pS:1544,Tya:1762,Uba:1546,Hea:1547,Faa:1548,aY:1549,kpa:1550,m3:1551,n3:1645,VBa:1552,Woa:1553,PDa:1554,ana:1555,aT:1556,YU:1557,dAa:1558,Cla:1559,cFa:1560,FZ:1561,Boa:1562,w1:1563,wQ:1564,zca:1565,pwa:1566,oAa:1567,Wta:1568,yCa:1592,OJa:1569,aDa:1570,q2:1571,sKa:1572,mJa:1573,qAa:1574,JV:1575,tT:1576,J4:1577,iQ:1578,SKa:1579,Nta:1580,gra:1581,TKa:1582,Ura:1583,bya:1584,oya:1862,KAa:1585,U9:1586,w7:1587,pJa:1588,rta:1589,RZ:1590,yza:1598,SZ:2649,QZ:2165,
kea:1591,Oya:1593,nla:1597,wha:1599,hIa:1600,JDa:1616,PLa:1603,cBa:1604,xT:1605,wT:1606,aQ:1607,pT:1608,SAa:1609,caa:1610,sJa:1611,pDa:1612,jea:1613,mBa:1614,Jfa:1615,RBa:1617,Gba:1618,oCa:1619,pCa:1654,Nza:2253,BAa:1620,Hpa:1621,Gpa:1622,yqa:1623,kra:1624,zZ:1625,kMa:1626,Oja:1627,kU:1630,dDa:1631,lna:1632,bHa:1633,dpa:1634,Aya:1635,rJa:1636,vJa:1637,qGa:1639,OBa:1640,GX:1641,B9:1642,MY:1644,opa:1646,isa:1647,k7:1648,zFa:1650,Qta:1651,Gsa:1653,ABa:1655,gLa:1656,ewa:1657,IDa:1658,Koa:1659,Hya:1660,
fBa:1661,lra:1662,SDa:1663,Iea:1664,xba:1666,B1:1667,b_:1668,GBa:1669,LKa:1670,Fda:1671,Xxa:1672,aea:1673,c6:1675,tJa:1676,OW:1677,sBa:1678,Qda:1679,qBa:1680,V9:1681,jka:1683,vBa:1684,RP:1685,IBa:1686,Tma:1687,MKa:1688,NKa:1689,Pya:1690,Uja:1691,M3:1692,Jpa:1693,hEa:1694,i8:1695,k8:1696,vfa:1697,X5:1698,TGa:1699,tpa:1700,BBa:1701,rza:1702,yva:1704,Kpa:1705,wza:1706,rS:1707,sS:1708,lS:1709,A$:1710,s3:1711,b5:1712,VEa:1713,Baa:1714,Nua:1715,ova:1716,aJa:1717,c5:1718,Pza:1719,Oza:1719,Rza:1720,oEa:1721,
PU:1722,Uda:1723,cea:1724,yna:1725,oBa:1726,Fza:1727,YIa:1728,jQ:1729,Zma:1730,f5:1731,NAa:1732,Yya:1733,kX:1734,iHa:1735,I4:1737,Yia:1739,S9:1740,C1:1741,epa:1742,bna:1743,bT:1744,AFa:1745,nZ:1746,Tfa:1747,fEa:1748,l7:1750,m7:1751,tsa:1752,Z3:1753,Fba:1755,xva:1756,A8:1757,gua:1758,W9:1759,gV:1760,bza:1761,xxa:1763,DBa:1764,EBa:1765,NX:1767,XIa:1768,HAa:1769,ZJa:1770,Gza:1771,Gda:1773,e9:1774,Ixa:1775,Kxa:1776,dea:1777,xAa:1778,JCa:1779,p_:1780,cKa:1781,lja:1782,Jsa:1783,daa:1784,E3:1785,N2:1786,
yT:1787,hoa:1788,IP:1789,FP:1790,Jya:1791,ioa:1792,uya:1793,vya:1794,lta:1795,joa:1796,XP:1797,aha:1798,Vda:1799,wpa:1800,q5:1801,q1:1802,Nra:1803,T9:1804,FKa:1805,eda:1806,Tda:1807,cda:1808,a$:1809,e5:1810,Jna:1811,vS:1812,QLa:1813,SW:1814,H6:1815,Fea:1816,Eea:1837,bta:1817,jT:1818,Hsa:1820,lY:1821,KKa:1822,IKa:1823,JKa:1824,Eya:1825,Ora:1826,Pra:1827,lza:1828,Hqa:1829,PY:1830,sza:1836,tja:1831,pza:1832,J6:1833,j8:1834,gJa:1835,hS:1839,KZ:1840,dda:1841,fda:1842,toa:1843,Cra:1844,cxa:1845,zma:1846,
oua:1847,ZDa:1848,hV:1849,l6:1850,hqa:1851,gW:1852,hW:1853,LR:1854,Oba:1855,jaa:1888,kha:1856,LFa:1857,M1:1858,vza:1859,WU:1860,WZ:1861,mta:1863,v2:1864,AKa:1865,Nsa:1866,rCa:2095,tGa:255,xGa:256,sGa:375,yGa:1056,uGa:1190,wGa:1867,vGa:1871,cDa:1939,WX:1868,fJa:1869,OY:1870,csa:1872,Bha:1873,c9:1874,HQ:1875,MAa:1876,VY:1877,Dba:1878,BT:1879,CT:1880,j3:1881,Haa:1882,Iaa:1883,zX:1884,koa:1885,w4:1886,Z9:1887,UY:1889,loa:1891,qLa:1892,gza:1893,goa:1894,Tza:1895,sya:1896,gpa:1897,CZ:1898,zQ:1899,A4:1900,
Mva:1901,Rsa:1902,Qsa:1903,ooa:1904,iKa:1905,GP:1906,d7:1907,yQ:1908,xua:1909,oqa:1911,ZEa:1912,aza:1913,Nga:1914,cza:1915,lha:1916,tta:1917,Hma:1918,d9:1919,YP:1920,tya:1921,XU:1922,q_:1923,QFa:1924,Z8:1926,Sda:1927,Q$:1928,fW:1929,dsa:1930,L3:1931,K3:1932,rwa:1933,iha:1935,JT:1936,l3:1937,Sva:1938,i1:1940,f1:1942,fya:1943,iya:2421,gCa:1944,Lda:1945,G5:1946,H5:1947,I8:1948,kia:1949,lia:1950,Via:1951,Wia:1952,mia:1953,nia:1954,sAa:1955,O$:1956,vX:1957,P$:1958,Jra:1959,lCa:2112,b7:1960,yma:1961,uBa:1962,
Gna:1963,hla:1987,PV:1964,j1:1965,HIa:1966,jia:1967,tca:1968,mQ:1969,N$:1970,vEa:1971,Epa:1972,sfa:1973,H8:1974,V8:1975,a9:1976,Noa:1977,h9:1978,MW:1979,Lya:1980,tIa:1981,Bta:1982,Iqa:1983,PFa:1984,QAa:1985,RAa:1986,fra:1988,Zka:1989,CBa:1990,g4:1991,eQ:1992,nva:1993,xya:1994,EY:1995,B4:1996,Mza:2264,hCa:1997,tW:1998,Fma:1999,Pca:2E3,hba:2001,v5:2002,RR:2004,SR:2005,Vza:2006,VKa:2007,l8:2008,QR:2009,ZY:2010,zqa:2011,aZ:2012,bFa:2013,XBa:2014,eJa:2015,FY:2016,yka:2017,dBa:2018,DY:2020,c7:2021,W8:2022,
nKa:2023,X8:2024,Uta:2025,Y8:2026,dga:2027,G2:2028,faa:2029,Caa:2030,iDa:2031,Ewa:2032,jfa:2034,W1:2036,LGa:2037,h$:2038,jHa:2039,lsa:2040,VLa:2042,Vta:2043,tZ:2044,Vba:2045,eza:2046,MV:2047,NV:2101,KV:2048,Z4:2051,lga:2052,NGa:2053,Nwa:2054,E4:2055,Nka:2056,ZHa:2057,Ira:2058,nCa:2059,oW:2060,iza:2392,nW:2719,Yxa:2061,sla:2062,Zxa:2063,Vja:2064,hpa:2065,fca:2066,YAa:2067,c2:2068,hJa:2069,mva:2070,FCa:2071,ZBa:2072,XLa:2073,VGa:2074,DDa:2075,t9:2076,JU:2077,RX:2078,uqa:2079,hya:2080,kBa:2081,yX:2082,
lU:2083,AX:2084,Zya:2085,Zca:2086,ada:2098,Ala:2087,Rqa:2809,Sqa:2088,kAa:2089,HEa:2090,Dqa:2091,lIa:2092,LZ:2093,gla:2094,Wba:2099,oJa:2102,uxa:2103,YW:2104,kDa:2105,OX:2106,Sga:2107,gya:2108,tX:2109,eca:2110,QP:2111,tra:2113,eR:2114,VQ:2115,lR:2116,MQ:2117,fR:2118,yR:2119,NQ:2120,qR:2121,DR:2122,SQ:2123,uR:2124,jR:2125,hR:2126,XQ:2127,oR:2128,ER:2129,TQ:2130,dR:2131,LQ:2132,PQ:2133,pR:2134,sR:2135,rR:2136,QQ:2137,bR:2138,XAa:2139,P1:2140,Zna:2141,OP:2142,Yqa:2143,f9:2144,C5:2145,ZQ:2147,WQ:2148,
gR:2149,WIa:2150,qCa:2151,g9:2152,UZ:2153,cga:2154,Zfa:2155,CR:2156,Fja:2157,qoa:2158,HP:2159,OQ:2160,aR:2161,ZW:2163,W4:2164,tR:2166,gwa:2167,Cqa:2168,jJa:2359,dla:2169,L$:2170,sra:2171,kCa:2389,zR:2172,FR:2173,Iya:2174,fla:2175,gS:2176,aqa:2177,bqa:2222,oDa:2178,Dja:2179,FBa:2180,Gia:2181,Hia:2182,kfa:2184,Psa:2185,fwa:2186,WDa:2187,GZ:2189,mR:2190,moa:2191,noa:2192,poa:2193,roa:2194,soa:2195,uoa:2196,woa:2197,Uqa:2198,kIa:2199,Eja:2200,B8:2201,tna:2202,XT:2203,WT:2204,Zga:2205,Ufa:2206,E7:2207,
Rpa:2208,Oqa:2210,u$:2211,pFa:2212,x4:2213,Fla:2214,bDa:2215,Bsa:2216,bua:2217,cua:2384,Zta:2218,aua:2390,zCa:2220,ACa:2694,sQ:2219,lQ:2221,Pja:2223,cZ:2224,bea:2225,gFa:2226,vpa:2227,zaa:2228,oia:2229,pia:2230,jza:2231,vga:2232,K2:2233,dza:2234,wR:2235,fHa:2236,hHa:2361,gHa:2368,yya:2237,F3:2238,Nqa:2239,oaa:2240,xBa:2241,KS:2242,hka:2243,Eza:2244,Ipa:2245,Rta:2246,Tpa:2247,Upa:2248,wba:2249,Yta:2250,HU:2251,VDa:2252,OKa:2256,wma:2257,qza:2258,NP:2259,mDa:2261,Raa:2262,FV:2263,kQ:2265,IAa:2267,a8:2268,
LBa:2269,Kka:2270,HT:2271,eHa:2272,SP:2273,aka:2274,l_:2275,xS:2276,Q9:2277,Mya:2278,cya:2279,zAa:2281,qMa:2283,n4:2284,P6:2285,lDa:2286,Tra:2287,MBa:2288,qra:2289,m6:2290,nua:2291,AR:2292,YCa:2293,Roa:2294,Soa:2295,Kya:2296,D4:2297,Dra:2298,n_:2299,jsa:2300,wya:2301,cma:2302,z4:2303,uma:2304,zba:2305,pra:2306,bY:2307,xta:2308,fFa:2309,HZ:2310,Pqa:2311,NIa:2312,SIa:2313,n7:2314,ppa:2315,ST:2316,x9:2317,S$:2318,Eua:2319,RLa:2320,NY:2321,asa:2322,qW:2323,uX:2324,hQ:2325,LS:2326,xX:2327,yaa:2328,Gya:2329,
JS:2330,Q3:2331,yFa:2333,GKa:2548,IU:2334,Mka:2335,tBa:2336,SCa:2337,JAa:2338,QBa:2339,uza:2340,Z$:2342,aaa:2343,o7:2344,L1:2345,R$:2346,sga:2347,a3:2348,jqa:2349,Dsa:2350,iR:2351,Tja:2352,wua:2353,Hza:2354,W7:2355,MT:2356,Kla:2357,uQ:2360,ama:2362,rQ:2363,tQ:2364,tva:2365,s1:2366,F$:2367,rra:2369,Qra:2370,Jwa:2371,Hra:2372,lwa:2373,Kqa:2374,K6:2375,XHa:2376,M5:2377,Jja:2378,y4:2379,yAa:2380,XZ:2381,YZ:2673,ZZ:2687,mAa:2383,yua:2385,M4:2386,xR:2387,Jqa:2388,c3:2391,T6:2393,AT:2394,WS:2395,qta:2396,
V3:2397,ZAa:2398,X7:2400,cR:2401,H$:2402,Zqa:2403,ara:2452,pua:2434,qua:2520,rua:2404,wxa:2405,LX:2406,MZ:2407,QKa:2408,EKa:2409,jIa:2410,Gea:2411,qpa:2412,rpa:2496,Lsa:2413,Msa:2414,ira:2415,U3:2416,e_:2417,tfa:2418,TW:2419,FLa:2420,o4:2422,vba:2423,Qza:2424,Ama:2425,bJa:2426,vqa:2427,R4:2428,Bva:2429,f_:2431,BDa:2432,O6:2433,bAa:2800,Y$:2435,zra:2436,Ara:2679,Lka:2437,zJa:2438,jBa:2439,yJa:2440,hBa:2441,xKa:2442,zta:2443,Vla:2444,aCa:2445,zya:2446,Wla:2447,saa:2448,I1:2449,zsa:2450,mla:2451,zY:2453,
DZ:2454,LDa:2455,nIa:2456,i4:2457,ifa:2458,Eka:2459,zua:2460,t8:2461,JR:2462,Qja:2463,Oda:2464,ria:2465,v$:2466,Hja:2467,x$:2468,sia:2469,Esa:2470,Xua:2471,B5:2472,CY:2473,w$:2474,Bra:2475,Nha:2476,sua:2477,YY:2478,ZV:2479,aW:2722,Tsa:2480,yja:2481,hwa:2482,YQ:2483,fpa:2553,WBa:2485,NLa:2486,nR:2487,qia:2488,tKa:2489,U5:2490,qsa:2491,zT:2492,Lna:2493,Fqa:2494,vka:2495,xJa:2497,dFa:2499,eFa:2640,iCa:2500,cJa:2501,rva:2502,bCa:2503,UQ:2504,NEa:2505,FHa:2506,yoa:2507,Wqa:2508,SLa:2509,BX:2510,vR:2511,
l1:2512,U4:2514,Cka:2515,Dka:2563,hra:2516,cla:2517,PHa:2518,Wsa:2519,zha:2521,bla:2522,c_:2523,MS:2524,xoa:2525,ala:2526,Gma:2527,YV:2528,bS:2528,I$:2529,J$:2544,AJa:2530,ura:2531,CX:2532,vma:2534,Xma:2535,dka:2537,bEa:2539,MP:2540,yHa:2541,naa:2542,h_:2543,IZ:2545,tma:2546,rDa:2550,cEa:2552,yga:2554,mha:2555,vW:2556,CCa:2557,lfa:2558,FW:2559,rGa:2560,C3:2561,rKa:2562,y$:2564,kEa:2565,ZCa:2566,una:2567,iZ:2568,ora:2569,n8:2570,zKa:2571,Vsa:2572,dta:2573,aBa:2574,qKa:2575,GHa:2576,HY:2577,wY:2578,
iia:2579,GAa:2580,QHa:2581,xra:2582,dra:2583,s_:2584,Eaa:2585,sFa:2586,G1:2587,pW:2588,GY:2589,vla:2590,wla:2591,kR:2592,GCa:2593,HCa:2745,TY:2594,KEa:2595,uga:2596,E5:2597,fua:2598,lpa:2599,jKa:2600,vKa:2601,yra:2602,j_:2603,Eha:2604,Dha:2605,B2:2606,Rga:2607,qaa:2608,Cha:2609,rAa:2610,b9:2611,wKa:2612,uV:2613,eja:2614,HS:2615,b3:2616,O2:2617,ija:2618,XX:2619,YX:2620,xCa:2621,uKa:2622,T$:2623,U$:2624,YBa:2625,UDa:2626,Hha:2627,JQ:2628,zga:2629,u5:2630,Iwa:2631,kwa:2632,WHa:2633,L5:2634,u3:2635,raa:2636,
v1:2637,Qqa:2638,R1:2639,Bba:2641,voa:2642,mqa:2643,I6:2644,Aha:2645,dya:2646,RIa:2647,ZR:2648,P3:2650,DT:2651,CDa:2652,eya:2653,UT:2654,PX:2656,tCa:2657,Aba:2658,KBa:2659,KQ:2660,wga:2661,Sza:2662,Ota:2663,JEa:2664,IEa:2665,QV:2666,y6:2667,Oga:2668,bsa:2669,kW:2670,VJa:2671,eIa:2672,DFa:2674,hZ:2675,Lqa:2676,Q4:2677,o2:2678,lW:2680,QIa:2681,PIa:2682,Ila:2683,uS:2684,V4:2685,XV:2686,u9:2688,oY:2689,Aka:2690,Fta:2691,Usa:2692,f6:2693,I9:2695,wDa:2696,zia:2697,Wga:2698,yDa:2699,Cwa:2700,OR:2701,PR:2702,
Lja:2703,Yea:2704,wqa:2705,t7:2706,ila:2707,z8:2708,RQ:2709,jW:2710,bva:2711,Ija:2712,aS:2713,Rja:2714,Bka:2715,ZP:2716,Aqa:2717,Dla:2718,s7:2720,Jla:2721,fja:2723,Xqa:2724,ECa:2725,spa:2726,Rfa:2727,jra:2728,Jha:2729,Kha:2730,D5:2732,NFa:2733,N3:2734,q$:2735,aya:2736,Q1:2737,CLa:2738,F1:2739,KR:2740,Iha:2741,Mqa:2742,Gqa:2743,t3:2744,jta:2746,Lga:2747,w2:2748,YR:2749,fta:2750,jZ:2751,MJa:2752,nna:2753,Fha:2754,Gha:2755,Fka:2756,gta:2757,bIa:2758,Daa:2759,zEa:2760,aga:2761,BLa:2762,H1:2763,EFa:2764,
lqa:2765,Zba:2766,Cza:2767,p$:2768,AAa:2769,K1:2770,ULa:2771,Dea:2772,zka:2773,q8:2774,kKa:2775,d_:2776,Loa:2777,Moa:2790,C8:2778,Q6:2779,RKa:2780,Kva:2781,UCa:2782,Nya:2783,Hva:2784,Cva:2785,Sja:2786,t$:2787,vDa:2788,L6:2789,f2:2791,wEa:2792,Iva:2793,hta:2794,sDa:2795,Pwa:2796,E$:2797,BJa:2798,DLa:2799,Wna:2802,Gta:2803,VCa:2804,yS:2805,Mga:2806,MR:2807,gda:2808,cAa:2810,uta:2811,Osa:2812,Pta:2813,g5:2814,kja:2815,p9:2816,q9:2830,jpa:2817,D1:2818,Fpa:2819,zS:2820,nra:2821,U1:2822,qEa:2823,jva:2824,
GFa:2825,R3:2826,HKa:2827,OCa:2828,M$:2829,cW:2831,K$:2832,Hxa:2833,Gxa:2834,Ria:2835,tga:2836,WJa:2837,T1:2838,xZ:2839,z$:2840,Ana:2841,Iga:2842,eBa:2844,BFa:2845,kZ:2846,E1:2847,nea:2848,cja:2849,kka:2850,Fya:2851,ksa:2852,e7:2853,vT:2854,S4:2855,t1:2856,dja:2857,uJa:2858};gla={AHa:0,YH:1,A5:2,INTERNAL:3,F4:4,dI:5,N4:6,coa:7};nla=class extends _.x{constructor(a){super(a)}};var kla=class extends _.x{constructor(a){super(a)}aF(){return _.he(this,1,_.jd,_.nk())}};kla.prototype.Da="RGHxBd";var ola=!1,jla=function(a,b,c,d){const e=d||{};e.Pp===void 0&&(e.Pp=!0);c&&_.zl===c||(e.Pp&&!ola&&(_.Zf(_.Ska),ola=!0),_.dg(_.yl,function(f){let g=_.pl(_.ef("zChJod"),nla);f.Rp=!!_.zk(g,1);_.Qk(g,2)?f.vj=_.Dk(g,2):e.KK?f.vj="https://www.google.com/log?format=json&hasfast=true":e.vj!==void 0&&(f.vj=e.vj);f.Ih=_.Ah(_.ef("QrtxK"),"0");f.Gh=a;c&&_.Ok(f.j,2,c);f.o=b;e.Rz!==void 0&&(f.Rz=e.Rz);e.Mv!==void 0&&(f.Mv=e.Mv);e.transport!==void 0&&(f.transport=e.transport);e.Tj!==void 0&&(f.Tj=e.Tj);e.yk!==void 0&&
(f.yk=e.yk);e.Kv!==void 0&&(f.Kv=e.Kv);e.Rp!==void 0&&(f.Rp=e.Rp);e.Uu!=void 0&&(f.Uu=e.Uu);e.Vl!==void 0&&(f.Vl=e.Vl);e.zt!==void 0&&(f.zt=e.zt);e.zE!==void 0&&(f.zE=e.zE);e.Ou!==void 0&&(f.Ou=e.Ou);e.Tu!==void 0&&(f.Tu=e.Tu);e.Ky!==void 0&&(f.Ky=e.Ky);e.Ih!==void 0&&(f.Ih=e.Ih);e.Qu!==void 0&&(f.Qu=e.Qu);e.Ir!==void 0&&(f.Ir=e.Ir)}),c&&(_.zl=c))};_.ela=!1;
_.eq=!0;
(function(a){if(!_.ff.has(a))throw Error("V`"+a);const b=_.gf[a];_.Nba.add(a);b.forEach(c=>c.apply())})("startup");
_.Ci(_.Di(_.On),_.Zka);
_.hf(()=>{_.lla()});

_._ModuleManager_initialize=function(a,b){if(!_.fb){if(!_.ib)return;_.jb(_.ib())}_.fb.xw(a,b)};
_._ModuleManager_initialize('',['_tp']);
_.q("_tp");
var cBa={};
window._F_getIjData=function(){var a=window.IJ_values||window.parent.IJ_values;if(a.length!=97)throw Error("od");return{CMa:a[0],Px:function(){return new _.el(a[1])},authUser:a[2],KMa:a[3],baseUrl:a[4],Zq:a[5],uj:a[6],VMa:a[7],Vh:a[8],XMa:a[9],ZMa:a[10],cNa:a[11],PJ:a[12],QJ:a[13],RJ:a[14],country:a[15],csp_nonce:a[16],Vo:a[17],jNa:a[18],WJ:a[19],kNa:a[20],lNa:a[21],fK:a[22],rNa:a[23],dir:a[24],zNa:a[25],SNa:a[26],TNa:a[27],jp:a[28],UNa:a[29],gl:a[30],ZNa:a[31],hl:a[32],isAnonymous:a[33],KF:a[34],
Hp:a[35],Ya:a[36],fl:a[37],KL:a[38],OL:a[39],Dv:a[40],tOa:a[41],vOa:a[42],YL:a[43],Eh:a[44],rA:a[45],language:a[46],languageCode:a[47],languageName:a[48],EOa:a[49],POa:a[50],locale:a[51],QOa:a[52],TOa:a[53],In:function(){return new _.qea(a[54])},YOa:a[55],ZA:a[56],aB:a[57],fQa:a[58],vG:a[59],pQa:a[60],tQa:a[61],rtl:a[62],DQa:a[63],EQa:a[64],FQa:a[65],GQa:a[66],IQa:a[67],LQa:a[68],MQa:a[69],NQa:a[70],OQa:a[71],VQa:a[72],bRa:a[73],cRa:a[74],dRa:a[75],eRa:a[76],iRa:a[77],Dw:a[78],hH:a[79],kRa:a[80],
gC:a[81],iH:a[82],lRa:a[83],Hw:a[84],lj:a[85],Ak:a[86],mRa:a[87],oRa:a[88],pRa:function(){return new cBa.search.MMa.JRa.xEa(a[89])},qRa:a[90],zRa:a[91],GRa:a[92],yH:a[93],QRa:a[94],RRa:a[95],TRa:a[96]}};
_.v();
}catch(e){_._DumpException(e)}
}).call(this,this.default_DotsSplashUi_desktop_ms);
// Google Inc.

//# sourceURL=/_/mss/boq-dots/_/js/k=boq-dots.DotsSplashUi_desktop_ms.en_IN.huoqXQWPJZk.2018.O/am=GAIFAAAAAFtggAI/d=1/excm=_b,_tp,syndicationarticleview/ed=1/dg=0/wt=2/ujg=1/rs=ALs0n2Pd5gUDkfEQfLa4kj-ofkvbGSwsoA/dti=1/m=_b,_tp
onJsLoad();</script><!-- Google tag (gtag.js) --><script async src="https://www.googletagmanager.com/gtag/js?id=G-SYGF1G18MM" id="bw-ga" nonce="B7F0WpNc-GfdrHLZZLfAyw"></script><script nonce="B7F0WpNc-GfdrHLZZLfAyw">
  window.dataLayer = window.dataLayer || [];
  function gtag(){window.dataLayer.push(arguments)};
  gtag("js", new Date());gtag("config", "G-SYGF1G18MM");</script><script nonce="B7F0WpNc-GfdrHLZZLfAyw">
    window['_wjdc'] = function (d) {window['_wjdd'] = d};
    </script><title>Google News</title><meta name="googlebot" content="noindex"><meta property="og:locale" content="en_IN"><link rel="canonical" href="https://news.google.com/rss/articles/CBMiiAFBVV95cUxOZldaRVNEY25iWTFaX0tZeDVkWEVhTHVHVXZseVpad1ZUOXVnTTQ2ZXR1d1ZRQm8wbjQxVTBubDFqNGRXcXgwaXFnOTZ6cm9VRmlwRVQydlZFLTdrNnQxa19qbzdwd3hndXVMei13d2h5aUJTZDVVeFpRMnR4ZDRndV9QYS1DSWhZ?hl=en-IN&amp;gl=IN&amp;ceid=IN%3Aen"><meta name="apple-itunes-app" content="app-id=459182288"><meta property="og:title" content="Google News"><meta property="title" content="Google News"><meta property="og:site_name" content="Google News"><meta property="twitter:title" content="Google News"><meta property="og:url" content="https://news.google.com"><meta property="og:type" content="website"><meta property="og:image" content="https://lh3.googleusercontent.com/J6_coFbogxhRI9iM864NL_liGXvsQp2AupsKei7z0cNNfDvGUmWUy20nuUhkREQyrpY4bEeIBuc=s0-w300-rw"><meta property="og:image:type" content="image/jpeg"><meta property="og:image:width" content="300"><meta property="og:image:height" content="300"><meta property="twitter:card" content="summary"><meta property="twitter:image" content="https://lh3.googleusercontent.com/J6_coFbogxhRI9iM864NL_liGXvsQp2AupsKei7z0cNNfDvGUmWUy20nuUhkREQyrpY4bEeIBuc=s0-w300-rw"><meta name="description" content="Comprehensive, up-to-date news coverage, aggregated from sources all over the world by Google News."><meta property="og:description" content="Comprehensive, up-to-date news coverage, aggregated from sources all over the world by Google News."><meta property="twitter:description" content="Comprehensive, up-to-date news coverage, aggregated from sources all over the world by Google News."><script nonce="B7F0WpNc-GfdrHLZZLfAyw">var AF_initDataKeys = []; var AF_dataServiceRequests = {}; var AF_initDataChunkQueue = []; var AF_initDataCallback; var AF_initDataInitializeCallback; if (AF_initDataInitializeCallback) {AF_initDataInitializeCallback(AF_initDataKeys, AF_initDataChunkQueue, AF_dataServiceRequests);}if (!AF_initDataCallback) {AF_initDataCallback = function(chunk) {AF_initDataChunkQueue.push(chunk);};}</script></head><body class="y0K44d EA71Tc"></body><c-wiz jsrenderer="lW1Lhc" data-n-zris="2" data-n-ziab="1" data-n-dnlg="false" jsshadow jsdata="deferred-i1" data-p="%.@.[[&quot;en-IN&quot;,&quot;IN&quot;,[&quot;FINANCE_TOP_INDICES&quot;,&quot;GENESIS_PUBLISHER_SECTION&quot;,&quot;WEB_TEST_1_0_0&quot;],null,null,1,1,&quot;IN:en&quot;,null,null,null,null,null,null,null,false,5],&quot;en-IN&quot;,&quot;IN&quot;,true,[3,5,9,19],1,true,&quot;859866122&quot;,false,false,null,false],&quot;CBMiiAFBVV95cUxOZldaRVNEY25iWTFaX0tZeDVkWEVhTHVHVXZseVpad1ZUOXVnTTQ2ZXR1d1ZRQm8wbjQxVTBubDFqNGRXcXgwaXFnOTZ6cm9VRmlwRVQydlZFLTdrNnQxa19qbzdwd3hndXVMei13d2h5aUJTZDVVeFpRMnR4ZDRndV9QYS1DSWhZ&quot;,1,2,null,false,1769523525,&quot;ASDl2up1e3cFLEe-mhG-Wy6X3YG3&quot;]" jscontroller="he6YWd" jsaction="rcuQ6b:npT2md" data-node-index="0;0" jsmodel="hc6Ubd" view c-wiz><div jscontroller="aLI87" jsaction="rcuQ6b:npT2md" data-n-a-id="CBMiiAFBVV95cUxOZldaRVNEY25iWTFaX0tZeDVkWEVhTHVHVXZseVpad1ZUOXVnTTQ2ZXR1d1ZRQm8wbjQxVTBubDFqNGRXcXgwaXFnOTZ6cm9VRmlwRVQydlZFLTdrNnQxa19qbzdwd3hndXVMei13d2h5aUJTZDVVeFpRMnR4ZDRndV9QYS1DSWhZ" data-n-a-ts="1769523525" data-n-a-sg="ASDl2up1e3cFLEe-mhG-Wy6X3YG3" data-n-dnlg="false"></div><c-data id="i1"></c-data></c-wiz><script aria-hidden="true" nonce="B7F0WpNc-GfdrHLZZLfAyw">window.wiz_progress&&window.wiz_progress();window.wiz_tick&&window.wiz_tick('lW1Lhc');</script><script nonce="B7F0WpNc-GfdrHLZZLfAyw">(function(){'use strict';var c=window,d=[];c.aft_counter=d;var e=[],f=0;function _recordIsAboveFold(a){if(!c._isLazyImage(a)&&!a.hasAttribute("data-noaft")&&a.src){var b=(c._isVisible||function(){})(c.document,a);a.setAttribute("data-atf",b);b&&(e.indexOf(a)!==-1||d.indexOf(a)!==-1||a.complete||d.push(a),a.hasAttribute("data-iml")&&(a=Number(a.getAttribute("data-iml")),a>f&&(f=a)))}}
c.initAft=function(){f=0;e=Array.prototype.slice.call(document.getElementsByTagName("img")).filter(function(a){return!!a.getAttribute("data-iml")});[].forEach.call(document.getElementsByTagName("img"),function(a){try{_recordIsAboveFold(a)}catch(b){throw b.message=a.hasAttribute("data-iid")?b.message+"\nrecordIsAboveFold error for defer inlined image":b.message+("\nrecordIsAboveFold error for img element with <src: "+a.src+">"),b;}});if(d.length===0)c.onaft(f)};}).call(this);
initAft()</script><script id="wiz_jd" nonce="B7F0WpNc-GfdrHLZZLfAyw">if (window['_wjdc']) {const wjd = {}; window['_wjdc'](wjd); delete window['_wjdc'];}</script><script aria-hidden="true" id="WIZ-footer" nonce="B7F0WpNc-GfdrHLZZLfAyw">window.wiz_progress&&window.wiz_progress();window.stopScanForCss&&window.stopScanForCss(); ccTick('bl');</script></body></html>